Apache Maven 3.9.9 (8e8579a9e76f7d015ee5ec7bfcdc97d260186937)
Maven home: C:\Program Files\apache-maven-3.9.9
Java version: 21.0.7, vendor: Eclipse Adoptium, runtime: C:\Program Files\Eclipse Adoptium\jdk-21.0.7.6-hotspot
Default locale: en_US, platform encoding: UTF-8
OS name: "windows 11", version: "10.0", arch: "amd64", family: "windows"
[DEBUG] Created new class realm maven.api
[DEBUG] Importing foreign packages into class realm maven.api
[DEBUG]   Imported: javax.annotation.* < plexus.core
[DEBUG]   Imported: javax.annotation.security.* < plexus.core
[DEBUG]   Imported: javax.inject.* < plexus.core
[DEBUG]   Imported: org.apache.maven.* < plexus.core
[DEBUG]   Imported: org.apache.maven.artifact < plexus.core
[DEBUG]   Imported: org.apache.maven.classrealm < plexus.core
[DEBUG]   Imported: org.apache.maven.cli < plexus.core
[DEBUG]   Imported: org.apache.maven.configuration < plexus.core
[DEBUG]   Imported: org.apache.maven.exception < plexus.core
[DEBUG]   Imported: org.apache.maven.execution < plexus.core
[DEBUG]   Imported: org.apache.maven.execution.scope < plexus.core
[DEBUG]   Imported: org.apache.maven.graph < plexus.core
[DEBUG]   Imported: org.apache.maven.lifecycle < plexus.core
[DEBUG]   Imported: org.apache.maven.model < plexus.core
[DEBUG]   Imported: org.apache.maven.monitor < plexus.core
[DEBUG]   Imported: org.apache.maven.plugin < plexus.core
[DEBUG]   Imported: org.apache.maven.profiles < plexus.core
[DEBUG]   Imported: org.apache.maven.project < plexus.core
[DEBUG]   Imported: org.apache.maven.reporting < plexus.core
[DEBUG]   Imported: org.apache.maven.repository < plexus.core
[DEBUG]   Imported: org.apache.maven.rtinfo < plexus.core
[DEBUG]   Imported: org.apache.maven.settings < plexus.core
[DEBUG]   Imported: org.apache.maven.toolchain < plexus.core
[DEBUG]   Imported: org.apache.maven.usability < plexus.core
[DEBUG]   Imported: org.apache.maven.wagon.* < plexus.core
[DEBUG]   Imported: org.apache.maven.wagon.authentication < plexus.core
[DEBUG]   Imported: org.apache.maven.wagon.authorization < plexus.core
[DEBUG]   Imported: org.apache.maven.wagon.events < plexus.core
[DEBUG]   Imported: org.apache.maven.wagon.observers < plexus.core
[DEBUG]   Imported: org.apache.maven.wagon.proxy < plexus.core
[DEBUG]   Imported: org.apache.maven.wagon.repository < plexus.core
[DEBUG]   Imported: org.apache.maven.wagon.resource < plexus.core
[DEBUG]   Imported: org.codehaus.classworlds < plexus.core
[DEBUG]   Imported: org.codehaus.plexus.* < plexus.core
[DEBUG]   Imported: org.codehaus.plexus.classworlds < plexus.core
[DEBUG]   Imported: org.codehaus.plexus.component < plexus.core
[DEBUG]   Imported: org.codehaus.plexus.configuration < plexus.core
[DEBUG]   Imported: org.codehaus.plexus.container < plexus.core
[DEBUG]   Imported: org.codehaus.plexus.context < plexus.core
[DEBUG]   Imported: org.codehaus.plexus.lifecycle < plexus.core
[DEBUG]   Imported: org.codehaus.plexus.logging < plexus.core
[DEBUG]   Imported: org.codehaus.plexus.personality < plexus.core
[DEBUG]   Imported: org.codehaus.plexus.util.xml.Xpp3Dom < plexus.core
[DEBUG]   Imported: org.codehaus.plexus.util.xml.pull.XmlPullParser < plexus.core
[DEBUG]   Imported: org.codehaus.plexus.util.xml.pull.XmlPullParserException < plexus.core
[DEBUG]   Imported: org.codehaus.plexus.util.xml.pull.XmlSerializer < plexus.core
[DEBUG]   Imported: org.eclipse.aether.* < plexus.core
[DEBUG]   Imported: org.eclipse.aether.artifact < plexus.core
[DEBUG]   Imported: org.eclipse.aether.collection < plexus.core
[DEBUG]   Imported: org.eclipse.aether.deployment < plexus.core
[DEBUG]   Imported: org.eclipse.aether.graph < plexus.core
[DEBUG]   Imported: org.eclipse.aether.impl < plexus.core
[DEBUG]   Imported: org.eclipse.aether.installation < plexus.core
[DEBUG]   Imported: org.eclipse.aether.internal.impl < plexus.core
[DEBUG]   Imported: org.eclipse.aether.metadata < plexus.core
[DEBUG]   Imported: org.eclipse.aether.repository < plexus.core
[DEBUG]   Imported: org.eclipse.aether.resolution < plexus.core
[DEBUG]   Imported: org.eclipse.aether.spi < plexus.core
[DEBUG]   Imported: org.eclipse.aether.transfer < plexus.core
[DEBUG]   Imported: org.eclipse.aether.util < plexus.core
[DEBUG]   Imported: org.eclipse.aether.version < plexus.core
[DEBUG]   Imported: org.fusesource.jansi.* < plexus.core
[DEBUG]   Imported: org.slf4j.* < plexus.core
[DEBUG]   Imported: org.slf4j.event.* < plexus.core
[DEBUG]   Imported: org.slf4j.helpers.* < plexus.core
[DEBUG]   Imported: org.slf4j.spi.* < plexus.core
[DEBUG] Populating class realm maven.api
[DEBUG] Created adapter factory; available factories [file-lock, rwlock-local, semaphore-local, noop]; available name mappers [discriminating, file-gav, file-hgav, file-static, gav, static]
[INFO] Error stacktraces are turned on.
[DEBUG] Message scheme: color
[DEBUG] Message styles: debug info warning error success failure strong mojo project
[DEBUG] Reading global settings from C:\Program Files\apache-maven-3.9.9\conf\settings.xml
[DEBUG] Reading user settings from C:\Users\dhiebert\.m2\settings.xml
[DEBUG] Reading global toolchains from C:\Program Files\apache-maven-3.9.9\conf\toolchains.xml
[DEBUG] Reading user toolchains from C:\Users\dhiebert\.m2\toolchains.xml
[DEBUG] Using local repository at C:\Users\dhiebert\.m2\repository
[DEBUG] Using manager EnhancedLocalRepositoryManager with priority 10.0 for C:\Users\dhiebert\.m2\repository
[INFO] Scanning for projects...
[DEBUG] Creating adapter using nameMapper 'gav' and factory 'rwlock-local'
[DEBUG] Extension realms for project org.frcpm:frc-project-manager:jar:2.0.0-SNAPSHOT: (none)
[DEBUG] Looking up lifecycle mappings for packaging jar from ClassRealm[plexus.core, parent: null]
[DEBUG] Extension realms for project org.springframework.boot:spring-boot-starter-parent:pom:3.2.0: (none)
[DEBUG] Looking up lifecycle mappings for packaging pom from ClassRealm[plexus.core, parent: null]
[DEBUG] Extension realms for project org.springframework.boot:spring-boot-dependencies:pom:3.2.0: (none)
[DEBUG] Looking up lifecycle mappings for packaging pom from ClassRealm[plexus.core, parent: null]
[DEBUG] === REACTOR BUILD PLAN ================================================
[DEBUG] Project: org.frcpm:frc-project-manager:jar:2.0.0-SNAPSHOT
[DEBUG] Tasks:   [test]
[DEBUG] Style:   Regular
[DEBUG] =======================================================================
[INFO] 
[INFO] -------------------< org.frcpm:frc-project-manager >--------------------
[INFO] Building FRC Project Management System 2.0.0-SNAPSHOT
[INFO]   from pom.xml
[INFO] --------------------------------[ jar ]---------------------------------
[DEBUG] Lifecycle clean -> [pre-clean, clean, post-clean]
[DEBUG] Lifecycle default -> [validate, initialize, generate-sources, process-sources, generate-resources, process-resources, compile, process-classes, generate-test-sources, process-test-sources, generate-test-resources, process-test-resources, test-compile, process-test-classes, test, prepare-package, package, pre-integration-test, integration-test, post-integration-test, verify, install, deploy]
[DEBUG] Lifecycle site -> [pre-site, site, post-site, site-deploy]
[DEBUG] Lifecycle clean -> [pre-clean, clean, post-clean]
[DEBUG] Lifecycle default -> [validate, initialize, generate-sources, process-sources, generate-resources, process-resources, compile, process-classes, generate-test-sources, process-test-sources, generate-test-resources, process-test-resources, test-compile, process-test-classes, test, prepare-package, package, pre-integration-test, integration-test, post-integration-test, verify, install, deploy]
[DEBUG] Lifecycle site -> [pre-site, site, post-site, site-deploy]
[DEBUG] Lifecycle clean -> [pre-clean, clean, post-clean]
[DEBUG] Lifecycle default -> [validate, initialize, generate-sources, process-sources, generate-resources, process-resources, compile, process-classes, generate-test-sources, process-test-sources, generate-test-resources, process-test-resources, test-compile, process-test-classes, test, prepare-package, package, pre-integration-test, integration-test, post-integration-test, verify, install, deploy]
[DEBUG] Lifecycle site -> [pre-site, site, post-site, site-deploy]
[DEBUG] Lifecycle clean -> [pre-clean, clean, post-clean]
[DEBUG] Lifecycle default -> [validate, initialize, generate-sources, process-sources, generate-resources, process-resources, compile, process-classes, generate-test-sources, process-test-sources, generate-test-resources, process-test-resources, test-compile, process-test-classes, test, prepare-package, package, pre-integration-test, integration-test, post-integration-test, verify, install, deploy]
[DEBUG] Lifecycle site -> [pre-site, site, post-site, site-deploy]
[DEBUG] Lifecycle clean -> [pre-clean, clean, post-clean]
[DEBUG] Lifecycle default -> [validate, initialize, generate-sources, process-sources, generate-resources, process-resources, compile, process-classes, generate-test-sources, process-test-sources, generate-test-resources, process-test-resources, test-compile, process-test-classes, test, prepare-package, package, pre-integration-test, integration-test, post-integration-test, verify, install, deploy]
[DEBUG] Lifecycle site -> [pre-site, site, post-site, site-deploy]
[DEBUG] Lifecycle clean -> [pre-clean, clean, post-clean]
[DEBUG] Lifecycle default -> [validate, initialize, generate-sources, process-sources, generate-resources, process-resources, compile, process-classes, generate-test-sources, process-test-sources, generate-test-resources, process-test-resources, test-compile, process-test-classes, test, prepare-package, package, pre-integration-test, integration-test, post-integration-test, verify, install, deploy]
[DEBUG] Lifecycle site -> [pre-site, site, post-site, site-deploy]
[DEBUG] === PROJECT BUILD PLAN ================================================
[DEBUG] Project:       org.frcpm:frc-project-manager:2.0.0-SNAPSHOT
[DEBUG] Dependencies (collect): []
[DEBUG] Dependencies (resolve): [compile, test]
[DEBUG] Repositories (dependencies): [central (https://repo.maven.apache.org/maven2, default, releases)]
[DEBUG] Repositories (plugins)     : [central (https://repo.maven.apache.org/maven2, default, releases)]
[DEBUG] -----------------------------------------------------------------------
[DEBUG] Goal:          org.apache.maven.plugins:maven-resources-plugin:3.3.1:resources (default-resources)
[DEBUG] Style:         Regular
[DEBUG] Configuration: <?xml version="1.0" encoding="UTF-8"?>
<configuration>
  <addDefaultExcludes default-value="true"/>
  <buildFilters default-value="${project.build.filters}"/>
  <delimiters>
    <delimiter>@</delimiter>
  </delimiters>
  <encoding default-value="${project.build.sourceEncoding}">UTF-8</encoding>
  <escapeWindowsPaths default-value="true"/>
  <fileNameFiltering default-value="false"/>
  <includeEmptyDirs default-value="false"/>
  <outputDirectory default-value="${project.build.outputDirectory}"/>
  <overwrite default-value="false"/>
  <project default-value="${project}"/>
  <propertiesEncoding>UTF-8</propertiesEncoding>
  <resources default-value="${project.resources}"/>
  <session default-value="${session}"/>
  <skip default-value="false">${maven.resources.skip}</skip>
  <supportMultiLineFiltering default-value="false"/>
  <useBuildFilters default-value="true"/>
  <useDefaultDelimiters default-value="true">false</useDefaultDelimiters>
</configuration>
[DEBUG] -----------------------------------------------------------------------
[DEBUG] Goal:          org.apache.maven.plugins:maven-compiler-plugin:3.11.0:compile (default-compile)
[DEBUG] Style:         Regular
[DEBUG] Configuration: <?xml version="1.0" encoding="UTF-8"?>
<configuration>
  <basedir default-value="${basedir}"/>
  <buildDirectory default-value="${project.build.directory}"/>
  <compilePath default-value="${project.compileClasspathElements}"/>
  <compileSourceRoots default-value="${project.compileSourceRoots}"/>
  <compilerId default-value="javac">${maven.compiler.compilerId}</compilerId>
  <compilerReuseStrategy default-value="${reuseCreated}">${maven.compiler.compilerReuseStrategy}</compilerReuseStrategy>
  <compilerVersion>${maven.compiler.compilerVersion}</compilerVersion>
  <createMissingPackageInfoClass default-value="true">${maven.compiler.createMissingPackageInfoClass}</createMissingPackageInfoClass>
  <debug default-value="true">${maven.compiler.debug}</debug>
  <debugFileName default-value="javac"/>
  <debuglevel>${maven.compiler.debuglevel}</debuglevel>
  <enablePreview default-value="false">${maven.compiler.enablePreview}</enablePreview>
  <encoding default-value="${project.build.sourceEncoding}">UTF-8</encoding>
  <excludes>
    <exclude>**/mvvm/views/**</exclude>
    <exclude>**/mvvm/viewmodels/**</exclude>
    <exclude>**/mvvm/BaseMvvmViewModel.java</exclude>
    <exclude>**/mvvm/MvvmDialogHelper.java</exclude>
    <exclude>**/mvvm/MvvmConfig.java</exclude>
    <exclude>**/mvvm/CommandAdapter.java</exclude>
    <exclude>**/mvvm/MvvmViewAdapter.java</exclude>
    <exclude>**/mvvm/NotificationType.java</exclude>
    <exclude>**/mvvm/async/**</exclude>
    <exclude>**/di/ViewLoader.java</exclude>
    <exclude>**/di/DialogFactory.java</exclude>
    <exclude>**/di/ServiceLocator.java</exclude>
    <exclude>**/services/impl/JavaFXDialogService.java</exclude>
    <exclude>**/utils/MenuFactory.java</exclude>
    <exclude>**/MvvmMainApp.java</exclude>
    <exclude>**/db/BackupManager.java</exclude>
    <exclude>**/db/DatabaseManager.java</exclude>
    <exclude>**/db/DatabaseConfigurer.java</exclude>
    <exclude>**/utils/DatabaseInitializer.java</exclude>
    <exclude>**/utils/DatabaseTestUtil.java</exclude>
    <exclude>**/utils/TestDatabaseCleaner.java</exclude>
    <exclude>**/services/impl/AbstractAsyncService.java</exclude>
    <exclude>**/repositories/impl/JpaRepositoryImpl.java</exclude>
  </excludes>
  <executable>${maven.compiler.executable}</executable>
  <failOnError default-value="true">${maven.compiler.failOnError}</failOnError>
  <failOnWarning default-value="false">${maven.compiler.failOnWarning}</failOnWarning>
  <forceJavacCompilerUse default-value="false">${maven.compiler.forceJavacCompilerUse}</forceJavacCompilerUse>
  <fork default-value="false">${maven.compiler.fork}</fork>
  <generatedSourcesDirectory default-value="${project.build.directory}/generated-sources/annotations"/>
  <implicit>${maven.compiler.implicit}</implicit>
  <maxmem>${maven.compiler.maxmem}</maxmem>
  <meminitial>${maven.compiler.meminitial}</meminitial>
  <mojoExecution default-value="${mojoExecution}"/>
  <optimize default-value="false">${maven.compiler.optimize}</optimize>
  <outputDirectory default-value="${project.build.outputDirectory}"/>
  <parameters default-value="false">true</parameters>
  <project default-value="${project}"/>
  <projectArtifact default-value="${project.artifact}"/>
  <release>${maven.compiler.release}</release>
  <session default-value="${session}"/>
  <showCompilationChanges default-value="false">${maven.compiler.showCompilationChanges}</showCompilationChanges>
  <showDeprecation default-value="false">${maven.compiler.showDeprecation}</showDeprecation>
  <showWarnings default-value="true">${maven.compiler.showWarnings}</showWarnings>
  <skipMain>${maven.main.skip}</skipMain>
  <skipMultiThreadWarning default-value="false">${maven.compiler.skipMultiThreadWarning}</skipMultiThreadWarning>
  <source default-value="1.8">21</source>
  <staleMillis default-value="0">${lastModGranularityMs}</staleMillis>
  <target default-value="1.8">21</target>
  <useIncrementalCompilation default-value="true">${maven.compiler.useIncrementalCompilation}</useIncrementalCompilation>
  <verbose default-value="false">${maven.compiler.verbose}</verbose>
</configuration>
[DEBUG] -----------------------------------------------------------------------
[DEBUG] Goal:          org.apache.maven.plugins:maven-resources-plugin:3.3.1:testResources (default-testResources)
[DEBUG] Style:         Regular
[DEBUG] Configuration: <?xml version="1.0" encoding="UTF-8"?>
<configuration>
  <addDefaultExcludes default-value="true"/>
  <buildFilters default-value="${project.build.filters}"/>
  <delimiters>
    <delimiter>@</delimiter>
  </delimiters>
  <encoding default-value="${project.build.sourceEncoding}">UTF-8</encoding>
  <escapeWindowsPaths default-value="true"/>
  <fileNameFiltering default-value="false"/>
  <includeEmptyDirs default-value="false"/>
  <outputDirectory default-value="${project.build.testOutputDirectory}"/>
  <overwrite default-value="false"/>
  <project default-value="${project}"/>
  <propertiesEncoding>UTF-8</propertiesEncoding>
  <resources default-value="${project.testResources}"/>
  <session default-value="${session}"/>
  <skip default-value="false">${maven.test.skip}</skip>
  <supportMultiLineFiltering default-value="false"/>
  <useBuildFilters default-value="true"/>
  <useDefaultDelimiters default-value="true">false</useDefaultDelimiters>
</configuration>
[DEBUG] -----------------------------------------------------------------------
[DEBUG] Goal:          org.apache.maven.plugins:maven-compiler-plugin:3.11.0:testCompile (default-testCompile)
[DEBUG] Style:         Regular
[DEBUG] Configuration: <?xml version="1.0" encoding="UTF-8"?>
<configuration>
  <basedir default-value="${basedir}"/>
  <buildDirectory default-value="${project.build.directory}"/>
  <compileSourceRoots default-value="${project.testCompileSourceRoots}"/>
  <compilerId default-value="javac">${maven.compiler.compilerId}</compilerId>
  <compilerReuseStrategy default-value="${reuseCreated}">${maven.compiler.compilerReuseStrategy}</compilerReuseStrategy>
  <compilerVersion>${maven.compiler.compilerVersion}</compilerVersion>
  <createMissingPackageInfoClass default-value="true">${maven.compiler.createMissingPackageInfoClass}</createMissingPackageInfoClass>
  <debug default-value="true">${maven.compiler.debug}</debug>
  <debugFileName default-value="javac-test"/>
  <debuglevel>${maven.compiler.debuglevel}</debuglevel>
  <enablePreview default-value="false">${maven.compiler.enablePreview}</enablePreview>
  <encoding default-value="${project.build.sourceEncoding}">UTF-8</encoding>
  <executable>${maven.compiler.executable}</executable>
  <failOnError default-value="true">${maven.compiler.failOnError}</failOnError>
  <failOnWarning default-value="false">${maven.compiler.failOnWarning}</failOnWarning>
  <forceJavacCompilerUse default-value="false">${maven.compiler.forceJavacCompilerUse}</forceJavacCompilerUse>
  <fork default-value="false">${maven.compiler.fork}</fork>
  <generatedTestSourcesDirectory default-value="${project.build.directory}/generated-test-sources/test-annotations"/>
  <implicit>${maven.compiler.implicit}</implicit>
  <maxmem>${maven.compiler.maxmem}</maxmem>
  <meminitial>${maven.compiler.meminitial}</meminitial>
  <mojoExecution default-value="${mojoExecution}"/>
  <optimize default-value="false">${maven.compiler.optimize}</optimize>
  <outputDirectory default-value="${project.build.testOutputDirectory}"/>
  <parameters default-value="false">true</parameters>
  <project default-value="${project}"/>
  <release>${maven.compiler.release}</release>
  <session default-value="${session}"/>
  <showCompilationChanges default-value="false">${maven.compiler.showCompilationChanges}</showCompilationChanges>
  <showDeprecation default-value="false">${maven.compiler.showDeprecation}</showDeprecation>
  <showWarnings default-value="true">${maven.compiler.showWarnings}</showWarnings>
  <skip>${maven.test.skip}</skip>
  <skipMultiThreadWarning default-value="false">${maven.compiler.skipMultiThreadWarning}</skipMultiThreadWarning>
  <source default-value="1.8">21</source>
  <staleMillis default-value="0">${lastModGranularityMs}</staleMillis>
  <target default-value="1.8">21</target>
  <testPath default-value="${project.testClasspathElements}"/>
  <testRelease>${maven.compiler.testRelease}</testRelease>
  <testSource>${maven.compiler.testSource}</testSource>
  <testTarget>${maven.compiler.testTarget}</testTarget>
  <useIncrementalCompilation default-value="true">${maven.compiler.useIncrementalCompilation}</useIncrementalCompilation>
  <useModulePath default-value="true"/>
  <verbose default-value="false">${maven.compiler.verbose}</verbose>
</configuration>
[DEBUG] -----------------------------------------------------------------------
[DEBUG] Goal:          org.apache.maven.plugins:maven-surefire-plugin:3.1.2:test (default-test)
[DEBUG] Style:         Regular
[DEBUG] Configuration: <?xml version="1.0" encoding="UTF-8"?>
<configuration>
  <additionalClasspathElements>${maven.test.additionalClasspath}</additionalClasspathElements>
  <argLine>${argLine}</argLine>
  <basedir default-value="${basedir}"/>
  <childDelegation default-value="false">${childDelegation}</childDelegation>
  <classesDirectory default-value="${project.build.outputDirectory}"/>
  <classpathDependencyExcludes>${maven.test.dependency.excludes}</classpathDependencyExcludes>
  <debugForkedProcess>${maven.surefire.debug}</debugForkedProcess>
  <dependenciesToScan>${dependenciesToScan}</dependenciesToScan>
  <disableXmlReport default-value="false">${disableXmlReport}</disableXmlReport>
  <enableAssertions default-value="true">${enableAssertions}</enableAssertions>
  <enableProcessChecker>${surefire.enableProcessChecker}</enableProcessChecker>
  <encoding default-value="${project.reporting.outputEncoding}">${surefire.encoding}</encoding>
  <excludeJUnit5Engines>${surefire.excludeJUnit5Engines}</excludeJUnit5Engines>
  <excludedEnvironmentVariables>${surefire.excludedEnvironmentVariables}</excludedEnvironmentVariables>
  <excludedGroups>${excludedGroups}</excludedGroups>
  <excludes>
    <exclude>**/mvvm/views/**</exclude>
    <exclude>**/testfx/**</exclude>${surefire.excludes}</excludes>
  <excludesFile>${surefire.excludesFile}</excludesFile>
  <failIfNoSpecifiedTests default-value="true">${surefire.failIfNoSpecifiedTests}</failIfNoSpecifiedTests>
  <failIfNoTests default-value="false">${failIfNoTests}</failIfNoTests>
  <failOnFlakeCount default-value="0">${surefire.failOnFlakeCount}</failOnFlakeCount>
  <forkCount default-value="1">${forkCount}</forkCount>
  <forkNode>${surefire.forkNode}</forkNode>
  <forkedProcessExitTimeoutInSeconds default-value="30">${surefire.exitTimeout}</forkedProcessExitTimeoutInSeconds>
  <forkedProcessTimeoutInSeconds>${surefire.timeout}</forkedProcessTimeoutInSeconds>
  <groups>${groups}</groups>
  <includeJUnit5Engines>${surefire.includeJUnit5Engines}</includeJUnit5Engines>
  <includes>
    <include>**/*Test.java</include>
    <include>**/*Tests.java</include>${surefire.includes}</includes>
  <includesFile>${surefire.includesFile}</includesFile>
  <junitArtifactName default-value="junit:junit">${junitArtifactName}</junitArtifactName>
  <jvm>${jvm}</jvm>
  <objectFactory>${objectFactory}</objectFactory>
  <parallel>${parallel}</parallel>
  <parallelMavenExecution default-value="${session.parallel}"/>
  <parallelOptimized default-value="true">${parallelOptimized}</parallelOptimized>
  <parallelTestsTimeoutForcedInSeconds>${surefire.parallel.forcedTimeout}</parallelTestsTimeoutForcedInSeconds>
  <parallelTestsTimeoutInSeconds>${surefire.parallel.timeout}</parallelTestsTimeoutInSeconds>
  <perCoreThreadCount default-value="true">${perCoreThreadCount}</perCoreThreadCount>
  <pluginArtifactMap>${plugin.artifactMap}</pluginArtifactMap>
  <pluginDescriptor default-value="${plugin}"/>
  <printSummary default-value="true">${surefire.printSummary}</printSummary>
  <project default-value="${project}"/>
  <projectArtifactMap>${project.artifactMap}</projectArtifactMap>
  <projectBuildDirectory default-value="${project.build.directory}"/>
  <redirectTestOutputToFile default-value="false">${maven.test.redirectTestOutputToFile}</redirectTestOutputToFile>
  <reportFormat default-value="brief">${surefire.reportFormat}</reportFormat>
  <reportNameSuffix default-value="">${surefire.reportNameSuffix}</reportNameSuffix>
  <reportsDirectory default-value="${project.build.directory}/surefire-reports"/>
  <rerunFailingTestsCount default-value="0">${surefire.rerunFailingTestsCount}</rerunFailingTestsCount>
  <reuseForks default-value="true">${reuseForks}</reuseForks>
  <runOrder default-value="filesystem">${surefire.runOrder}</runOrder>
  <runOrderRandomSeed>${surefire.runOrder.random.seed}</runOrderRandomSeed>
  <session default-value="${session}"/>
  <shutdown default-value="exit">${surefire.shutdown}</shutdown>
  <skip default-value="false">${maven.test.skip}</skip>
  <skipAfterFailureCount default-value="0">${surefire.skipAfterFailureCount}</skipAfterFailureCount>
  <skipExec>${maven.test.skip.exec}</skipExec>
  <skipTests default-value="false">${skipTests}</skipTests>
  <suiteXmlFiles>${surefire.suiteXmlFiles}</suiteXmlFiles>
  <systemPropertiesFile>${surefire.systemPropertiesFile}</systemPropertiesFile>
  <systemPropertyVariables>
    <testfx.robot>glass</testfx.robot>
    <testfx.headless>true</testfx.headless>
    <prism.order>sw</prism.order>
    <prism.text>t2k</prism.text>
    <java.awt.headless>true</java.awt.headless>
  </systemPropertyVariables>
  <tempDir default-value="surefire">${tempDir}</tempDir>
  <test>${test}</test>
  <testClassesDirectory default-value="${project.build.testOutputDirectory}"/>
  <testFailureIgnore default-value="false">${maven.test.failure.ignore}</testFailureIgnore>
  <testNGArtifactName default-value="org.testng:testng">${testNGArtifactName}</testNGArtifactName>
  <testSourceDirectory default-value="${project.build.testSourceDirectory}"/>
  <threadCount>${threadCount}</threadCount>
  <threadCountClasses default-value="0">${threadCountClasses}</threadCountClasses>
  <threadCountMethods default-value="0">${threadCountMethods}</threadCountMethods>
  <threadCountSuites default-value="0">${threadCountSuites}</threadCountSuites>
  <trimStackTrace default-value="false">${trimStackTrace}</trimStackTrace>
  <useFile default-value="true">${surefire.useFile}</useFile>
  <useManifestOnlyJar default-value="true">${surefire.useManifestOnlyJar}</useManifestOnlyJar>
  <useModulePath default-value="true">${surefire.useModulePath}</useModulePath>
  <useSystemClassLoader default-value="true">${surefire.useSystemClassLoader}</useSystemClassLoader>
  <useUnlimitedThreads default-value="false">${useUnlimitedThreads}</useUnlimitedThreads>
  <workingDirectory>${basedir}</workingDirectory>
</configuration>
[DEBUG] =======================================================================
[DEBUG] Using mirror maven-default-http-blocker (http://0.0.0.0/) for ow2-snapshot (http://repository.ow2.org/nexus/content/repositories/snapshots).
[DEBUG] Using mirror maven-default-http-blocker (http://0.0.0.0/) for vaadin-snapshots (http://oss.sonatype.org/content/repositories/vaadin-snapshots/).
[DEBUG] Using mirror maven-default-http-blocker (http://0.0.0.0/) for vaadin-releases (http://oss.sonatype.org/content/repositories/vaadin-releases/).
[DEBUG] Using mirror maven-default-http-blocker (http://0.0.0.0/) for apache.snapshots (http://repository.apache.org/snapshots).
[DEBUG] Using mirror maven-default-http-blocker (http://0.0.0.0/) for apache.snapshots (http://people.apache.org/repo/m2-snapshot-repository).
[DEBUG] Dependency collection stats {ConflictMarker.analyzeTime=1771300, ConflictMarker.markTime=262400, ConflictMarker.nodeCount=300, ConflictIdSorter.graphTime=1355000, ConflictIdSorter.topsortTime=1068400, ConflictIdSorter.conflictIdCount=142, ConflictIdSorter.conflictIdCycleCount=4, ConflictResolver.totalTime=18237300, ConflictResolver.conflictItemCount=279, DfDependencyCollector.collectTime=550061600, DfDependencyCollector.transformTime=26704500}
[DEBUG] org.frcpm:frc-project-manager:jar:2.0.0-SNAPSHOT
[DEBUG]    org.springframework.boot:spring-boot-starter-web:jar:3.2.0:compile
[DEBUG]       org.springframework.boot:spring-boot-starter:jar:3.2.0:compile (version managed from 3.2.0)
[DEBUG]          org.springframework.boot:spring-boot:jar:3.2.0:compile (version managed from 3.2.0)
[DEBUG]          org.springframework.boot:spring-boot-autoconfigure:jar:3.2.0:compile (version managed from 3.2.0)
[DEBUG]          org.springframework.boot:spring-boot-starter-logging:jar:3.2.0:compile (version managed from 3.2.0)
[DEBUG]             ch.qos.logback:logback-classic:jar:1.4.11:compile (version managed from 1.4.11)
[DEBUG]                ch.qos.logback:logback-core:jar:1.4.11:compile (version managed from 1.4.11)
[DEBUG]             org.apache.logging.log4j:log4j-to-slf4j:jar:2.21.1:compile (version managed from 2.21.1)
[DEBUG]                org.apache.logging.log4j:log4j-api:jar:2.21.1:compile (version managed from 2.21.1)
[DEBUG]             org.slf4j:jul-to-slf4j:jar:2.0.9:compile (version managed from 2.0.9)
[DEBUG]          jakarta.annotation:jakarta.annotation-api:jar:2.1.1:compile (version managed from 2.1.1)
[DEBUG]          org.yaml:snakeyaml:jar:2.2:compile (version managed from 2.2)
[DEBUG]       org.springframework.boot:spring-boot-starter-json:jar:3.2.0:compile (version managed from 3.2.0)
[DEBUG]          com.fasterxml.jackson.datatype:jackson-datatype-jdk8:jar:2.15.3:compile (version managed from 2.15.3)
[DEBUG]          com.fasterxml.jackson.datatype:jackson-datatype-jsr310:jar:2.15.3:compile (version managed from 2.15.3)
[DEBUG]          com.fasterxml.jackson.module:jackson-module-parameter-names:jar:2.15.3:compile (version managed from 2.15.3)
[DEBUG]       org.springframework.boot:spring-boot-starter-tomcat:jar:3.2.0:compile (version managed from 3.2.0)
[DEBUG]          org.apache.tomcat.embed:tomcat-embed-core:jar:10.1.16:compile (version managed from 10.1.16)
[DEBUG]          org.apache.tomcat.embed:tomcat-embed-websocket:jar:10.1.16:compile (version managed from 10.1.16)
[DEBUG]       org.springframework:spring-web:jar:6.1.1:compile (version managed from 6.1.1)
[DEBUG]          org.springframework:spring-beans:jar:6.1.1:compile (version managed from 6.1.1)
[DEBUG]          io.micrometer:micrometer-observation:jar:1.12.0:compile (version managed from 1.12.0)
[DEBUG]             io.micrometer:micrometer-commons:jar:1.12.0:compile (version managed from 1.12.0)
[DEBUG]       org.springframework:spring-webmvc:jar:6.1.1:compile (version managed from 6.1.1)
[DEBUG]          org.springframework:spring-context:jar:6.1.1:compile (version managed from 6.1.1)
[DEBUG]          org.springframework:spring-expression:jar:6.1.1:compile (version managed from 6.1.1)
[DEBUG]    org.springframework.boot:spring-boot-starter-data-jpa:jar:3.2.0:compile
[DEBUG]       org.springframework.boot:spring-boot-starter-aop:jar:3.2.0:compile (version managed from 3.2.0)
[DEBUG]          org.aspectj:aspectjweaver:jar:1.9.20.1:compile (version managed from 1.9.20.1)
[DEBUG]       org.springframework.boot:spring-boot-starter-jdbc:jar:3.2.0:compile (version managed from 3.2.0)
[DEBUG]          org.springframework:spring-jdbc:jar:6.1.1:compile (version managed from 6.1.1)
[DEBUG]       org.hibernate.orm:hibernate-core:jar:6.3.1.Final:compile (version managed from 6.3.1.Final)
[DEBUG]          jakarta.persistence:jakarta.persistence-api:jar:3.1.0:compile (version managed from 3.1.0)
[DEBUG]          jakarta.transaction:jakarta.transaction-api:jar:2.0.1:compile (version managed from 2.0.1)
[DEBUG]          org.hibernate.common:hibernate-commons-annotations:jar:6.0.6.Final:runtime
[DEBUG]          io.smallrye:jandex:jar:3.1.2:runtime
[DEBUG]          org.glassfish.jaxb:jaxb-runtime:jar:4.0.4:runtime (version managed from 4.0.2)
[DEBUG]             org.glassfish.jaxb:jaxb-core:jar:4.0.4:runtime (version managed from 4.0.4)
[DEBUG]                org.eclipse.angus:angus-activation:jar:2.0.1:runtime (version managed from 2.0.1)
[DEBUG]                org.glassfish.jaxb:txw2:jar:4.0.4:runtime (version managed from 4.0.4)
[DEBUG]                com.sun.istack:istack-commons-runtime:jar:4.1.2:runtime (version managed from 4.1.2)
[DEBUG]          jakarta.inject:jakarta.inject-api:jar:2.0.1:runtime
[DEBUG]          org.antlr:antlr4-runtime:jar:4.10.1:compile
[DEBUG]       org.springframework.data:spring-data-jpa:jar:3.2.0:compile (version managed from 3.2.0)
[DEBUG]          org.springframework.data:spring-data-commons:jar:3.2.0:compile (version managed from 3.2.0)
[DEBUG]          org.springframework:spring-orm:jar:6.1.1:compile (version managed from 6.1.0)
[DEBUG]          org.springframework:spring-tx:jar:6.1.1:compile (version managed from 6.1.0)
[DEBUG]       org.springframework:spring-aspects:jar:6.1.1:compile (version managed from 6.1.1)
[DEBUG]    org.springframework.boot:spring-boot-starter-thymeleaf:jar:3.2.0:compile
[DEBUG]       org.thymeleaf:thymeleaf-spring6:jar:3.1.2.RELEASE:compile (version managed from 3.1.2.RELEASE)
[DEBUG]          org.thymeleaf:thymeleaf:jar:3.1.2.RELEASE:compile (version managed from 3.1.2.RELEASE)
[DEBUG]             org.attoparser:attoparser:jar:2.0.7.RELEASE:compile
[DEBUG]             org.unbescape:unbescape:jar:1.1.6.RELEASE:compile
[DEBUG]    org.springframework.boot:spring-boot-starter-security:jar:3.2.0:compile
[DEBUG]       org.springframework:spring-aop:jar:6.1.1:compile (version managed from 6.1.1)
[DEBUG]       org.springframework.security:spring-security-config:jar:6.2.0:compile (version managed from 6.2.0)
[DEBUG]          org.springframework.security:spring-security-core:jar:6.2.0:compile (version managed from 6.2.0)
[DEBUG]             org.springframework.security:spring-security-crypto:jar:6.2.0:compile (version managed from 6.2.0)
[DEBUG]       org.springframework.security:spring-security-web:jar:6.2.0:compile (version managed from 6.2.0)
[DEBUG]    org.springframework.boot:spring-boot-starter-validation:jar:3.2.0:compile
[DEBUG]       org.apache.tomcat.embed:tomcat-embed-el:jar:10.1.16:compile (version managed from 10.1.16)
[DEBUG]    org.springframework.boot:spring-boot-starter-websocket:jar:3.2.0:compile
[DEBUG]       org.springframework:spring-messaging:jar:6.1.1:compile (version managed from 6.1.1)
[DEBUG]       org.springframework:spring-websocket:jar:6.1.1:compile (version managed from 6.1.1)
[DEBUG]    com.h2database:h2:jar:2.2.224:runtime
[DEBUG]    org.xerial:sqlite-jdbc:jar:3.44.1.0:compile
[DEBUG]       org.slf4j:slf4j-api:jar:2.0.9:compile (version managed from 1.7.36)
[DEBUG]    com.zaxxer:HikariCP:jar:5.0.1:compile
[DEBUG]    org.hibernate.validator:hibernate-validator:jar:8.0.1.Final:compile
[DEBUG]       jakarta.validation:jakarta.validation-api:jar:3.0.2:compile (version managed from 3.0.2)
[DEBUG]       org.jboss.logging:jboss-logging:jar:3.5.3.Final:compile (version managed from 3.4.3.Final)
[DEBUG]       com.fasterxml:classmate:jar:1.6.0:compile (version managed from 1.5.1)
[DEBUG]    org.springframework.boot:spring-boot-starter-test:jar:3.2.0:test
[DEBUG]       org.springframework.boot:spring-boot-test:jar:3.2.0:test (version managed from 3.2.0)
[DEBUG]       org.springframework.boot:spring-boot-test-autoconfigure:jar:3.2.0:test (version managed from 3.2.0)
[DEBUG]       com.jayway.jsonpath:json-path:jar:2.8.0:test (version managed from 2.8.0)
[DEBUG]       jakarta.xml.bind:jakarta.xml.bind-api:jar:4.0.1:runtime (version managed from 4.0.1)
[DEBUG]          jakarta.activation:jakarta.activation-api:jar:2.1.2:runtime (version managed from 2.1.2)
[DEBUG]       net.minidev:json-smart:jar:2.5.0:test (version managed from 2.5.0)
[DEBUG]          net.minidev:accessors-smart:jar:2.5.0:test
[DEBUG]             org.ow2.asm:asm:jar:9.3:test
[DEBUG]       org.assertj:assertj-core:jar:3.24.2:test (version managed from 3.24.2)
[DEBUG]       org.awaitility:awaitility:jar:4.2.0:test (version managed from 4.2.0)
[DEBUG]       org.hamcrest:hamcrest:jar:2.2:test (version managed from 2.2)
[DEBUG]       org.mockito:mockito-junit-jupiter:jar:5.7.0:test (version managed from 5.7.0)
[DEBUG]       org.skyscreamer:jsonassert:jar:1.5.1:test (version managed from 1.5.1)
[DEBUG]          com.vaadin.external.google:android-json:jar:0.0.20131108.vaadin1:test
[DEBUG]       org.springframework:spring-core:jar:6.1.1:compile (version managed from 6.1.1)
[DEBUG]          org.springframework:spring-jcl:jar:6.1.1:compile (version managed from 6.1.1)
[DEBUG]       org.springframework:spring-test:jar:6.1.1:test (version managed from 6.1.1)
[DEBUG]       org.xmlunit:xmlunit-core:jar:2.9.1:test (version managed from 2.9.1)
[DEBUG]    org.junit.jupiter:junit-jupiter:jar:5.10.1:test
[DEBUG]       org.junit.jupiter:junit-jupiter-api:jar:5.10.1:test (version managed from 5.10.1)
[DEBUG]          org.opentest4j:opentest4j:jar:1.3.0:test
[DEBUG]          org.junit.platform:junit-platform-commons:jar:1.10.1:test (version managed from 1.10.1)
[DEBUG]          org.apiguardian:apiguardian-api:jar:1.1.2:test
[DEBUG]       org.junit.jupiter:junit-jupiter-params:jar:5.10.1:test (version managed from 5.10.1)
[DEBUG]       org.junit.jupiter:junit-jupiter-engine:jar:5.10.1:test (version managed from 5.10.1)
[DEBUG]          org.junit.platform:junit-platform-engine:jar:1.10.1:test (version managed from 1.10.1)
[DEBUG]    org.mockito:mockito-core:jar:5.7.0:test
[DEBUG]       net.bytebuddy:byte-buddy:jar:1.14.10:runtime (version managed from 1.14.9)
[DEBUG]       net.bytebuddy:byte-buddy-agent:jar:1.14.10:test (version managed from 1.14.9)
[DEBUG]       org.objenesis:objenesis:jar:3.3:test
[DEBUG]    org.apache.pdfbox:pdfbox:jar:2.0.27:compile
[DEBUG]       org.apache.pdfbox:fontbox:jar:2.0.27:compile
[DEBUG]       commons-logging:commons-logging:jar:1.2:compile
[DEBUG]    com.fasterxml.jackson.core:jackson-databind:jar:2.15.3:compile
[DEBUG]       com.fasterxml.jackson.core:jackson-annotations:jar:2.15.3:compile (version managed from 2.15.3)
[DEBUG]       com.fasterxml.jackson.core:jackson-core:jar:2.15.3:compile (version managed from 2.15.3)
[DEBUG]    org.apache.xmlgraphics:batik-all:jar:1.16:compile
[DEBUG]       xml-apis:xml-apis:jar:1.4.01:compile
[DEBUG]       xml-apis:xml-apis-ext:jar:1.3.04:compile
[DEBUG]       org.apache.xmlgraphics:xmlgraphics-commons:jar:2.7:compile
[DEBUG]          commons-io:commons-io:jar:1.3.1:compile
[DEBUG]    org.jgrapht:jgrapht-core:jar:1.5.2:compile
[DEBUG]       org.jheaps:jheaps:jar:0.14:compile
[DEBUG]       org.apfloat:apfloat:jar:1.10.1:compile
[DEBUG]    de.gsi.chart:chartfx-chart:jar:11.2.7:compile
[DEBUG]       org.openjfx:javafx-base:jar:13.0.1:compile
[DEBUG]          org.openjfx:javafx-base:jar:win:13.0.1:compile
[DEBUG]       org.openjfx:javafx-controls:jar:13.0.1:compile
[DEBUG]          org.openjfx:javafx-controls:jar:win:13.0.1:compile
[DEBUG]          org.openjfx:javafx-graphics:jar:13.0.1:compile
[DEBUG]             org.openjfx:javafx-graphics:jar:win:13.0.1:compile
[DEBUG]       org.kordamp.ikonli:ikonli-javafx:jar:11.5.0:compile
[DEBUG]          org.kordamp.ikonli:ikonli-core:jar:11.5.0:compile
[DEBUG]       org.kordamp.ikonli:ikonli-fontawesome-pack:jar:11.5.0:compile
[DEBUG]       org.kordamp.ikonli:ikonli-fontawesome5-pack:jar:11.5.0:compile
[DEBUG]       de.gsi.dataset:chartfx-dataset:jar:11.2.7:compile
[DEBUG]          it.unimi.dsi:fastutil:jar:8.3.1:compile
[DEBUG]       de.gsi.math:chartfx-math:jar:11.2.7:compile
[DEBUG]          com.github.wendykierp:JTransforms:jar:3.1:compile
[DEBUG]             pl.edu.icm:JLargeArrays:jar:1.5:compile
[DEBUG]          org.apache.commons:commons-math3:jar:3.6.1:compile
[DEBUG]       org.controlsfx:controlsfx:jar:11.0.0:compile
[DEBUG]          org.openjfx:javafx-media:jar:11:compile
[DEBUG]             org.openjfx:javafx-media:jar:win:11:compile
[DEBUG]       com.ibm.icu:icu4j:jar:65.1:compile
[DEBUG]       ar.com.hjg:pngj:jar:2.1.0:compile
[DEBUG]       org.apache.commons:commons-lang3:jar:3.13.0:compile (version managed from 3.12.0)
[DEBUG]       org.jetbrains:annotations:jar:21.0.1:compile
[DEBUG]    javax.annotation:javax.annotation-api:jar:1.3.2:compile
[INFO] 
[INFO] --- resources:3.3.1:resources (default-resources) @ frc-project-manager ---
[DEBUG] Dependency collection stats {ConflictMarker.analyzeTime=126000, ConflictMarker.markTime=36700, ConflictMarker.nodeCount=13, ConflictIdSorter.graphTime=51800, ConflictIdSorter.topsortTime=10400, ConflictIdSorter.conflictIdCount=9, ConflictIdSorter.conflictIdCycleCount=0, ConflictResolver.totalTime=211400, ConflictResolver.conflictItemCount=13, DfDependencyCollector.collectTime=51420800, DfDependencyCollector.transformTime=451100}
[DEBUG] org.apache.maven.plugins:maven-resources-plugin:jar:3.3.1
[DEBUG]    org.codehaus.plexus:plexus-interpolation:jar:1.26:runtime
[DEBUG]    org.codehaus.plexus:plexus-utils:jar:3.5.1:compile
[DEBUG]    org.apache.maven.shared:maven-filtering:jar:3.3.1:compile
[DEBUG]       javax.inject:javax.inject:jar:1:compile
[DEBUG]       org.slf4j:slf4j-api:jar:1.7.36:compile
[DEBUG]       org.sonatype.plexus:plexus-build-api:jar:0.0.7:compile
[DEBUG]    commons-io:commons-io:jar:2.11.0:compile
[DEBUG]    org.apache.commons:commons-lang3:jar:3.12.0:compile
[DEBUG] Created new class realm plugin>org.apache.maven.plugins:maven-resources-plugin:3.3.1
[DEBUG] Importing foreign packages into class realm plugin>org.apache.maven.plugins:maven-resources-plugin:3.3.1
[DEBUG]   Imported:  < maven.api
[DEBUG] Populating class realm plugin>org.apache.maven.plugins:maven-resources-plugin:3.3.1
[DEBUG]   Included: org.apache.maven.plugins:maven-resources-plugin:jar:3.3.1
[DEBUG]   Included: org.codehaus.plexus:plexus-interpolation:jar:1.26
[DEBUG]   Included: org.codehaus.plexus:plexus-utils:jar:3.5.1
[DEBUG]   Included: org.apache.maven.shared:maven-filtering:jar:3.3.1
[DEBUG]   Included: org.sonatype.plexus:plexus-build-api:jar:0.0.7
[DEBUG]   Included: commons-io:commons-io:jar:2.11.0
[DEBUG]   Included: org.apache.commons:commons-lang3:jar:3.12.0
[DEBUG] Loading mojo org.apache.maven.plugins:maven-resources-plugin:3.3.1:resources from plugin realm ClassRealm[plugin>org.apache.maven.plugins:maven-resources-plugin:3.3.1, parent: jdk.internal.loader.ClassLoaders$AppClassLoader@70dea4e]
[DEBUG] Configuring mojo execution 'org.apache.maven.plugins:maven-resources-plugin:3.3.1:resources:default-resources' with basic configurator -->
[DEBUG]   (f) addDefaultExcludes = true
[DEBUG]   (f) buildFilters = []
[DEBUG]   (s) delimiters = [@]
[DEBUG]   (f) encoding = UTF-8
[DEBUG]   (f) escapeWindowsPaths = true
[DEBUG]   (f) fileNameFiltering = false
[DEBUG]   (s) includeEmptyDirs = false
[DEBUG]   (s) outputDirectory = C:\Users\dhiebert\Local Repositories\Project Management 2.0\target\classes
[DEBUG]   (s) overwrite = false
[DEBUG]   (f) project = MavenProject: org.frcpm:frc-project-manager:2.0.0-SNAPSHOT @ C:\Users\dhiebert\Local Repositories\Project Management 2.0\pom.xml
[DEBUG]   (f) propertiesEncoding = UTF-8
[DEBUG]   (s) resources = [Resource {targetPath: null, filtering: true, FileSet {directory: C:\Users\dhiebert\Local Repositories\Project Management 2.0\src\main\resources, PatternSet [includes: {**/*.yml, **/*.yaml, **/*.properties, **/*.xml}, excludes: {}]}}, Resource {targetPath: null, filtering: false, FileSet {directory: C:\Users\dhiebert\Local Repositories\Project Management 2.0\src\main\resources, PatternSet [includes: {}, excludes: {**/*.yml, **/*.yaml, **/*.properties, **/*.xml}]}}]
[DEBUG]   (f) session = org.apache.maven.execution.MavenSession@7b66322e
[DEBUG]   (f) skip = false
[DEBUG]   (f) supportMultiLineFiltering = false
[DEBUG]   (f) useBuildFilters = true
[DEBUG]   (s) useDefaultDelimiters = false
[DEBUG] -- end configuration --
[DEBUG] properties used:
[DEBUG] activemq.version: 5.18.3
[DEBUG] angus-mail.version: 2.0.2
[DEBUG] artemis.version: 2.31.2
[DEBUG] aspectj.version: 1.9.20.1
[DEBUG] assertj.version: 3.24.2
[DEBUG] awaitility.version: 4.2.0
[DEBUG] brave.version: 5.16.0
[DEBUG] build-helper-maven-plugin.version: 3.4.0
[DEBUG] byte-buddy.version: 1.14.10
[DEBUG] cache2k.version: 2.6.1.Final
[DEBUG] caffeine.version: 3.1.8
[DEBUG] cassandra-driver.version: 4.17.0
[DEBUG] classmate.version: 1.6.0
[DEBUG] classworlds.conf: C:\Program Files\apache-maven-3.9.9\bin\m2.conf
[DEBUG] commons-codec.version: 1.16.0
[DEBUG] commons-dbcp2.version: 2.10.0
[DEBUG] commons-lang3.version: 3.13.0
[DEBUG] commons-pool.version: 1.6
[DEBUG] commons-pool2.version: 2.12.0
[DEBUG] couchbase-client.version: 3.4.11
[DEBUG] crac.version: 1.4.0
[DEBUG] db2-jdbc.version: 11.5.9.0
[DEBUG] dependency-management-plugin.version: 1.1.4
[DEBUG] derby.version: 10.16.1.1
[DEBUG] dropwizard-metrics.version: 4.2.22
[DEBUG] ehcache3.version: 3.10.8
[DEBUG] elasticsearch-client.version: 8.10.4
[DEBUG] env.=C:: C:\Users\dhiebert\Local Repositories\Project Management 2.0
[DEBUG] env.ALLUSERSPROFILE: C:\ProgramData
[DEBUG] env.APPDATA: C:\Users\dhiebert\AppData\Roaming
[DEBUG] env.BPPDOMAIN_MANAGER_ASM: EdrDotNet, Version+130.0.0.0, Culture+neutral, PublicKeyToken+da1b3922653ea916
[DEBUG] env.BPPDOMAIN_MANAGER_TYPE: EdrDotNet.EdrAppDomainManager
[DEBUG] env.BUNDLED_DEBUGPY_PATH: c:\Users\Public\wpilib\2025\vscode\data\extensions\ms-python.debugpy-2025.4.1-win32-x64\bundled\libs\debugpy
[DEBUG] env.CHROME_CRASHPAD_PIPE_NAME: \\.\pipe\crashpad_3372_HPMIIXGDZLLJMOYE
[DEBUG] env.CLASSWORLDS_JAR: "C:\Program Files\apache-maven-3.9.9\boot\plexus-classworlds-2.8.0.jar"
[DEBUG] env.CLASSWORLDS_LAUNCHER: org.codehaus.plexus.classworlds.launcher.Launcher
[DEBUG] env.COLORTERM: truecolor
[DEBUG] env.COMMONPROGRAMFILES: C:\Program Files\Common Files
[DEBUG] env.COMMONPROGRAMFILES(X86): C:\Program Files (x86)\Common Files
[DEBUG] env.COMMONPROGRAMW6432: C:\Program Files\Common Files
[DEBUG] env.COMPUTERNAME: DHIEBERT-PRE
[DEBUG] env.COMSPEC: C:\WINDOWS\system32\cmd.exe
[DEBUG] env.DRIVERDATA: C:\Windows\System32\Drivers\DriverData
[DEBUG] env.EFC_12032_1262719628: 1
[DEBUG] env.EFC_12032_1592913036: 1
[DEBUG] env.EFC_12032_2283032206: 1
[DEBUG] env.EFC_12032_2775293581: 1
[DEBUG] env.EFC_12032_3789132940: 1
[DEBUG] env.ERROR_CODE: 0
[DEBUG] env.EXEC_DIR: C:\Users\dhiebert\Local Repositories\Project Management 2.0
[DEBUG] env.GIT_ASKPASS: c:\Users\Public\wpilib\2025\vscode\resources\app\extensions\git\dist\askpass.sh
[DEBUG] env.HOMEDRIVE: C:
[DEBUG] env.HOMEPATH: \Users\dhiebert
[DEBUG] env.IGCCSVC_DB: AQAAANCMnd8BFdERjHoAwE/Cl+sBAAAAueRz/DkJC0mcdCDZvw5oiwQAAAACAAAAAAAQZgAAAAEAACAAAACXgONdEvzckJ2Hs5PeC3ggaxmDZGXWUnAxPU9MtNmwgAAAAAAOgAAAAAIAACAAAADNv+aTpeK71pKRBzVk5Llf+beTLj6YVm/VXHeJobUfTWAAAACZWMc8pR41SRKsiJ3zWcB9rth7G82kRm5v4klCNXjIpIbvhXjSbxDok1hJjhhtZr7l+J/wgvy0rlhOdtkLe5wqCd1xfMX5aaUKNHpzGN1R1qBUQ6iJ1RjKE6Q+SlXtMK1AAAAAmNYKff0GFo6JV94O1cx/txwztRh7FAA5kuiNu625i7vzGX2i5vEMVyML7F5HYtdJc/4+w8PsgXvQljmBK9+Ytg==
[DEBUG] env.JAVACMD: C:\Program Files\Eclipse Adoptium\jdk-21.0.7.6-hotspot\bin\java.exe
[DEBUG] env.JAVA_HOME: C:\Program Files\Eclipse Adoptium\jdk-21.0.7.6-hotspot
[DEBUG] env.JVMCONFIG: \.mvn\jvm.config
[DEBUG] env.LANG: en_US.UTF-8
[DEBUG] env.LOCALAPPDATA: C:\Users\dhiebert\AppData\Local
[DEBUG] env.LOGONSERVER: \\DC01-HSD
[DEBUG] env.MAVEN_CMD_LINE_ARGS: test -Dtest=AttendanceRepositoryIntegrationTest -X
[DEBUG] env.MAVEN_HOME: C:\Program Files\apache-maven-3.9.9
[DEBUG] env.MAVEN_PROJECTBASEDIR: C:\Users\dhiebert\Local Repositories\Project Management 2.0
[DEBUG] env.NIEXTCCOMPILERSUPP: C:\Program Files (x86)\National Instruments\Shared\ExternalCompilerSupport\C\
[DEBUG] env.NUMBER_OF_PROCESSORS: 12
[DEBUG] env.ONEDRIVE: C:\Users\dhiebert\OneDrive
[DEBUG] env.ORIGINAL_XDG_CURRENT_DESKTOP: undefined
[DEBUG] env.OS: Windows_NT
[DEBUG] env.OV_NI_PLUGIN_DIR: C:\Program Files\National Instruments\Shared\OpenVINO\
[DEBUG] env.PATH: C:\Program Files\Eclipse Adoptium\jdk-21.0.7.6-hotspot\bin;C:\Program Files\apache-maven-3.9.9\bin;C:\Program Files\Eclipse Adoptium\jdk-21.0.7.6-hotspot\bin;C:\Program Files\Eclipse Adoptium\jdk-21.0.7.6-hotspot\bin;C:\Program Files\National Instruments\Shared\OpenVINO\;C:\WINDOWS\system32;C:\WINDOWS;C:\WINDOWS\System32\Wbem;C:\WINDOWS\System32\WindowsPowerShell\v1.0\;C:\WINDOWS\System32\OpenSSH\;C:\Program Files\dotnet\;C:\Program Files (x86)\Windows Live\Shared;C:\Program Files\Git\cmd;C:\Program Files\Common Files\Autodesk Shared\;C:\Program Files\Microsoft SQL Server\150\Tools\Binn\;C:\Program Files\nodejs\;C:\Program Files\apache-maven-3.9.9\bin;%MAVEN_HOME%\bin;C:\Program Files\Eclipse Adoptium\jdk-21.0.7.6-hotspot\bin;C:\Users\dhiebert\AppData\Local\Microsoft\WindowsApps;C:\Users\dhiebert\AppData\Local\GitHubDesktop\bin;C:\Users\dhiebert\AppData\Roaming\npm;C:\Users\dhiebert\AppData\Local\Packages\PythonSoftwareFoundation.Python.3.11_qbz5n2kfra8p0\LocalCache\local-packages\Python311\Scripts;C:\Users\dhiebert\AppData\Local\Packages\PythonSoftwareFoundation.Python.3.11_qbz5n2kfra8p0\LocalCache\local-packages\Python311\site-packages\maven;;c:\Users\Public\wpilib\2025\vscode\data\user-data\User\globalStorage\github.copilot-chat\debugCommand;c:\Users\Public\wpilib\2025\vscode\data\extensions\ms-python.debugpy-2025.4.1-win32-x64\bundled\scripts\noConfigScripts
[DEBUG] env.PATHEXT: .COM;.EXE;.BAT;.CMD;.VBS;.VBE;.JS;.JSE;.WSF;.WSH;.MSC;.CPL
[DEBUG] env.PROCESSOR_ARCHITECTURE: AMD64
[DEBUG] env.PROCESSOR_IDENTIFIER: Intel64 Family 6 Model 186 Stepping 3, GenuineIntel
[DEBUG] env.PROCESSOR_LEVEL: 6
[DEBUG] env.PROCESSOR_REVISION: ba03
[DEBUG] env.PROGRAMDATA: C:\ProgramData
[DEBUG] env.PROGRAMFILES: C:\Program Files
[DEBUG] env.PROGRAMFILES(X86): C:\Program Files (x86)
[DEBUG] env.PROGRAMW6432: C:\Program Files
[DEBUG] env.PROMPT: $P$G
[DEBUG] env.PSMODULEPATH: C:\Users\dhiebert\Documents\WindowsPowerShell\Modules;C:\Program Files\WindowsPowerShell\Modules;C:\WINDOWS\system32\WindowsPowerShell\v1.0\Modules
[DEBUG] env.PUBLIC: C:\Users\Public
[DEBUG] env.PYDEVD_DISABLE_FILE_VALIDATION: 1
[DEBUG] env.SESSIONNAME: Console
[DEBUG] env.SYSTEMDRIVE: C:
[DEBUG] env.SYSTEMROOT: C:\WINDOWS
[DEBUG] env.TEMP: C:\Users\dhiebert\AppData\Local\Temp
[DEBUG] env.TERM_PROGRAM: vscode
[DEBUG] env.TERM_PROGRAM_VERSION: 1.96.2
[DEBUG] env.TMP: C:\Users\dhiebert\AppData\Local\Temp
[DEBUG] env.USERDNSDOMAIN: HAZELWOOD.K12.MO.US
[DEBUG] env.USERDOMAIN: HAZELWOOD
[DEBUG] env.USERDOMAIN_ROAMINGPROFILE: HAZELWOOD
[DEBUG] env.USERNAME: dhiebert
[DEBUG] env.USERPROFILE: C:\Users\dhiebert
[DEBUG] env.VSCODE_DEBUGPY_ADAPTER_ENDPOINTS: c:\Users\Public\wpilib\2025\vscode\data\extensions\ms-python.debugpy-2025.4.1-win32-x64\.noConfigDebugAdapterEndpoints\endpoint-f43f989e111026d2.txt
[DEBUG] env.VSCODE_GIT_ASKPASS_EXTRA_ARGS: 
[DEBUG] env.VSCODE_GIT_ASKPASS_MAIN: c:\Users\Public\wpilib\2025\vscode\resources\app\extensions\git\dist\askpass-main.js
[DEBUG] env.VSCODE_GIT_ASKPASS_NODE: C:\Users\Public\wpilib\2025\vscode\Code.exe
[DEBUG] env.VSCODE_GIT_IPC_HANDLE: \\.\pipe\vscode-git-401e205234-sock
[DEBUG] env.VSCODE_INJECTION: 1
[DEBUG] env.VSCODE_PORTABLE: C:\Users\Public\wpilib\2025\vscode\data
[DEBUG] env.WDIR: C:\
[DEBUG] env.WINDIR: C:\WINDOWS
[DEBUG] env.ZES_ENABLE_SYSMAN: 1
[DEBUG] file.encoding: UTF-8
[DEBUG] file.separator: \
[DEBUG] flyway.version: 9.22.3
[DEBUG] freemarker.version: 2.3.32
[DEBUG] git-commit-id-maven-plugin.version: 6.0.0
[DEBUG] glassfish-jaxb.version: 4.0.4
[DEBUG] glassfish-jstl.version: 3.0.1
[DEBUG] graphql-java.version: 21.3
[DEBUG] groovy.version: 4.0.15
[DEBUG] gson.version: 2.10.1
[DEBUG] h2.version: 2.2.224
[DEBUG] hamcrest.version: 2.2
[DEBUG] hazelcast.version: 5.3.6
[DEBUG] hibernate-validator.version: 8.0.1.Final
[DEBUG] hibernate.version: 6.3.1.Final
[DEBUG] hikaricp.version: 5.0.1
[DEBUG] hsqldb.version: 2.7.2
[DEBUG] htmlunit.version: 2.70.0
[DEBUG] httpasyncclient.version: 4.1.5
[DEBUG] httpclient5.version: 5.2.1
[DEBUG] httpcore.version: 4.4.16
[DEBUG] httpcore5.version: 5.2.3
[DEBUG] infinispan.version: 14.0.21.Final
[DEBUG] influxdb-java.version: 2.23
[DEBUG] jackson-bom.version: 2.15.3
[DEBUG] jakarta-activation.version: 2.1.2
[DEBUG] jakarta-annotation.version: 2.1.1
[DEBUG] jakarta-jms.version: 3.1.0
[DEBUG] jakarta-json-bind.version: 3.0.0
[DEBUG] jakarta-json.version: 2.1.3
[DEBUG] jakarta-mail.version: 2.1.2
[DEBUG] jakarta-management.version: 1.1.4
[DEBUG] jakarta-persistence.version: 3.1.0
[DEBUG] jakarta-servlet-jsp-jstl.version: 3.0.0
[DEBUG] jakarta-servlet.version: 6.0.0
[DEBUG] jakarta-transaction.version: 2.0.1
[DEBUG] jakarta-validation.version: 3.0.2
[DEBUG] jakarta-websocket.version: 2.1.1
[DEBUG] jakarta-ws-rs.version: 3.1.0
[DEBUG] jakarta-xml-bind.version: 4.0.1
[DEBUG] jakarta-xml-soap.version: 3.0.1
[DEBUG] jakarta-xml-ws.version: 4.0.1
[DEBUG] janino.version: 3.1.10
[DEBUG] java.class.path: C:\Program Files\apache-maven-3.9.9\boot\plexus-classworlds-2.8.0.jar
[DEBUG] java.class.version: 65.0
[DEBUG] java.home: C:\Program Files\Eclipse Adoptium\jdk-21.0.7.6-hotspot
[DEBUG] java.io.tmpdir: C:\Users\dhiebert\AppData\Local\Temp\
[DEBUG] java.library.path: C:\Program Files\Eclipse Adoptium\jdk-21.0.7.6-hotspot\bin;C:\WINDOWS\Sun\Java\bin;C:\WINDOWS\system32;C:\WINDOWS;C:\Program Files\Eclipse Adoptium\jdk-21.0.7.6-hotspot\bin;C:\Program Files\apache-maven-3.9.9\bin;C:\Program Files\Eclipse Adoptium\jdk-21.0.7.6-hotspot\bin;C:\Program Files\Eclipse Adoptium\jdk-21.0.7.6-hotspot\bin;C:\Program Files\National Instruments\Shared\OpenVINO\;C:\WINDOWS\system32;C:\WINDOWS;C:\WINDOWS\System32\Wbem;C:\WINDOWS\System32\WindowsPowerShell\v1.0\;C:\WINDOWS\System32\OpenSSH\;C:\Program Files\dotnet\;C:\Program Files (x86)\Windows Live\Shared;C:\Program Files\Git\cmd;C:\Program Files\Common Files\Autodesk Shared\;C:\Program Files\Microsoft SQL Server\150\Tools\Binn\;C:\Program Files\nodejs\;C:\Program Files\apache-maven-3.9.9\bin;%MAVEN_HOME%\bin;C:\Program Files\Eclipse Adoptium\jdk-21.0.7.6-hotspot\bin;C:\Users\dhiebert\AppData\Local\Microsoft\WindowsApps;C:\Users\dhiebert\AppData\Local\GitHubDesktop\bin;C:\Users\dhiebert\AppData\Roaming\npm;C:\Users\dhiebert\AppData\Local\Packages\PythonSoftwareFoundation.Python.3.11_qbz5n2kfra8p0\LocalCache\local-packages\Python311\Scripts;C:\Users\dhiebert\AppData\Local\Packages\PythonSoftwareFoundation.Python.3.11_qbz5n2kfra8p0\LocalCache\local-packages\Python311\site-packages\maven;;c:\Users\Public\wpilib\2025\vscode\data\user-data\User\globalStorage\github.copilot-chat\debugCommand;c:\Users\Public\wpilib\2025\vscode\data\extensions\ms-python.debugpy-2025.4.1-win32-x64\bundled\scripts\noConfigScripts;.
[DEBUG] java.runtime.name: OpenJDK Runtime Environment
[DEBUG] java.runtime.version: 21.0.7+6-LTS
[DEBUG] java.specification.name: Java Platform API Specification
[DEBUG] java.specification.vendor: Oracle Corporation
[DEBUG] java.specification.version: 21
[DEBUG] java.vendor: Eclipse Adoptium
[DEBUG] java.vendor.url: https://adoptium.net/
[DEBUG] java.vendor.url.bug: https://github.com/adoptium/adoptium-support/issues
[DEBUG] java.vendor.version: Temurin-21.0.7+6
[DEBUG] java.version: 21.0.7
[DEBUG] java.version.date: 2025-04-15
[DEBUG] java.vm.compressedOopsMode: Zero based
[DEBUG] java.vm.info: mixed mode, sharing
[DEBUG] java.vm.name: OpenJDK 64-Bit Server VM
[DEBUG] java.vm.specification.name: Java Virtual Machine Specification
[DEBUG] java.vm.specification.vendor: Oracle Corporation
[DEBUG] java.vm.specification.version: 21
[DEBUG] java.vm.vendor: Eclipse Adoptium
[DEBUG] java.vm.version: 21.0.7+6-LTS
[DEBUG] javax-cache.version: 1.1.1
[DEBUG] javax-money.version: 1.1
[DEBUG] jaxen.version: 2.0.0
[DEBUG] jaybird.version: 5.0.2.java11
[DEBUG] jboss-logging.version: 3.5.3.Final
[DEBUG] jdk.debug: release
[DEBUG] jdom2.version: 2.0.6.1
[DEBUG] jedis.version: 5.0.2
[DEBUG] jersey.version: 3.1.3
[DEBUG] jetty-reactive-httpclient.version: 4.0.1
[DEBUG] jetty.version: 12.0.3
[DEBUG] jmustache.version: 1.15
[DEBUG] jooq.version: 3.18.7
[DEBUG] json-path.version: 2.8.0
[DEBUG] json-smart.version: 2.5.0
[DEBUG] jsonassert.version: 1.5.1
[DEBUG] jtds.version: 1.3.1
[DEBUG] junit-jupiter.version: 5.10.1
[DEBUG] junit.version: 5.10.2
[DEBUG] kafka.version: 3.6.0
[DEBUG] kotlin-coroutines.version: 1.7.3
[DEBUG] kotlin-serialization.version: 1.6.1
[DEBUG] kotlin.version: 1.9.20
[DEBUG] lettuce.version: 6.3.0.RELEASE
[DEBUG] library.jansi.path: C:\Program Files\apache-maven-3.9.9\lib\jansi-native
[DEBUG] line.separator: 

[DEBUG] liquibase.version: 4.24.0
[DEBUG] log4j2.version: 2.21.1
[DEBUG] logback.version: 1.4.11
[DEBUG] lombok.version: 1.18.30
[DEBUG] mariadb.version: 3.2.0
[DEBUG] maven-antrun-plugin.version: 3.1.0
[DEBUG] maven-assembly-plugin.version: 3.6.0
[DEBUG] maven-clean-plugin.version: 3.3.2
[DEBUG] maven-compiler-plugin.version: 3.11.0
[DEBUG] maven-dependency-plugin.version: 3.6.1
[DEBUG] maven-deploy-plugin.version: 3.1.1
[DEBUG] maven-enforcer-plugin.version: 3.4.1
[DEBUG] maven-failsafe-plugin.version: 3.1.2
[DEBUG] maven-help-plugin.version: 3.4.0
[DEBUG] maven-install-plugin.version: 3.1.1
[DEBUG] maven-invoker-plugin.version: 3.6.0
[DEBUG] maven-jar-plugin.version: 3.3.0
[DEBUG] maven-javadoc-plugin.version: 3.6.2
[DEBUG] maven-resources-plugin.version: 3.3.1
[DEBUG] maven-shade-plugin.version: 3.5.1
[DEBUG] maven-source-plugin.version: 3.3.0
[DEBUG] maven-surefire-plugin.version: 3.1.2
[DEBUG] maven-war-plugin.version: 3.4.0
[DEBUG] maven.build.timestamp: 2025-06-14T21:47:59Z
[DEBUG] maven.build.version: Apache Maven 3.9.9 (8e8579a9e76f7d015ee5ec7bfcdc97d260186937)
[DEBUG] maven.compiler.release: 21
[DEBUG] maven.compiler.source: 21
[DEBUG] maven.compiler.target: 21
[DEBUG] maven.conf: C:\Program Files\apache-maven-3.9.9/conf
[DEBUG] maven.home: C:\Program Files\apache-maven-3.9.9
[DEBUG] maven.multiModuleProjectDirectory: C:\Users\dhiebert\Local Repositories\Project Management 2.0
[DEBUG] maven.version: 3.9.9
[DEBUG] micrometer-tracing.version: 1.2.0
[DEBUG] micrometer.version: 1.12.0
[DEBUG] mockito.version: 5.7.0
[DEBUG] mongodb.version: 4.11.1
[DEBUG] mssql-jdbc.version: 12.4.2.jre11
[DEBUG] mysql.version: 8.1.0
[DEBUG] native-build-tools-plugin.version: 0.9.28
[DEBUG] native.encoding: Cp1252
[DEBUG] nekohtml.version: 1.9.22
[DEBUG] neo4j-java-driver.version: 5.13.0
[DEBUG] netty.version: 4.1.101.Final
[DEBUG] okhttp.version: 4.12.0
[DEBUG] opentelemetry.version: 1.31.0
[DEBUG] oracle-database.version: 23.3.0.23.09
[DEBUG] oracle-r2dbc.version: 1.1.1
[DEBUG] os.arch: amd64
[DEBUG] os.name: Windows 11
[DEBUG] os.version: 10.0
[DEBUG] path.separator: ;
[DEBUG] pooled-jms.version: 3.1.5
[DEBUG] postgresql.version: 42.6.0
[DEBUG] project.baseUri: file:/C:/Users/dhiebert/Local%20Repositories/Project%20Management%202.0/
[DEBUG] project.build.sourceEncoding: UTF-8
[DEBUG] project.reporting.outputEncoding: UTF-8
[DEBUG] prometheus-client.version: 0.16.0
[DEBUG] pulsar-reactive.version: 0.5.0
[DEBUG] pulsar.version: 3.1.1
[DEBUG] quartz.version: 2.3.2
[DEBUG] querydsl.version: 5.0.0
[DEBUG] r2dbc-h2.version: 1.0.0.RELEASE
[DEBUG] r2dbc-mariadb.version: 1.1.4
[DEBUG] r2dbc-mssql.version: 1.0.2.RELEASE
[DEBUG] r2dbc-mysql.version: 1.0.5
[DEBUG] r2dbc-pool.version: 1.0.1.RELEASE
[DEBUG] r2dbc-postgresql.version: 1.0.2.RELEASE
[DEBUG] r2dbc-proxy.version: 1.1.2.RELEASE
[DEBUG] r2dbc-spi.version: 1.0.0.RELEASE
[DEBUG] rabbit-amqp-client.version: 5.19.0
[DEBUG] rabbit-stream-client.version: 0.14.0
[DEBUG] reactive-streams.version: 1.0.4
[DEBUG] reactor-bom.version: 2023.0.0
[DEBUG] resource.delimiter: @
[DEBUG] rest-assured.version: 5.3.2
[DEBUG] rsocket.version: 1.1.3
[DEBUG] rxjava3.version: 3.1.8
[DEBUG] saaj-impl.version: 3.0.3
[DEBUG] selenium-htmlunit.version: 4.13.0
[DEBUG] selenium.version: 4.14.1
[DEBUG] sendgrid.version: 4.9.3
[DEBUG] slf4j.version: 2.0.9
[DEBUG] snakeyaml.version: 2.2
[DEBUG] spring-amqp.version: 3.1.0
[DEBUG] spring-authorization-server.version: 1.2.0
[DEBUG] spring-batch.version: 5.1.0
[DEBUG] spring-data-bom.version: 2023.1.0
[DEBUG] spring-framework.version: 6.1.1
[DEBUG] spring-graphql.version: 1.2.4
[DEBUG] spring-hateoas.version: 2.2.0
[DEBUG] spring-integration.version: 6.2.0
[DEBUG] spring-kafka.version: 3.1.0
[DEBUG] spring-ldap.version: 3.2.0
[DEBUG] spring-pulsar.version: 1.0.0
[DEBUG] spring-restdocs.version: 3.0.1
[DEBUG] spring-retry.version: 2.0.4
[DEBUG] spring-security.version: 6.2.0
[DEBUG] spring-session.version: 3.2.0
[DEBUG] spring-ws.version: 4.0.8
[DEBUG] spring.profiles.active: development
[DEBUG] sqlite-jdbc.version: 3.43.2.0
[DEBUG] stderr.encoding: Cp1252
[DEBUG] stdout.encoding: Cp1252
[DEBUG] sun.arch.data.model: 64
[DEBUG] sun.boot.library.path: C:\Program Files\Eclipse Adoptium\jdk-21.0.7.6-hotspot\bin
[DEBUG] sun.cpu.endian: little
[DEBUG] sun.cpu.isalist: amd64
[DEBUG] sun.io.unicode.encoding: UnicodeLittle
[DEBUG] sun.java.command: org.codehaus.plexus.classworlds.launcher.Launcher test -Dtest=AttendanceRepositoryIntegrationTest -X
[DEBUG] sun.java.launcher: SUN_STANDARD
[DEBUG] sun.jnu.encoding: Cp1252
[DEBUG] sun.management.compiler: HotSpot 64-Bit Tiered Compilers
[DEBUG] sun.os.patch.level: 
[DEBUG] test: AttendanceRepositoryIntegrationTest
[DEBUG] testcontainers.version: 1.19.3
[DEBUG] thymeleaf-extras-data-attribute.version: 2.0.1
[DEBUG] thymeleaf-extras-springsecurity.version: 3.1.2.RELEASE
[DEBUG] thymeleaf-layout-dialect.version: 3.3.0
[DEBUG] thymeleaf.version: 3.1.2.RELEASE
[DEBUG] tomcat.version: 10.1.16
[DEBUG] unboundid-ldapsdk.version: 6.0.10
[DEBUG] undertow.version: 2.3.10.Final
[DEBUG] user.country: US
[DEBUG] user.dir: C:\Users\dhiebert\Local Repositories\Project Management 2.0
[DEBUG] user.home: C:\Users\dhiebert
[DEBUG] user.language: en
[DEBUG] user.name: dhiebert
[DEBUG] user.script: 
[DEBUG] user.variant: 
[DEBUG] versions-maven-plugin.version: 2.16.2
[DEBUG] webjars-locator-core.version: 0.55
[DEBUG] wsdl4j.version: 1.6.3
[DEBUG] xml-maven-plugin.version: 1.1.0
[DEBUG] xmlunit2.version: 2.9.1
[DEBUG] yasson.version: 3.0.3
[DEBUG] Using 'UTF-8' encoding to copy filtered resources.
[DEBUG] Using 'UTF-8' encoding to copy filtered properties files.
[DEBUG] resource with targetPath null
directory C:\Users\dhiebert\Local Repositories\Project Management 2.0\src\main\resources
excludes []
includes [**/*.yml, **/*.yaml, **/*.properties, **/*.xml]
[DEBUG] ignoreDelta true
[INFO] Copying 28 resources from src\main\resources to target\classes
[DEBUG] Copying file application-development.yml
[DEBUG] file application-development.yml has a filtered file extension
[DEBUG] Using 'UTF-8' encoding to copy filtered resource 'application-development.yml'.
[DEBUG] filtering C:\Users\dhiebert\Local Repositories\Project Management 2.0\src\main\resources\application-development.yml to C:\Users\dhiebert\Local Repositories\Project Management 2.0\target\classes\application-development.yml
[DEBUG] Copying file application-production.yml
[DEBUG] file application-production.yml has a filtered file extension
[DEBUG] Using 'UTF-8' encoding to copy filtered resource 'application-production.yml'.
[DEBUG] filtering C:\Users\dhiebert\Local Repositories\Project Management 2.0\src\main\resources\application-production.yml to C:\Users\dhiebert\Local Repositories\Project Management 2.0\target\classes\application-production.yml
[DEBUG] Copying file application.yml
[DEBUG] file application.yml has a filtered file extension
[DEBUG] Using 'UTF-8' encoding to copy filtered resource 'application.yml'.
[DEBUG] filtering C:\Users\dhiebert\Local Repositories\Project Management 2.0\src\main\resources\application.yml to C:\Users\dhiebert\Local Repositories\Project Management 2.0\target\classes\application.yml
[DEBUG] Copying file META-INF\persistence.xml
[DEBUG] file persistence.xml has a filtered file extension
[DEBUG] Using 'UTF-8' encoding to copy filtered resource 'persistence.xml'.
[DEBUG] filtering C:\Users\dhiebert\Local Repositories\Project Management 2.0\src\main\resources\META-INF\persistence.xml to C:\Users\dhiebert\Local Repositories\Project Management 2.0\target\classes\META-INF\persistence.xml
[DEBUG] Copying file org\frcpm\mvvm\views\AttendanceMvvmView.properties
[DEBUG] file AttendanceMvvmView.properties has a filtered file extension
[DEBUG] Using 'UTF-8' encoding to copy filtered resource 'AttendanceMvvmView.properties'.
[DEBUG] filtering C:\Users\dhiebert\Local Repositories\Project Management 2.0\src\main\resources\org\frcpm\mvvm\views\AttendanceMvvmView.properties to C:\Users\dhiebert\Local Repositories\Project Management 2.0\target\classes\org\frcpm\mvvm\views\AttendanceMvvmView.properties
[DEBUG] Copying file org\frcpm\mvvm\views\common.properties
[DEBUG] file common.properties has a filtered file extension
[DEBUG] Using 'UTF-8' encoding to copy filtered resource 'common.properties'.
[DEBUG] filtering C:\Users\dhiebert\Local Repositories\Project Management 2.0\src\main\resources\org\frcpm\mvvm\views\common.properties to C:\Users\dhiebert\Local Repositories\Project Management 2.0\target\classes\org\frcpm\mvvm\views\common.properties
[DEBUG] Copying file org\frcpm\mvvm\views\ComponentDetailMvvmView.properties
[DEBUG] file ComponentDetailMvvmView.properties has a filtered file extension
[DEBUG] Using 'UTF-8' encoding to copy filtered resource 'ComponentDetailMvvmView.properties'.
[DEBUG] filtering C:\Users\dhiebert\Local Repositories\Project Management 2.0\src\main\resources\org\frcpm\mvvm\views\ComponentDetailMvvmView.properties to C:\Users\dhiebert\Local Repositories\Project Management 2.0\target\classes\org\frcpm\mvvm\views\ComponentDetailMvvmView.properties
[DEBUG] Copying file org\frcpm\mvvm\views\ComponentListMvvmView.properties
[DEBUG] file ComponentListMvvmView.properties has a filtered file extension
[DEBUG] Using 'UTF-8' encoding to copy filtered resource 'ComponentListMvvmView.properties'.
[DEBUG] filtering C:\Users\dhiebert\Local Repositories\Project Management 2.0\src\main\resources\org\frcpm\mvvm\views\ComponentListMvvmView.properties to C:\Users\dhiebert\Local Repositories\Project Management 2.0\target\classes\org\frcpm\mvvm\views\ComponentListMvvmView.properties
[DEBUG] Copying file org\frcpm\mvvm\views\DailyMvvmView.properties
[DEBUG] file DailyMvvmView.properties has a filtered file extension
[DEBUG] Using 'UTF-8' encoding to copy filtered resource 'DailyMvvmView.properties'.
[DEBUG] filtering C:\Users\dhiebert\Local Repositories\Project Management 2.0\src\main\resources\org\frcpm\mvvm\views\DailyMvvmView.properties to C:\Users\dhiebert\Local Repositories\Project Management 2.0\target\classes\org\frcpm\mvvm\views\DailyMvvmView.properties
[DEBUG] Copying file org\frcpm\mvvm\views\DashboardMvvmView.properties
[DEBUG] file DashboardMvvmView.properties has a filtered file extension
[DEBUG] Using 'UTF-8' encoding to copy filtered resource 'DashboardMvvmView.properties'.
[DEBUG] filtering C:\Users\dhiebert\Local Repositories\Project Management 2.0\src\main\resources\org\frcpm\mvvm\views\DashboardMvvmView.properties to C:\Users\dhiebert\Local Repositories\Project Management 2.0\target\classes\org\frcpm\mvvm\views\DashboardMvvmView.properties
[DEBUG] Copying file org\frcpm\mvvm\views\GanttChartMvvmView.properties
[DEBUG] file GanttChartMvvmView.properties has a filtered file extension
[DEBUG] Using 'UTF-8' encoding to copy filtered resource 'GanttChartMvvmView.properties'.
[DEBUG] filtering C:\Users\dhiebert\Local Repositories\Project Management 2.0\src\main\resources\org\frcpm\mvvm\views\GanttChartMvvmView.properties to C:\Users\dhiebert\Local Repositories\Project Management 2.0\target\classes\org\frcpm\mvvm\views\GanttChartMvvmView.properties
[DEBUG] Copying file org\frcpm\mvvm\views\MainMvvmView.properties
[DEBUG] file MainMvvmView.properties has a filtered file extension
[DEBUG] Using 'UTF-8' encoding to copy filtered resource 'MainMvvmView.properties'.
[DEBUG] filtering C:\Users\dhiebert\Local Repositories\Project Management 2.0\src\main\resources\org\frcpm\mvvm\views\MainMvvmView.properties to C:\Users\dhiebert\Local Repositories\Project Management 2.0\target\classes\org\frcpm\mvvm\views\MainMvvmView.properties
[DEBUG] Copying file org\frcpm\mvvm\views\MeetingDetailMvvmView.properties
[DEBUG] file MeetingDetailMvvmView.properties has a filtered file extension
[DEBUG] Using 'UTF-8' encoding to copy filtered resource 'MeetingDetailMvvmView.properties'.
[DEBUG] filtering C:\Users\dhiebert\Local Repositories\Project Management 2.0\src\main\resources\org\frcpm\mvvm\views\MeetingDetailMvvmView.properties to C:\Users\dhiebert\Local Repositories\Project Management 2.0\target\classes\org\frcpm\mvvm\views\MeetingDetailMvvmView.properties
[DEBUG] Copying file org\frcpm\mvvm\views\MeetingListMvvmView.properties
[DEBUG] file MeetingListMvvmView.properties has a filtered file extension
[DEBUG] Using 'UTF-8' encoding to copy filtered resource 'MeetingListMvvmView.properties'.
[DEBUG] filtering C:\Users\dhiebert\Local Repositories\Project Management 2.0\src\main\resources\org\frcpm\mvvm\views\MeetingListMvvmView.properties to C:\Users\dhiebert\Local Repositories\Project Management 2.0\target\classes\org\frcpm\mvvm\views\MeetingListMvvmView.properties
[DEBUG] Copying file org\frcpm\mvvm\views\MetricsMvvmView.properties
[DEBUG] file MetricsMvvmView.properties has a filtered file extension
[DEBUG] Using 'UTF-8' encoding to copy filtered resource 'MetricsMvvmView.properties'.
[DEBUG] filtering C:\Users\dhiebert\Local Repositories\Project Management 2.0\src\main\resources\org\frcpm\mvvm\views\MetricsMvvmView.properties to C:\Users\dhiebert\Local Repositories\Project Management 2.0\target\classes\org\frcpm\mvvm\views\MetricsMvvmView.properties
[DEBUG] Copying file org\frcpm\mvvm\views\MilestoneDetailMvvmView.properties
[DEBUG] file MilestoneDetailMvvmView.properties has a filtered file extension
[DEBUG] Using 'UTF-8' encoding to copy filtered resource 'MilestoneDetailMvvmView.properties'.
[DEBUG] filtering C:\Users\dhiebert\Local Repositories\Project Management 2.0\src\main\resources\org\frcpm\mvvm\views\MilestoneDetailMvvmView.properties to C:\Users\dhiebert\Local Repositories\Project Management 2.0\target\classes\org\frcpm\mvvm\views\MilestoneDetailMvvmView.properties
[DEBUG] Copying file org\frcpm\mvvm\views\MilestoneListMvvmView.properties
[DEBUG] file MilestoneListMvvmView.properties has a filtered file extension
[DEBUG] Using 'UTF-8' encoding to copy filtered resource 'MilestoneListMvvmView.properties'.
[DEBUG] filtering C:\Users\dhiebert\Local Repositories\Project Management 2.0\src\main\resources\org\frcpm\mvvm\views\MilestoneListMvvmView.properties to C:\Users\dhiebert\Local Repositories\Project Management 2.0\target\classes\org\frcpm\mvvm\views\MilestoneListMvvmView.properties
[DEBUG] Copying file org\frcpm\mvvm\views\ProjectListMvvmView.properties
[DEBUG] file ProjectListMvvmView.properties has a filtered file extension
[DEBUG] Using 'UTF-8' encoding to copy filtered resource 'ProjectListMvvmView.properties'.
[DEBUG] filtering C:\Users\dhiebert\Local Repositories\Project Management 2.0\src\main\resources\org\frcpm\mvvm\views\ProjectListMvvmView.properties to C:\Users\dhiebert\Local Repositories\Project Management 2.0\target\classes\org\frcpm\mvvm\views\ProjectListMvvmView.properties
[DEBUG] Copying file org\frcpm\mvvm\views\SubsystemDetailMvvmView.properties
[DEBUG] file SubsystemDetailMvvmView.properties has a filtered file extension
[DEBUG] Using 'UTF-8' encoding to copy filtered resource 'SubsystemDetailMvvmView.properties'.
[DEBUG] filtering C:\Users\dhiebert\Local Repositories\Project Management 2.0\src\main\resources\org\frcpm\mvvm\views\SubsystemDetailMvvmView.properties to C:\Users\dhiebert\Local Repositories\Project Management 2.0\target\classes\org\frcpm\mvvm\views\SubsystemDetailMvvmView.properties
[DEBUG] Copying file org\frcpm\mvvm\views\SubsystemListMvvmView.properties
[DEBUG] file SubsystemListMvvmView.properties has a filtered file extension
[DEBUG] Using 'UTF-8' encoding to copy filtered resource 'SubsystemListMvvmView.properties'.
[DEBUG] filtering C:\Users\dhiebert\Local Repositories\Project Management 2.0\src\main\resources\org\frcpm\mvvm\views\SubsystemListMvvmView.properties to C:\Users\dhiebert\Local Repositories\Project Management 2.0\target\classes\org\frcpm\mvvm\views\SubsystemListMvvmView.properties
[DEBUG] Copying file org\frcpm\mvvm\views\SubteamDetailMvvmView.properties
[DEBUG] file SubteamDetailMvvmView.properties has a filtered file extension
[DEBUG] Using 'UTF-8' encoding to copy filtered resource 'SubteamDetailMvvmView.properties'.
[DEBUG] filtering C:\Users\dhiebert\Local Repositories\Project Management 2.0\src\main\resources\org\frcpm\mvvm\views\SubteamDetailMvvmView.properties to C:\Users\dhiebert\Local Repositories\Project Management 2.0\target\classes\org\frcpm\mvvm\views\SubteamDetailMvvmView.properties
[DEBUG] Copying file org\frcpm\mvvm\views\SubteamListMvvmView.properties
[DEBUG] file SubteamListMvvmView.properties has a filtered file extension
[DEBUG] Using 'UTF-8' encoding to copy filtered resource 'SubteamListMvvmView.properties'.
[DEBUG] filtering C:\Users\dhiebert\Local Repositories\Project Management 2.0\src\main\resources\org\frcpm\mvvm\views\SubteamListMvvmView.properties to C:\Users\dhiebert\Local Repositories\Project Management 2.0\target\classes\org\frcpm\mvvm\views\SubteamListMvvmView.properties
[DEBUG] Copying file org\frcpm\mvvm\views\TaskDetailMvvmView.properties
[DEBUG] file TaskDetailMvvmView.properties has a filtered file extension
[DEBUG] Using 'UTF-8' encoding to copy filtered resource 'TaskDetailMvvmView.properties'.
[DEBUG] filtering C:\Users\dhiebert\Local Repositories\Project Management 2.0\src\main\resources\org\frcpm\mvvm\views\TaskDetailMvvmView.properties to C:\Users\dhiebert\Local Repositories\Project Management 2.0\target\classes\org\frcpm\mvvm\views\TaskDetailMvvmView.properties
[DEBUG] Copying file org\frcpm\mvvm\views\TaskListMvvmView.properties
[DEBUG] file TaskListMvvmView.properties has a filtered file extension
[DEBUG] Using 'UTF-8' encoding to copy filtered resource 'TaskListMvvmView.properties'.
[DEBUG] filtering C:\Users\dhiebert\Local Repositories\Project Management 2.0\src\main\resources\org\frcpm\mvvm\views\TaskListMvvmView.properties to C:\Users\dhiebert\Local Repositories\Project Management 2.0\target\classes\org\frcpm\mvvm\views\TaskListMvvmView.properties
[DEBUG] Copying file org\frcpm\mvvm\views\TaskSelectionMvvmView.properties
[DEBUG] file TaskSelectionMvvmView.properties has a filtered file extension
[DEBUG] Using 'UTF-8' encoding to copy filtered resource 'TaskSelectionMvvmView.properties'.
[DEBUG] filtering C:\Users\dhiebert\Local Repositories\Project Management 2.0\src\main\resources\org\frcpm\mvvm\views\TaskSelectionMvvmView.properties to C:\Users\dhiebert\Local Repositories\Project Management 2.0\target\classes\org\frcpm\mvvm\views\TaskSelectionMvvmView.properties
[DEBUG] Copying file org\frcpm\mvvm\views\TeamMemberDetailMvvmView.properties
[DEBUG] file TeamMemberDetailMvvmView.properties has a filtered file extension
[DEBUG] Using 'UTF-8' encoding to copy filtered resource 'TeamMemberDetailMvvmView.properties'.
[DEBUG] filtering C:\Users\dhiebert\Local Repositories\Project Management 2.0\src\main\resources\org\frcpm\mvvm\views\TeamMemberDetailMvvmView.properties to C:\Users\dhiebert\Local Repositories\Project Management 2.0\target\classes\org\frcpm\mvvm\views\TeamMemberDetailMvvmView.properties
[DEBUG] Copying file org\frcpm\mvvm\views\TeamMemberListMvvmView.properties
[DEBUG] file TeamMemberListMvvmView.properties has a filtered file extension
[DEBUG] Using 'UTF-8' encoding to copy filtered resource 'TeamMemberListMvvmView.properties'.
[DEBUG] filtering C:\Users\dhiebert\Local Repositories\Project Management 2.0\src\main\resources\org\frcpm\mvvm\views\TeamMemberListMvvmView.properties to C:\Users\dhiebert\Local Repositories\Project Management 2.0\target\classes\org\frcpm\mvvm\views\TeamMemberListMvvmView.properties
[DEBUG] Copying file org\frcpm\mvvm\views\TeamMemberSelectionMvvmView.properties
[DEBUG] file TeamMemberSelectionMvvmView.properties has a filtered file extension
[DEBUG] Using 'UTF-8' encoding to copy filtered resource 'TeamMemberSelectionMvvmView.properties'.
[DEBUG] filtering C:\Users\dhiebert\Local Repositories\Project Management 2.0\src\main\resources\org\frcpm\mvvm\views\TeamMemberSelectionMvvmView.properties to C:\Users\dhiebert\Local Repositories\Project Management 2.0\target\classes\org\frcpm\mvvm\views\TeamMemberSelectionMvvmView.properties
[DEBUG] resource with targetPath null
directory C:\Users\dhiebert\Local Repositories\Project Management 2.0\src\main\resources
excludes [**/*.yml, **/*.yaml, **/*.properties, **/*.xml]
includes []
[DEBUG] ignoreDelta true
[INFO] Copying 26 resources from src\main\resources to target\classes
[DEBUG] Copying file css\gantt-chart.css
[DEBUG] file gantt-chart.css has a filtered file extension
[DEBUG] Using 'UTF-8' encoding to copy filtered resource 'gantt-chart.css'.
[DEBUG] copy C:\Users\dhiebert\Local Repositories\Project Management 2.0\src\main\resources\css\gantt-chart.css to C:\Users\dhiebert\Local Repositories\Project Management 2.0\target\classes\css\gantt-chart.css
[DEBUG] Copying file css\styles.css
[DEBUG] file styles.css has a filtered file extension
[DEBUG] Using 'UTF-8' encoding to copy filtered resource 'styles.css'.
[DEBUG] copy C:\Users\dhiebert\Local Repositories\Project Management 2.0\src\main\resources\css\styles.css to C:\Users\dhiebert\Local Repositories\Project Management 2.0\target\classes\css\styles.css
[DEBUG] Copying file css\visualization.css
[DEBUG] file visualization.css has a filtered file extension
[DEBUG] Using 'UTF-8' encoding to copy filtered resource 'visualization.css'.
[DEBUG] copy C:\Users\dhiebert\Local Repositories\Project Management 2.0\src\main\resources\css\visualization.css to C:\Users\dhiebert\Local Repositories\Project Management 2.0\target\classes\css\visualization.css
[DEBUG] Copying file org\frcpm\mvvm\views\AttendanceMvvmView.fxml
[DEBUG] file AttendanceMvvmView.fxml has a filtered file extension
[DEBUG] Using 'UTF-8' encoding to copy filtered resource 'AttendanceMvvmView.fxml'.
[DEBUG] copy C:\Users\dhiebert\Local Repositories\Project Management 2.0\src\main\resources\org\frcpm\mvvm\views\AttendanceMvvmView.fxml to C:\Users\dhiebert\Local Repositories\Project Management 2.0\target\classes\org\frcpm\mvvm\views\AttendanceMvvmView.fxml
[DEBUG] Copying file org\frcpm\mvvm\views\ComponentDetailMvvmView.fxml
[DEBUG] file ComponentDetailMvvmView.fxml has a filtered file extension
[DEBUG] Using 'UTF-8' encoding to copy filtered resource 'ComponentDetailMvvmView.fxml'.
[DEBUG] copy C:\Users\dhiebert\Local Repositories\Project Management 2.0\src\main\resources\org\frcpm\mvvm\views\ComponentDetailMvvmView.fxml to C:\Users\dhiebert\Local Repositories\Project Management 2.0\target\classes\org\frcpm\mvvm\views\ComponentDetailMvvmView.fxml
[DEBUG] Copying file org\frcpm\mvvm\views\ComponentListMvvmView.fxml
[DEBUG] file ComponentListMvvmView.fxml has a filtered file extension
[DEBUG] Using 'UTF-8' encoding to copy filtered resource 'ComponentListMvvmView.fxml'.
[DEBUG] copy C:\Users\dhiebert\Local Repositories\Project Management 2.0\src\main\resources\org\frcpm\mvvm\views\ComponentListMvvmView.fxml to C:\Users\dhiebert\Local Repositories\Project Management 2.0\target\classes\org\frcpm\mvvm\views\ComponentListMvvmView.fxml
[DEBUG] Copying file org\frcpm\mvvm\views\DailyMvvmView.fxml
[DEBUG] file DailyMvvmView.fxml has a filtered file extension
[DEBUG] Using 'UTF-8' encoding to copy filtered resource 'DailyMvvmView.fxml'.
[DEBUG] copy C:\Users\dhiebert\Local Repositories\Project Management 2.0\src\main\resources\org\frcpm\mvvm\views\DailyMvvmView.fxml to C:\Users\dhiebert\Local Repositories\Project Management 2.0\target\classes\org\frcpm\mvvm\views\DailyMvvmView.fxml
[DEBUG] Copying file org\frcpm\mvvm\views\DashboardMvvmView.fxml
[DEBUG] file DashboardMvvmView.fxml has a filtered file extension
[DEBUG] Using 'UTF-8' encoding to copy filtered resource 'DashboardMvvmView.fxml'.
[DEBUG] copy C:\Users\dhiebert\Local Repositories\Project Management 2.0\src\main\resources\org\frcpm\mvvm\views\DashboardMvvmView.fxml to C:\Users\dhiebert\Local Repositories\Project Management 2.0\target\classes\org\frcpm\mvvm\views\DashboardMvvmView.fxml
[DEBUG] Copying file org\frcpm\mvvm\views\GanttChartMvvmView.fxml
[DEBUG] file GanttChartMvvmView.fxml has a filtered file extension
[DEBUG] Using 'UTF-8' encoding to copy filtered resource 'GanttChartMvvmView.fxml'.
[DEBUG] copy C:\Users\dhiebert\Local Repositories\Project Management 2.0\src\main\resources\org\frcpm\mvvm\views\GanttChartMvvmView.fxml to C:\Users\dhiebert\Local Repositories\Project Management 2.0\target\classes\org\frcpm\mvvm\views\GanttChartMvvmView.fxml
[DEBUG] Copying file org\frcpm\mvvm\views\MainMvvmView.fxml
[DEBUG] file MainMvvmView.fxml has a filtered file extension
[DEBUG] Using 'UTF-8' encoding to copy filtered resource 'MainMvvmView.fxml'.
[DEBUG] copy C:\Users\dhiebert\Local Repositories\Project Management 2.0\src\main\resources\org\frcpm\mvvm\views\MainMvvmView.fxml to C:\Users\dhiebert\Local Repositories\Project Management 2.0\target\classes\org\frcpm\mvvm\views\MainMvvmView.fxml
[DEBUG] Copying file org\frcpm\mvvm\views\MeetingDetailMvvmView.fxml
[DEBUG] file MeetingDetailMvvmView.fxml has a filtered file extension
[DEBUG] Using 'UTF-8' encoding to copy filtered resource 'MeetingDetailMvvmView.fxml'.
[DEBUG] copy C:\Users\dhiebert\Local Repositories\Project Management 2.0\src\main\resources\org\frcpm\mvvm\views\MeetingDetailMvvmView.fxml to C:\Users\dhiebert\Local Repositories\Project Management 2.0\target\classes\org\frcpm\mvvm\views\MeetingDetailMvvmView.fxml
[DEBUG] Copying file org\frcpm\mvvm\views\MeetingListMvvmView.fxml
[DEBUG] file MeetingListMvvmView.fxml has a filtered file extension
[DEBUG] Using 'UTF-8' encoding to copy filtered resource 'MeetingListMvvmView.fxml'.
[DEBUG] copy C:\Users\dhiebert\Local Repositories\Project Management 2.0\src\main\resources\org\frcpm\mvvm\views\MeetingListMvvmView.fxml to C:\Users\dhiebert\Local Repositories\Project Management 2.0\target\classes\org\frcpm\mvvm\views\MeetingListMvvmView.fxml
[DEBUG] Copying file org\frcpm\mvvm\views\MetricsMvvmView.fxml
[DEBUG] file MetricsMvvmView.fxml has a filtered file extension
[DEBUG] Using 'UTF-8' encoding to copy filtered resource 'MetricsMvvmView.fxml'.
[DEBUG] copy C:\Users\dhiebert\Local Repositories\Project Management 2.0\src\main\resources\org\frcpm\mvvm\views\MetricsMvvmView.fxml to C:\Users\dhiebert\Local Repositories\Project Management 2.0\target\classes\org\frcpm\mvvm\views\MetricsMvvmView.fxml
[DEBUG] Copying file org\frcpm\mvvm\views\MilestoneDetailMvvmView.fxml
[DEBUG] file MilestoneDetailMvvmView.fxml has a filtered file extension
[DEBUG] Using 'UTF-8' encoding to copy filtered resource 'MilestoneDetailMvvmView.fxml'.
[DEBUG] copy C:\Users\dhiebert\Local Repositories\Project Management 2.0\src\main\resources\org\frcpm\mvvm\views\MilestoneDetailMvvmView.fxml to C:\Users\dhiebert\Local Repositories\Project Management 2.0\target\classes\org\frcpm\mvvm\views\MilestoneDetailMvvmView.fxml
[DEBUG] Copying file org\frcpm\mvvm\views\MilestoneListMvvmView.fxml
[DEBUG] file MilestoneListMvvmView.fxml has a filtered file extension
[DEBUG] Using 'UTF-8' encoding to copy filtered resource 'MilestoneListMvvmView.fxml'.
[DEBUG] copy C:\Users\dhiebert\Local Repositories\Project Management 2.0\src\main\resources\org\frcpm\mvvm\views\MilestoneListMvvmView.fxml to C:\Users\dhiebert\Local Repositories\Project Management 2.0\target\classes\org\frcpm\mvvm\views\MilestoneListMvvmView.fxml
[DEBUG] Copying file org\frcpm\mvvm\views\ProjectListMvvmView.fxml
[DEBUG] file ProjectListMvvmView.fxml has a filtered file extension
[DEBUG] Using 'UTF-8' encoding to copy filtered resource 'ProjectListMvvmView.fxml'.
[DEBUG] copy C:\Users\dhiebert\Local Repositories\Project Management 2.0\src\main\resources\org\frcpm\mvvm\views\ProjectListMvvmView.fxml to C:\Users\dhiebert\Local Repositories\Project Management 2.0\target\classes\org\frcpm\mvvm\views\ProjectListMvvmView.fxml
[DEBUG] Copying file org\frcpm\mvvm\views\SubsystemDetailMvvmView.fxml
[DEBUG] file SubsystemDetailMvvmView.fxml has a filtered file extension
[DEBUG] Using 'UTF-8' encoding to copy filtered resource 'SubsystemDetailMvvmView.fxml'.
[DEBUG] copy C:\Users\dhiebert\Local Repositories\Project Management 2.0\src\main\resources\org\frcpm\mvvm\views\SubsystemDetailMvvmView.fxml to C:\Users\dhiebert\Local Repositories\Project Management 2.0\target\classes\org\frcpm\mvvm\views\SubsystemDetailMvvmView.fxml
[DEBUG] Copying file org\frcpm\mvvm\views\SubsystemListMvvmView.fxml
[DEBUG] file SubsystemListMvvmView.fxml has a filtered file extension
[DEBUG] Using 'UTF-8' encoding to copy filtered resource 'SubsystemListMvvmView.fxml'.
[DEBUG] copy C:\Users\dhiebert\Local Repositories\Project Management 2.0\src\main\resources\org\frcpm\mvvm\views\SubsystemListMvvmView.fxml to C:\Users\dhiebert\Local Repositories\Project Management 2.0\target\classes\org\frcpm\mvvm\views\SubsystemListMvvmView.fxml
[DEBUG] Copying file org\frcpm\mvvm\views\SubteamDetailMvvmView.fxml
[DEBUG] file SubteamDetailMvvmView.fxml has a filtered file extension
[DEBUG] Using 'UTF-8' encoding to copy filtered resource 'SubteamDetailMvvmView.fxml'.
[DEBUG] copy C:\Users\dhiebert\Local Repositories\Project Management 2.0\src\main\resources\org\frcpm\mvvm\views\SubteamDetailMvvmView.fxml to C:\Users\dhiebert\Local Repositories\Project Management 2.0\target\classes\org\frcpm\mvvm\views\SubteamDetailMvvmView.fxml
[DEBUG] Copying file org\frcpm\mvvm\views\SubteamListMvvmView.fxml
[DEBUG] file SubteamListMvvmView.fxml has a filtered file extension
[DEBUG] Using 'UTF-8' encoding to copy filtered resource 'SubteamListMvvmView.fxml'.
[DEBUG] copy C:\Users\dhiebert\Local Repositories\Project Management 2.0\src\main\resources\org\frcpm\mvvm\views\SubteamListMvvmView.fxml to C:\Users\dhiebert\Local Repositories\Project Management 2.0\target\classes\org\frcpm\mvvm\views\SubteamListMvvmView.fxml
[DEBUG] Copying file org\frcpm\mvvm\views\TaskDetailMvvmView.fxml
[DEBUG] file TaskDetailMvvmView.fxml has a filtered file extension
[DEBUG] Using 'UTF-8' encoding to copy filtered resource 'TaskDetailMvvmView.fxml'.
[DEBUG] copy C:\Users\dhiebert\Local Repositories\Project Management 2.0\src\main\resources\org\frcpm\mvvm\views\TaskDetailMvvmView.fxml to C:\Users\dhiebert\Local Repositories\Project Management 2.0\target\classes\org\frcpm\mvvm\views\TaskDetailMvvmView.fxml
[DEBUG] Copying file org\frcpm\mvvm\views\TaskListMvvmView.fxml
[DEBUG] file TaskListMvvmView.fxml has a filtered file extension
[DEBUG] Using 'UTF-8' encoding to copy filtered resource 'TaskListMvvmView.fxml'.
[DEBUG] copy C:\Users\dhiebert\Local Repositories\Project Management 2.0\src\main\resources\org\frcpm\mvvm\views\TaskListMvvmView.fxml to C:\Users\dhiebert\Local Repositories\Project Management 2.0\target\classes\org\frcpm\mvvm\views\TaskListMvvmView.fxml
[DEBUG] Copying file org\frcpm\mvvm\views\TaskSelectionMvvmView.fxml
[DEBUG] file TaskSelectionMvvmView.fxml has a filtered file extension
[DEBUG] Using 'UTF-8' encoding to copy filtered resource 'TaskSelectionMvvmView.fxml'.
[DEBUG] copy C:\Users\dhiebert\Local Repositories\Project Management 2.0\src\main\resources\org\frcpm\mvvm\views\TaskSelectionMvvmView.fxml to C:\Users\dhiebert\Local Repositories\Project Management 2.0\target\classes\org\frcpm\mvvm\views\TaskSelectionMvvmView.fxml
[DEBUG] Copying file org\frcpm\mvvm\views\TeamMemberDetailMvvmView.fxml
[DEBUG] file TeamMemberDetailMvvmView.fxml has a filtered file extension
[DEBUG] Using 'UTF-8' encoding to copy filtered resource 'TeamMemberDetailMvvmView.fxml'.
[DEBUG] copy C:\Users\dhiebert\Local Repositories\Project Management 2.0\src\main\resources\org\frcpm\mvvm\views\TeamMemberDetailMvvmView.fxml to C:\Users\dhiebert\Local Repositories\Project Management 2.0\target\classes\org\frcpm\mvvm\views\TeamMemberDetailMvvmView.fxml
[DEBUG] Copying file org\frcpm\mvvm\views\TeamMemberListMvvmView.fxml
[DEBUG] file TeamMemberListMvvmView.fxml has a filtered file extension
[DEBUG] Using 'UTF-8' encoding to copy filtered resource 'TeamMemberListMvvmView.fxml'.
[DEBUG] copy C:\Users\dhiebert\Local Repositories\Project Management 2.0\src\main\resources\org\frcpm\mvvm\views\TeamMemberListMvvmView.fxml to C:\Users\dhiebert\Local Repositories\Project Management 2.0\target\classes\org\frcpm\mvvm\views\TeamMemberListMvvmView.fxml
[DEBUG] Copying file org\frcpm\mvvm\views\TeamMemberSelectionMvvmView.fxml
[DEBUG] file TeamMemberSelectionMvvmView.fxml has a filtered file extension
[DEBUG] Using 'UTF-8' encoding to copy filtered resource 'TeamMemberSelectionMvvmView.fxml'.
[DEBUG] copy C:\Users\dhiebert\Local Repositories\Project Management 2.0\src\main\resources\org\frcpm\mvvm\views\TeamMemberSelectionMvvmView.fxml to C:\Users\dhiebert\Local Repositories\Project Management 2.0\target\classes\org\frcpm\mvvm\views\TeamMemberSelectionMvvmView.fxml
[DEBUG] no user filter components
[INFO] 
[INFO] --- compiler:3.11.0:compile (default-compile) @ frc-project-manager ---
[DEBUG] Dependency collection stats {ConflictMarker.analyzeTime=54600, ConflictMarker.markTime=13300, ConflictMarker.nodeCount=17, ConflictIdSorter.graphTime=21500, ConflictIdSorter.topsortTime=8900, ConflictIdSorter.conflictIdCount=12, ConflictIdSorter.conflictIdCycleCount=0, ConflictResolver.totalTime=160900, ConflictResolver.conflictItemCount=17, DfDependencyCollector.collectTime=50371300, DfDependencyCollector.transformTime=273800}
[DEBUG] org.apache.maven.plugins:maven-compiler-plugin:jar:3.11.0
[DEBUG]    org.apache.maven.shared:maven-shared-utils:jar:3.3.4:compile
[DEBUG]       commons-io:commons-io:jar:2.6:compile
[DEBUG]    org.apache.maven.shared:maven-shared-incremental:jar:1.1:compile
[DEBUG]       org.codehaus.plexus:plexus-component-annotations:jar:1.5.5:compile
[DEBUG]    org.codehaus.plexus:plexus-java:jar:1.1.2:compile
[DEBUG]       org.ow2.asm:asm:jar:9.4:compile
[DEBUG]       com.thoughtworks.qdox:qdox:jar:2.0.3:compile (version managed from default)
[DEBUG]    org.codehaus.plexus:plexus-compiler-api:jar:2.13.0:compile
[DEBUG]       org.codehaus.plexus:plexus-utils:jar:3.5.0:compile (version managed from default)
[DEBUG]    org.codehaus.plexus:plexus-compiler-manager:jar:2.13.0:compile
[DEBUG]    org.codehaus.plexus:plexus-compiler-javac:jar:2.13.0:runtime
[DEBUG] Created new class realm plugin>org.apache.maven.plugins:maven-compiler-plugin:3.11.0
[DEBUG] Importing foreign packages into class realm plugin>org.apache.maven.plugins:maven-compiler-plugin:3.11.0
[DEBUG]   Imported:  < maven.api
[DEBUG] Populating class realm plugin>org.apache.maven.plugins:maven-compiler-plugin:3.11.0
[DEBUG]   Included: org.apache.maven.plugins:maven-compiler-plugin:jar:3.11.0
[DEBUG]   Included: org.apache.maven.shared:maven-shared-utils:jar:3.3.4
[DEBUG]   Included: commons-io:commons-io:jar:2.6
[DEBUG]   Included: org.apache.maven.shared:maven-shared-incremental:jar:1.1
[DEBUG]   Included: org.codehaus.plexus:plexus-component-annotations:jar:1.5.5
[DEBUG]   Included: org.codehaus.plexus:plexus-java:jar:1.1.2
[DEBUG]   Included: org.ow2.asm:asm:jar:9.4
[DEBUG]   Included: com.thoughtworks.qdox:qdox:jar:2.0.3
[DEBUG]   Included: org.codehaus.plexus:plexus-compiler-api:jar:2.13.0
[DEBUG]   Included: org.codehaus.plexus:plexus-utils:jar:3.5.0
[DEBUG]   Included: org.codehaus.plexus:plexus-compiler-manager:jar:2.13.0
[DEBUG]   Included: org.codehaus.plexus:plexus-compiler-javac:jar:2.13.0
[DEBUG] Loading mojo org.apache.maven.plugins:maven-compiler-plugin:3.11.0:compile from plugin realm ClassRealm[plugin>org.apache.maven.plugins:maven-compiler-plugin:3.11.0, parent: jdk.internal.loader.ClassLoaders$AppClassLoader@70dea4e]
[DEBUG] Configuring mojo execution 'org.apache.maven.plugins:maven-compiler-plugin:3.11.0:compile:default-compile' with basic configurator -->
[DEBUG]   (f) basedir = C:\Users\dhiebert\Local Repositories\Project Management 2.0
[DEBUG]   (f) buildDirectory = C:\Users\dhiebert\Local Repositories\Project Management 2.0\target
[DEBUG]   (f) compilePath = [C:\Users\dhiebert\Local Repositories\Project Management 2.0\target\classes, C:\Users\dhiebert\.m2\repository\org\springframework\boot\spring-boot-starter-web\3.2.0\spring-boot-starter-web-3.2.0.jar, C:\Users\dhiebert\.m2\repository\org\springframework\boot\spring-boot-starter\3.2.0\spring-boot-starter-3.2.0.jar, C:\Users\dhiebert\.m2\repository\org\springframework\boot\spring-boot\3.2.0\spring-boot-3.2.0.jar, C:\Users\dhiebert\.m2\repository\org\springframework\boot\spring-boot-autoconfigure\3.2.0\spring-boot-autoconfigure-3.2.0.jar, C:\Users\dhiebert\.m2\repository\org\springframework\boot\spring-boot-starter-logging\3.2.0\spring-boot-starter-logging-3.2.0.jar, C:\Users\dhiebert\.m2\repository\ch\qos\logback\logback-classic\1.4.11\logback-classic-1.4.11.jar, C:\Users\dhiebert\.m2\repository\ch\qos\logback\logback-core\1.4.11\logback-core-1.4.11.jar, C:\Users\dhiebert\.m2\repository\org\apache\logging\log4j\log4j-to-slf4j\2.21.1\log4j-to-slf4j-2.21.1.jar, C:\Users\dhiebert\.m2\repository\org\apache\logging\log4j\log4j-api\2.21.1\log4j-api-2.21.1.jar, C:\Users\dhiebert\.m2\repository\org\slf4j\jul-to-slf4j\2.0.9\jul-to-slf4j-2.0.9.jar, C:\Users\dhiebert\.m2\repository\jakarta\annotation\jakarta.annotation-api\2.1.1\jakarta.annotation-api-2.1.1.jar, C:\Users\dhiebert\.m2\repository\org\yaml\snakeyaml\2.2\snakeyaml-2.2.jar, C:\Users\dhiebert\.m2\repository\org\springframework\boot\spring-boot-starter-json\3.2.0\spring-boot-starter-json-3.2.0.jar, C:\Users\dhiebert\.m2\repository\com\fasterxml\jackson\datatype\jackson-datatype-jdk8\2.15.3\jackson-datatype-jdk8-2.15.3.jar, C:\Users\dhiebert\.m2\repository\com\fasterxml\jackson\datatype\jackson-datatype-jsr310\2.15.3\jackson-datatype-jsr310-2.15.3.jar, C:\Users\dhiebert\.m2\repository\com\fasterxml\jackson\module\jackson-module-parameter-names\2.15.3\jackson-module-parameter-names-2.15.3.jar, C:\Users\dhiebert\.m2\repository\org\springframework\boot\spring-boot-starter-tomcat\3.2.0\spring-boot-starter-tomcat-3.2.0.jar, C:\Users\dhiebert\.m2\repository\org\apache\tomcat\embed\tomcat-embed-core\10.1.16\tomcat-embed-core-10.1.16.jar, C:\Users\dhiebert\.m2\repository\org\apache\tomcat\embed\tomcat-embed-websocket\10.1.16\tomcat-embed-websocket-10.1.16.jar, C:\Users\dhiebert\.m2\repository\org\springframework\spring-web\6.1.1\spring-web-6.1.1.jar, C:\Users\dhiebert\.m2\repository\org\springframework\spring-beans\6.1.1\spring-beans-6.1.1.jar, C:\Users\dhiebert\.m2\repository\io\micrometer\micrometer-observation\1.12.0\micrometer-observation-1.12.0.jar, C:\Users\dhiebert\.m2\repository\io\micrometer\micrometer-commons\1.12.0\micrometer-commons-1.12.0.jar, C:\Users\dhiebert\.m2\repository\org\springframework\spring-webmvc\6.1.1\spring-webmvc-6.1.1.jar, C:\Users\dhiebert\.m2\repository\org\springframework\spring-context\6.1.1\spring-context-6.1.1.jar, C:\Users\dhiebert\.m2\repository\org\springframework\spring-expression\6.1.1\spring-expression-6.1.1.jar, C:\Users\dhiebert\.m2\repository\org\springframework\boot\spring-boot-starter-data-jpa\3.2.0\spring-boot-starter-data-jpa-3.2.0.jar, C:\Users\dhiebert\.m2\repository\org\springframework\boot\spring-boot-starter-aop\3.2.0\spring-boot-starter-aop-3.2.0.jar, C:\Users\dhiebert\.m2\repository\org\aspectj\aspectjweaver\1.9.20.1\aspectjweaver-1.9.20.1.jar, C:\Users\dhiebert\.m2\repository\org\springframework\boot\spring-boot-starter-jdbc\3.2.0\spring-boot-starter-jdbc-3.2.0.jar, C:\Users\dhiebert\.m2\repository\org\springframework\spring-jdbc\6.1.1\spring-jdbc-6.1.1.jar, C:\Users\dhiebert\.m2\repository\org\hibernate\orm\hibernate-core\6.3.1.Final\hibernate-core-6.3.1.Final.jar, C:\Users\dhiebert\.m2\repository\jakarta\persistence\jakarta.persistence-api\3.1.0\jakarta.persistence-api-3.1.0.jar, C:\Users\dhiebert\.m2\repository\jakarta\transaction\jakarta.transaction-api\2.0.1\jakarta.transaction-api-2.0.1.jar, C:\Users\dhiebert\.m2\repository\org\antlr\antlr4-runtime\4.10.1\antlr4-runtime-4.10.1.jar, C:\Users\dhiebert\.m2\repository\org\springframework\data\spring-data-jpa\3.2.0\spring-data-jpa-3.2.0.jar, C:\Users\dhiebert\.m2\repository\org\springframework\data\spring-data-commons\3.2.0\spring-data-commons-3.2.0.jar, C:\Users\dhiebert\.m2\repository\org\springframework\spring-orm\6.1.1\spring-orm-6.1.1.jar, C:\Users\dhiebert\.m2\repository\org\springframework\spring-tx\6.1.1\spring-tx-6.1.1.jar, C:\Users\dhiebert\.m2\repository\org\springframework\spring-aspects\6.1.1\spring-aspects-6.1.1.jar, C:\Users\dhiebert\.m2\repository\org\springframework\boot\spring-boot-starter-thymeleaf\3.2.0\spring-boot-starter-thymeleaf-3.2.0.jar, C:\Users\dhiebert\.m2\repository\org\thymeleaf\thymeleaf-spring6\3.1.2.RELEASE\thymeleaf-spring6-3.1.2.RELEASE.jar, C:\Users\dhiebert\.m2\repository\org\thymeleaf\thymeleaf\3.1.2.RELEASE\thymeleaf-3.1.2.RELEASE.jar, C:\Users\dhiebert\.m2\repository\org\attoparser\attoparser\2.0.7.RELEASE\attoparser-2.0.7.RELEASE.jar, C:\Users\dhiebert\.m2\repository\org\unbescape\unbescape\1.1.6.RELEASE\unbescape-1.1.6.RELEASE.jar, C:\Users\dhiebert\.m2\repository\org\springframework\boot\spring-boot-starter-security\3.2.0\spring-boot-starter-security-3.2.0.jar, C:\Users\dhiebert\.m2\repository\org\springframework\spring-aop\6.1.1\spring-aop-6.1.1.jar, C:\Users\dhiebert\.m2\repository\org\springframework\security\spring-security-config\6.2.0\spring-security-config-6.2.0.jar, C:\Users\dhiebert\.m2\repository\org\springframework\security\spring-security-core\6.2.0\spring-security-core-6.2.0.jar, C:\Users\dhiebert\.m2\repository\org\springframework\security\spring-security-crypto\6.2.0\spring-security-crypto-6.2.0.jar, C:\Users\dhiebert\.m2\repository\org\springframework\security\spring-security-web\6.2.0\spring-security-web-6.2.0.jar, C:\Users\dhiebert\.m2\repository\org\springframework\boot\spring-boot-starter-validation\3.2.0\spring-boot-starter-validation-3.2.0.jar, C:\Users\dhiebert\.m2\repository\org\apache\tomcat\embed\tomcat-embed-el\10.1.16\tomcat-embed-el-10.1.16.jar, C:\Users\dhiebert\.m2\repository\org\springframework\boot\spring-boot-starter-websocket\3.2.0\spring-boot-starter-websocket-3.2.0.jar, C:\Users\dhiebert\.m2\repository\org\springframework\spring-messaging\6.1.1\spring-messaging-6.1.1.jar, C:\Users\dhiebert\.m2\repository\org\springframework\spring-websocket\6.1.1\spring-websocket-6.1.1.jar, C:\Users\dhiebert\.m2\repository\org\xerial\sqlite-jdbc\3.44.1.0\sqlite-jdbc-3.44.1.0.jar, C:\Users\dhiebert\.m2\repository\org\slf4j\slf4j-api\2.0.9\slf4j-api-2.0.9.jar, C:\Users\dhiebert\.m2\repository\com\zaxxer\HikariCP\5.0.1\HikariCP-5.0.1.jar, C:\Users\dhiebert\.m2\repository\org\hibernate\validator\hibernate-validator\8.0.1.Final\hibernate-validator-8.0.1.Final.jar, C:\Users\dhiebert\.m2\repository\jakarta\validation\jakarta.validation-api\3.0.2\jakarta.validation-api-3.0.2.jar, C:\Users\dhiebert\.m2\repository\org\jboss\logging\jboss-logging\3.5.3.Final\jboss-logging-3.5.3.Final.jar, C:\Users\dhiebert\.m2\repository\com\fasterxml\classmate\1.6.0\classmate-1.6.0.jar, C:\Users\dhiebert\.m2\repository\org\springframework\spring-core\6.1.1\spring-core-6.1.1.jar, C:\Users\dhiebert\.m2\repository\org\springframework\spring-jcl\6.1.1\spring-jcl-6.1.1.jar, C:\Users\dhiebert\.m2\repository\org\apache\pdfbox\pdfbox\2.0.27\pdfbox-2.0.27.jar, C:\Users\dhiebert\.m2\repository\org\apache\pdfbox\fontbox\2.0.27\fontbox-2.0.27.jar, C:\Users\dhiebert\.m2\repository\commons-logging\commons-logging\1.2\commons-logging-1.2.jar, C:\Users\dhiebert\.m2\repository\com\fasterxml\jackson\core\jackson-databind\2.15.3\jackson-databind-2.15.3.jar, C:\Users\dhiebert\.m2\repository\com\fasterxml\jackson\core\jackson-annotations\2.15.3\jackson-annotations-2.15.3.jar, C:\Users\dhiebert\.m2\repository\com\fasterxml\jackson\core\jackson-core\2.15.3\jackson-core-2.15.3.jar, C:\Users\dhiebert\.m2\repository\org\apache\xmlgraphics\batik-all\1.16\batik-all-1.16.jar, C:\Users\dhiebert\.m2\repository\xml-apis\xml-apis\1.4.01\xml-apis-1.4.01.jar, C:\Users\dhiebert\.m2\repository\xml-apis\xml-apis-ext\1.3.04\xml-apis-ext-1.3.04.jar, C:\Users\dhiebert\.m2\repository\org\apache\xmlgraphics\xmlgraphics-commons\2.7\xmlgraphics-commons-2.7.jar, C:\Users\dhiebert\.m2\repository\commons-io\commons-io\1.3.1\commons-io-1.3.1.jar, C:\Users\dhiebert\.m2\repository\org\jgrapht\jgrapht-core\1.5.2\jgrapht-core-1.5.2.jar, C:\Users\dhiebert\.m2\repository\org\jheaps\jheaps\0.14\jheaps-0.14.jar, C:\Users\dhiebert\.m2\repository\org\apfloat\apfloat\1.10.1\apfloat-1.10.1.jar, C:\Users\dhiebert\.m2\repository\de\gsi\chart\chartfx-chart\11.2.7\chartfx-chart-11.2.7.jar, C:\Users\dhiebert\.m2\repository\org\openjfx\javafx-base\13.0.1\javafx-base-13.0.1.jar, C:\Users\dhiebert\.m2\repository\org\openjfx\javafx-base\13.0.1\javafx-base-13.0.1-win.jar, C:\Users\dhiebert\.m2\repository\org\openjfx\javafx-controls\13.0.1\javafx-controls-13.0.1.jar, C:\Users\dhiebert\.m2\repository\org\openjfx\javafx-controls\13.0.1\javafx-controls-13.0.1-win.jar, C:\Users\dhiebert\.m2\repository\org\openjfx\javafx-graphics\13.0.1\javafx-graphics-13.0.1.jar, C:\Users\dhiebert\.m2\repository\org\openjfx\javafx-graphics\13.0.1\javafx-graphics-13.0.1-win.jar, C:\Users\dhiebert\.m2\repository\org\kordamp\ikonli\ikonli-javafx\11.5.0\ikonli-javafx-11.5.0.jar, C:\Users\dhiebert\.m2\repository\org\kordamp\ikonli\ikonli-core\11.5.0\ikonli-core-11.5.0.jar, C:\Users\dhiebert\.m2\repository\org\kordamp\ikonli\ikonli-fontawesome-pack\11.5.0\ikonli-fontawesome-pack-11.5.0.jar, C:\Users\dhiebert\.m2\repository\org\kordamp\ikonli\ikonli-fontawesome5-pack\11.5.0\ikonli-fontawesome5-pack-11.5.0.jar, C:\Users\dhiebert\.m2\repository\de\gsi\dataset\chartfx-dataset\11.2.7\chartfx-dataset-11.2.7.jar, C:\Users\dhiebert\.m2\repository\it\unimi\dsi\fastutil\8.3.1\fastutil-8.3.1.jar, C:\Users\dhiebert\.m2\repository\de\gsi\math\chartfx-math\11.2.7\chartfx-math-11.2.7.jar, C:\Users\dhiebert\.m2\repository\com\github\wendykierp\JTransforms\3.1\JTransforms-3.1.jar, C:\Users\dhiebert\.m2\repository\pl\edu\icm\JLargeArrays\1.5\JLargeArrays-1.5.jar, C:\Users\dhiebert\.m2\repository\org\apache\commons\commons-math3\3.6.1\commons-math3-3.6.1.jar, C:\Users\dhiebert\.m2\repository\org\controlsfx\controlsfx\11.0.0\controlsfx-11.0.0.jar, C:\Users\dhiebert\.m2\repository\org\openjfx\javafx-media\11\javafx-media-11.jar, C:\Users\dhiebert\.m2\repository\org\openjfx\javafx-media\11\javafx-media-11-win.jar, C:\Users\dhiebert\.m2\repository\com\ibm\icu\icu4j\65.1\icu4j-65.1.jar, C:\Users\dhiebert\.m2\repository\ar\com\hjg\pngj\2.1.0\pngj-2.1.0.jar, C:\Users\dhiebert\.m2\repository\org\apache\commons\commons-lang3\3.13.0\commons-lang3-3.13.0.jar, C:\Users\dhiebert\.m2\repository\org\jetbrains\annotations\21.0.1\annotations-21.0.1.jar, C:\Users\dhiebert\.m2\repository\javax\annotation\javax.annotation-api\1.3.2\javax.annotation-api-1.3.2.jar]
[DEBUG]   (f) compileSourceRoots = [C:\Users\dhiebert\Local Repositories\Project Management 2.0\src\main\java]
[DEBUG]   (f) compilerId = javac
[DEBUG]   (f) createMissingPackageInfoClass = true
[DEBUG]   (f) debug = true
[DEBUG]   (f) debugFileName = javac
[DEBUG]   (f) enablePreview = false
[DEBUG]   (f) encoding = UTF-8
[DEBUG]   (f) excludes = [**/di/ServiceLocator.java, **/services/impl/JavaFXDialogService.java, **/MvvmMainApp.java, **/mvvm/CommandAdapter.java, **/utils/MenuFactory.java, **/services/impl/AbstractAsyncService.java, **/mvvm/views/**, **/mvvm/MvvmViewAdapter.java, **/mvvm/viewmodels/**, **/mvvm/BaseMvvmViewModel.java, **/utils/TestDatabaseCleaner.java, **/utils/DatabaseInitializer.java, **/utils/DatabaseTestUtil.java, **/db/DatabaseConfigurer.java, **/mvvm/MvvmDialogHelper.java, **/mvvm/async/**, **/di/ViewLoader.java, **/di/DialogFactory.java, **/db/DatabaseManager.java, **/mvvm/NotificationType.java, **/repositories/impl/JpaRepositoryImpl.java, **/mvvm/MvvmConfig.java, **/db/BackupManager.java]
[DEBUG]   (f) failOnError = true
[DEBUG]   (f) failOnWarning = false
[DEBUG]   (f) forceJavacCompilerUse = false
[DEBUG]   (f) fork = false
[DEBUG]   (f) generatedSourcesDirectory = C:\Users\dhiebert\Local Repositories\Project Management 2.0\target\generated-sources\annotations
[DEBUG]   (f) mojoExecution = org.apache.maven.plugins:maven-compiler-plugin:3.11.0:compile {execution: default-compile}
[DEBUG]   (f) optimize = false
[DEBUG]   (f) outputDirectory = C:\Users\dhiebert\Local Repositories\Project Management 2.0\target\classes
[DEBUG]   (f) parameters = true
[DEBUG]   (f) project = MavenProject: org.frcpm:frc-project-manager:2.0.0-SNAPSHOT @ C:\Users\dhiebert\Local Repositories\Project Management 2.0\pom.xml
[DEBUG]   (f) projectArtifact = org.frcpm:frc-project-manager:jar:2.0.0-SNAPSHOT
[DEBUG]   (s) release = 21
[DEBUG]   (f) session = org.apache.maven.execution.MavenSession@7b66322e
[DEBUG]   (f) showCompilationChanges = false
[DEBUG]   (f) showDeprecation = false
[DEBUG]   (f) showWarnings = true
[DEBUG]   (f) skipMultiThreadWarning = false
[DEBUG]   (f) source = 21
[DEBUG]   (f) staleMillis = 0
[DEBUG]   (s) target = 21
[DEBUG]   (f) useIncrementalCompilation = true
[DEBUG]   (f) verbose = false
[DEBUG] -- end configuration --
[DEBUG] Using compiler 'javac'.
[DEBUG] Adding C:\Users\dhiebert\Local Repositories\Project Management 2.0\target\generated-sources\annotations to compile source roots:
  C:\Users\dhiebert\Local Repositories\Project Management 2.0\src\main\java
[DEBUG] New compile source roots:
  C:\Users\dhiebert\Local Repositories\Project Management 2.0\src\main\java
  C:\Users\dhiebert\Local Repositories\Project Management 2.0\target\generated-sources\annotations
[DEBUG] CompilerReuseStrategy: reuseCreated
[DEBUG] useIncrementalCompilation enabled
[INFO] Nothing to compile - all classes are up to date
[INFO] 
[INFO] --- resources:3.3.1:testResources (default-testResources) @ frc-project-manager ---
[DEBUG] Loading mojo org.apache.maven.plugins:maven-resources-plugin:3.3.1:testResources from plugin realm ClassRealm[plugin>org.apache.maven.plugins:maven-resources-plugin:3.3.1, parent: jdk.internal.loader.ClassLoaders$AppClassLoader@70dea4e]
[DEBUG] Configuring mojo execution 'org.apache.maven.plugins:maven-resources-plugin:3.3.1:testResources:default-testResources' with basic configurator -->
[DEBUG]   (f) addDefaultExcludes = true
[DEBUG]   (f) buildFilters = []
[DEBUG]   (s) delimiters = [@]
[DEBUG]   (f) encoding = UTF-8
[DEBUG]   (f) escapeWindowsPaths = true
[DEBUG]   (f) fileNameFiltering = false
[DEBUG]   (s) includeEmptyDirs = false
[DEBUG]   (s) outputDirectory = C:\Users\dhiebert\Local Repositories\Project Management 2.0\target\test-classes
[DEBUG]   (s) overwrite = false
[DEBUG]   (f) project = MavenProject: org.frcpm:frc-project-manager:2.0.0-SNAPSHOT @ C:\Users\dhiebert\Local Repositories\Project Management 2.0\pom.xml
[DEBUG]   (f) propertiesEncoding = UTF-8
[DEBUG]   (s) resources = [Resource {targetPath: null, filtering: false, FileSet {directory: C:\Users\dhiebert\Local Repositories\Project Management 2.0\src\test\resources, PatternSet [includes: {}, excludes: {}]}}]
[DEBUG]   (f) session = org.apache.maven.execution.MavenSession@7b66322e
[DEBUG]   (f) skip = false
[DEBUG]   (f) supportMultiLineFiltering = false
[DEBUG]   (f) useBuildFilters = true
[DEBUG]   (s) useDefaultDelimiters = false
[DEBUG] -- end configuration --
[DEBUG] properties used:
[DEBUG] activemq.version: 5.18.3
[DEBUG] angus-mail.version: 2.0.2
[DEBUG] artemis.version: 2.31.2
[DEBUG] aspectj.version: 1.9.20.1
[DEBUG] assertj.version: 3.24.2
[DEBUG] awaitility.version: 4.2.0
[DEBUG] brave.version: 5.16.0
[DEBUG] build-helper-maven-plugin.version: 3.4.0
[DEBUG] byte-buddy.version: 1.14.10
[DEBUG] cache2k.version: 2.6.1.Final
[DEBUG] caffeine.version: 3.1.8
[DEBUG] cassandra-driver.version: 4.17.0
[DEBUG] classmate.version: 1.6.0
[DEBUG] classworlds.conf: C:\Program Files\apache-maven-3.9.9\bin\m2.conf
[DEBUG] commons-codec.version: 1.16.0
[DEBUG] commons-dbcp2.version: 2.10.0
[DEBUG] commons-lang3.version: 3.13.0
[DEBUG] commons-pool.version: 1.6
[DEBUG] commons-pool2.version: 2.12.0
[DEBUG] couchbase-client.version: 3.4.11
[DEBUG] crac.version: 1.4.0
[DEBUG] db2-jdbc.version: 11.5.9.0
[DEBUG] dependency-management-plugin.version: 1.1.4
[DEBUG] derby.version: 10.16.1.1
[DEBUG] dropwizard-metrics.version: 4.2.22
[DEBUG] ehcache3.version: 3.10.8
[DEBUG] elasticsearch-client.version: 8.10.4
[DEBUG] env.=C:: C:\Users\dhiebert\Local Repositories\Project Management 2.0
[DEBUG] env.ALLUSERSPROFILE: C:\ProgramData
[DEBUG] env.APPDATA: C:\Users\dhiebert\AppData\Roaming
[DEBUG] env.BPPDOMAIN_MANAGER_ASM: EdrDotNet, Version+130.0.0.0, Culture+neutral, PublicKeyToken+da1b3922653ea916
[DEBUG] env.BPPDOMAIN_MANAGER_TYPE: EdrDotNet.EdrAppDomainManager
[DEBUG] env.BUNDLED_DEBUGPY_PATH: c:\Users\Public\wpilib\2025\vscode\data\extensions\ms-python.debugpy-2025.4.1-win32-x64\bundled\libs\debugpy
[DEBUG] env.CHROME_CRASHPAD_PIPE_NAME: \\.\pipe\crashpad_3372_HPMIIXGDZLLJMOYE
[DEBUG] env.CLASSWORLDS_JAR: "C:\Program Files\apache-maven-3.9.9\boot\plexus-classworlds-2.8.0.jar"
[DEBUG] env.CLASSWORLDS_LAUNCHER: org.codehaus.plexus.classworlds.launcher.Launcher
[DEBUG] env.COLORTERM: truecolor
[DEBUG] env.COMMONPROGRAMFILES: C:\Program Files\Common Files
[DEBUG] env.COMMONPROGRAMFILES(X86): C:\Program Files (x86)\Common Files
[DEBUG] env.COMMONPROGRAMW6432: C:\Program Files\Common Files
[DEBUG] env.COMPUTERNAME: DHIEBERT-PRE
[DEBUG] env.COMSPEC: C:\WINDOWS\system32\cmd.exe
[DEBUG] env.DRIVERDATA: C:\Windows\System32\Drivers\DriverData
[DEBUG] env.EFC_12032_1262719628: 1
[DEBUG] env.EFC_12032_1592913036: 1
[DEBUG] env.EFC_12032_2283032206: 1
[DEBUG] env.EFC_12032_2775293581: 1
[DEBUG] env.EFC_12032_3789132940: 1
[DEBUG] env.ERROR_CODE: 0
[DEBUG] env.EXEC_DIR: C:\Users\dhiebert\Local Repositories\Project Management 2.0
[DEBUG] env.GIT_ASKPASS: c:\Users\Public\wpilib\2025\vscode\resources\app\extensions\git\dist\askpass.sh
[DEBUG] env.HOMEDRIVE: C:
[DEBUG] env.HOMEPATH: \Users\dhiebert
[DEBUG] env.IGCCSVC_DB: AQAAANCMnd8BFdERjHoAwE/Cl+sBAAAAueRz/DkJC0mcdCDZvw5oiwQAAAACAAAAAAAQZgAAAAEAACAAAACXgONdEvzckJ2Hs5PeC3ggaxmDZGXWUnAxPU9MtNmwgAAAAAAOgAAAAAIAACAAAADNv+aTpeK71pKRBzVk5Llf+beTLj6YVm/VXHeJobUfTWAAAACZWMc8pR41SRKsiJ3zWcB9rth7G82kRm5v4klCNXjIpIbvhXjSbxDok1hJjhhtZr7l+J/wgvy0rlhOdtkLe5wqCd1xfMX5aaUKNHpzGN1R1qBUQ6iJ1RjKE6Q+SlXtMK1AAAAAmNYKff0GFo6JV94O1cx/txwztRh7FAA5kuiNu625i7vzGX2i5vEMVyML7F5HYtdJc/4+w8PsgXvQljmBK9+Ytg==
[DEBUG] env.JAVACMD: C:\Program Files\Eclipse Adoptium\jdk-21.0.7.6-hotspot\bin\java.exe
[DEBUG] env.JAVA_HOME: C:\Program Files\Eclipse Adoptium\jdk-21.0.7.6-hotspot
[DEBUG] env.JVMCONFIG: \.mvn\jvm.config
[DEBUG] env.LANG: en_US.UTF-8
[DEBUG] env.LOCALAPPDATA: C:\Users\dhiebert\AppData\Local
[DEBUG] env.LOGONSERVER: \\DC01-HSD
[DEBUG] env.MAVEN_CMD_LINE_ARGS: test -Dtest=AttendanceRepositoryIntegrationTest -X
[DEBUG] env.MAVEN_HOME: C:\Program Files\apache-maven-3.9.9
[DEBUG] env.MAVEN_PROJECTBASEDIR: C:\Users\dhiebert\Local Repositories\Project Management 2.0
[DEBUG] env.NIEXTCCOMPILERSUPP: C:\Program Files (x86)\National Instruments\Shared\ExternalCompilerSupport\C\
[DEBUG] env.NUMBER_OF_PROCESSORS: 12
[DEBUG] env.ONEDRIVE: C:\Users\dhiebert\OneDrive
[DEBUG] env.ORIGINAL_XDG_CURRENT_DESKTOP: undefined
[DEBUG] env.OS: Windows_NT
[DEBUG] env.OV_NI_PLUGIN_DIR: C:\Program Files\National Instruments\Shared\OpenVINO\
[DEBUG] env.PATH: C:\Program Files\Eclipse Adoptium\jdk-21.0.7.6-hotspot\bin;C:\Program Files\apache-maven-3.9.9\bin;C:\Program Files\Eclipse Adoptium\jdk-21.0.7.6-hotspot\bin;C:\Program Files\Eclipse Adoptium\jdk-21.0.7.6-hotspot\bin;C:\Program Files\National Instruments\Shared\OpenVINO\;C:\WINDOWS\system32;C:\WINDOWS;C:\WINDOWS\System32\Wbem;C:\WINDOWS\System32\WindowsPowerShell\v1.0\;C:\WINDOWS\System32\OpenSSH\;C:\Program Files\dotnet\;C:\Program Files (x86)\Windows Live\Shared;C:\Program Files\Git\cmd;C:\Program Files\Common Files\Autodesk Shared\;C:\Program Files\Microsoft SQL Server\150\Tools\Binn\;C:\Program Files\nodejs\;C:\Program Files\apache-maven-3.9.9\bin;%MAVEN_HOME%\bin;C:\Program Files\Eclipse Adoptium\jdk-21.0.7.6-hotspot\bin;C:\Users\dhiebert\AppData\Local\Microsoft\WindowsApps;C:\Users\dhiebert\AppData\Local\GitHubDesktop\bin;C:\Users\dhiebert\AppData\Roaming\npm;C:\Users\dhiebert\AppData\Local\Packages\PythonSoftwareFoundation.Python.3.11_qbz5n2kfra8p0\LocalCache\local-packages\Python311\Scripts;C:\Users\dhiebert\AppData\Local\Packages\PythonSoftwareFoundation.Python.3.11_qbz5n2kfra8p0\LocalCache\local-packages\Python311\site-packages\maven;;c:\Users\Public\wpilib\2025\vscode\data\user-data\User\globalStorage\github.copilot-chat\debugCommand;c:\Users\Public\wpilib\2025\vscode\data\extensions\ms-python.debugpy-2025.4.1-win32-x64\bundled\scripts\noConfigScripts
[DEBUG] env.PATHEXT: .COM;.EXE;.BAT;.CMD;.VBS;.VBE;.JS;.JSE;.WSF;.WSH;.MSC;.CPL
[DEBUG] env.PROCESSOR_ARCHITECTURE: AMD64
[DEBUG] env.PROCESSOR_IDENTIFIER: Intel64 Family 6 Model 186 Stepping 3, GenuineIntel
[DEBUG] env.PROCESSOR_LEVEL: 6
[DEBUG] env.PROCESSOR_REVISION: ba03
[DEBUG] env.PROGRAMDATA: C:\ProgramData
[DEBUG] env.PROGRAMFILES: C:\Program Files
[DEBUG] env.PROGRAMFILES(X86): C:\Program Files (x86)
[DEBUG] env.PROGRAMW6432: C:\Program Files
[DEBUG] env.PROMPT: $P$G
[DEBUG] env.PSMODULEPATH: C:\Users\dhiebert\Documents\WindowsPowerShell\Modules;C:\Program Files\WindowsPowerShell\Modules;C:\WINDOWS\system32\WindowsPowerShell\v1.0\Modules
[DEBUG] env.PUBLIC: C:\Users\Public
[DEBUG] env.PYDEVD_DISABLE_FILE_VALIDATION: 1
[DEBUG] env.SESSIONNAME: Console
[DEBUG] env.SYSTEMDRIVE: C:
[DEBUG] env.SYSTEMROOT: C:\WINDOWS
[DEBUG] env.TEMP: C:\Users\dhiebert\AppData\Local\Temp
[DEBUG] env.TERM_PROGRAM: vscode
[DEBUG] env.TERM_PROGRAM_VERSION: 1.96.2
[DEBUG] env.TMP: C:\Users\dhiebert\AppData\Local\Temp
[DEBUG] env.USERDNSDOMAIN: HAZELWOOD.K12.MO.US
[DEBUG] env.USERDOMAIN: HAZELWOOD
[DEBUG] env.USERDOMAIN_ROAMINGPROFILE: HAZELWOOD
[DEBUG] env.USERNAME: dhiebert
[DEBUG] env.USERPROFILE: C:\Users\dhiebert
[DEBUG] env.VSCODE_DEBUGPY_ADAPTER_ENDPOINTS: c:\Users\Public\wpilib\2025\vscode\data\extensions\ms-python.debugpy-2025.4.1-win32-x64\.noConfigDebugAdapterEndpoints\endpoint-f43f989e111026d2.txt
[DEBUG] env.VSCODE_GIT_ASKPASS_EXTRA_ARGS: 
[DEBUG] env.VSCODE_GIT_ASKPASS_MAIN: c:\Users\Public\wpilib\2025\vscode\resources\app\extensions\git\dist\askpass-main.js
[DEBUG] env.VSCODE_GIT_ASKPASS_NODE: C:\Users\Public\wpilib\2025\vscode\Code.exe
[DEBUG] env.VSCODE_GIT_IPC_HANDLE: \\.\pipe\vscode-git-401e205234-sock
[DEBUG] env.VSCODE_INJECTION: 1
[DEBUG] env.VSCODE_PORTABLE: C:\Users\Public\wpilib\2025\vscode\data
[DEBUG] env.WDIR: C:\
[DEBUG] env.WINDIR: C:\WINDOWS
[DEBUG] env.ZES_ENABLE_SYSMAN: 1
[DEBUG] file.encoding: UTF-8
[DEBUG] file.separator: \
[DEBUG] flyway.version: 9.22.3
[DEBUG] freemarker.version: 2.3.32
[DEBUG] git-commit-id-maven-plugin.version: 6.0.0
[DEBUG] glassfish-jaxb.version: 4.0.4
[DEBUG] glassfish-jstl.version: 3.0.1
[DEBUG] graphql-java.version: 21.3
[DEBUG] groovy.version: 4.0.15
[DEBUG] gson.version: 2.10.1
[DEBUG] h2.version: 2.2.224
[DEBUG] hamcrest.version: 2.2
[DEBUG] hazelcast.version: 5.3.6
[DEBUG] hibernate-validator.version: 8.0.1.Final
[DEBUG] hibernate.version: 6.3.1.Final
[DEBUG] hikaricp.version: 5.0.1
[DEBUG] hsqldb.version: 2.7.2
[DEBUG] htmlunit.version: 2.70.0
[DEBUG] httpasyncclient.version: 4.1.5
[DEBUG] httpclient5.version: 5.2.1
[DEBUG] httpcore.version: 4.4.16
[DEBUG] httpcore5.version: 5.2.3
[DEBUG] infinispan.version: 14.0.21.Final
[DEBUG] influxdb-java.version: 2.23
[DEBUG] jackson-bom.version: 2.15.3
[DEBUG] jakarta-activation.version: 2.1.2
[DEBUG] jakarta-annotation.version: 2.1.1
[DEBUG] jakarta-jms.version: 3.1.0
[DEBUG] jakarta-json-bind.version: 3.0.0
[DEBUG] jakarta-json.version: 2.1.3
[DEBUG] jakarta-mail.version: 2.1.2
[DEBUG] jakarta-management.version: 1.1.4
[DEBUG] jakarta-persistence.version: 3.1.0
[DEBUG] jakarta-servlet-jsp-jstl.version: 3.0.0
[DEBUG] jakarta-servlet.version: 6.0.0
[DEBUG] jakarta-transaction.version: 2.0.1
[DEBUG] jakarta-validation.version: 3.0.2
[DEBUG] jakarta-websocket.version: 2.1.1
[DEBUG] jakarta-ws-rs.version: 3.1.0
[DEBUG] jakarta-xml-bind.version: 4.0.1
[DEBUG] jakarta-xml-soap.version: 3.0.1
[DEBUG] jakarta-xml-ws.version: 4.0.1
[DEBUG] janino.version: 3.1.10
[DEBUG] java.class.path: C:\Program Files\apache-maven-3.9.9\boot\plexus-classworlds-2.8.0.jar
[DEBUG] java.class.version: 65.0
[DEBUG] java.home: C:\Program Files\Eclipse Adoptium\jdk-21.0.7.6-hotspot
[DEBUG] java.io.tmpdir: C:\Users\dhiebert\AppData\Local\Temp\
[DEBUG] java.library.path: C:\Program Files\Eclipse Adoptium\jdk-21.0.7.6-hotspot\bin;C:\WINDOWS\Sun\Java\bin;C:\WINDOWS\system32;C:\WINDOWS;C:\Program Files\Eclipse Adoptium\jdk-21.0.7.6-hotspot\bin;C:\Program Files\apache-maven-3.9.9\bin;C:\Program Files\Eclipse Adoptium\jdk-21.0.7.6-hotspot\bin;C:\Program Files\Eclipse Adoptium\jdk-21.0.7.6-hotspot\bin;C:\Program Files\National Instruments\Shared\OpenVINO\;C:\WINDOWS\system32;C:\WINDOWS;C:\WINDOWS\System32\Wbem;C:\WINDOWS\System32\WindowsPowerShell\v1.0\;C:\WINDOWS\System32\OpenSSH\;C:\Program Files\dotnet\;C:\Program Files (x86)\Windows Live\Shared;C:\Program Files\Git\cmd;C:\Program Files\Common Files\Autodesk Shared\;C:\Program Files\Microsoft SQL Server\150\Tools\Binn\;C:\Program Files\nodejs\;C:\Program Files\apache-maven-3.9.9\bin;%MAVEN_HOME%\bin;C:\Program Files\Eclipse Adoptium\jdk-21.0.7.6-hotspot\bin;C:\Users\dhiebert\AppData\Local\Microsoft\WindowsApps;C:\Users\dhiebert\AppData\Local\GitHubDesktop\bin;C:\Users\dhiebert\AppData\Roaming\npm;C:\Users\dhiebert\AppData\Local\Packages\PythonSoftwareFoundation.Python.3.11_qbz5n2kfra8p0\LocalCache\local-packages\Python311\Scripts;C:\Users\dhiebert\AppData\Local\Packages\PythonSoftwareFoundation.Python.3.11_qbz5n2kfra8p0\LocalCache\local-packages\Python311\site-packages\maven;;c:\Users\Public\wpilib\2025\vscode\data\user-data\User\globalStorage\github.copilot-chat\debugCommand;c:\Users\Public\wpilib\2025\vscode\data\extensions\ms-python.debugpy-2025.4.1-win32-x64\bundled\scripts\noConfigScripts;.
[DEBUG] java.runtime.name: OpenJDK Runtime Environment
[DEBUG] java.runtime.version: 21.0.7+6-LTS
[DEBUG] java.specification.name: Java Platform API Specification
[DEBUG] java.specification.vendor: Oracle Corporation
[DEBUG] java.specification.version: 21
[DEBUG] java.vendor: Eclipse Adoptium
[DEBUG] java.vendor.url: https://adoptium.net/
[DEBUG] java.vendor.url.bug: https://github.com/adoptium/adoptium-support/issues
[DEBUG] java.vendor.version: Temurin-21.0.7+6
[DEBUG] java.version: 21.0.7
[DEBUG] java.version.date: 2025-04-15
[DEBUG] java.vm.compressedOopsMode: Zero based
[DEBUG] java.vm.info: mixed mode, sharing
[DEBUG] java.vm.name: OpenJDK 64-Bit Server VM
[DEBUG] java.vm.specification.name: Java Virtual Machine Specification
[DEBUG] java.vm.specification.vendor: Oracle Corporation
[DEBUG] java.vm.specification.version: 21
[DEBUG] java.vm.vendor: Eclipse Adoptium
[DEBUG] java.vm.version: 21.0.7+6-LTS
[DEBUG] javax-cache.version: 1.1.1
[DEBUG] javax-money.version: 1.1
[DEBUG] jaxen.version: 2.0.0
[DEBUG] jaybird.version: 5.0.2.java11
[DEBUG] jboss-logging.version: 3.5.3.Final
[DEBUG] jdk.debug: release
[DEBUG] jdom2.version: 2.0.6.1
[DEBUG] jedis.version: 5.0.2
[DEBUG] jersey.version: 3.1.3
[DEBUG] jetty-reactive-httpclient.version: 4.0.1
[DEBUG] jetty.version: 12.0.3
[DEBUG] jmustache.version: 1.15
[DEBUG] jooq.version: 3.18.7
[DEBUG] json-path.version: 2.8.0
[DEBUG] json-smart.version: 2.5.0
[DEBUG] jsonassert.version: 1.5.1
[DEBUG] jtds.version: 1.3.1
[DEBUG] junit-jupiter.version: 5.10.1
[DEBUG] junit.version: 5.10.2
[DEBUG] kafka.version: 3.6.0
[DEBUG] kotlin-coroutines.version: 1.7.3
[DEBUG] kotlin-serialization.version: 1.6.1
[DEBUG] kotlin.version: 1.9.20
[DEBUG] lettuce.version: 6.3.0.RELEASE
[DEBUG] library.jansi.path: C:\Program Files\apache-maven-3.9.9\lib\jansi-native
[DEBUG] line.separator: 

[DEBUG] liquibase.version: 4.24.0
[DEBUG] log4j2.version: 2.21.1
[DEBUG] logback.version: 1.4.11
[DEBUG] lombok.version: 1.18.30
[DEBUG] mariadb.version: 3.2.0
[DEBUG] maven-antrun-plugin.version: 3.1.0
[DEBUG] maven-assembly-plugin.version: 3.6.0
[DEBUG] maven-clean-plugin.version: 3.3.2
[DEBUG] maven-compiler-plugin.version: 3.11.0
[DEBUG] maven-dependency-plugin.version: 3.6.1
[DEBUG] maven-deploy-plugin.version: 3.1.1
[DEBUG] maven-enforcer-plugin.version: 3.4.1
[DEBUG] maven-failsafe-plugin.version: 3.1.2
[DEBUG] maven-help-plugin.version: 3.4.0
[DEBUG] maven-install-plugin.version: 3.1.1
[DEBUG] maven-invoker-plugin.version: 3.6.0
[DEBUG] maven-jar-plugin.version: 3.3.0
[DEBUG] maven-javadoc-plugin.version: 3.6.2
[DEBUG] maven-resources-plugin.version: 3.3.1
[DEBUG] maven-shade-plugin.version: 3.5.1
[DEBUG] maven-source-plugin.version: 3.3.0
[DEBUG] maven-surefire-plugin.version: 3.1.2
[DEBUG] maven-war-plugin.version: 3.4.0
[DEBUG] maven.build.timestamp: 2025-06-14T21:48:00Z
[DEBUG] maven.build.version: Apache Maven 3.9.9 (8e8579a9e76f7d015ee5ec7bfcdc97d260186937)
[DEBUG] maven.compiler.release: 21
[DEBUG] maven.compiler.source: 21
[DEBUG] maven.compiler.target: 21
[DEBUG] maven.conf: C:\Program Files\apache-maven-3.9.9/conf
[DEBUG] maven.home: C:\Program Files\apache-maven-3.9.9
[DEBUG] maven.multiModuleProjectDirectory: C:\Users\dhiebert\Local Repositories\Project Management 2.0
[DEBUG] maven.version: 3.9.9
[DEBUG] micrometer-tracing.version: 1.2.0
[DEBUG] micrometer.version: 1.12.0
[DEBUG] mockito.version: 5.7.0
[DEBUG] mongodb.version: 4.11.1
[DEBUG] mssql-jdbc.version: 12.4.2.jre11
[DEBUG] mysql.version: 8.1.0
[DEBUG] native-build-tools-plugin.version: 0.9.28
[DEBUG] native.encoding: Cp1252
[DEBUG] nekohtml.version: 1.9.22
[DEBUG] neo4j-java-driver.version: 5.13.0
[DEBUG] netty.version: 4.1.101.Final
[DEBUG] okhttp.version: 4.12.0
[DEBUG] opentelemetry.version: 1.31.0
[DEBUG] oracle-database.version: 23.3.0.23.09
[DEBUG] oracle-r2dbc.version: 1.1.1
[DEBUG] os.arch: amd64
[DEBUG] os.name: Windows 11
[DEBUG] os.version: 10.0
[DEBUG] path.separator: ;
[DEBUG] pooled-jms.version: 3.1.5
[DEBUG] postgresql.version: 42.6.0
[DEBUG] project.baseUri: file:/C:/Users/dhiebert/Local%20Repositories/Project%20Management%202.0/
[DEBUG] project.build.sourceEncoding: UTF-8
[DEBUG] project.reporting.outputEncoding: UTF-8
[DEBUG] prometheus-client.version: 0.16.0
[DEBUG] pulsar-reactive.version: 0.5.0
[DEBUG] pulsar.version: 3.1.1
[DEBUG] quartz.version: 2.3.2
[DEBUG] querydsl.version: 5.0.0
[DEBUG] r2dbc-h2.version: 1.0.0.RELEASE
[DEBUG] r2dbc-mariadb.version: 1.1.4
[DEBUG] r2dbc-mssql.version: 1.0.2.RELEASE
[DEBUG] r2dbc-mysql.version: 1.0.5
[DEBUG] r2dbc-pool.version: 1.0.1.RELEASE
[DEBUG] r2dbc-postgresql.version: 1.0.2.RELEASE
[DEBUG] r2dbc-proxy.version: 1.1.2.RELEASE
[DEBUG] r2dbc-spi.version: 1.0.0.RELEASE
[DEBUG] rabbit-amqp-client.version: 5.19.0
[DEBUG] rabbit-stream-client.version: 0.14.0
[DEBUG] reactive-streams.version: 1.0.4
[DEBUG] reactor-bom.version: 2023.0.0
[DEBUG] resource.delimiter: @
[DEBUG] rest-assured.version: 5.3.2
[DEBUG] rsocket.version: 1.1.3
[DEBUG] rxjava3.version: 3.1.8
[DEBUG] saaj-impl.version: 3.0.3
[DEBUG] selenium-htmlunit.version: 4.13.0
[DEBUG] selenium.version: 4.14.1
[DEBUG] sendgrid.version: 4.9.3
[DEBUG] slf4j.version: 2.0.9
[DEBUG] snakeyaml.version: 2.2
[DEBUG] spring-amqp.version: 3.1.0
[DEBUG] spring-authorization-server.version: 1.2.0
[DEBUG] spring-batch.version: 5.1.0
[DEBUG] spring-data-bom.version: 2023.1.0
[DEBUG] spring-framework.version: 6.1.1
[DEBUG] spring-graphql.version: 1.2.4
[DEBUG] spring-hateoas.version: 2.2.0
[DEBUG] spring-integration.version: 6.2.0
[DEBUG] spring-kafka.version: 3.1.0
[DEBUG] spring-ldap.version: 3.2.0
[DEBUG] spring-pulsar.version: 1.0.0
[DEBUG] spring-restdocs.version: 3.0.1
[DEBUG] spring-retry.version: 2.0.4
[DEBUG] spring-security.version: 6.2.0
[DEBUG] spring-session.version: 3.2.0
[DEBUG] spring-ws.version: 4.0.8
[DEBUG] spring.profiles.active: development
[DEBUG] sqlite-jdbc.version: 3.43.2.0
[DEBUG] stderr.encoding: Cp1252
[DEBUG] stdout.encoding: Cp1252
[DEBUG] sun.arch.data.model: 64
[DEBUG] sun.boot.library.path: C:\Program Files\Eclipse Adoptium\jdk-21.0.7.6-hotspot\bin
[DEBUG] sun.cpu.endian: little
[DEBUG] sun.cpu.isalist: amd64
[DEBUG] sun.io.unicode.encoding: UnicodeLittle
[DEBUG] sun.java.command: org.codehaus.plexus.classworlds.launcher.Launcher test -Dtest=AttendanceRepositoryIntegrationTest -X
[DEBUG] sun.java.launcher: SUN_STANDARD
[DEBUG] sun.jnu.encoding: Cp1252
[DEBUG] sun.management.compiler: HotSpot 64-Bit Tiered Compilers
[DEBUG] sun.os.patch.level: 
[DEBUG] test: AttendanceRepositoryIntegrationTest
[DEBUG] testcontainers.version: 1.19.3
[DEBUG] thymeleaf-extras-data-attribute.version: 2.0.1
[DEBUG] thymeleaf-extras-springsecurity.version: 3.1.2.RELEASE
[DEBUG] thymeleaf-layout-dialect.version: 3.3.0
[DEBUG] thymeleaf.version: 3.1.2.RELEASE
[DEBUG] tomcat.version: 10.1.16
[DEBUG] unboundid-ldapsdk.version: 6.0.10
[DEBUG] undertow.version: 2.3.10.Final
[DEBUG] user.country: US
[DEBUG] user.dir: C:\Users\dhiebert\Local Repositories\Project Management 2.0
[DEBUG] user.home: C:\Users\dhiebert
[DEBUG] user.language: en
[DEBUG] user.name: dhiebert
[DEBUG] user.script: 
[DEBUG] user.variant: 
[DEBUG] versions-maven-plugin.version: 2.16.2
[DEBUG] webjars-locator-core.version: 0.55
[DEBUG] wsdl4j.version: 1.6.3
[DEBUG] xml-maven-plugin.version: 1.1.0
[DEBUG] xmlunit2.version: 2.9.1
[DEBUG] yasson.version: 3.0.3
[DEBUG] Using 'UTF-8' encoding to copy filtered resources.
[DEBUG] Using 'UTF-8' encoding to copy filtered properties files.
[DEBUG] resource with targetPath null
directory C:\Users\dhiebert\Local Repositories\Project Management 2.0\src\test\resources
excludes []
includes []
[DEBUG] ignoreDelta true
[INFO] Copying 1 resource from src\test\resources to target\test-classes
[DEBUG] Copying file application-test.yml
[DEBUG] file application-test.yml has a filtered file extension
[DEBUG] Using 'UTF-8' encoding to copy filtered resource 'application-test.yml'.
[DEBUG] copy C:\Users\dhiebert\Local Repositories\Project Management 2.0\src\test\resources\application-test.yml to C:\Users\dhiebert\Local Repositories\Project Management 2.0\target\test-classes\application-test.yml
[DEBUG] no user filter components
[INFO] 
[INFO] --- compiler:3.11.0:testCompile (default-testCompile) @ frc-project-manager ---
[DEBUG] Loading mojo org.apache.maven.plugins:maven-compiler-plugin:3.11.0:testCompile from plugin realm ClassRealm[plugin>org.apache.maven.plugins:maven-compiler-plugin:3.11.0, parent: jdk.internal.loader.ClassLoaders$AppClassLoader@70dea4e]
[DEBUG] Configuring mojo execution 'org.apache.maven.plugins:maven-compiler-plugin:3.11.0:testCompile:default-testCompile' with basic configurator -->
[DEBUG]   (f) basedir = C:\Users\dhiebert\Local Repositories\Project Management 2.0
[DEBUG]   (f) buildDirectory = C:\Users\dhiebert\Local Repositories\Project Management 2.0\target
[DEBUG]   (f) compileSourceRoots = [C:\Users\dhiebert\Local Repositories\Project Management 2.0\src\test\java]
[DEBUG]   (f) compilerId = javac
[DEBUG]   (f) createMissingPackageInfoClass = true
[DEBUG]   (f) debug = true
[DEBUG]   (f) debugFileName = javac-test
[DEBUG]   (f) enablePreview = false
[DEBUG]   (f) encoding = UTF-8
[DEBUG]   (f) failOnError = true
[DEBUG]   (f) failOnWarning = false
[DEBUG]   (f) forceJavacCompilerUse = false
[DEBUG]   (f) fork = false
[DEBUG]   (f) generatedTestSourcesDirectory = C:\Users\dhiebert\Local Repositories\Project Management 2.0\target\generated-test-sources\test-annotations
[DEBUG]   (f) mojoExecution = org.apache.maven.plugins:maven-compiler-plugin:3.11.0:testCompile {execution: default-testCompile}
[DEBUG]   (f) optimize = false
[DEBUG]   (f) outputDirectory = C:\Users\dhiebert\Local Repositories\Project Management 2.0\target\test-classes
[DEBUG]   (f) parameters = true
[DEBUG]   (f) project = MavenProject: org.frcpm:frc-project-manager:2.0.0-SNAPSHOT @ C:\Users\dhiebert\Local Repositories\Project Management 2.0\pom.xml
[DEBUG]   (s) release = 21
[DEBUG]   (f) session = org.apache.maven.execution.MavenSession@7b66322e
[DEBUG]   (f) showCompilationChanges = false
[DEBUG]   (f) showDeprecation = false
[DEBUG]   (f) showWarnings = true
[DEBUG]   (f) skipMultiThreadWarning = false
[DEBUG]   (f) source = 21
[DEBUG]   (f) staleMillis = 0
[DEBUG]   (s) target = 21
[DEBUG]   (f) testPath = [C:\Users\dhiebert\Local Repositories\Project Management 2.0\target\test-classes, C:\Users\dhiebert\Local Repositories\Project Management 2.0\target\classes, C:\Users\dhiebert\.m2\repository\org\springframework\boot\spring-boot-starter-web\3.2.0\spring-boot-starter-web-3.2.0.jar, C:\Users\dhiebert\.m2\repository\org\springframework\boot\spring-boot-starter\3.2.0\spring-boot-starter-3.2.0.jar, C:\Users\dhiebert\.m2\repository\org\springframework\boot\spring-boot\3.2.0\spring-boot-3.2.0.jar, C:\Users\dhiebert\.m2\repository\org\springframework\boot\spring-boot-autoconfigure\3.2.0\spring-boot-autoconfigure-3.2.0.jar, C:\Users\dhiebert\.m2\repository\org\springframework\boot\spring-boot-starter-logging\3.2.0\spring-boot-starter-logging-3.2.0.jar, C:\Users\dhiebert\.m2\repository\ch\qos\logback\logback-classic\1.4.11\logback-classic-1.4.11.jar, C:\Users\dhiebert\.m2\repository\ch\qos\logback\logback-core\1.4.11\logback-core-1.4.11.jar, C:\Users\dhiebert\.m2\repository\org\apache\logging\log4j\log4j-to-slf4j\2.21.1\log4j-to-slf4j-2.21.1.jar, C:\Users\dhiebert\.m2\repository\org\apache\logging\log4j\log4j-api\2.21.1\log4j-api-2.21.1.jar, C:\Users\dhiebert\.m2\repository\org\slf4j\jul-to-slf4j\2.0.9\jul-to-slf4j-2.0.9.jar, C:\Users\dhiebert\.m2\repository\jakarta\annotation\jakarta.annotation-api\2.1.1\jakarta.annotation-api-2.1.1.jar, C:\Users\dhiebert\.m2\repository\org\yaml\snakeyaml\2.2\snakeyaml-2.2.jar, C:\Users\dhiebert\.m2\repository\org\springframework\boot\spring-boot-starter-json\3.2.0\spring-boot-starter-json-3.2.0.jar, C:\Users\dhiebert\.m2\repository\com\fasterxml\jackson\datatype\jackson-datatype-jdk8\2.15.3\jackson-datatype-jdk8-2.15.3.jar, C:\Users\dhiebert\.m2\repository\com\fasterxml\jackson\datatype\jackson-datatype-jsr310\2.15.3\jackson-datatype-jsr310-2.15.3.jar, C:\Users\dhiebert\.m2\repository\com\fasterxml\jackson\module\jackson-module-parameter-names\2.15.3\jackson-module-parameter-names-2.15.3.jar, C:\Users\dhiebert\.m2\repository\org\springframework\boot\spring-boot-starter-tomcat\3.2.0\spring-boot-starter-tomcat-3.2.0.jar, C:\Users\dhiebert\.m2\repository\org\apache\tomcat\embed\tomcat-embed-core\10.1.16\tomcat-embed-core-10.1.16.jar, C:\Users\dhiebert\.m2\repository\org\apache\tomcat\embed\tomcat-embed-websocket\10.1.16\tomcat-embed-websocket-10.1.16.jar, C:\Users\dhiebert\.m2\repository\org\springframework\spring-web\6.1.1\spring-web-6.1.1.jar, C:\Users\dhiebert\.m2\repository\org\springframework\spring-beans\6.1.1\spring-beans-6.1.1.jar, C:\Users\dhiebert\.m2\repository\io\micrometer\micrometer-observation\1.12.0\micrometer-observation-1.12.0.jar, C:\Users\dhiebert\.m2\repository\io\micrometer\micrometer-commons\1.12.0\micrometer-commons-1.12.0.jar, C:\Users\dhiebert\.m2\repository\org\springframework\spring-webmvc\6.1.1\spring-webmvc-6.1.1.jar, C:\Users\dhiebert\.m2\repository\org\springframework\spring-context\6.1.1\spring-context-6.1.1.jar, C:\Users\dhiebert\.m2\repository\org\springframework\spring-expression\6.1.1\spring-expression-6.1.1.jar, C:\Users\dhiebert\.m2\repository\org\springframework\boot\spring-boot-starter-data-jpa\3.2.0\spring-boot-starter-data-jpa-3.2.0.jar, C:\Users\dhiebert\.m2\repository\org\springframework\boot\spring-boot-starter-aop\3.2.0\spring-boot-starter-aop-3.2.0.jar, C:\Users\dhiebert\.m2\repository\org\aspectj\aspectjweaver\1.9.20.1\aspectjweaver-1.9.20.1.jar, C:\Users\dhiebert\.m2\repository\org\springframework\boot\spring-boot-starter-jdbc\3.2.0\spring-boot-starter-jdbc-3.2.0.jar, C:\Users\dhiebert\.m2\repository\org\springframework\spring-jdbc\6.1.1\spring-jdbc-6.1.1.jar, C:\Users\dhiebert\.m2\repository\org\hibernate\orm\hibernate-core\6.3.1.Final\hibernate-core-6.3.1.Final.jar, C:\Users\dhiebert\.m2\repository\jakarta\persistence\jakarta.persistence-api\3.1.0\jakarta.persistence-api-3.1.0.jar, C:\Users\dhiebert\.m2\repository\jakarta\transaction\jakarta.transaction-api\2.0.1\jakarta.transaction-api-2.0.1.jar, C:\Users\dhiebert\.m2\repository\org\hibernate\common\hibernate-commons-annotations\6.0.6.Final\hibernate-commons-annotations-6.0.6.Final.jar, C:\Users\dhiebert\.m2\repository\io\smallrye\jandex\3.1.2\jandex-3.1.2.jar, C:\Users\dhiebert\.m2\repository\org\glassfish\jaxb\jaxb-runtime\4.0.4\jaxb-runtime-4.0.4.jar, C:\Users\dhiebert\.m2\repository\org\glassfish\jaxb\jaxb-core\4.0.4\jaxb-core-4.0.4.jar, C:\Users\dhiebert\.m2\repository\org\eclipse\angus\angus-activation\2.0.1\angus-activation-2.0.1.jar, C:\Users\dhiebert\.m2\repository\org\glassfish\jaxb\txw2\4.0.4\txw2-4.0.4.jar, C:\Users\dhiebert\.m2\repository\com\sun\istack\istack-commons-runtime\4.1.2\istack-commons-runtime-4.1.2.jar, C:\Users\dhiebert\.m2\repository\jakarta\inject\jakarta.inject-api\2.0.1\jakarta.inject-api-2.0.1.jar, C:\Users\dhiebert\.m2\repository\org\antlr\antlr4-runtime\4.10.1\antlr4-runtime-4.10.1.jar, C:\Users\dhiebert\.m2\repository\org\springframework\data\spring-data-jpa\3.2.0\spring-data-jpa-3.2.0.jar, C:\Users\dhiebert\.m2\repository\org\springframework\data\spring-data-commons\3.2.0\spring-data-commons-3.2.0.jar, C:\Users\dhiebert\.m2\repository\org\springframework\spring-orm\6.1.1\spring-orm-6.1.1.jar, C:\Users\dhiebert\.m2\repository\org\springframework\spring-tx\6.1.1\spring-tx-6.1.1.jar, C:\Users\dhiebert\.m2\repository\org\springframework\spring-aspects\6.1.1\spring-aspects-6.1.1.jar, C:\Users\dhiebert\.m2\repository\org\springframework\boot\spring-boot-starter-thymeleaf\3.2.0\spring-boot-starter-thymeleaf-3.2.0.jar, C:\Users\dhiebert\.m2\repository\org\thymeleaf\thymeleaf-spring6\3.1.2.RELEASE\thymeleaf-spring6-3.1.2.RELEASE.jar, C:\Users\dhiebert\.m2\repository\org\thymeleaf\thymeleaf\3.1.2.RELEASE\thymeleaf-3.1.2.RELEASE.jar, C:\Users\dhiebert\.m2\repository\org\attoparser\attoparser\2.0.7.RELEASE\attoparser-2.0.7.RELEASE.jar, C:\Users\dhiebert\.m2\repository\org\unbescape\unbescape\1.1.6.RELEASE\unbescape-1.1.6.RELEASE.jar, C:\Users\dhiebert\.m2\repository\org\springframework\boot\spring-boot-starter-security\3.2.0\spring-boot-starter-security-3.2.0.jar, C:\Users\dhiebert\.m2\repository\org\springframework\spring-aop\6.1.1\spring-aop-6.1.1.jar, C:\Users\dhiebert\.m2\repository\org\springframework\security\spring-security-config\6.2.0\spring-security-config-6.2.0.jar, C:\Users\dhiebert\.m2\repository\org\springframework\security\spring-security-core\6.2.0\spring-security-core-6.2.0.jar, C:\Users\dhiebert\.m2\repository\org\springframework\security\spring-security-crypto\6.2.0\spring-security-crypto-6.2.0.jar, C:\Users\dhiebert\.m2\repository\org\springframework\security\spring-security-web\6.2.0\spring-security-web-6.2.0.jar, C:\Users\dhiebert\.m2\repository\org\springframework\boot\spring-boot-starter-validation\3.2.0\spring-boot-starter-validation-3.2.0.jar, C:\Users\dhiebert\.m2\repository\org\apache\tomcat\embed\tomcat-embed-el\10.1.16\tomcat-embed-el-10.1.16.jar, C:\Users\dhiebert\.m2\repository\org\springframework\boot\spring-boot-starter-websocket\3.2.0\spring-boot-starter-websocket-3.2.0.jar, C:\Users\dhiebert\.m2\repository\org\springframework\spring-messaging\6.1.1\spring-messaging-6.1.1.jar, C:\Users\dhiebert\.m2\repository\org\springframework\spring-websocket\6.1.1\spring-websocket-6.1.1.jar, C:\Users\dhiebert\.m2\repository\com\h2database\h2\2.2.224\h2-2.2.224.jar, C:\Users\dhiebert\.m2\repository\org\xerial\sqlite-jdbc\3.44.1.0\sqlite-jdbc-3.44.1.0.jar, C:\Users\dhiebert\.m2\repository\org\slf4j\slf4j-api\2.0.9\slf4j-api-2.0.9.jar, C:\Users\dhiebert\.m2\repository\com\zaxxer\HikariCP\5.0.1\HikariCP-5.0.1.jar, C:\Users\dhiebert\.m2\repository\org\hibernate\validator\hibernate-validator\8.0.1.Final\hibernate-validator-8.0.1.Final.jar, C:\Users\dhiebert\.m2\repository\jakarta\validation\jakarta.validation-api\3.0.2\jakarta.validation-api-3.0.2.jar, C:\Users\dhiebert\.m2\repository\org\jboss\logging\jboss-logging\3.5.3.Final\jboss-logging-3.5.3.Final.jar, C:\Users\dhiebert\.m2\repository\com\fasterxml\classmate\1.6.0\classmate-1.6.0.jar, C:\Users\dhiebert\.m2\repository\org\springframework\boot\spring-boot-starter-test\3.2.0\spring-boot-starter-test-3.2.0.jar, C:\Users\dhiebert\.m2\repository\org\springframework\boot\spring-boot-test\3.2.0\spring-boot-test-3.2.0.jar, C:\Users\dhiebert\.m2\repository\org\springframework\boot\spring-boot-test-autoconfigure\3.2.0\spring-boot-test-autoconfigure-3.2.0.jar, C:\Users\dhiebert\.m2\repository\com\jayway\jsonpath\json-path\2.8.0\json-path-2.8.0.jar, C:\Users\dhiebert\.m2\repository\jakarta\xml\bind\jakarta.xml.bind-api\4.0.1\jakarta.xml.bind-api-4.0.1.jar, C:\Users\dhiebert\.m2\repository\jakarta\activation\jakarta.activation-api\2.1.2\jakarta.activation-api-2.1.2.jar, C:\Users\dhiebert\.m2\repository\net\minidev\json-smart\2.5.0\json-smart-2.5.0.jar, C:\Users\dhiebert\.m2\repository\net\minidev\accessors-smart\2.5.0\accessors-smart-2.5.0.jar, C:\Users\dhiebert\.m2\repository\org\ow2\asm\asm\9.3\asm-9.3.jar, C:\Users\dhiebert\.m2\repository\org\assertj\assertj-core\3.24.2\assertj-core-3.24.2.jar, C:\Users\dhiebert\.m2\repository\org\awaitility\awaitility\4.2.0\awaitility-4.2.0.jar, C:\Users\dhiebert\.m2\repository\org\hamcrest\hamcrest\2.2\hamcrest-2.2.jar, C:\Users\dhiebert\.m2\repository\org\mockito\mockito-junit-jupiter\5.7.0\mockito-junit-jupiter-5.7.0.jar, C:\Users\dhiebert\.m2\repository\org\skyscreamer\jsonassert\1.5.1\jsonassert-1.5.1.jar, C:\Users\dhiebert\.m2\repository\com\vaadin\external\google\android-json\0.0.20131108.vaadin1\android-json-0.0.20131108.vaadin1.jar, C:\Users\dhiebert\.m2\repository\org\springframework\spring-core\6.1.1\spring-core-6.1.1.jar, C:\Users\dhiebert\.m2\repository\org\springframework\spring-jcl\6.1.1\spring-jcl-6.1.1.jar, C:\Users\dhiebert\.m2\repository\org\springframework\spring-test\6.1.1\spring-test-6.1.1.jar, C:\Users\dhiebert\.m2\repository\org\xmlunit\xmlunit-core\2.9.1\xmlunit-core-2.9.1.jar, C:\Users\dhiebert\.m2\repository\org\junit\jupiter\junit-jupiter\5.10.1\junit-jupiter-5.10.1.jar, C:\Users\dhiebert\.m2\repository\org\junit\jupiter\junit-jupiter-api\5.10.1\junit-jupiter-api-5.10.1.jar, C:\Users\dhiebert\.m2\repository\org\opentest4j\opentest4j\1.3.0\opentest4j-1.3.0.jar, C:\Users\dhiebert\.m2\repository\org\junit\platform\junit-platform-commons\1.10.1\junit-platform-commons-1.10.1.jar, C:\Users\dhiebert\.m2\repository\org\apiguardian\apiguardian-api\1.1.2\apiguardian-api-1.1.2.jar, C:\Users\dhiebert\.m2\repository\org\junit\jupiter\junit-jupiter-params\5.10.1\junit-jupiter-params-5.10.1.jar, C:\Users\dhiebert\.m2\repository\org\junit\jupiter\junit-jupiter-engine\5.10.1\junit-jupiter-engine-5.10.1.jar, C:\Users\dhiebert\.m2\repository\org\junit\platform\junit-platform-engine\1.10.1\junit-platform-engine-1.10.1.jar, C:\Users\dhiebert\.m2\repository\org\mockito\mockito-core\5.7.0\mockito-core-5.7.0.jar, C:\Users\dhiebert\.m2\repository\net\bytebuddy\byte-buddy\1.14.10\byte-buddy-1.14.10.jar, C:\Users\dhiebert\.m2\repository\net\bytebuddy\byte-buddy-agent\1.14.10\byte-buddy-agent-1.14.10.jar, C:\Users\dhiebert\.m2\repository\org\objenesis\objenesis\3.3\objenesis-3.3.jar, C:\Users\dhiebert\.m2\repository\org\apache\pdfbox\pdfbox\2.0.27\pdfbox-2.0.27.jar, C:\Users\dhiebert\.m2\repository\org\apache\pdfbox\fontbox\2.0.27\fontbox-2.0.27.jar, C:\Users\dhiebert\.m2\repository\commons-logging\commons-logging\1.2\commons-logging-1.2.jar, C:\Users\dhiebert\.m2\repository\com\fasterxml\jackson\core\jackson-databind\2.15.3\jackson-databind-2.15.3.jar, C:\Users\dhiebert\.m2\repository\com\fasterxml\jackson\core\jackson-annotations\2.15.3\jackson-annotations-2.15.3.jar, C:\Users\dhiebert\.m2\repository\com\fasterxml\jackson\core\jackson-core\2.15.3\jackson-core-2.15.3.jar, C:\Users\dhiebert\.m2\repository\org\apache\xmlgraphics\batik-all\1.16\batik-all-1.16.jar, C:\Users\dhiebert\.m2\repository\xml-apis\xml-apis\1.4.01\xml-apis-1.4.01.jar, C:\Users\dhiebert\.m2\repository\xml-apis\xml-apis-ext\1.3.04\xml-apis-ext-1.3.04.jar, C:\Users\dhiebert\.m2\repository\org\apache\xmlgraphics\xmlgraphics-commons\2.7\xmlgraphics-commons-2.7.jar, C:\Users\dhiebert\.m2\repository\commons-io\commons-io\1.3.1\commons-io-1.3.1.jar, C:\Users\dhiebert\.m2\repository\org\jgrapht\jgrapht-core\1.5.2\jgrapht-core-1.5.2.jar, C:\Users\dhiebert\.m2\repository\org\jheaps\jheaps\0.14\jheaps-0.14.jar, C:\Users\dhiebert\.m2\repository\org\apfloat\apfloat\1.10.1\apfloat-1.10.1.jar, C:\Users\dhiebert\.m2\repository\de\gsi\chart\chartfx-chart\11.2.7\chartfx-chart-11.2.7.jar, C:\Users\dhiebert\.m2\repository\org\openjfx\javafx-base\13.0.1\javafx-base-13.0.1.jar, C:\Users\dhiebert\.m2\repository\org\openjfx\javafx-base\13.0.1\javafx-base-13.0.1-win.jar, C:\Users\dhiebert\.m2\repository\org\openjfx\javafx-controls\13.0.1\javafx-controls-13.0.1.jar, C:\Users\dhiebert\.m2\repository\org\openjfx\javafx-controls\13.0.1\javafx-controls-13.0.1-win.jar, C:\Users\dhiebert\.m2\repository\org\openjfx\javafx-graphics\13.0.1\javafx-graphics-13.0.1.jar, C:\Users\dhiebert\.m2\repository\org\openjfx\javafx-graphics\13.0.1\javafx-graphics-13.0.1-win.jar, C:\Users\dhiebert\.m2\repository\org\kordamp\ikonli\ikonli-javafx\11.5.0\ikonli-javafx-11.5.0.jar, C:\Users\dhiebert\.m2\repository\org\kordamp\ikonli\ikonli-core\11.5.0\ikonli-core-11.5.0.jar, C:\Users\dhiebert\.m2\repository\org\kordamp\ikonli\ikonli-fontawesome-pack\11.5.0\ikonli-fontawesome-pack-11.5.0.jar, C:\Users\dhiebert\.m2\repository\org\kordamp\ikonli\ikonli-fontawesome5-pack\11.5.0\ikonli-fontawesome5-pack-11.5.0.jar, C:\Users\dhiebert\.m2\repository\de\gsi\dataset\chartfx-dataset\11.2.7\chartfx-dataset-11.2.7.jar, C:\Users\dhiebert\.m2\repository\it\unimi\dsi\fastutil\8.3.1\fastutil-8.3.1.jar, C:\Users\dhiebert\.m2\repository\de\gsi\math\chartfx-math\11.2.7\chartfx-math-11.2.7.jar, C:\Users\dhiebert\.m2\repository\com\github\wendykierp\JTransforms\3.1\JTransforms-3.1.jar, C:\Users\dhiebert\.m2\repository\pl\edu\icm\JLargeArrays\1.5\JLargeArrays-1.5.jar, C:\Users\dhiebert\.m2\repository\org\apache\commons\commons-math3\3.6.1\commons-math3-3.6.1.jar, C:\Users\dhiebert\.m2\repository\org\controlsfx\controlsfx\11.0.0\controlsfx-11.0.0.jar, C:\Users\dhiebert\.m2\repository\org\openjfx\javafx-media\11\javafx-media-11.jar, C:\Users\dhiebert\.m2\repository\org\openjfx\javafx-media\11\javafx-media-11-win.jar, C:\Users\dhiebert\.m2\repository\com\ibm\icu\icu4j\65.1\icu4j-65.1.jar, C:\Users\dhiebert\.m2\repository\ar\com\hjg\pngj\2.1.0\pngj-2.1.0.jar, C:\Users\dhiebert\.m2\repository\org\apache\commons\commons-lang3\3.13.0\commons-lang3-3.13.0.jar, C:\Users\dhiebert\.m2\repository\org\jetbrains\annotations\21.0.1\annotations-21.0.1.jar, C:\Users\dhiebert\.m2\repository\javax\annotation\javax.annotation-api\1.3.2\javax.annotation-api-1.3.2.jar]
[DEBUG]   (f) useIncrementalCompilation = true
[DEBUG]   (f) useModulePath = true
[DEBUG]   (f) verbose = false
[DEBUG] -- end configuration --
[DEBUG] Using compiler 'javac'.
[DEBUG] Adding C:\Users\dhiebert\Local Repositories\Project Management 2.0\target\generated-test-sources\test-annotations to test-compile source roots:
  C:\Users\dhiebert\Local Repositories\Project Management 2.0\src\test\java
[DEBUG] New test-compile source roots:
  C:\Users\dhiebert\Local Repositories\Project Management 2.0\src\test\java
  C:\Users\dhiebert\Local Repositories\Project Management 2.0\target\generated-test-sources\test-annotations
[DEBUG] CompilerReuseStrategy: reuseCreated
[DEBUG] useIncrementalCompilation enabled
[INFO] Nothing to compile - all classes are up to date
[INFO] 
[INFO] --- surefire:3.1.2:test (default-test) @ frc-project-manager ---
[DEBUG] Using mirror maven-default-http-blocker (http://0.0.0.0/) for jboss-public-repository-group (http://repository.jboss.org/nexus/content/groups/public).
[DEBUG] Dependency collection stats {ConflictMarker.analyzeTime=87800, ConflictMarker.markTime=31300, ConflictMarker.nodeCount=78, ConflictIdSorter.graphTime=32800, ConflictIdSorter.topsortTime=21900, ConflictIdSorter.conflictIdCount=39, ConflictIdSorter.conflictIdCycleCount=0, ConflictResolver.totalTime=1281400, ConflictResolver.conflictItemCount=76, DfDependencyCollector.collectTime=103372900, DfDependencyCollector.transformTime=1475100}
[DEBUG] org.apache.maven.plugins:maven-surefire-plugin:jar:3.1.2
[DEBUG]    org.apache.maven.surefire:maven-surefire-common:jar:3.1.2:compile
[DEBUG]       org.apache.maven.surefire:surefire-api:jar:3.1.2:compile
[DEBUG]          org.apache.maven.surefire:surefire-logger-api:jar:3.1.2:compile
[DEBUG]       org.apache.maven.surefire:surefire-extensions-api:jar:3.1.2:compile
[DEBUG]       org.apache.maven.surefire:surefire-booter:jar:3.1.2:compile
[DEBUG]          org.apache.maven.surefire:surefire-extensions-spi:jar:3.1.2:compile
[DEBUG]       org.eclipse.aether:aether-util:jar:1.0.0.v20140518:compile
[DEBUG]          org.eclipse.aether:aether-api:jar:1.0.0.v20140518:compile
[DEBUG]       org.apache.maven.shared:maven-common-artifact-filters:jar:3.1.1:compile (version managed from default) (exclusions managed from default)
[DEBUG]          org.apache.maven:maven-artifact:jar:3.2.5:provided (scope managed from default) (version managed from default)
[DEBUG]             org.codehaus.plexus:plexus-utils:jar:3.5.0:provided (version managed from default)
[DEBUG]          org.apache.maven:maven-core:jar:3.2.5:provided (scope managed from default) (version managed from default)
[DEBUG]             org.apache.maven:maven-settings:jar:3.2.5:provided (version managed from default)
[DEBUG]             org.apache.maven:maven-settings-builder:jar:3.2.5:provided
[DEBUG]             org.apache.maven:maven-repository-metadata:jar:3.2.5:provided
[DEBUG]             org.apache.maven:maven-model-builder:jar:3.2.5:provided
[DEBUG]             org.apache.maven:maven-aether-provider:jar:3.2.5:provided
[DEBUG]                org.eclipse.aether:aether-spi:jar:1.0.0.v20140518:provided
[DEBUG]             org.eclipse.aether:aether-impl:jar:1.0.0.v20140518:provided
[DEBUG]             org.eclipse.sisu:org.eclipse.sisu.plexus:jar:0.3.5:provided (version managed from default)
[DEBUG]                javax.annotation:javax.annotation-api:jar:1.2:provided
[DEBUG]                javax.enterprise:cdi-api:jar:1.2:provided
[DEBUG]                org.eclipse.sisu:org.eclipse.sisu.inject:jar:0.3.5:provided (version managed from default)
[DEBUG]             org.sonatype.sisu:sisu-guice:jar:no_aop:3.2.3:provided
[DEBUG]                javax.inject:javax.inject:jar:1:provided
[DEBUG]                aopalliance:aopalliance:jar:1.0:provided
[DEBUG]                com.google.guava:guava:jar:16.0.1:provided
[DEBUG]             org.codehaus.plexus:plexus-interpolation:jar:1.21:provided
[DEBUG]             org.codehaus.plexus:plexus-classworlds:jar:2.5.2:provided
[DEBUG]             org.codehaus.plexus:plexus-component-annotations:jar:1.5.5:provided
[DEBUG]             org.sonatype.plexus:plexus-sec-dispatcher:jar:1.3:provided
[DEBUG]                org.sonatype.plexus:plexus-cipher:jar:1.4:provided
[DEBUG]          org.apache.maven:maven-plugin-api:jar:3.2.5:provided (scope managed from default) (version managed from default)
[DEBUG]          commons-io:commons-io:jar:2.12.0:compile (version managed from default)
[DEBUG]       org.codehaus.plexus:plexus-java:jar:1.1.2:compile (version managed from default)
[DEBUG]          org.ow2.asm:asm:jar:9.4:compile
[DEBUG]          com.thoughtworks.qdox:qdox:jar:2.0.3:compile
[DEBUG]       org.apache.maven.surefire:surefire-shared-utils:jar:3.1.2:compile
[DEBUG] Created new class realm plugin>org.apache.maven.plugins:maven-surefire-plugin:3.1.2
[DEBUG] Importing foreign packages into class realm plugin>org.apache.maven.plugins:maven-surefire-plugin:3.1.2
[DEBUG]   Imported:  < maven.api
[DEBUG] Populating class realm plugin>org.apache.maven.plugins:maven-surefire-plugin:3.1.2
[DEBUG]   Included: org.apache.maven.plugins:maven-surefire-plugin:jar:3.1.2
[DEBUG]   Included: org.apache.maven.surefire:maven-surefire-common:jar:3.1.2
[DEBUG]   Included: org.apache.maven.surefire:surefire-api:jar:3.1.2
[DEBUG]   Included: org.apache.maven.surefire:surefire-logger-api:jar:3.1.2
[DEBUG]   Included: org.apache.maven.surefire:surefire-extensions-api:jar:3.1.2
[DEBUG]   Included: org.apache.maven.surefire:surefire-booter:jar:3.1.2
[DEBUG]   Included: org.apache.maven.surefire:surefire-extensions-spi:jar:3.1.2
[DEBUG]   Included: org.apache.maven.shared:maven-common-artifact-filters:jar:3.1.1
[DEBUG]   Included: commons-io:commons-io:jar:2.12.0
[DEBUG]   Included: org.codehaus.plexus:plexus-java:jar:1.1.2
[DEBUG]   Included: org.ow2.asm:asm:jar:9.4
[DEBUG]   Included: com.thoughtworks.qdox:qdox:jar:2.0.3
[DEBUG]   Included: org.apache.maven.surefire:surefire-shared-utils:jar:3.1.2
[DEBUG] Loading mojo org.apache.maven.plugins:maven-surefire-plugin:3.1.2:test from plugin realm ClassRealm[plugin>org.apache.maven.plugins:maven-surefire-plugin:3.1.2, parent: jdk.internal.loader.ClassLoaders$AppClassLoader@70dea4e]
[DEBUG] Configuring mojo execution 'org.apache.maven.plugins:maven-surefire-plugin:3.1.2:test:default-test' with basic configurator -->
[DEBUG]   (s) additionalClasspathElements = []
[DEBUG]   (s) basedir = C:\Users\dhiebert\Local Repositories\Project Management 2.0
[DEBUG]   (s) childDelegation = false
[DEBUG]   (f) classesDirectory = C:\Users\dhiebert\Local Repositories\Project Management 2.0\target\classes
[DEBUG]   (s) classpathDependencyExcludes = []
[DEBUG]   (s) dependenciesToScan = []
[DEBUG]   (s) disableXmlReport = false
[DEBUG]   (s) enableAssertions = true
[DEBUG]   (s) encoding = UTF-8
[DEBUG]   (s) excludeJUnit5Engines = []
[DEBUG]   (f) excludedEnvironmentVariables = []
[DEBUG]   (s) excludes = [**/mvvm/views/**, **/testfx/**]
[DEBUG]   (s) failIfNoSpecifiedTests = true
[DEBUG]   (s) failIfNoTests = false
[DEBUG]   (s) failOnFlakeCount = 0
[DEBUG]   (f) forkCount = 1
[DEBUG]   (s) forkedProcessExitTimeoutInSeconds = 30
[DEBUG]   (s) includeJUnit5Engines = []
[DEBUG]   (s) includes = [**/*Test.java, **/*Tests.java]
[DEBUG]   (s) junitArtifactName = junit:junit
[DEBUG]   (f) parallelMavenExecution = false
[DEBUG]   (s) parallelOptimized = true
[DEBUG]   (s) perCoreThreadCount = true
[DEBUG]   (s) pluginArtifactMap = {org.apache.maven.plugins:maven-surefire-plugin=org.apache.maven.plugins:maven-surefire-plugin:maven-plugin:3.1.2:, org.apache.maven.surefire:maven-surefire-common=org.apache.maven.surefire:maven-surefire-common:jar:3.1.2:compile, org.apache.maven.surefire:surefire-api=org.apache.maven.surefire:surefire-api:jar:3.1.2:compile, org.apache.maven.surefire:surefire-logger-api=org.apache.maven.surefire:surefire-logger-api:jar:3.1.2:compile, org.apache.maven.surefire:surefire-extensions-api=org.apache.maven.surefire:surefire-extensions-api:jar:3.1.2:compile, org.apache.maven.surefire:surefire-booter=org.apache.maven.surefire:surefire-booter:jar:3.1.2:compile, org.apache.maven.surefire:surefire-extensions-spi=org.apache.maven.surefire:surefire-extensions-spi:jar:3.1.2:compile, org.eclipse.aether:aether-util=org.eclipse.aether:aether-util:jar:1.0.0.v20140518:compile, org.eclipse.aether:aether-api=org.eclipse.aether:aether-api:jar:1.0.0.v20140518:compile, org.apache.maven.shared:maven-common-artifact-filters=org.apache.maven.shared:maven-common-artifact-filters:jar:3.1.1:compile, commons-io:commons-io=commons-io:commons-io:jar:2.12.0:compile, org.codehaus.plexus:plexus-java=org.codehaus.plexus:plexus-java:jar:1.1.2:compile, org.ow2.asm:asm=org.ow2.asm:asm:jar:9.4:compile, com.thoughtworks.qdox:qdox=com.thoughtworks.qdox:qdox:jar:2.0.3:compile, org.apache.maven.surefire:surefire-shared-utils=org.apache.maven.surefire:surefire-shared-utils:jar:3.1.2:compile}
[DEBUG]   (f) pluginDescriptor = Component Descriptor: role: 'org.apache.maven.plugin.Mojo', implementation: 'org.apache.maven.plugins.maven_surefire_plugin.HelpMojo', role hint: 'org.apache.maven.plugins:maven-surefire-plugin:3.1.2:help'
role: 'org.apache.maven.plugin.Mojo', implementation: 'org.apache.maven.plugin.surefire.SurefirePlugin', role hint: 'org.apache.maven.plugins:maven-surefire-plugin:3.1.2:test'
---
[DEBUG]   (s) printSummary = true
[DEBUG]   (s) project = MavenProject: org.frcpm:frc-project-manager:2.0.0-SNAPSHOT @ C:\Users\dhiebert\Local Repositories\Project Management 2.0\pom.xml
[DEBUG]   (s) projectArtifactMap = {org.springframework.boot:spring-boot-starter-web=org.springframework.boot:spring-boot-starter-web:jar:3.2.0:compile, org.springframework.boot:spring-boot-starter=org.springframework.boot:spring-boot-starter:jar:3.2.0:compile, org.springframework.boot:spring-boot=org.springframework.boot:spring-boot:jar:3.2.0:compile, org.springframework.boot:spring-boot-autoconfigure=org.springframework.boot:spring-boot-autoconfigure:jar:3.2.0:compile, org.springframework.boot:spring-boot-starter-logging=org.springframework.boot:spring-boot-starter-logging:jar:3.2.0:compile, ch.qos.logback:logback-classic=ch.qos.logback:logback-classic:jar:1.4.11:compile, ch.qos.logback:logback-core=ch.qos.logback:logback-core:jar:1.4.11:compile, org.apache.logging.log4j:log4j-to-slf4j=org.apache.logging.log4j:log4j-to-slf4j:jar:2.21.1:compile, org.apache.logging.log4j:log4j-api=org.apache.logging.log4j:log4j-api:jar:2.21.1:compile, org.slf4j:jul-to-slf4j=org.slf4j:jul-to-slf4j:jar:2.0.9:compile, jakarta.annotation:jakarta.annotation-api=jakarta.annotation:jakarta.annotation-api:jar:2.1.1:compile, org.yaml:snakeyaml=org.yaml:snakeyaml:jar:2.2:compile, org.springframework.boot:spring-boot-starter-json=org.springframework.boot:spring-boot-starter-json:jar:3.2.0:compile, com.fasterxml.jackson.datatype:jackson-datatype-jdk8=com.fasterxml.jackson.datatype:jackson-datatype-jdk8:jar:2.15.3:compile, com.fasterxml.jackson.datatype:jackson-datatype-jsr310=com.fasterxml.jackson.datatype:jackson-datatype-jsr310:jar:2.15.3:compile, com.fasterxml.jackson.module:jackson-module-parameter-names=com.fasterxml.jackson.module:jackson-module-parameter-names:jar:2.15.3:compile, org.springframework.boot:spring-boot-starter-tomcat=org.springframework.boot:spring-boot-starter-tomcat:jar:3.2.0:compile, org.apache.tomcat.embed:tomcat-embed-core=org.apache.tomcat.embed:tomcat-embed-core:jar:10.1.16:compile, org.apache.tomcat.embed:tomcat-embed-websocket=org.apache.tomcat.embed:tomcat-embed-websocket:jar:10.1.16:compile, org.springframework:spring-web=org.springframework:spring-web:jar:6.1.1:compile, org.springframework:spring-beans=org.springframework:spring-beans:jar:6.1.1:compile, io.micrometer:micrometer-observation=io.micrometer:micrometer-observation:jar:1.12.0:compile, io.micrometer:micrometer-commons=io.micrometer:micrometer-commons:jar:1.12.0:compile, org.springframework:spring-webmvc=org.springframework:spring-webmvc:jar:6.1.1:compile, org.springframework:spring-context=org.springframework:spring-context:jar:6.1.1:compile, org.springframework:spring-expression=org.springframework:spring-expression:jar:6.1.1:compile, org.springframework.boot:spring-boot-starter-data-jpa=org.springframework.boot:spring-boot-starter-data-jpa:jar:3.2.0:compile, org.springframework.boot:spring-boot-starter-aop=org.springframework.boot:spring-boot-starter-aop:jar:3.2.0:compile, org.aspectj:aspectjweaver=org.aspectj:aspectjweaver:jar:1.9.20.1:compile, org.springframework.boot:spring-boot-starter-jdbc=org.springframework.boot:spring-boot-starter-jdbc:jar:3.2.0:compile, org.springframework:spring-jdbc=org.springframework:spring-jdbc:jar:6.1.1:compile, org.hibernate.orm:hibernate-core=org.hibernate.orm:hibernate-core:jar:6.3.1.Final:compile, jakarta.persistence:jakarta.persistence-api=jakarta.persistence:jakarta.persistence-api:jar:3.1.0:compile, jakarta.transaction:jakarta.transaction-api=jakarta.transaction:jakarta.transaction-api:jar:2.0.1:compile, org.hibernate.common:hibernate-commons-annotations=org.hibernate.common:hibernate-commons-annotations:jar:6.0.6.Final:runtime, io.smallrye:jandex=io.smallrye:jandex:jar:3.1.2:runtime, org.glassfish.jaxb:jaxb-runtime=org.glassfish.jaxb:jaxb-runtime:jar:4.0.4:runtime, org.glassfish.jaxb:jaxb-core=org.glassfish.jaxb:jaxb-core:jar:4.0.4:runtime, org.eclipse.angus:angus-activation=org.eclipse.angus:angus-activation:jar:2.0.1:runtime, org.glassfish.jaxb:txw2=org.glassfish.jaxb:txw2:jar:4.0.4:runtime, com.sun.istack:istack-commons-runtime=com.sun.istack:istack-commons-runtime:jar:4.1.2:runtime, jakarta.inject:jakarta.inject-api=jakarta.inject:jakarta.inject-api:jar:2.0.1:runtime, org.antlr:antlr4-runtime=org.antlr:antlr4-runtime:jar:4.10.1:compile, org.springframework.data:spring-data-jpa=org.springframework.data:spring-data-jpa:jar:3.2.0:compile, org.springframework.data:spring-data-commons=org.springframework.data:spring-data-commons:jar:3.2.0:compile, org.springframework:spring-orm=org.springframework:spring-orm:jar:6.1.1:compile, org.springframework:spring-tx=org.springframework:spring-tx:jar:6.1.1:compile, org.springframework:spring-aspects=org.springframework:spring-aspects:jar:6.1.1:compile, org.springframework.boot:spring-boot-starter-thymeleaf=org.springframework.boot:spring-boot-starter-thymeleaf:jar:3.2.0:compile, org.thymeleaf:thymeleaf-spring6=org.thymeleaf:thymeleaf-spring6:jar:3.1.2.RELEASE:compile, org.thymeleaf:thymeleaf=org.thymeleaf:thymeleaf:jar:3.1.2.RELEASE:compile, org.attoparser:attoparser=org.attoparser:attoparser:jar:2.0.7.RELEASE:compile, org.unbescape:unbescape=org.unbescape:unbescape:jar:1.1.6.RELEASE:compile, org.springframework.boot:spring-boot-starter-security=org.springframework.boot:spring-boot-starter-security:jar:3.2.0:compile, org.springframework:spring-aop=org.springframework:spring-aop:jar:6.1.1:compile, org.springframework.security:spring-security-config=org.springframework.security:spring-security-config:jar:6.2.0:compile, org.springframework.security:spring-security-core=org.springframework.security:spring-security-core:jar:6.2.0:compile, org.springframework.security:spring-security-crypto=org.springframework.security:spring-security-crypto:jar:6.2.0:compile, org.springframework.security:spring-security-web=org.springframework.security:spring-security-web:jar:6.2.0:compile, org.springframework.boot:spring-boot-starter-validation=org.springframework.boot:spring-boot-starter-validation:jar:3.2.0:compile, org.apache.tomcat.embed:tomcat-embed-el=org.apache.tomcat.embed:tomcat-embed-el:jar:10.1.16:compile, org.springframework.boot:spring-boot-starter-websocket=org.springframework.boot:spring-boot-starter-websocket:jar:3.2.0:compile, org.springframework:spring-messaging=org.springframework:spring-messaging:jar:6.1.1:compile, org.springframework:spring-websocket=org.springframework:spring-websocket:jar:6.1.1:compile, com.h2database:h2=com.h2database:h2:jar:2.2.224:runtime, org.xerial:sqlite-jdbc=org.xerial:sqlite-jdbc:jar:3.44.1.0:compile, org.slf4j:slf4j-api=org.slf4j:slf4j-api:jar:2.0.9:compile, com.zaxxer:HikariCP=com.zaxxer:HikariCP:jar:5.0.1:compile, org.hibernate.validator:hibernate-validator=org.hibernate.validator:hibernate-validator:jar:8.0.1.Final:compile, jakarta.validation:jakarta.validation-api=jakarta.validation:jakarta.validation-api:jar:3.0.2:compile, org.jboss.logging:jboss-logging=org.jboss.logging:jboss-logging:jar:3.5.3.Final:compile, com.fasterxml:classmate=com.fasterxml:classmate:jar:1.6.0:compile, org.springframework.boot:spring-boot-starter-test=org.springframework.boot:spring-boot-starter-test:jar:3.2.0:test, org.springframework.boot:spring-boot-test=org.springframework.boot:spring-boot-test:jar:3.2.0:test, org.springframework.boot:spring-boot-test-autoconfigure=org.springframework.boot:spring-boot-test-autoconfigure:jar:3.2.0:test, com.jayway.jsonpath:json-path=com.jayway.jsonpath:json-path:jar:2.8.0:test, jakarta.xml.bind:jakarta.xml.bind-api=jakarta.xml.bind:jakarta.xml.bind-api:jar:4.0.1:runtime, jakarta.activation:jakarta.activation-api=jakarta.activation:jakarta.activation-api:jar:2.1.2:runtime, net.minidev:json-smart=net.minidev:json-smart:jar:2.5.0:test, net.minidev:accessors-smart=net.minidev:accessors-smart:jar:2.5.0:test, org.ow2.asm:asm=org.ow2.asm:asm:jar:9.3:test, org.assertj:assertj-core=org.assertj:assertj-core:jar:3.24.2:test, org.awaitility:awaitility=org.awaitility:awaitility:jar:4.2.0:test, org.hamcrest:hamcrest=org.hamcrest:hamcrest:jar:2.2:test, org.mockito:mockito-junit-jupiter=org.mockito:mockito-junit-jupiter:jar:5.7.0:test, org.skyscreamer:jsonassert=org.skyscreamer:jsonassert:jar:1.5.1:test, com.vaadin.external.google:android-json=com.vaadin.external.google:android-json:jar:0.0.20131108.vaadin1:test, org.springframework:spring-core=org.springframework:spring-core:jar:6.1.1:compile, org.springframework:spring-jcl=org.springframework:spring-jcl:jar:6.1.1:compile, org.springframework:spring-test=org.springframework:spring-test:jar:6.1.1:test, org.xmlunit:xmlunit-core=org.xmlunit:xmlunit-core:jar:2.9.1:test, org.junit.jupiter:junit-jupiter=org.junit.jupiter:junit-jupiter:jar:5.10.1:test, org.junit.jupiter:junit-jupiter-api=org.junit.jupiter:junit-jupiter-api:jar:5.10.1:test, org.opentest4j:opentest4j=org.opentest4j:opentest4j:jar:1.3.0:test, org.junit.platform:junit-platform-commons=org.junit.platform:junit-platform-commons:jar:1.10.1:test, org.apiguardian:apiguardian-api=org.apiguardian:apiguardian-api:jar:1.1.2:test, org.junit.jupiter:junit-jupiter-params=org.junit.jupiter:junit-jupiter-params:jar:5.10.1:test, org.junit.jupiter:junit-jupiter-engine=org.junit.jupiter:junit-jupiter-engine:jar:5.10.1:test, org.junit.platform:junit-platform-engine=org.junit.platform:junit-platform-engine:jar:1.10.1:test, org.mockito:mockito-core=org.mockito:mockito-core:jar:5.7.0:test, net.bytebuddy:byte-buddy=net.bytebuddy:byte-buddy:jar:1.14.10:runtime, net.bytebuddy:byte-buddy-agent=net.bytebuddy:byte-buddy-agent:jar:1.14.10:test, org.objenesis:objenesis=org.objenesis:objenesis:jar:3.3:test, org.apache.pdfbox:pdfbox=org.apache.pdfbox:pdfbox:jar:2.0.27:compile, org.apache.pdfbox:fontbox=org.apache.pdfbox:fontbox:jar:2.0.27:compile, commons-logging:commons-logging=commons-logging:commons-logging:jar:1.2:compile, com.fasterxml.jackson.core:jackson-databind=com.fasterxml.jackson.core:jackson-databind:jar:2.15.3:compile, com.fasterxml.jackson.core:jackson-annotations=com.fasterxml.jackson.core:jackson-annotations:jar:2.15.3:compile, com.fasterxml.jackson.core:jackson-core=com.fasterxml.jackson.core:jackson-core:jar:2.15.3:compile, org.apache.xmlgraphics:batik-all=org.apache.xmlgraphics:batik-all:jar:1.16:compile, xml-apis:xml-apis=xml-apis:xml-apis:jar:1.4.01:compile, xml-apis:xml-apis-ext=xml-apis:xml-apis-ext:jar:1.3.04:compile, org.apache.xmlgraphics:xmlgraphics-commons=org.apache.xmlgraphics:xmlgraphics-commons:jar:2.7:compile, commons-io:commons-io=commons-io:commons-io:jar:1.3.1:compile, org.jgrapht:jgrapht-core=org.jgrapht:jgrapht-core:jar:1.5.2:compile, org.jheaps:jheaps=org.jheaps:jheaps:jar:0.14:compile, org.apfloat:apfloat=org.apfloat:apfloat:jar:1.10.1:compile, de.gsi.chart:chartfx-chart=de.gsi.chart:chartfx-chart:jar:11.2.7:compile, org.openjfx:javafx-base=org.openjfx:javafx-base:jar:win:13.0.1:compile, org.openjfx:javafx-controls=org.openjfx:javafx-controls:jar:win:13.0.1:compile, org.openjfx:javafx-graphics=org.openjfx:javafx-graphics:jar:win:13.0.1:compile, org.kordamp.ikonli:ikonli-javafx=org.kordamp.ikonli:ikonli-javafx:jar:11.5.0:compile, org.kordamp.ikonli:ikonli-core=org.kordamp.ikonli:ikonli-core:jar:11.5.0:compile, org.kordamp.ikonli:ikonli-fontawesome-pack=org.kordamp.ikonli:ikonli-fontawesome-pack:jar:11.5.0:compile, org.kordamp.ikonli:ikonli-fontawesome5-pack=org.kordamp.ikonli:ikonli-fontawesome5-pack:jar:11.5.0:compile, de.gsi.dataset:chartfx-dataset=de.gsi.dataset:chartfx-dataset:jar:11.2.7:compile, it.unimi.dsi:fastutil=it.unimi.dsi:fastutil:jar:8.3.1:compile, de.gsi.math:chartfx-math=de.gsi.math:chartfx-math:jar:11.2.7:compile, com.github.wendykierp:JTransforms=com.github.wendykierp:JTransforms:jar:3.1:compile, pl.edu.icm:JLargeArrays=pl.edu.icm:JLargeArrays:jar:1.5:compile, org.apache.commons:commons-math3=org.apache.commons:commons-math3:jar:3.6.1:compile, org.controlsfx:controlsfx=org.controlsfx:controlsfx:jar:11.0.0:compile, org.openjfx:javafx-media=org.openjfx:javafx-media:jar:win:11:compile, com.ibm.icu:icu4j=com.ibm.icu:icu4j:jar:65.1:compile, ar.com.hjg:pngj=ar.com.hjg:pngj:jar:2.1.0:compile, org.apache.commons:commons-lang3=org.apache.commons:commons-lang3:jar:3.13.0:compile, org.jetbrains:annotations=org.jetbrains:annotations:jar:21.0.1:compile, javax.annotation:javax.annotation-api=javax.annotation:javax.annotation-api:jar:1.3.2:compile}
[DEBUG]   (s) projectBuildDirectory = C:\Users\dhiebert\Local Repositories\Project Management 2.0\target
[DEBUG]   (s) redirectTestOutputToFile = false
[DEBUG]   (s) reportFormat = brief
[DEBUG]   (s) reportsDirectory = C:\Users\dhiebert\Local Repositories\Project Management 2.0\target\surefire-reports
[DEBUG]   (f) rerunFailingTestsCount = 0
[DEBUG]   (f) reuseForks = true
[DEBUG]   (s) runOrder = filesystem
[DEBUG]   (s) session = org.apache.maven.execution.MavenSession@7b66322e
[DEBUG]   (f) shutdown = exit
[DEBUG]   (s) skip = false
[DEBUG]   (f) skipAfterFailureCount = 0
[DEBUG]   (s) skipTests = false
[DEBUG]   (s) suiteXmlFiles = []
[DEBUG]   (s) systemPropertyVariables = {java.awt.headless=true, prism.order=sw, prism.text=t2k, testfx.headless=true, testfx.robot=glass}
[DEBUG]   (s) tempDir = surefire
[DEBUG]   (s) test = AttendanceRepositoryIntegrationTest
[DEBUG]   (s) testClassesDirectory = C:\Users\dhiebert\Local Repositories\Project Management 2.0\target\test-classes
[DEBUG]   (s) testFailureIgnore = false
[DEBUG]   (s) testNGArtifactName = org.testng:testng
[DEBUG]   (s) testSourceDirectory = C:\Users\dhiebert\Local Repositories\Project Management 2.0\src\test\java
[DEBUG]   (s) threadCountClasses = 0
[DEBUG]   (s) threadCountMethods = 0
[DEBUG]   (s) threadCountSuites = 0
[DEBUG]   (s) trimStackTrace = false
[DEBUG]   (s) useFile = true
[DEBUG]   (s) useManifestOnlyJar = true
[DEBUG]   (f) useModulePath = true
[DEBUG]   (s) useSystemClassLoader = true
[DEBUG]   (s) useUnlimitedThreads = false
[DEBUG]   (s) workingDirectory = C:\Users\dhiebert\Local Repositories\Project Management 2.0
[DEBUG] -- end configuration --
[DEBUG] Using JVM: C:\Program Files\Eclipse Adoptium\jdk-21.0.7.6-hotspot\bin\java with Java version 21.0
[DEBUG] Resolved included and excluded patterns: AttendanceRepositoryIntegrationTest
[DEBUG] Surefire report directory: C:\Users\dhiebert\Local Repositories\Project Management 2.0\target\surefire-reports
[INFO] Using auto detected provider org.apache.maven.surefire.junitplatform.JUnitPlatformProvider
[DEBUG] Using the provider org.apache.maven.surefire.junitplatform.JUnitPlatformProvider
[DEBUG] Setting system property [basedir]=[C:\Users\dhiebert\Local Repositories\Project Management 2.0]
[DEBUG] Setting system property [prism.order]=[sw]
[DEBUG] Setting system property [test]=[AttendanceRepositoryIntegrationTest]
[DEBUG] Setting system property [testfx.robot]=[glass]
[DEBUG] Setting system property [java.awt.headless]=[true]
[DEBUG] Setting system property [testfx.headless]=[true]
[DEBUG] Setting system property [prism.text]=[t2k]
[DEBUG] Setting system property [localRepository]=[C:\Users\dhiebert\.m2\repository]
[DEBUG] Dependency collection stats {ConflictMarker.analyzeTime=14000, ConflictMarker.markTime=14400, ConflictMarker.nodeCount=6, ConflictIdSorter.graphTime=29000, ConflictIdSorter.topsortTime=7600, ConflictIdSorter.conflictIdCount=5, ConflictIdSorter.conflictIdCycleCount=0, ConflictResolver.totalTime=108700, ConflictResolver.conflictItemCount=6, DfDependencyCollector.collectTime=2478000, DfDependencyCollector.transformTime=183700}
[DEBUG] Found implementation of fork node factory: org.apache.maven.plugin.surefire.extensions.LegacyForkNodeFactory
[DEBUG] Dependency collection stats {ConflictMarker.analyzeTime=23400, ConflictMarker.markTime=11500, ConflictMarker.nodeCount=14, ConflictIdSorter.graphTime=7500, ConflictIdSorter.topsortTime=7200, ConflictIdSorter.conflictIdCount=10, ConflictIdSorter.conflictIdCycleCount=0, ConflictResolver.totalTime=94400, ConflictResolver.conflictItemCount=14, DfDependencyCollector.collectTime=10502700, DfDependencyCollector.transformTime=156300}
[DEBUG] Resolving artifact org.junit.platform:junit-platform-launcher:1.10.1
[DEBUG] Dependency collection stats {ConflictMarker.analyzeTime=24700, ConflictMarker.markTime=12000, ConflictMarker.nodeCount=7, ConflictIdSorter.graphTime=5500, ConflictIdSorter.topsortTime=6500, ConflictIdSorter.conflictIdCount=5, ConflictIdSorter.conflictIdCycleCount=0, ConflictResolver.totalTime=57800, ConflictResolver.conflictItemCount=7, DfDependencyCollector.collectTime=1551800, DfDependencyCollector.transformTime=118100}
[DEBUG] Resolved artifact org.junit.platform:junit-platform-launcher:1.10.1 to [org.opentest4j:opentest4j:jar:1.3.0, org.apiguardian:apiguardian-api:jar:1.1.2, org.junit.platform:junit-platform-launcher:jar:1.10.1, org.junit.platform:junit-platform-commons:jar:1.10.1, org.junit.platform:junit-platform-engine:jar:1.10.1]
[DEBUG] test classpath:  C:\Users\dhiebert\Local Repositories\Project Management 2.0\target\test-classes  C:\Users\dhiebert\Local Repositories\Project Management 2.0\target\classes  C:\Users\dhiebert\.m2\repository\org\springframework\boot\spring-boot-starter-web\3.2.0\spring-boot-starter-web-3.2.0.jar  C:\Users\dhiebert\.m2\repository\org\springframework\boot\spring-boot-starter\3.2.0\spring-boot-starter-3.2.0.jar  C:\Users\dhiebert\.m2\repository\org\springframework\boot\spring-boot\3.2.0\spring-boot-3.2.0.jar  C:\Users\dhiebert\.m2\repository\org\springframework\boot\spring-boot-autoconfigure\3.2.0\spring-boot-autoconfigure-3.2.0.jar  C:\Users\dhiebert\.m2\repository\org\springframework\boot\spring-boot-starter-logging\3.2.0\spring-boot-starter-logging-3.2.0.jar  C:\Users\dhiebert\.m2\repository\ch\qos\logback\logback-classic\1.4.11\logback-classic-1.4.11.jar  C:\Users\dhiebert\.m2\repository\ch\qos\logback\logback-core\1.4.11\logback-core-1.4.11.jar  C:\Users\dhiebert\.m2\repository\org\apache\logging\log4j\log4j-to-slf4j\2.21.1\log4j-to-slf4j-2.21.1.jar  C:\Users\dhiebert\.m2\repository\org\apache\logging\log4j\log4j-api\2.21.1\log4j-api-2.21.1.jar  C:\Users\dhiebert\.m2\repository\org\slf4j\jul-to-slf4j\2.0.9\jul-to-slf4j-2.0.9.jar  C:\Users\dhiebert\.m2\repository\jakarta\annotation\jakarta.annotation-api\2.1.1\jakarta.annotation-api-2.1.1.jar  C:\Users\dhiebert\.m2\repository\org\yaml\snakeyaml\2.2\snakeyaml-2.2.jar  C:\Users\dhiebert\.m2\repository\org\springframework\boot\spring-boot-starter-json\3.2.0\spring-boot-starter-json-3.2.0.jar  C:\Users\dhiebert\.m2\repository\com\fasterxml\jackson\datatype\jackson-datatype-jdk8\2.15.3\jackson-datatype-jdk8-2.15.3.jar  C:\Users\dhiebert\.m2\repository\com\fasterxml\jackson\datatype\jackson-datatype-jsr310\2.15.3\jackson-datatype-jsr310-2.15.3.jar  C:\Users\dhiebert\.m2\repository\com\fasterxml\jackson\module\jackson-module-parameter-names\2.15.3\jackson-module-parameter-names-2.15.3.jar  C:\Users\dhiebert\.m2\repository\org\springframework\boot\spring-boot-starter-tomcat\3.2.0\spring-boot-starter-tomcat-3.2.0.jar  C:\Users\dhiebert\.m2\repository\org\apache\tomcat\embed\tomcat-embed-core\10.1.16\tomcat-embed-core-10.1.16.jar  C:\Users\dhiebert\.m2\repository\org\apache\tomcat\embed\tomcat-embed-websocket\10.1.16\tomcat-embed-websocket-10.1.16.jar  C:\Users\dhiebert\.m2\repository\org\springframework\spring-web\6.1.1\spring-web-6.1.1.jar  C:\Users\dhiebert\.m2\repository\org\springframework\spring-beans\6.1.1\spring-beans-6.1.1.jar  C:\Users\dhiebert\.m2\repository\io\micrometer\micrometer-observation\1.12.0\micrometer-observation-1.12.0.jar  C:\Users\dhiebert\.m2\repository\io\micrometer\micrometer-commons\1.12.0\micrometer-commons-1.12.0.jar  C:\Users\dhiebert\.m2\repository\org\springframework\spring-webmvc\6.1.1\spring-webmvc-6.1.1.jar  C:\Users\dhiebert\.m2\repository\org\springframework\spring-context\6.1.1\spring-context-6.1.1.jar  C:\Users\dhiebert\.m2\repository\org\springframework\spring-expression\6.1.1\spring-expression-6.1.1.jar  C:\Users\dhiebert\.m2\repository\org\springframework\boot\spring-boot-starter-data-jpa\3.2.0\spring-boot-starter-data-jpa-3.2.0.jar  C:\Users\dhiebert\.m2\repository\org\springframework\boot\spring-boot-starter-aop\3.2.0\spring-boot-starter-aop-3.2.0.jar  C:\Users\dhiebert\.m2\repository\org\aspectj\aspectjweaver\1.9.20.1\aspectjweaver-1.9.20.1.jar  C:\Users\dhiebert\.m2\repository\org\springframework\boot\spring-boot-starter-jdbc\3.2.0\spring-boot-starter-jdbc-3.2.0.jar  C:\Users\dhiebert\.m2\repository\org\springframework\spring-jdbc\6.1.1\spring-jdbc-6.1.1.jar  C:\Users\dhiebert\.m2\repository\org\hibernate\orm\hibernate-core\6.3.1.Final\hibernate-core-6.3.1.Final.jar  C:\Users\dhiebert\.m2\repository\jakarta\persistence\jakarta.persistence-api\3.1.0\jakarta.persistence-api-3.1.0.jar  C:\Users\dhiebert\.m2\repository\jakarta\transaction\jakarta.transaction-api\2.0.1\jakarta.transaction-api-2.0.1.jar  C:\Users\dhiebert\.m2\repository\org\hibernate\common\hibernate-commons-annotations\6.0.6.Final\hibernate-commons-annotations-6.0.6.Final.jar  C:\Users\dhiebert\.m2\repository\io\smallrye\jandex\3.1.2\jandex-3.1.2.jar  C:\Users\dhiebert\.m2\repository\org\glassfish\jaxb\jaxb-runtime\4.0.4\jaxb-runtime-4.0.4.jar  C:\Users\dhiebert\.m2\repository\org\glassfish\jaxb\jaxb-core\4.0.4\jaxb-core-4.0.4.jar  C:\Users\dhiebert\.m2\repository\org\eclipse\angus\angus-activation\2.0.1\angus-activation-2.0.1.jar  C:\Users\dhiebert\.m2\repository\org\glassfish\jaxb\txw2\4.0.4\txw2-4.0.4.jar  C:\Users\dhiebert\.m2\repository\com\sun\istack\istack-commons-runtime\4.1.2\istack-commons-runtime-4.1.2.jar  C:\Users\dhiebert\.m2\repository\jakarta\inject\jakarta.inject-api\2.0.1\jakarta.inject-api-2.0.1.jar  C:\Users\dhiebert\.m2\repository\org\antlr\antlr4-runtime\4.10.1\antlr4-runtime-4.10.1.jar  C:\Users\dhiebert\.m2\repository\org\springframework\data\spring-data-jpa\3.2.0\spring-data-jpa-3.2.0.jar  C:\Users\dhiebert\.m2\repository\org\springframework\data\spring-data-commons\3.2.0\spring-data-commons-3.2.0.jar  C:\Users\dhiebert\.m2\repository\org\springframework\spring-orm\6.1.1\spring-orm-6.1.1.jar  C:\Users\dhiebert\.m2\repository\org\springframework\spring-tx\6.1.1\spring-tx-6.1.1.jar  C:\Users\dhiebert\.m2\repository\org\springframework\spring-aspects\6.1.1\spring-aspects-6.1.1.jar  C:\Users\dhiebert\.m2\repository\org\springframework\boot\spring-boot-starter-thymeleaf\3.2.0\spring-boot-starter-thymeleaf-3.2.0.jar  C:\Users\dhiebert\.m2\repository\org\thymeleaf\thymeleaf-spring6\3.1.2.RELEASE\thymeleaf-spring6-3.1.2.RELEASE.jar  C:\Users\dhiebert\.m2\repository\org\thymeleaf\thymeleaf\3.1.2.RELEASE\thymeleaf-3.1.2.RELEASE.jar  C:\Users\dhiebert\.m2\repository\org\attoparser\attoparser\2.0.7.RELEASE\attoparser-2.0.7.RELEASE.jar  C:\Users\dhiebert\.m2\repository\org\unbescape\unbescape\1.1.6.RELEASE\unbescape-1.1.6.RELEASE.jar  C:\Users\dhiebert\.m2\repository\org\springframework\boot\spring-boot-starter-security\3.2.0\spring-boot-starter-security-3.2.0.jar  C:\Users\dhiebert\.m2\repository\org\springframework\spring-aop\6.1.1\spring-aop-6.1.1.jar  C:\Users\dhiebert\.m2\repository\org\springframework\security\spring-security-config\6.2.0\spring-security-config-6.2.0.jar  C:\Users\dhiebert\.m2\repository\org\springframework\security\spring-security-core\6.2.0\spring-security-core-6.2.0.jar  C:\Users\dhiebert\.m2\repository\org\springframework\security\spring-security-crypto\6.2.0\spring-security-crypto-6.2.0.jar  C:\Users\dhiebert\.m2\repository\org\springframework\security\spring-security-web\6.2.0\spring-security-web-6.2.0.jar  C:\Users\dhiebert\.m2\repository\org\springframework\boot\spring-boot-starter-validation\3.2.0\spring-boot-starter-validation-3.2.0.jar  C:\Users\dhiebert\.m2\repository\org\apache\tomcat\embed\tomcat-embed-el\10.1.16\tomcat-embed-el-10.1.16.jar  C:\Users\dhiebert\.m2\repository\org\springframework\boot\spring-boot-starter-websocket\3.2.0\spring-boot-starter-websocket-3.2.0.jar  C:\Users\dhiebert\.m2\repository\org\springframework\spring-messaging\6.1.1\spring-messaging-6.1.1.jar  C:\Users\dhiebert\.m2\repository\org\springframework\spring-websocket\6.1.1\spring-websocket-6.1.1.jar  C:\Users\dhiebert\.m2\repository\com\h2database\h2\2.2.224\h2-2.2.224.jar  C:\Users\dhiebert\.m2\repository\org\xerial\sqlite-jdbc\3.44.1.0\sqlite-jdbc-3.44.1.0.jar  C:\Users\dhiebert\.m2\repository\org\slf4j\slf4j-api\2.0.9\slf4j-api-2.0.9.jar  C:\Users\dhiebert\.m2\repository\com\zaxxer\HikariCP\5.0.1\HikariCP-5.0.1.jar  C:\Users\dhiebert\.m2\repository\org\hibernate\validator\hibernate-validator\8.0.1.Final\hibernate-validator-8.0.1.Final.jar  C:\Users\dhiebert\.m2\repository\jakarta\validation\jakarta.validation-api\3.0.2\jakarta.validation-api-3.0.2.jar  C:\Users\dhiebert\.m2\repository\org\jboss\logging\jboss-logging\3.5.3.Final\jboss-logging-3.5.3.Final.jar  C:\Users\dhiebert\.m2\repository\com\fasterxml\classmate\1.6.0\classmate-1.6.0.jar  C:\Users\dhiebert\.m2\repository\org\springframework\boot\spring-boot-starter-test\3.2.0\spring-boot-starter-test-3.2.0.jar  C:\Users\dhiebert\.m2\repository\org\springframework\boot\spring-boot-test\3.2.0\spring-boot-test-3.2.0.jar  C:\Users\dhiebert\.m2\repository\org\springframework\boot\spring-boot-test-autoconfigure\3.2.0\spring-boot-test-autoconfigure-3.2.0.jar  C:\Users\dhiebert\.m2\repository\com\jayway\jsonpath\json-path\2.8.0\json-path-2.8.0.jar  C:\Users\dhiebert\.m2\repository\jakarta\xml\bind\jakarta.xml.bind-api\4.0.1\jakarta.xml.bind-api-4.0.1.jar  C:\Users\dhiebert\.m2\repository\jakarta\activation\jakarta.activation-api\2.1.2\jakarta.activation-api-2.1.2.jar  C:\Users\dhiebert\.m2\repository\net\minidev\json-smart\2.5.0\json-smart-2.5.0.jar  C:\Users\dhiebert\.m2\repository\net\minidev\accessors-smart\2.5.0\accessors-smart-2.5.0.jar  C:\Users\dhiebert\.m2\repository\org\ow2\asm\asm\9.3\asm-9.3.jar  C:\Users\dhiebert\.m2\repository\org\assertj\assertj-core\3.24.2\assertj-core-3.24.2.jar  C:\Users\dhiebert\.m2\repository\org\awaitility\awaitility\4.2.0\awaitility-4.2.0.jar  C:\Users\dhiebert\.m2\repository\org\hamcrest\hamcrest\2.2\hamcrest-2.2.jar  C:\Users\dhiebert\.m2\repository\org\mockito\mockito-junit-jupiter\5.7.0\mockito-junit-jupiter-5.7.0.jar  C:\Users\dhiebert\.m2\repository\org\skyscreamer\jsonassert\1.5.1\jsonassert-1.5.1.jar  C:\Users\dhiebert\.m2\repository\com\vaadin\external\google\android-json\0.0.20131108.vaadin1\android-json-0.0.20131108.vaadin1.jar  C:\Users\dhiebert\.m2\repository\org\springframework\spring-core\6.1.1\spring-core-6.1.1.jar  C:\Users\dhiebert\.m2\repository\org\springframework\spring-jcl\6.1.1\spring-jcl-6.1.1.jar  C:\Users\dhiebert\.m2\repository\org\springframework\spring-test\6.1.1\spring-test-6.1.1.jar  C:\Users\dhiebert\.m2\repository\org\xmlunit\xmlunit-core\2.9.1\xmlunit-core-2.9.1.jar  C:\Users\dhiebert\.m2\repository\org\junit\jupiter\junit-jupiter\5.10.1\junit-jupiter-5.10.1.jar  C:\Users\dhiebert\.m2\repository\org\junit\jupiter\junit-jupiter-api\5.10.1\junit-jupiter-api-5.10.1.jar  C:\Users\dhiebert\.m2\repository\org\opentest4j\opentest4j\1.3.0\opentest4j-1.3.0.jar  C:\Users\dhiebert\.m2\repository\org\junit\platform\junit-platform-commons\1.10.1\junit-platform-commons-1.10.1.jar  C:\Users\dhiebert\.m2\repository\org\apiguardian\apiguardian-api\1.1.2\apiguardian-api-1.1.2.jar  C:\Users\dhiebert\.m2\repository\org\junit\jupiter\junit-jupiter-params\5.10.1\junit-jupiter-params-5.10.1.jar  C:\Users\dhiebert\.m2\repository\org\junit\jupiter\junit-jupiter-engine\5.10.1\junit-jupiter-engine-5.10.1.jar  C:\Users\dhiebert\.m2\repository\org\junit\platform\junit-platform-engine\1.10.1\junit-platform-engine-1.10.1.jar  C:\Users\dhiebert\.m2\repository\org\mockito\mockito-core\5.7.0\mockito-core-5.7.0.jar  C:\Users\dhiebert\.m2\repository\net\bytebuddy\byte-buddy\1.14.10\byte-buddy-1.14.10.jar  C:\Users\dhiebert\.m2\repository\net\bytebuddy\byte-buddy-agent\1.14.10\byte-buddy-agent-1.14.10.jar  C:\Users\dhiebert\.m2\repository\org\objenesis\objenesis\3.3\objenesis-3.3.jar  C:\Users\dhiebert\.m2\repository\org\apache\pdfbox\pdfbox\2.0.27\pdfbox-2.0.27.jar  C:\Users\dhiebert\.m2\repository\org\apache\pdfbox\fontbox\2.0.27\fontbox-2.0.27.jar  C:\Users\dhiebert\.m2\repository\commons-logging\commons-logging\1.2\commons-logging-1.2.jar  C:\Users\dhiebert\.m2\repository\com\fasterxml\jackson\core\jackson-databind\2.15.3\jackson-databind-2.15.3.jar  C:\Users\dhiebert\.m2\repository\com\fasterxml\jackson\core\jackson-annotations\2.15.3\jackson-annotations-2.15.3.jar  C:\Users\dhiebert\.m2\repository\com\fasterxml\jackson\core\jackson-core\2.15.3\jackson-core-2.15.3.jar  C:\Users\dhiebert\.m2\repository\org\apache\xmlgraphics\batik-all\1.16\batik-all-1.16.jar  C:\Users\dhiebert\.m2\repository\xml-apis\xml-apis\1.4.01\xml-apis-1.4.01.jar  C:\Users\dhiebert\.m2\repository\xml-apis\xml-apis-ext\1.3.04\xml-apis-ext-1.3.04.jar  C:\Users\dhiebert\.m2\repository\org\apache\xmlgraphics\xmlgraphics-commons\2.7\xmlgraphics-commons-2.7.jar  C:\Users\dhiebert\.m2\repository\commons-io\commons-io\1.3.1\commons-io-1.3.1.jar  C:\Users\dhiebert\.m2\repository\org\jgrapht\jgrapht-core\1.5.2\jgrapht-core-1.5.2.jar  C:\Users\dhiebert\.m2\repository\org\jheaps\jheaps\0.14\jheaps-0.14.jar  C:\Users\dhiebert\.m2\repository\org\apfloat\apfloat\1.10.1\apfloat-1.10.1.jar  C:\Users\dhiebert\.m2\repository\de\gsi\chart\chartfx-chart\11.2.7\chartfx-chart-11.2.7.jar  C:\Users\dhiebert\.m2\repository\org\openjfx\javafx-base\13.0.1\javafx-base-13.0.1.jar  C:\Users\dhiebert\.m2\repository\org\openjfx\javafx-base\13.0.1\javafx-base-13.0.1-win.jar  C:\Users\dhiebert\.m2\repository\org\openjfx\javafx-controls\13.0.1\javafx-controls-13.0.1.jar  C:\Users\dhiebert\.m2\repository\org\openjfx\javafx-controls\13.0.1\javafx-controls-13.0.1-win.jar  C:\Users\dhiebert\.m2\repository\org\openjfx\javafx-graphics\13.0.1\javafx-graphics-13.0.1.jar  C:\Users\dhiebert\.m2\repository\org\openjfx\javafx-graphics\13.0.1\javafx-graphics-13.0.1-win.jar  C:\Users\dhiebert\.m2\repository\org\kordamp\ikonli\ikonli-javafx\11.5.0\ikonli-javafx-11.5.0.jar  C:\Users\dhiebert\.m2\repository\org\kordamp\ikonli\ikonli-core\11.5.0\ikonli-core-11.5.0.jar  C:\Users\dhiebert\.m2\repository\org\kordamp\ikonli\ikonli-fontawesome-pack\11.5.0\ikonli-fontawesome-pack-11.5.0.jar  C:\Users\dhiebert\.m2\repository\org\kordamp\ikonli\ikonli-fontawesome5-pack\11.5.0\ikonli-fontawesome5-pack-11.5.0.jar  C:\Users\dhiebert\.m2\repository\de\gsi\dataset\chartfx-dataset\11.2.7\chartfx-dataset-11.2.7.jar  C:\Users\dhiebert\.m2\repository\it\unimi\dsi\fastutil\8.3.1\fastutil-8.3.1.jar  C:\Users\dhiebert\.m2\repository\de\gsi\math\chartfx-math\11.2.7\chartfx-math-11.2.7.jar  C:\Users\dhiebert\.m2\repository\com\github\wendykierp\JTransforms\3.1\JTransforms-3.1.jar  C:\Users\dhiebert\.m2\repository\pl\edu\icm\JLargeArrays\1.5\JLargeArrays-1.5.jar  C:\Users\dhiebert\.m2\repository\org\apache\commons\commons-math3\3.6.1\commons-math3-3.6.1.jar  C:\Users\dhiebert\.m2\repository\org\controlsfx\controlsfx\11.0.0\controlsfx-11.0.0.jar  C:\Users\dhiebert\.m2\repository\org\openjfx\javafx-media\11\javafx-media-11.jar  C:\Users\dhiebert\.m2\repository\org\openjfx\javafx-media\11\javafx-media-11-win.jar  C:\Users\dhiebert\.m2\repository\com\ibm\icu\icu4j\65.1\icu4j-65.1.jar  C:\Users\dhiebert\.m2\repository\ar\com\hjg\pngj\2.1.0\pngj-2.1.0.jar  C:\Users\dhiebert\.m2\repository\org\apache\commons\commons-lang3\3.13.0\commons-lang3-3.13.0.jar  C:\Users\dhiebert\.m2\repository\org\jetbrains\annotations\21.0.1\annotations-21.0.1.jar  C:\Users\dhiebert\.m2\repository\javax\annotation\javax.annotation-api\1.3.2\javax.annotation-api-1.3.2.jar
[DEBUG] provider classpath:  C:\Users\dhiebert\.m2\repository\org\apache\maven\surefire\surefire-junit-platform\3.1.2\surefire-junit-platform-3.1.2.jar  C:\Users\dhiebert\.m2\repository\org\apache\maven\surefire\surefire-api\3.1.2\surefire-api-3.1.2.jar  C:\Users\dhiebert\.m2\repository\org\apache\maven\surefire\surefire-logger-api\3.1.2\surefire-logger-api-3.1.2.jar  C:\Users\dhiebert\.m2\repository\org\apache\maven\surefire\surefire-shared-utils\3.1.2\surefire-shared-utils-3.1.2.jar  C:\Users\dhiebert\.m2\repository\org\apache\maven\surefire\common-java5\3.1.2\common-java5-3.1.2.jar  C:\Users\dhiebert\.m2\repository\org\junit\platform\junit-platform-launcher\1.10.1\junit-platform-launcher-1.10.1.jar
[DEBUG] test(compact) classpath:  test-classes  classes  spring-boot-starter-web-3.2.0.jar  spring-boot-starter-3.2.0.jar  spring-boot-3.2.0.jar  spring-boot-autoconfigure-3.2.0.jar  spring-boot-starter-logging-3.2.0.jar  logback-classic-1.4.11.jar  logback-core-1.4.11.jar  log4j-to-slf4j-2.21.1.jar  log4j-api-2.21.1.jar  jul-to-slf4j-2.0.9.jar  jakarta.annotation-api-2.1.1.jar  snakeyaml-2.2.jar  spring-boot-starter-json-3.2.0.jar  jackson-datatype-jdk8-2.15.3.jar  jackson-datatype-jsr310-2.15.3.jar  jackson-module-parameter-names-2.15.3.jar  spring-boot-starter-tomcat-3.2.0.jar  tomcat-embed-core-10.1.16.jar  tomcat-embed-websocket-10.1.16.jar  spring-web-6.1.1.jar  spring-beans-6.1.1.jar  micrometer-observation-1.12.0.jar  micrometer-commons-1.12.0.jar  spring-webmvc-6.1.1.jar  spring-context-6.1.1.jar  spring-expression-6.1.1.jar  spring-boot-starter-data-jpa-3.2.0.jar  spring-boot-starter-aop-3.2.0.jar  aspectjweaver-1.9.20.1.jar  spring-boot-starter-jdbc-3.2.0.jar  spring-jdbc-6.1.1.jar  hibernate-core-6.3.1.Final.jar  jakarta.persistence-api-3.1.0.jar  jakarta.transaction-api-2.0.1.jar  hibernate-commons-annotations-6.0.6.Final.jar  jandex-3.1.2.jar  jaxb-runtime-4.0.4.jar  jaxb-core-4.0.4.jar  angus-activation-2.0.1.jar  txw2-4.0.4.jar  istack-commons-runtime-4.1.2.jar  jakarta.inject-api-2.0.1.jar  antlr4-runtime-4.10.1.jar  spring-data-jpa-3.2.0.jar  spring-data-commons-3.2.0.jar  spring-orm-6.1.1.jar  spring-tx-6.1.1.jar  spring-aspects-6.1.1.jar  spring-boot-starter-thymeleaf-3.2.0.jar  thymeleaf-spring6-3.1.2.RELEASE.jar  thymeleaf-3.1.2.RELEASE.jar  attoparser-2.0.7.RELEASE.jar  unbescape-1.1.6.RELEASE.jar  spring-boot-starter-security-3.2.0.jar  spring-aop-6.1.1.jar  spring-security-config-6.2.0.jar  spring-security-core-6.2.0.jar  spring-security-crypto-6.2.0.jar  spring-security-web-6.2.0.jar  spring-boot-starter-validation-3.2.0.jar  tomcat-embed-el-10.1.16.jar  spring-boot-starter-websocket-3.2.0.jar  spring-messaging-6.1.1.jar  spring-websocket-6.1.1.jar  h2-2.2.224.jar  sqlite-jdbc-3.44.1.0.jar  slf4j-api-2.0.9.jar  HikariCP-5.0.1.jar  hibernate-validator-8.0.1.Final.jar  jakarta.validation-api-3.0.2.jar  jboss-logging-3.5.3.Final.jar  classmate-1.6.0.jar  spring-boot-starter-test-3.2.0.jar  spring-boot-test-3.2.0.jar  spring-boot-test-autoconfigure-3.2.0.jar  json-path-2.8.0.jar  jakarta.xml.bind-api-4.0.1.jar  jakarta.activation-api-2.1.2.jar  json-smart-2.5.0.jar  accessors-smart-2.5.0.jar  asm-9.3.jar  assertj-core-3.24.2.jar  awaitility-4.2.0.jar  hamcrest-2.2.jar  mockito-junit-jupiter-5.7.0.jar  jsonassert-1.5.1.jar  android-json-0.0.20131108.vaadin1.jar  spring-core-6.1.1.jar  spring-jcl-6.1.1.jar  spring-test-6.1.1.jar  xmlunit-core-2.9.1.jar  junit-jupiter-5.10.1.jar  junit-jupiter-api-5.10.1.jar  opentest4j-1.3.0.jar  junit-platform-commons-1.10.1.jar  apiguardian-api-1.1.2.jar  junit-jupiter-params-5.10.1.jar  junit-jupiter-engine-5.10.1.jar  junit-platform-engine-1.10.1.jar  mockito-core-5.7.0.jar  byte-buddy-1.14.10.jar  byte-buddy-agent-1.14.10.jar  objenesis-3.3.jar  pdfbox-2.0.27.jar  fontbox-2.0.27.jar  commons-logging-1.2.jar  jackson-databind-2.15.3.jar  jackson-annotations-2.15.3.jar  jackson-core-2.15.3.jar  batik-all-1.16.jar  xml-apis-1.4.01.jar  xml-apis-ext-1.3.04.jar  xmlgraphics-commons-2.7.jar  commons-io-1.3.1.jar  jgrapht-core-1.5.2.jar  jheaps-0.14.jar  apfloat-1.10.1.jar  chartfx-chart-11.2.7.jar  javafx-base-13.0.1.jar  javafx-base-13.0.1-win.jar  javafx-controls-13.0.1.jar  javafx-controls-13.0.1-win.jar  javafx-graphics-13.0.1.jar  javafx-graphics-13.0.1-win.jar  ikonli-javafx-11.5.0.jar  ikonli-core-11.5.0.jar  ikonli-fontawesome-pack-11.5.0.jar  ikonli-fontawesome5-pack-11.5.0.jar  chartfx-dataset-11.2.7.jar  fastutil-8.3.1.jar  chartfx-math-11.2.7.jar  JTransforms-3.1.jar  JLargeArrays-1.5.jar  commons-math3-3.6.1.jar  controlsfx-11.0.0.jar  javafx-media-11.jar  javafx-media-11-win.jar  icu4j-65.1.jar  pngj-2.1.0.jar  commons-lang3-3.13.0.jar  annotations-21.0.1.jar  javax.annotation-api-1.3.2.jar
[DEBUG] provider(compact) classpath:  surefire-junit-platform-3.1.2.jar  surefire-api-3.1.2.jar  surefire-logger-api-3.1.2.jar  surefire-shared-utils-3.1.2.jar  common-java5-3.1.2.jar  junit-platform-launcher-1.10.1.jar
[DEBUG] in-process classpath:  C:\Users\dhiebert\.m2\repository\org\apache\maven\surefire\surefire-junit-platform\3.1.2\surefire-junit-platform-3.1.2.jar  C:\Users\dhiebert\.m2\repository\org\apache\maven\surefire\surefire-api\3.1.2\surefire-api-3.1.2.jar  C:\Users\dhiebert\.m2\repository\org\apache\maven\surefire\surefire-logger-api\3.1.2\surefire-logger-api-3.1.2.jar  C:\Users\dhiebert\.m2\repository\org\apache\maven\surefire\surefire-shared-utils\3.1.2\surefire-shared-utils-3.1.2.jar  C:\Users\dhiebert\.m2\repository\org\apache\maven\surefire\common-java5\3.1.2\common-java5-3.1.2.jar  C:\Users\dhiebert\.m2\repository\org\junit\platform\junit-platform-launcher\1.10.1\junit-platform-launcher-1.10.1.jar  C:\Users\dhiebert\.m2\repository\org\apache\maven\surefire\maven-surefire-common\3.1.2\maven-surefire-common-3.1.2.jar  C:\Users\dhiebert\.m2\repository\org\apache\maven\surefire\surefire-booter\3.1.2\surefire-booter-3.1.2.jar  C:\Users\dhiebert\.m2\repository\org\apache\maven\surefire\surefire-extensions-api\3.1.2\surefire-extensions-api-3.1.2.jar  C:\Users\dhiebert\.m2\repository\org\apache\maven\surefire\surefire-extensions-spi\3.1.2\surefire-extensions-spi-3.1.2.jar
[DEBUG] in-process(compact) classpath:  surefire-junit-platform-3.1.2.jar  surefire-api-3.1.2.jar  surefire-logger-api-3.1.2.jar  surefire-shared-utils-3.1.2.jar  common-java5-3.1.2.jar  junit-platform-launcher-1.10.1.jar  maven-surefire-common-3.1.2.jar  surefire-booter-3.1.2.jar  surefire-extensions-api-3.1.2.jar  surefire-extensions-spi-3.1.2.jar
[INFO] 
[INFO] -------------------------------------------------------
[INFO]  T E S T S
[INFO] -------------------------------------------------------
[DEBUG] Determined Maven Process ID 27348
[DEBUG] Fork Channel [1] connection string 'pipe://1' for the implementation class org.apache.maven.plugin.surefire.extensions.LegacyForkChannel
[DEBUG] boot classpath:  C:\Users\dhiebert\.m2\repository\org\apache\maven\surefire\surefire-api\3.1.2\surefire-api-3.1.2.jar  C:\Users\dhiebert\.m2\repository\org\apache\maven\surefire\surefire-booter\3.1.2\surefire-booter-3.1.2.jar  C:\Users\dhiebert\.m2\repository\org\apache\maven\surefire\surefire-extensions-spi\3.1.2\surefire-extensions-spi-3.1.2.jar  C:\Users\dhiebert\.m2\repository\org\apache\maven\surefire\surefire-logger-api\3.1.2\surefire-logger-api-3.1.2.jar  C:\Users\dhiebert\.m2\repository\org\apache\maven\surefire\surefire-shared-utils\3.1.2\surefire-shared-utils-3.1.2.jar  C:\Users\dhiebert\Local Repositories\Project Management 2.0\target\test-classes  C:\Users\dhiebert\Local Repositories\Project Management 2.0\target\classes  C:\Users\dhiebert\.m2\repository\org\springframework\boot\spring-boot-starter-web\3.2.0\spring-boot-starter-web-3.2.0.jar  C:\Users\dhiebert\.m2\repository\org\springframework\boot\spring-boot-starter\3.2.0\spring-boot-starter-3.2.0.jar  C:\Users\dhiebert\.m2\repository\org\springframework\boot\spring-boot\3.2.0\spring-boot-3.2.0.jar  C:\Users\dhiebert\.m2\repository\org\springframework\boot\spring-boot-autoconfigure\3.2.0\spring-boot-autoconfigure-3.2.0.jar  C:\Users\dhiebert\.m2\repository\org\springframework\boot\spring-boot-starter-logging\3.2.0\spring-boot-starter-logging-3.2.0.jar  C:\Users\dhiebert\.m2\repository\ch\qos\logback\logback-classic\1.4.11\logback-classic-1.4.11.jar  C:\Users\dhiebert\.m2\repository\ch\qos\logback\logback-core\1.4.11\logback-core-1.4.11.jar  C:\Users\dhiebert\.m2\repository\org\apache\logging\log4j\log4j-to-slf4j\2.21.1\log4j-to-slf4j-2.21.1.jar  C:\Users\dhiebert\.m2\repository\org\apache\logging\log4j\log4j-api\2.21.1\log4j-api-2.21.1.jar  C:\Users\dhiebert\.m2\repository\org\slf4j\jul-to-slf4j\2.0.9\jul-to-slf4j-2.0.9.jar  C:\Users\dhiebert\.m2\repository\jakarta\annotation\jakarta.annotation-api\2.1.1\jakarta.annotation-api-2.1.1.jar  C:\Users\dhiebert\.m2\repository\org\yaml\snakeyaml\2.2\snakeyaml-2.2.jar  C:\Users\dhiebert\.m2\repository\org\springframework\boot\spring-boot-starter-json\3.2.0\spring-boot-starter-json-3.2.0.jar  C:\Users\dhiebert\.m2\repository\com\fasterxml\jackson\datatype\jackson-datatype-jdk8\2.15.3\jackson-datatype-jdk8-2.15.3.jar  C:\Users\dhiebert\.m2\repository\com\fasterxml\jackson\datatype\jackson-datatype-jsr310\2.15.3\jackson-datatype-jsr310-2.15.3.jar  C:\Users\dhiebert\.m2\repository\com\fasterxml\jackson\module\jackson-module-parameter-names\2.15.3\jackson-module-parameter-names-2.15.3.jar  C:\Users\dhiebert\.m2\repository\org\springframework\boot\spring-boot-starter-tomcat\3.2.0\spring-boot-starter-tomcat-3.2.0.jar  C:\Users\dhiebert\.m2\repository\org\apache\tomcat\embed\tomcat-embed-core\10.1.16\tomcat-embed-core-10.1.16.jar  C:\Users\dhiebert\.m2\repository\org\apache\tomcat\embed\tomcat-embed-websocket\10.1.16\tomcat-embed-websocket-10.1.16.jar  C:\Users\dhiebert\.m2\repository\org\springframework\spring-web\6.1.1\spring-web-6.1.1.jar  C:\Users\dhiebert\.m2\repository\org\springframework\spring-beans\6.1.1\spring-beans-6.1.1.jar  C:\Users\dhiebert\.m2\repository\io\micrometer\micrometer-observation\1.12.0\micrometer-observation-1.12.0.jar  C:\Users\dhiebert\.m2\repository\io\micrometer\micrometer-commons\1.12.0\micrometer-commons-1.12.0.jar  C:\Users\dhiebert\.m2\repository\org\springframework\spring-webmvc\6.1.1\spring-webmvc-6.1.1.jar  C:\Users\dhiebert\.m2\repository\org\springframework\spring-context\6.1.1\spring-context-6.1.1.jar  C:\Users\dhiebert\.m2\repository\org\springframework\spring-expression\6.1.1\spring-expression-6.1.1.jar  C:\Users\dhiebert\.m2\repository\org\springframework\boot\spring-boot-starter-data-jpa\3.2.0\spring-boot-starter-data-jpa-3.2.0.jar  C:\Users\dhiebert\.m2\repository\org\springframework\boot\spring-boot-starter-aop\3.2.0\spring-boot-starter-aop-3.2.0.jar  C:\Users\dhiebert\.m2\repository\org\aspectj\aspectjweaver\1.9.20.1\aspectjweaver-1.9.20.1.jar  C:\Users\dhiebert\.m2\repository\org\springframework\boot\spring-boot-starter-jdbc\3.2.0\spring-boot-starter-jdbc-3.2.0.jar  C:\Users\dhiebert\.m2\repository\org\springframework\spring-jdbc\6.1.1\spring-jdbc-6.1.1.jar  C:\Users\dhiebert\.m2\repository\org\hibernate\orm\hibernate-core\6.3.1.Final\hibernate-core-6.3.1.Final.jar  C:\Users\dhiebert\.m2\repository\jakarta\persistence\jakarta.persistence-api\3.1.0\jakarta.persistence-api-3.1.0.jar  C:\Users\dhiebert\.m2\repository\jakarta\transaction\jakarta.transaction-api\2.0.1\jakarta.transaction-api-2.0.1.jar  C:\Users\dhiebert\.m2\repository\org\hibernate\common\hibernate-commons-annotations\6.0.6.Final\hibernate-commons-annotations-6.0.6.Final.jar  C:\Users\dhiebert\.m2\repository\io\smallrye\jandex\3.1.2\jandex-3.1.2.jar  C:\Users\dhiebert\.m2\repository\org\glassfish\jaxb\jaxb-runtime\4.0.4\jaxb-runtime-4.0.4.jar  C:\Users\dhiebert\.m2\repository\org\glassfish\jaxb\jaxb-core\4.0.4\jaxb-core-4.0.4.jar  C:\Users\dhiebert\.m2\repository\org\eclipse\angus\angus-activation\2.0.1\angus-activation-2.0.1.jar  C:\Users\dhiebert\.m2\repository\org\glassfish\jaxb\txw2\4.0.4\txw2-4.0.4.jar  C:\Users\dhiebert\.m2\repository\com\sun\istack\istack-commons-runtime\4.1.2\istack-commons-runtime-4.1.2.jar  C:\Users\dhiebert\.m2\repository\jakarta\inject\jakarta.inject-api\2.0.1\jakarta.inject-api-2.0.1.jar  C:\Users\dhiebert\.m2\repository\org\antlr\antlr4-runtime\4.10.1\antlr4-runtime-4.10.1.jar  C:\Users\dhiebert\.m2\repository\org\springframework\data\spring-data-jpa\3.2.0\spring-data-jpa-3.2.0.jar  C:\Users\dhiebert\.m2\repository\org\springframework\data\spring-data-commons\3.2.0\spring-data-commons-3.2.0.jar  C:\Users\dhiebert\.m2\repository\org\springframework\spring-orm\6.1.1\spring-orm-6.1.1.jar  C:\Users\dhiebert\.m2\repository\org\springframework\spring-tx\6.1.1\spring-tx-6.1.1.jar  C:\Users\dhiebert\.m2\repository\org\springframework\spring-aspects\6.1.1\spring-aspects-6.1.1.jar  C:\Users\dhiebert\.m2\repository\org\springframework\boot\spring-boot-starter-thymeleaf\3.2.0\spring-boot-starter-thymeleaf-3.2.0.jar  C:\Users\dhiebert\.m2\repository\org\thymeleaf\thymeleaf-spring6\3.1.2.RELEASE\thymeleaf-spring6-3.1.2.RELEASE.jar  C:\Users\dhiebert\.m2\repository\org\thymeleaf\thymeleaf\3.1.2.RELEASE\thymeleaf-3.1.2.RELEASE.jar  C:\Users\dhiebert\.m2\repository\org\attoparser\attoparser\2.0.7.RELEASE\attoparser-2.0.7.RELEASE.jar  C:\Users\dhiebert\.m2\repository\org\unbescape\unbescape\1.1.6.RELEASE\unbescape-1.1.6.RELEASE.jar  C:\Users\dhiebert\.m2\repository\org\springframework\boot\spring-boot-starter-security\3.2.0\spring-boot-starter-security-3.2.0.jar  C:\Users\dhiebert\.m2\repository\org\springframework\spring-aop\6.1.1\spring-aop-6.1.1.jar  C:\Users\dhiebert\.m2\repository\org\springframework\security\spring-security-config\6.2.0\spring-security-config-6.2.0.jar  C:\Users\dhiebert\.m2\repository\org\springframework\security\spring-security-core\6.2.0\spring-security-core-6.2.0.jar  C:\Users\dhiebert\.m2\repository\org\springframework\security\spring-security-crypto\6.2.0\spring-security-crypto-6.2.0.jar  C:\Users\dhiebert\.m2\repository\org\springframework\security\spring-security-web\6.2.0\spring-security-web-6.2.0.jar  C:\Users\dhiebert\.m2\repository\org\springframework\boot\spring-boot-starter-validation\3.2.0\spring-boot-starter-validation-3.2.0.jar  C:\Users\dhiebert\.m2\repository\org\apache\tomcat\embed\tomcat-embed-el\10.1.16\tomcat-embed-el-10.1.16.jar  C:\Users\dhiebert\.m2\repository\org\springframework\boot\spring-boot-starter-websocket\3.2.0\spring-boot-starter-websocket-3.2.0.jar  C:\Users\dhiebert\.m2\repository\org\springframework\spring-messaging\6.1.1\spring-messaging-6.1.1.jar  C:\Users\dhiebert\.m2\repository\org\springframework\spring-websocket\6.1.1\spring-websocket-6.1.1.jar  C:\Users\dhiebert\.m2\repository\com\h2database\h2\2.2.224\h2-2.2.224.jar  C:\Users\dhiebert\.m2\repository\org\xerial\sqlite-jdbc\3.44.1.0\sqlite-jdbc-3.44.1.0.jar  C:\Users\dhiebert\.m2\repository\org\slf4j\slf4j-api\2.0.9\slf4j-api-2.0.9.jar  C:\Users\dhiebert\.m2\repository\com\zaxxer\HikariCP\5.0.1\HikariCP-5.0.1.jar  C:\Users\dhiebert\.m2\repository\org\hibernate\validator\hibernate-validator\8.0.1.Final\hibernate-validator-8.0.1.Final.jar  C:\Users\dhiebert\.m2\repository\jakarta\validation\jakarta.validation-api\3.0.2\jakarta.validation-api-3.0.2.jar  C:\Users\dhiebert\.m2\repository\org\jboss\logging\jboss-logging\3.5.3.Final\jboss-logging-3.5.3.Final.jar  C:\Users\dhiebert\.m2\repository\com\fasterxml\classmate\1.6.0\classmate-1.6.0.jar  C:\Users\dhiebert\.m2\repository\org\springframework\boot\spring-boot-starter-test\3.2.0\spring-boot-starter-test-3.2.0.jar  C:\Users\dhiebert\.m2\repository\org\springframework\boot\spring-boot-test\3.2.0\spring-boot-test-3.2.0.jar  C:\Users\dhiebert\.m2\repository\org\springframework\boot\spring-boot-test-autoconfigure\3.2.0\spring-boot-test-autoconfigure-3.2.0.jar  C:\Users\dhiebert\.m2\repository\com\jayway\jsonpath\json-path\2.8.0\json-path-2.8.0.jar  C:\Users\dhiebert\.m2\repository\jakarta\xml\bind\jakarta.xml.bind-api\4.0.1\jakarta.xml.bind-api-4.0.1.jar  C:\Users\dhiebert\.m2\repository\jakarta\activation\jakarta.activation-api\2.1.2\jakarta.activation-api-2.1.2.jar  C:\Users\dhiebert\.m2\repository\net\minidev\json-smart\2.5.0\json-smart-2.5.0.jar  C:\Users\dhiebert\.m2\repository\net\minidev\accessors-smart\2.5.0\accessors-smart-2.5.0.jar  C:\Users\dhiebert\.m2\repository\org\ow2\asm\asm\9.3\asm-9.3.jar  C:\Users\dhiebert\.m2\repository\org\assertj\assertj-core\3.24.2\assertj-core-3.24.2.jar  C:\Users\dhiebert\.m2\repository\org\awaitility\awaitility\4.2.0\awaitility-4.2.0.jar  C:\Users\dhiebert\.m2\repository\org\hamcrest\hamcrest\2.2\hamcrest-2.2.jar  C:\Users\dhiebert\.m2\repository\org\mockito\mockito-junit-jupiter\5.7.0\mockito-junit-jupiter-5.7.0.jar  C:\Users\dhiebert\.m2\repository\org\skyscreamer\jsonassert\1.5.1\jsonassert-1.5.1.jar  C:\Users\dhiebert\.m2\repository\com\vaadin\external\google\android-json\0.0.20131108.vaadin1\android-json-0.0.20131108.vaadin1.jar  C:\Users\dhiebert\.m2\repository\org\springframework\spring-core\6.1.1\spring-core-6.1.1.jar  C:\Users\dhiebert\.m2\repository\org\springframework\spring-jcl\6.1.1\spring-jcl-6.1.1.jar  C:\Users\dhiebert\.m2\repository\org\springframework\spring-test\6.1.1\spring-test-6.1.1.jar  C:\Users\dhiebert\.m2\repository\org\xmlunit\xmlunit-core\2.9.1\xmlunit-core-2.9.1.jar  C:\Users\dhiebert\.m2\repository\org\junit\jupiter\junit-jupiter\5.10.1\junit-jupiter-5.10.1.jar  C:\Users\dhiebert\.m2\repository\org\junit\jupiter\junit-jupiter-api\5.10.1\junit-jupiter-api-5.10.1.jar  C:\Users\dhiebert\.m2\repository\org\opentest4j\opentest4j\1.3.0\opentest4j-1.3.0.jar  C:\Users\dhiebert\.m2\repository\org\junit\platform\junit-platform-commons\1.10.1\junit-platform-commons-1.10.1.jar  C:\Users\dhiebert\.m2\repository\org\apiguardian\apiguardian-api\1.1.2\apiguardian-api-1.1.2.jar  C:\Users\dhiebert\.m2\repository\org\junit\jupiter\junit-jupiter-params\5.10.1\junit-jupiter-params-5.10.1.jar  C:\Users\dhiebert\.m2\repository\org\junit\jupiter\junit-jupiter-engine\5.10.1\junit-jupiter-engine-5.10.1.jar  C:\Users\dhiebert\.m2\repository\org\junit\platform\junit-platform-engine\1.10.1\junit-platform-engine-1.10.1.jar  C:\Users\dhiebert\.m2\repository\org\mockito\mockito-core\5.7.0\mockito-core-5.7.0.jar  C:\Users\dhiebert\.m2\repository\net\bytebuddy\byte-buddy\1.14.10\byte-buddy-1.14.10.jar  C:\Users\dhiebert\.m2\repository\net\bytebuddy\byte-buddy-agent\1.14.10\byte-buddy-agent-1.14.10.jar  C:\Users\dhiebert\.m2\repository\org\objenesis\objenesis\3.3\objenesis-3.3.jar  C:\Users\dhiebert\.m2\repository\org\apache\pdfbox\pdfbox\2.0.27\pdfbox-2.0.27.jar  C:\Users\dhiebert\.m2\repository\org\apache\pdfbox\fontbox\2.0.27\fontbox-2.0.27.jar  C:\Users\dhiebert\.m2\repository\commons-logging\commons-logging\1.2\commons-logging-1.2.jar  C:\Users\dhiebert\.m2\repository\com\fasterxml\jackson\core\jackson-databind\2.15.3\jackson-databind-2.15.3.jar  C:\Users\dhiebert\.m2\repository\com\fasterxml\jackson\core\jackson-annotations\2.15.3\jackson-annotations-2.15.3.jar  C:\Users\dhiebert\.m2\repository\com\fasterxml\jackson\core\jackson-core\2.15.3\jackson-core-2.15.3.jar  C:\Users\dhiebert\.m2\repository\org\apache\xmlgraphics\batik-all\1.16\batik-all-1.16.jar  C:\Users\dhiebert\.m2\repository\xml-apis\xml-apis\1.4.01\xml-apis-1.4.01.jar  C:\Users\dhiebert\.m2\repository\xml-apis\xml-apis-ext\1.3.04\xml-apis-ext-1.3.04.jar  C:\Users\dhiebert\.m2\repository\org\apache\xmlgraphics\xmlgraphics-commons\2.7\xmlgraphics-commons-2.7.jar  C:\Users\dhiebert\.m2\repository\commons-io\commons-io\1.3.1\commons-io-1.3.1.jar  C:\Users\dhiebert\.m2\repository\org\jgrapht\jgrapht-core\1.5.2\jgrapht-core-1.5.2.jar  C:\Users\dhiebert\.m2\repository\org\jheaps\jheaps\0.14\jheaps-0.14.jar  C:\Users\dhiebert\.m2\repository\org\apfloat\apfloat\1.10.1\apfloat-1.10.1.jar  C:\Users\dhiebert\.m2\repository\de\gsi\chart\chartfx-chart\11.2.7\chartfx-chart-11.2.7.jar  C:\Users\dhiebert\.m2\repository\org\openjfx\javafx-base\13.0.1\javafx-base-13.0.1.jar  C:\Users\dhiebert\.m2\repository\org\openjfx\javafx-base\13.0.1\javafx-base-13.0.1-win.jar  C:\Users\dhiebert\.m2\repository\org\openjfx\javafx-controls\13.0.1\javafx-controls-13.0.1.jar  C:\Users\dhiebert\.m2\repository\org\openjfx\javafx-controls\13.0.1\javafx-controls-13.0.1-win.jar  C:\Users\dhiebert\.m2\repository\org\openjfx\javafx-graphics\13.0.1\javafx-graphics-13.0.1.jar  C:\Users\dhiebert\.m2\repository\org\openjfx\javafx-graphics\13.0.1\javafx-graphics-13.0.1-win.jar  C:\Users\dhiebert\.m2\repository\org\kordamp\ikonli\ikonli-javafx\11.5.0\ikonli-javafx-11.5.0.jar  C:\Users\dhiebert\.m2\repository\org\kordamp\ikonli\ikonli-core\11.5.0\ikonli-core-11.5.0.jar  C:\Users\dhiebert\.m2\repository\org\kordamp\ikonli\ikonli-fontawesome-pack\11.5.0\ikonli-fontawesome-pack-11.5.0.jar  C:\Users\dhiebert\.m2\repository\org\kordamp\ikonli\ikonli-fontawesome5-pack\11.5.0\ikonli-fontawesome5-pack-11.5.0.jar  C:\Users\dhiebert\.m2\repository\de\gsi\dataset\chartfx-dataset\11.2.7\chartfx-dataset-11.2.7.jar  C:\Users\dhiebert\.m2\repository\it\unimi\dsi\fastutil\8.3.1\fastutil-8.3.1.jar  C:\Users\dhiebert\.m2\repository\de\gsi\math\chartfx-math\11.2.7\chartfx-math-11.2.7.jar  C:\Users\dhiebert\.m2\repository\com\github\wendykierp\JTransforms\3.1\JTransforms-3.1.jar  C:\Users\dhiebert\.m2\repository\pl\edu\icm\JLargeArrays\1.5\JLargeArrays-1.5.jar  C:\Users\dhiebert\.m2\repository\org\apache\commons\commons-math3\3.6.1\commons-math3-3.6.1.jar  C:\Users\dhiebert\.m2\repository\org\controlsfx\controlsfx\11.0.0\controlsfx-11.0.0.jar  C:\Users\dhiebert\.m2\repository\org\openjfx\javafx-media\11\javafx-media-11.jar  C:\Users\dhiebert\.m2\repository\org\openjfx\javafx-media\11\javafx-media-11-win.jar  C:\Users\dhiebert\.m2\repository\com\ibm\icu\icu4j\65.1\icu4j-65.1.jar  C:\Users\dhiebert\.m2\repository\ar\com\hjg\pngj\2.1.0\pngj-2.1.0.jar  C:\Users\dhiebert\.m2\repository\org\apache\commons\commons-lang3\3.13.0\commons-lang3-3.13.0.jar  C:\Users\dhiebert\.m2\repository\org\jetbrains\annotations\21.0.1\annotations-21.0.1.jar  C:\Users\dhiebert\.m2\repository\javax\annotation\javax.annotation-api\1.3.2\javax.annotation-api-1.3.2.jar  C:\Users\dhiebert\.m2\repository\org\apache\maven\surefire\surefire-junit-platform\3.1.2\surefire-junit-platform-3.1.2.jar  C:\Users\dhiebert\.m2\repository\org\apache\maven\surefire\common-java5\3.1.2\common-java5-3.1.2.jar  C:\Users\dhiebert\.m2\repository\org\junit\platform\junit-platform-launcher\1.10.1\junit-platform-launcher-1.10.1.jar
[DEBUG] boot(compact) classpath:  surefire-api-3.1.2.jar  surefire-booter-3.1.2.jar  surefire-extensions-spi-3.1.2.jar  surefire-logger-api-3.1.2.jar  surefire-shared-utils-3.1.2.jar  test-classes  classes  spring-boot-starter-web-3.2.0.jar  spring-boot-starter-3.2.0.jar  spring-boot-3.2.0.jar  spring-boot-autoconfigure-3.2.0.jar  spring-boot-starter-logging-3.2.0.jar  logback-classic-1.4.11.jar  logback-core-1.4.11.jar  log4j-to-slf4j-2.21.1.jar  log4j-api-2.21.1.jar  jul-to-slf4j-2.0.9.jar  jakarta.annotation-api-2.1.1.jar  snakeyaml-2.2.jar  spring-boot-starter-json-3.2.0.jar  jackson-datatype-jdk8-2.15.3.jar  jackson-datatype-jsr310-2.15.3.jar  jackson-module-parameter-names-2.15.3.jar  spring-boot-starter-tomcat-3.2.0.jar  tomcat-embed-core-10.1.16.jar  tomcat-embed-websocket-10.1.16.jar  spring-web-6.1.1.jar  spring-beans-6.1.1.jar  micrometer-observation-1.12.0.jar  micrometer-commons-1.12.0.jar  spring-webmvc-6.1.1.jar  spring-context-6.1.1.jar  spring-expression-6.1.1.jar  spring-boot-starter-data-jpa-3.2.0.jar  spring-boot-starter-aop-3.2.0.jar  aspectjweaver-1.9.20.1.jar  spring-boot-starter-jdbc-3.2.0.jar  spring-jdbc-6.1.1.jar  hibernate-core-6.3.1.Final.jar  jakarta.persistence-api-3.1.0.jar  jakarta.transaction-api-2.0.1.jar  hibernate-commons-annotations-6.0.6.Final.jar  jandex-3.1.2.jar  jaxb-runtime-4.0.4.jar  jaxb-core-4.0.4.jar  angus-activation-2.0.1.jar  txw2-4.0.4.jar  istack-commons-runtime-4.1.2.jar  jakarta.inject-api-2.0.1.jar  antlr4-runtime-4.10.1.jar  spring-data-jpa-3.2.0.jar  spring-data-commons-3.2.0.jar  spring-orm-6.1.1.jar  spring-tx-6.1.1.jar  spring-aspects-6.1.1.jar  spring-boot-starter-thymeleaf-3.2.0.jar  thymeleaf-spring6-3.1.2.RELEASE.jar  thymeleaf-3.1.2.RELEASE.jar  attoparser-2.0.7.RELEASE.jar  unbescape-1.1.6.RELEASE.jar  spring-boot-starter-security-3.2.0.jar  spring-aop-6.1.1.jar  spring-security-config-6.2.0.jar  spring-security-core-6.2.0.jar  spring-security-crypto-6.2.0.jar  spring-security-web-6.2.0.jar  spring-boot-starter-validation-3.2.0.jar  tomcat-embed-el-10.1.16.jar  spring-boot-starter-websocket-3.2.0.jar  spring-messaging-6.1.1.jar  spring-websocket-6.1.1.jar  h2-2.2.224.jar  sqlite-jdbc-3.44.1.0.jar  slf4j-api-2.0.9.jar  HikariCP-5.0.1.jar  hibernate-validator-8.0.1.Final.jar  jakarta.validation-api-3.0.2.jar  jboss-logging-3.5.3.Final.jar  classmate-1.6.0.jar  spring-boot-starter-test-3.2.0.jar  spring-boot-test-3.2.0.jar  spring-boot-test-autoconfigure-3.2.0.jar  json-path-2.8.0.jar  jakarta.xml.bind-api-4.0.1.jar  jakarta.activation-api-2.1.2.jar  json-smart-2.5.0.jar  accessors-smart-2.5.0.jar  asm-9.3.jar  assertj-core-3.24.2.jar  awaitility-4.2.0.jar  hamcrest-2.2.jar  mockito-junit-jupiter-5.7.0.jar  jsonassert-1.5.1.jar  android-json-0.0.20131108.vaadin1.jar  spring-core-6.1.1.jar  spring-jcl-6.1.1.jar  spring-test-6.1.1.jar  xmlunit-core-2.9.1.jar  junit-jupiter-5.10.1.jar  junit-jupiter-api-5.10.1.jar  opentest4j-1.3.0.jar  junit-platform-commons-1.10.1.jar  apiguardian-api-1.1.2.jar  junit-jupiter-params-5.10.1.jar  junit-jupiter-engine-5.10.1.jar  junit-platform-engine-1.10.1.jar  mockito-core-5.7.0.jar  byte-buddy-1.14.10.jar  byte-buddy-agent-1.14.10.jar  objenesis-3.3.jar  pdfbox-2.0.27.jar  fontbox-2.0.27.jar  commons-logging-1.2.jar  jackson-databind-2.15.3.jar  jackson-annotations-2.15.3.jar  jackson-core-2.15.3.jar  batik-all-1.16.jar  xml-apis-1.4.01.jar  xml-apis-ext-1.3.04.jar  xmlgraphics-commons-2.7.jar  commons-io-1.3.1.jar  jgrapht-core-1.5.2.jar  jheaps-0.14.jar  apfloat-1.10.1.jar  chartfx-chart-11.2.7.jar  javafx-base-13.0.1.jar  javafx-base-13.0.1-win.jar  javafx-controls-13.0.1.jar  javafx-controls-13.0.1-win.jar  javafx-graphics-13.0.1.jar  javafx-graphics-13.0.1-win.jar  ikonli-javafx-11.5.0.jar  ikonli-core-11.5.0.jar  ikonli-fontawesome-pack-11.5.0.jar  ikonli-fontawesome5-pack-11.5.0.jar  chartfx-dataset-11.2.7.jar  fastutil-8.3.1.jar  chartfx-math-11.2.7.jar  JTransforms-3.1.jar  JLargeArrays-1.5.jar  commons-math3-3.6.1.jar  controlsfx-11.0.0.jar  javafx-media-11.jar  javafx-media-11-win.jar  icu4j-65.1.jar  pngj-2.1.0.jar  commons-lang3-3.13.0.jar  annotations-21.0.1.jar  javax.annotation-api-1.3.2.jar  surefire-junit-platform-3.1.2.jar  common-java5-3.1.2.jar  junit-platform-launcher-1.10.1.jar
[DEBUG] Forking command line: cmd.exe /X /C ""C:\Program Files\Eclipse Adoptium\jdk-21.0.7.6-hotspot\bin\java" -jar C:\Users\dhiebert\AppData\Local\Temp\surefire6636561138982163183\surefirebooter-20250614164800590_3.jar C:\Users\dhiebert\AppData\Local\Temp\surefire6636561138982163183 2025-06-14T16-48-00_478-jvmRun1 surefire-20250614164800590_1tmp surefire_0-20250614164800590_2tmp"
[DEBUG] Fork Channel [1] connected to the client.
[INFO] Running org.frcpm.repositories.AttendanceRepositoryIntegrationTest
16:48:01.821 [main] INFO org.springframework.test.context.support.AnnotationConfigContextLoaderUtils -- Could not detect default configuration classes for test class [org.frcpm.repositories.AttendanceRepositoryIntegrationTest]: AttendanceRepositoryIntegrationTest does not declare any static, non-private, non-final, nested classes annotated with @Configuration.
16:48:01.955 [main] INFO org.springframework.boot.test.context.SpringBootTestContextBootstrapper -- Found @SpringBootConfiguration org.frcpm.FrcProjectManagementApplication for test class org.frcpm.repositories.AttendanceRepositoryIntegrationTest

  .   ____          _            __ _ _
 /\\ / ___'_ __ _ _(_)_ __  __ _ \ \ \ \
( ( )\___ | '_ | '_| | '_ \/ _` | \ \ \ \
 \\/  ___)| |_)| | | | | || (_| |  ) ) ) )
  '  |____| .__|_| |_|_| |_\__, | / / / /
 =========|_|==============|___/=/_/_/_/
 :: Spring Boot ::                (v3.2.0)

2025-06-14 16:48:02 - Trying to load META-INF/validation.xml for XML based Validator configuration.
2025-06-14 16:48:02 - Trying to load META-INF/validation.xml via TCCL
2025-06-14 16:48:02 - Trying to load META-INF/validation.xml via Hibernate Validator's class loader
2025-06-14 16:48:02 - No META-INF/validation.xml found. Using annotation based configuration only.
2025-06-14 16:48:02 - Found jakarta.persistence.Persistence on classpath containing 'getPersistenceUtil'. Assuming JPA 2 environment. Trying to instantiate JPA aware TraversableResolver
2025-06-14 16:48:02 - Instantiated JPA aware TraversableResolver of type org.hibernate.validator.internal.engine.resolver.JPATraversableResolver.
2025-06-14 16:48:02 - Starting AttendanceRepositoryIntegrationTest using Java 21.0.7 with PID 3144 (started by dhiebert in C:\Users\dhiebert\Local Repositories\Project Management 2.0)
2025-06-14 16:48:02 - Running with Spring Boot v3.2.0, Spring v6.1.1
2025-06-14 16:48:02 - The following 1 profile is active: "test"
2025-06-14 16:48:02 - Loaded expression factory via original TCCL
2025-06-14 16:48:02 - HV000252: Using org.hibernate.validator.internal.engine.DefaultPropertyNodeNameProvider as property node name provider.
2025-06-14 16:48:02 - HV000234: Using org.hibernate.validator.messageinterpolation.ResourceBundleMessageInterpolator as ValidatorFactory-scoped message interpolator.
2025-06-14 16:48:02 - HV000234: Using org.hibernate.validator.internal.engine.resolver.JPATraversableResolver as ValidatorFactory-scoped traversable resolver.
2025-06-14 16:48:02 - HV000234: Using org.hibernate.validator.internal.util.ExecutableParameterNameProvider as ValidatorFactory-scoped parameter name provider.
2025-06-14 16:48:02 - HV000234: Using org.hibernate.validator.internal.engine.DefaultClockProvider as ValidatorFactory-scoped clock provider.
2025-06-14 16:48:02 - HV000234: Using org.hibernate.validator.internal.engine.scripting.DefaultScriptEvaluatorFactory as ValidatorFactory-scoped script evaluator factory.
2025-06-14 16:48:03 - PersistenceUnitInfo [
	name: default
	persistence provider classname: null
	classloader: jdk.internal.loader.ClassLoaders$AppClassLoader@70dea4e
	excludeUnlistedClasses: true
	JTA datasource: null
	Non JTA datasource: org.springframework.jdbc.datasource.embedded.EmbeddedDatabaseFactory$EmbeddedDataSourceProxy@46fb0c33
	Transaction type: RESOURCE_LOCAL
	PU root URL: file:/C:/Users/dhiebert/Local%20Repositories/Project%20Management%202.0/target/test-classes/
	Shared Cache Mode: UNSPECIFIED
	Validation Mode: CALLBACK
	Jar files URLs []
	Managed classes names [
		org.frcpm.models.Attendance
		org.frcpm.models.Component
		org.frcpm.models.Meeting
		org.frcpm.models.Milestone
		org.frcpm.models.Project
		org.frcpm.models.Subsystem
		org.frcpm.models.Subteam
		org.frcpm.models.Task
		org.frcpm.models.TeamMember]
	Mapping files names []
	Properties []
2025-06-14 16:48:03 - Adding Integrator [org.hibernate.boot.beanvalidation.BeanValidationIntegrator].
2025-06-14 16:48:03 - Adding Integrator [org.hibernate.cache.internal.CollectionCacheInvalidator].
2025-06-14 16:48:03 - HHH000412: Hibernate ORM core version 6.3.1.Final
2025-06-14 16:48:03 - HHH000206: 'hibernate.properties' not found
2025-06-14 16:48:03 - Registering IdentifierGenerator strategy [uuid2] -> [org.hibernate.id.UUIDGenerator]
2025-06-14 16:48:03 - Registering IdentifierGenerator strategy [guid] -> [org.hibernate.id.GUIDGenerator]
2025-06-14 16:48:03 - Registering IdentifierGenerator strategy [uuid] -> [org.hibernate.id.UUIDHexGenerator]
2025-06-14 16:48:03 - Registering IdentifierGenerator strategy [uuid.hex] -> [org.hibernate.id.UUIDHexGenerator]
2025-06-14 16:48:03 - Registering IdentifierGenerator strategy [assigned] -> [org.hibernate.id.Assigned]
2025-06-14 16:48:03 - Registering IdentifierGenerator strategy [identity] -> [org.hibernate.id.IdentityGenerator]
2025-06-14 16:48:03 - Registering IdentifierGenerator strategy [select] -> [org.hibernate.id.SelectGenerator]
2025-06-14 16:48:03 - Registering IdentifierGenerator strategy [sequence] -> [org.hibernate.id.enhanced.SequenceStyleGenerator]
2025-06-14 16:48:03 - Registering IdentifierGenerator strategy [increment] -> [org.hibernate.id.IncrementGenerator]
2025-06-14 16:48:03 - Registering IdentifierGenerator strategy [foreign] -> [org.hibernate.id.ForeignGenerator]
2025-06-14 16:48:03 - Registering IdentifierGenerator strategy [enhanced-sequence] -> [org.hibernate.id.enhanced.SequenceStyleGenerator]
2025-06-14 16:48:03 - Registering IdentifierGenerator strategy [enhanced-table] -> [org.hibernate.id.enhanced.TableGenerator]
2025-06-14 16:48:03 - Cannot default RegionFactory based on registered strategies as `[]` RegionFactory strategies were registered
2025-06-14 16:48:03 - HHH000026: Second-level cache disabled
2025-06-14 16:48:04 - Adding type registration boolean -> org.hibernate.type.BasicTypeReference@38e83838
2025-06-14 16:48:04 - Adding type registration boolean -> org.hibernate.type.BasicTypeReference@38e83838
2025-06-14 16:48:04 - Adding type registration java.lang.Boolean -> org.hibernate.type.BasicTypeReference@38e83838
2025-06-14 16:48:04 - Adding type registration numeric_boolean -> org.hibernate.type.BasicTypeReference@39832280
2025-06-14 16:48:04 - Adding type registration org.hibernate.type.NumericBooleanConverter -> org.hibernate.type.BasicTypeReference@39832280
2025-06-14 16:48:04 - Adding type registration true_false -> org.hibernate.type.BasicTypeReference@4966bab1
2025-06-14 16:48:04 - Adding type registration org.hibernate.type.TrueFalseConverter -> org.hibernate.type.BasicTypeReference@4966bab1
2025-06-14 16:48:04 - Adding type registration yes_no -> org.hibernate.type.BasicTypeReference@7f0f84d4
2025-06-14 16:48:04 - Adding type registration org.hibernate.type.YesNoConverter -> org.hibernate.type.BasicTypeReference@7f0f84d4
2025-06-14 16:48:04 - Adding type registration byte -> org.hibernate.type.BasicTypeReference@6df4af5
2025-06-14 16:48:04 - Adding type registration byte -> org.hibernate.type.BasicTypeReference@6df4af5
2025-06-14 16:48:04 - Adding type registration java.lang.Byte -> org.hibernate.type.BasicTypeReference@6df4af5
2025-06-14 16:48:04 - Adding type registration binary -> org.hibernate.type.BasicTypeReference@26e8ff8c
2025-06-14 16:48:04 - Adding type registration byte[] -> org.hibernate.type.BasicTypeReference@26e8ff8c
2025-06-14 16:48:04 - Adding type registration [B -> org.hibernate.type.BasicTypeReference@26e8ff8c
2025-06-14 16:48:04 - Adding type registration binary_wrapper -> org.hibernate.type.BasicTypeReference@5aa76ad2
2025-06-14 16:48:04 - Adding type registration wrapper-binary -> org.hibernate.type.BasicTypeReference@5aa76ad2
2025-06-14 16:48:04 - Adding type registration image -> org.hibernate.type.BasicTypeReference@590d6c76
2025-06-14 16:48:04 - Adding type registration blob -> org.hibernate.type.BasicTypeReference@25791d40
2025-06-14 16:48:04 - Adding type registration java.sql.Blob -> org.hibernate.type.BasicTypeReference@25791d40
2025-06-14 16:48:04 - Adding type registration materialized_blob -> org.hibernate.type.BasicTypeReference@448c92fc
2025-06-14 16:48:04 - Adding type registration materialized_blob_wrapper -> org.hibernate.type.BasicTypeReference@251c8145
2025-06-14 16:48:04 - Adding type registration short -> org.hibernate.type.BasicTypeReference@17c0274c
2025-06-14 16:48:04 - Adding type registration short -> org.hibernate.type.BasicTypeReference@17c0274c
2025-06-14 16:48:04 - Adding type registration java.lang.Short -> org.hibernate.type.BasicTypeReference@17c0274c
2025-06-14 16:48:04 - Adding type registration integer -> org.hibernate.type.BasicTypeReference@7abeabe9
2025-06-14 16:48:04 - Adding type registration int -> org.hibernate.type.BasicTypeReference@7abeabe9
2025-06-14 16:48:04 - Adding type registration java.lang.Integer -> org.hibernate.type.BasicTypeReference@7abeabe9
2025-06-14 16:48:04 - Adding type registration long -> org.hibernate.type.BasicTypeReference@5a05dd30
2025-06-14 16:48:04 - Adding type registration long -> org.hibernate.type.BasicTypeReference@5a05dd30
2025-06-14 16:48:04 - Adding type registration java.lang.Long -> org.hibernate.type.BasicTypeReference@5a05dd30
2025-06-14 16:48:04 - Adding type registration float -> org.hibernate.type.BasicTypeReference@1b52699c
2025-06-14 16:48:04 - Adding type registration float -> org.hibernate.type.BasicTypeReference@1b52699c
2025-06-14 16:48:04 - Adding type registration java.lang.Float -> org.hibernate.type.BasicTypeReference@1b52699c
2025-06-14 16:48:04 - Adding type registration double -> org.hibernate.type.BasicTypeReference@dbed7fd
2025-06-14 16:48:04 - Adding type registration double -> org.hibernate.type.BasicTypeReference@dbed7fd
2025-06-14 16:48:04 - Adding type registration java.lang.Double -> org.hibernate.type.BasicTypeReference@dbed7fd
2025-06-14 16:48:04 - Adding type registration big_integer -> org.hibernate.type.BasicTypeReference@250d440
2025-06-14 16:48:04 - Adding type registration java.math.BigInteger -> org.hibernate.type.BasicTypeReference@250d440
2025-06-14 16:48:04 - Adding type registration big_decimal -> org.hibernate.type.BasicTypeReference@76c86567
2025-06-14 16:48:04 - Adding type registration java.math.BigDecimal -> org.hibernate.type.BasicTypeReference@76c86567
2025-06-14 16:48:04 - Adding type registration character -> org.hibernate.type.BasicTypeReference@7e5efcab
2025-06-14 16:48:04 - Adding type registration char -> org.hibernate.type.BasicTypeReference@7e5efcab
2025-06-14 16:48:04 - Adding type registration java.lang.Character -> org.hibernate.type.BasicTypeReference@7e5efcab
2025-06-14 16:48:04 - Adding type registration character_nchar -> org.hibernate.type.BasicTypeReference@5a4dda2
2025-06-14 16:48:04 - Adding type registration string -> org.hibernate.type.BasicTypeReference@1d2fb82
2025-06-14 16:48:04 - Adding type registration java.lang.String -> org.hibernate.type.BasicTypeReference@1d2fb82
2025-06-14 16:48:04 - Adding type registration nstring -> org.hibernate.type.BasicTypeReference@34045582
2025-06-14 16:48:04 - Adding type registration characters -> org.hibernate.type.BasicTypeReference@3db65c0d
2025-06-14 16:48:04 - Adding type registration char[] -> org.hibernate.type.BasicTypeReference@3db65c0d
2025-06-14 16:48:04 - Adding type registration [C -> org.hibernate.type.BasicTypeReference@3db65c0d
2025-06-14 16:48:04 - Adding type registration wrapper-characters -> org.hibernate.type.BasicTypeReference@1edccfd4
2025-06-14 16:48:04 - Adding type registration text -> org.hibernate.type.BasicTypeReference@8c43966
2025-06-14 16:48:04 - Adding type registration ntext -> org.hibernate.type.BasicTypeReference@1efac5b9
2025-06-14 16:48:04 - Adding type registration clob -> org.hibernate.type.BasicTypeReference@11a3a45f
2025-06-14 16:48:04 - Adding type registration java.sql.Clob -> org.hibernate.type.BasicTypeReference@11a3a45f
2025-06-14 16:48:04 - Adding type registration nclob -> org.hibernate.type.BasicTypeReference@69796bd0
2025-06-14 16:48:04 - Adding type registration java.sql.NClob -> org.hibernate.type.BasicTypeReference@69796bd0
2025-06-14 16:48:04 - Adding type registration materialized_clob -> org.hibernate.type.BasicTypeReference@40df6090
2025-06-14 16:48:04 - Adding type registration materialized_clob_char_array -> org.hibernate.type.BasicTypeReference@8c0a23f
2025-06-14 16:48:04 - Adding type registration materialized_clob_character_array -> org.hibernate.type.BasicTypeReference@44d7e24
2025-06-14 16:48:04 - Adding type registration materialized_nclob -> org.hibernate.type.BasicTypeReference@26c8b296
2025-06-14 16:48:04 - Adding type registration materialized_nclob_character_array -> org.hibernate.type.BasicTypeReference@1d289d3f
2025-06-14 16:48:04 - Adding type registration materialized_nclob_char_array -> org.hibernate.type.BasicTypeReference@10f405ff
2025-06-14 16:48:04 - Adding type registration Duration -> org.hibernate.type.BasicTypeReference@7f27f59b
2025-06-14 16:48:04 - Adding type registration java.time.Duration -> org.hibernate.type.BasicTypeReference@7f27f59b
2025-06-14 16:48:04 - Adding type registration LocalDateTime -> org.hibernate.type.BasicTypeReference@1c98b4eb
2025-06-14 16:48:04 - Adding type registration java.time.LocalDateTime -> org.hibernate.type.BasicTypeReference@1c98b4eb
2025-06-14 16:48:04 - Adding type registration LocalDate -> org.hibernate.type.BasicTypeReference@45801322
2025-06-14 16:48:04 - Adding type registration java.time.LocalDate -> org.hibernate.type.BasicTypeReference@45801322
2025-06-14 16:48:04 - Adding type registration LocalTime -> org.hibernate.type.BasicTypeReference@756b2d90
2025-06-14 16:48:04 - Adding type registration java.time.LocalTime -> org.hibernate.type.BasicTypeReference@756b2d90
2025-06-14 16:48:04 - Adding type registration OffsetDateTime -> org.hibernate.type.BasicTypeReference@3520958b
2025-06-14 16:48:04 - Adding type registration java.time.OffsetDateTime -> org.hibernate.type.BasicTypeReference@3520958b
2025-06-14 16:48:04 - Adding type registration OffsetDateTimeWithTimezone -> org.hibernate.type.BasicTypeReference@6cc64028
2025-06-14 16:48:04 - Adding type registration OffsetDateTimeWithoutTimezone -> org.hibernate.type.BasicTypeReference@291a4791
2025-06-14 16:48:04 - Adding type registration OffsetTime -> org.hibernate.type.BasicTypeReference@5b1e88f
2025-06-14 16:48:04 - Adding type registration java.time.OffsetTime -> org.hibernate.type.BasicTypeReference@5b1e88f
2025-06-14 16:48:04 - Adding type registration OffsetTimeUtc -> org.hibernate.type.BasicTypeReference@340cb97f
2025-06-14 16:48:04 - Adding type registration OffsetTimeWithTimezone -> org.hibernate.type.BasicTypeReference@6a1568d6
2025-06-14 16:48:04 - Adding type registration OffsetTimeWithoutTimezone -> org.hibernate.type.BasicTypeReference@11c88cca
2025-06-14 16:48:04 - Adding type registration ZonedDateTime -> org.hibernate.type.BasicTypeReference@1b37fbec
2025-06-14 16:48:04 - Adding type registration java.time.ZonedDateTime -> org.hibernate.type.BasicTypeReference@1b37fbec
2025-06-14 16:48:04 - Adding type registration ZonedDateTimeWithTimezone -> org.hibernate.type.BasicTypeReference@4a216eb4
2025-06-14 16:48:04 - Adding type registration ZonedDateTimeWithoutTimezone -> org.hibernate.type.BasicTypeReference@bb3ecfe
2025-06-14 16:48:04 - Adding type registration date -> org.hibernate.type.BasicTypeReference@5ec88f9e
2025-06-14 16:48:04 - Adding type registration java.sql.Date -> org.hibernate.type.BasicTypeReference@5ec88f9e
2025-06-14 16:48:04 - Adding type registration time -> org.hibernate.type.BasicTypeReference@7a04f730
2025-06-14 16:48:04 - Adding type registration java.sql.Time -> org.hibernate.type.BasicTypeReference@7a04f730
2025-06-14 16:48:04 - Adding type registration timestamp -> org.hibernate.type.BasicTypeReference@3b11620a
2025-06-14 16:48:04 - Adding type registration java.sql.Timestamp -> org.hibernate.type.BasicTypeReference@3b11620a
2025-06-14 16:48:04 - Adding type registration java.util.Date -> org.hibernate.type.BasicTypeReference@3b11620a
2025-06-14 16:48:04 - Adding type registration calendar -> org.hibernate.type.BasicTypeReference@2fd1ad8a
2025-06-14 16:48:04 - Adding type registration java.util.Calendar -> org.hibernate.type.BasicTypeReference@2fd1ad8a
2025-06-14 16:48:04 - Adding type registration java.util.GregorianCalendar -> org.hibernate.type.BasicTypeReference@2fd1ad8a
2025-06-14 16:48:04 - Adding type registration calendar_date -> org.hibernate.type.BasicTypeReference@357f6391
2025-06-14 16:48:04 - Adding type registration calendar_time -> org.hibernate.type.BasicTypeReference@582e9152
2025-06-14 16:48:04 - Adding type registration instant -> org.hibernate.type.BasicTypeReference@7a31ca20
2025-06-14 16:48:04 - Adding type registration java.time.Instant -> org.hibernate.type.BasicTypeReference@7a31ca20
2025-06-14 16:48:04 - Adding type registration uuid -> org.hibernate.type.BasicTypeReference@349c4d1c
2025-06-14 16:48:04 - Adding type registration java.util.UUID -> org.hibernate.type.BasicTypeReference@349c4d1c
2025-06-14 16:48:04 - Adding type registration pg-uuid -> org.hibernate.type.BasicTypeReference@349c4d1c
2025-06-14 16:48:04 - Adding type registration uuid-binary -> org.hibernate.type.BasicTypeReference@21edd891
2025-06-14 16:48:04 - Adding type registration uuid-char -> org.hibernate.type.BasicTypeReference@de579ff
2025-06-14 16:48:04 - Adding type registration class -> org.hibernate.type.BasicTypeReference@7971c2a9
2025-06-14 16:48:04 - Adding type registration java.lang.Class -> org.hibernate.type.BasicTypeReference@7971c2a9
2025-06-14 16:48:04 - Adding type registration currency -> org.hibernate.type.BasicTypeReference@2fd39436
2025-06-14 16:48:04 - Adding type registration Currency -> org.hibernate.type.BasicTypeReference@2fd39436
2025-06-14 16:48:04 - Adding type registration java.util.Currency -> org.hibernate.type.BasicTypeReference@2fd39436
2025-06-14 16:48:04 - Adding type registration locale -> org.hibernate.type.BasicTypeReference@60b5e80d
2025-06-14 16:48:04 - Adding type registration java.util.Locale -> org.hibernate.type.BasicTypeReference@60b5e80d
2025-06-14 16:48:04 - Adding type registration serializable -> org.hibernate.type.BasicTypeReference@46394f65
2025-06-14 16:48:04 - Adding type registration java.io.Serializable -> org.hibernate.type.BasicTypeReference@46394f65
2025-06-14 16:48:04 - Adding type registration timezone -> org.hibernate.type.BasicTypeReference@31aab981
2025-06-14 16:48:04 - Adding type registration java.util.TimeZone -> org.hibernate.type.BasicTypeReference@31aab981
2025-06-14 16:48:04 - Adding type registration ZoneOffset -> org.hibernate.type.BasicTypeReference@26be9a6
2025-06-14 16:48:04 - Adding type registration java.time.ZoneOffset -> org.hibernate.type.BasicTypeReference@26be9a6
2025-06-14 16:48:04 - Adding type registration url -> org.hibernate.type.BasicTypeReference@4d518c66
2025-06-14 16:48:04 - Adding type registration java.net.URL -> org.hibernate.type.BasicTypeReference@4d518c66
2025-06-14 16:48:04 - Adding type registration row_version -> org.hibernate.type.BasicTypeReference@411fa0ce
2025-06-14 16:48:04 - Adding type registration object -> org.hibernate.type.JavaObjectType@2aa14ae6
2025-06-14 16:48:04 - Adding type registration java.lang.Object -> org.hibernate.type.JavaObjectType@2aa14ae6
2025-06-14 16:48:04 - Adding type registration null -> org.hibernate.type.NullType@5a48da4f
2025-06-14 16:48:04 - Adding type registration imm_date -> org.hibernate.type.BasicTypeReference@a0c5be
2025-06-14 16:48:04 - Adding type registration imm_time -> org.hibernate.type.BasicTypeReference@6424e613
2025-06-14 16:48:04 - Adding type registration imm_timestamp -> org.hibernate.type.BasicTypeReference@14efa279
2025-06-14 16:48:04 - Adding type registration imm_calendar -> org.hibernate.type.BasicTypeReference@8e99809
2025-06-14 16:48:04 - Adding type registration imm_calendar_date -> org.hibernate.type.BasicTypeReference@e62319f
2025-06-14 16:48:04 - Adding type registration imm_calendar_time -> org.hibernate.type.BasicTypeReference@4d354a3e
2025-06-14 16:48:04 - Adding type registration imm_binary -> org.hibernate.type.BasicTypeReference@24a0c58b
2025-06-14 16:48:04 - Adding type registration imm_serializable -> org.hibernate.type.BasicTypeReference@604d28c6
2025-06-14 16:48:04 - Injecting JPA temp ClassLoader [org.springframework.instrument.classloading.SimpleThrowawayClassLoader@2416c658] into BootstrapContext; was [null]
2025-06-14 16:48:04 - ClassLoaderAccessImpl#injectTempClassLoader(org.springframework.instrument.classloading.SimpleThrowawayClassLoader@2416c658) [was null]
2025-06-14 16:48:04 - Injecting ScanEnvironment [org.hibernate.jpa.boot.internal.StandardJpaScanEnvironmentImpl@1e6060f1] into BootstrapContext; was [null]
2025-06-14 16:48:04 - Injecting ScanOptions [org.hibernate.boot.archive.scan.internal.StandardScanOptions@7e49ded] into BootstrapContext; was [org.hibernate.boot.archive.scan.internal.StandardScanOptions@2c6c302f]
2025-06-14 16:48:04 - HHH000021: Bytecode provider: bytebuddy
2025-06-14 16:48:04 - Injecting JPA temp ClassLoader [null] into BootstrapContext; was [org.springframework.instrument.classloading.SimpleThrowawayClassLoader@2416c658]
2025-06-14 16:48:04 - ClassLoaderAccessImpl#injectTempClassLoader(null) [was org.springframework.instrument.classloading.SimpleThrowawayClassLoader@2416c658]
2025-06-14 16:48:04 - Database ->
       name : H2
    version : 2.2.224 (2023-09-17)
      major : 2
      minor : 2
2025-06-14 16:48:04 - Driver ->
       name : H2 JDBC Driver
    version : 2.2.224 (2023-09-17)
      major : 2
      minor : 2
2025-06-14 16:48:04 - JDBC version : 4.2
2025-06-14 16:48:04 - HHH90000025: H2Dialect does not need to be specified explicitly using 'hibernate.dialect' (remove the property setting and it will be selected by default)
2025-06-14 16:48:04 - HHH035001: Using dialect: org.hibernate.dialect.H2Dialect, version: 2.2.224
2025-06-14 16:48:04 - JDBC driver metadata reported database stores quoted identifiers in neither upper, lower nor mixed case
2025-06-14 16:48:04 - addDescriptor(NCharTypeDescriptor) replaced previous registration(CharTypeDescriptor)
2025-06-14 16:48:04 - addDescriptor(NVarcharTypeDescriptor) replaced previous registration(VarcharTypeDescriptor)
2025-06-14 16:48:04 - addDescriptor(LongNVarcharTypeDescriptor) replaced previous registration(LongVarcharTypeDescriptor)
2025-06-14 16:48:04 - addDescriptor(NClobTypeDescriptor(DEFAULT)) replaced previous registration(ClobTypeDescriptor(DEFAULT))
2025-06-14 16:48:04 - addDescriptor(2005, ClobTypeDescriptor(STREAM_BINDING)) replaced previous registration(ClobTypeDescriptor(DEFAULT))
2025-06-14 16:48:04 - addDescriptor(TimestampUtcDescriptor) replaced previous registration(TimestampUtcDescriptor)
2025-06-14 16:48:04 - Adding type registration Duration -> basicType@1(java.time.Duration,2)
2025-06-14 16:48:04 - Adding type registration java.time.Duration -> basicType@1(java.time.Duration,2)
2025-06-14 16:48:04 - Scoping TypeConfiguration [org.hibernate.type.spi.TypeConfiguration@3d8d970e] to MetadataBuildingContext [org.hibernate.boot.internal.MetadataBuildingContextRootImpl@2fac80a8]
2025-06-14 16:48:04 - Created database namespace [logicalName=Name{catalog=null, schema=null}, physicalName=Name{catalog=null, schema=null}]
2025-06-14 16:48:04 - Binding entity from annotated class: org.frcpm.models.Attendance
2025-06-14 16:48:04 - Import with entity name Attendance
2025-06-14 16:48:04 - Bind entity org.frcpm.models.Attendance on table attendances
2025-06-14 16:48:04 - Binding column: AnnotatedDiscriminatorColumn(column='DTYPE')
2025-06-14 16:48:04 - Binding column: AnnotatedColumn()
2025-06-14 16:48:04 - Not known whether passed class name [org.frcpm.models.Attendance] is safe
2025-06-14 16:48:04 - No temp ClassLoader provided; using live ClassLoader for loading potentially unsafe class : org.frcpm.models.Attendance
2025-06-14 16:48:04 - MetadataSourceProcessor property id with lazy=false
2025-06-14 16:48:04 - Attempting to locate auto-apply AttributeConverter for property [org.frcpm.models.Attendance:id]
2025-06-14 16:48:04 - building BasicValue for id
2025-06-14 16:48:04 - Skipping column re-registration: attendances.id
2025-06-14 16:48:04 - Building property id
2025-06-14 16:48:04 - #makeIdGenerator(BasicValue([Column(id)]), id, identity, , ...)
2025-06-14 16:48:04 - Binding column: AnnotatedColumn(column='arrival_time')
2025-06-14 16:48:04 - MetadataSourceProcessor property arrivalTime with lazy=false
2025-06-14 16:48:04 - Attempting to locate auto-apply AttributeConverter for property [org.frcpm.models.Attendance:arrivalTime]
2025-06-14 16:48:04 - building BasicValue for arrivalTime
2025-06-14 16:48:04 - Skipping column re-registration: attendances.arrival_time
2025-06-14 16:48:04 - Building property arrivalTime
2025-06-14 16:48:04 - Binding column: AnnotatedColumn(column='departure_time')
2025-06-14 16:48:04 - MetadataSourceProcessor property departureTime with lazy=false
2025-06-14 16:48:04 - Attempting to locate auto-apply AttributeConverter for property [org.frcpm.models.Attendance:departureTime]
2025-06-14 16:48:04 - building BasicValue for departureTime
2025-06-14 16:48:04 - Skipping column re-registration: attendances.departure_time
2025-06-14 16:48:04 - Building property departureTime
2025-06-14 16:48:04 - Binding column: AnnotatedJoinColumn(column='meeting_id')
2025-06-14 16:48:04 - Binding column: AnnotatedColumn()
2025-06-14 16:48:04 - Building property meeting
2025-06-14 16:48:04 - Binding column: AnnotatedJoinColumn(column='member_id')
2025-06-14 16:48:04 - Binding column: AnnotatedColumn()
2025-06-14 16:48:04 - Building property member
2025-06-14 16:48:04 - Binding column: AnnotatedColumn(column='present')
2025-06-14 16:48:04 - MetadataSourceProcessor property present with lazy=false
2025-06-14 16:48:04 - Attempting to locate auto-apply AttributeConverter for property [org.frcpm.models.Attendance:present]
2025-06-14 16:48:04 - building BasicValue for present
2025-06-14 16:48:04 - Skipping column re-registration: attendances.present
2025-06-14 16:48:04 - Building property present
2025-06-14 16:48:04 - Binding entity from annotated class: org.frcpm.models.Component
2025-06-14 16:48:04 - Import with entity name Component
2025-06-14 16:48:04 - Bind entity org.frcpm.models.Component on table components
2025-06-14 16:48:04 - Binding column: AnnotatedDiscriminatorColumn(column='DTYPE')
2025-06-14 16:48:04 - Binding column: AnnotatedColumn()
2025-06-14 16:48:04 - Not known whether passed class name [org.frcpm.models.Component] is safe
2025-06-14 16:48:04 - No temp ClassLoader provided; using live ClassLoader for loading potentially unsafe class : org.frcpm.models.Component
2025-06-14 16:48:04 - MetadataSourceProcessor property id with lazy=false
2025-06-14 16:48:04 - Attempting to locate auto-apply AttributeConverter for property [org.frcpm.models.Component:id]
2025-06-14 16:48:04 - building BasicValue for id
2025-06-14 16:48:04 - Skipping column re-registration: components.id
2025-06-14 16:48:04 - Building property id
2025-06-14 16:48:04 - #makeIdGenerator(BasicValue([Column(id)]), id, identity, , ...)
2025-06-14 16:48:04 - Binding column: AnnotatedColumn(column='actual_delivery')
2025-06-14 16:48:04 - MetadataSourceProcessor property actualDelivery with lazy=false
2025-06-14 16:48:04 - Attempting to locate auto-apply AttributeConverter for property [org.frcpm.models.Component:actualDelivery]
2025-06-14 16:48:04 - building BasicValue for actualDelivery
2025-06-14 16:48:04 - Skipping column re-registration: components.actual_delivery
2025-06-14 16:48:04 - Building property actualDelivery
2025-06-14 16:48:04 - Binding column: AnnotatedColumn(column='is_delivered')
2025-06-14 16:48:04 - MetadataSourceProcessor property delivered with lazy=false
2025-06-14 16:48:04 - Attempting to locate auto-apply AttributeConverter for property [org.frcpm.models.Component:delivered]
2025-06-14 16:48:04 - building BasicValue for delivered
2025-06-14 16:48:04 - Skipping column re-registration: components.is_delivered
2025-06-14 16:48:04 - Building property delivered
2025-06-14 16:48:04 - Binding column: AnnotatedColumn(column='description')
2025-06-14 16:48:04 - MetadataSourceProcessor property description with lazy=false
2025-06-14 16:48:04 - Attempting to locate auto-apply AttributeConverter for property [org.frcpm.models.Component:description]
2025-06-14 16:48:04 - building BasicValue for description
2025-06-14 16:48:04 - Skipping column re-registration: components.description
2025-06-14 16:48:04 - Building property description
2025-06-14 16:48:04 - Binding column: AnnotatedColumn(column='expected_delivery')
2025-06-14 16:48:04 - MetadataSourceProcessor property expectedDelivery with lazy=false
2025-06-14 16:48:04 - Attempting to locate auto-apply AttributeConverter for property [org.frcpm.models.Component:expectedDelivery]
2025-06-14 16:48:04 - building BasicValue for expectedDelivery
2025-06-14 16:48:04 - Skipping column re-registration: components.expected_delivery
2025-06-14 16:48:04 - Building property expectedDelivery
2025-06-14 16:48:04 - Binding column: AnnotatedColumn(column='name')
2025-06-14 16:48:04 - MetadataSourceProcessor property name with lazy=false
2025-06-14 16:48:04 - Attempting to locate auto-apply AttributeConverter for property [org.frcpm.models.Component:name]
2025-06-14 16:48:04 - building BasicValue for name
2025-06-14 16:48:04 - Skipping column re-registration: components.name
2025-06-14 16:48:04 - Building property name
2025-06-14 16:48:04 - Binding column: AnnotatedColumn(column='part_number')
2025-06-14 16:48:04 - MetadataSourceProcessor property partNumber with lazy=false
2025-06-14 16:48:04 - Attempting to locate auto-apply AttributeConverter for property [org.frcpm.models.Component:partNumber]
2025-06-14 16:48:04 - building BasicValue for partNumber
2025-06-14 16:48:04 - Skipping column re-registration: components.part_number
2025-06-14 16:48:04 - Building property partNumber
2025-06-14 16:48:04 - Binding column: IndexColumn(column='requiredForTasks_ORDER')
2025-06-14 16:48:04 - Binding column: AnnotatedColumn()
2025-06-14 16:48:04 - Binding column: AnnotatedColumn(column='requiredForTasks_KEY')
2025-06-14 16:48:04 - Binding column: AnnotatedJoinColumn(column='requiredForTasks_KEY')
2025-06-14 16:48:04 - Binding column: AnnotatedJoinColumn()
2025-06-14 16:48:04 - Binding column: AnnotatedJoinColumn()
2025-06-14 16:48:04 - Collection role: org.frcpm.models.Component.requiredForTasks
2025-06-14 16:48:04 - Building property requiredForTasks
2025-06-14 16:48:04 - Binding entity from annotated class: org.frcpm.models.Meeting
2025-06-14 16:48:04 - Import with entity name Meeting
2025-06-14 16:48:04 - Bind entity org.frcpm.models.Meeting on table meetings
2025-06-14 16:48:04 - Binding column: AnnotatedDiscriminatorColumn(column='DTYPE')
2025-06-14 16:48:04 - Binding column: AnnotatedColumn()
2025-06-14 16:48:04 - Not known whether passed class name [org.frcpm.models.Meeting] is safe
2025-06-14 16:48:04 - No temp ClassLoader provided; using live ClassLoader for loading potentially unsafe class : org.frcpm.models.Meeting
2025-06-14 16:48:04 - MetadataSourceProcessor property id with lazy=false
2025-06-14 16:48:04 - Attempting to locate auto-apply AttributeConverter for property [org.frcpm.models.Meeting:id]
2025-06-14 16:48:04 - building BasicValue for id
2025-06-14 16:48:04 - Skipping column re-registration: meetings.id
2025-06-14 16:48:04 - Building property id
2025-06-14 16:48:04 - #makeIdGenerator(BasicValue([Column(id)]), id, identity, , ...)
2025-06-14 16:48:04 - Binding column: AnnotatedJoinColumn()
2025-06-14 16:48:04 - Binding column: AnnotatedColumn()
2025-06-14 16:48:04 - Binding column: IndexColumn(column='attendances_ORDER')
2025-06-14 16:48:04 - Binding column: AnnotatedColumn()
2025-06-14 16:48:04 - Binding column: AnnotatedColumn(column='attendances_KEY')
2025-06-14 16:48:04 - Binding column: AnnotatedJoinColumn(column='attendances_KEY')
2025-06-14 16:48:04 - Binding column: AnnotatedJoinColumn()
2025-06-14 16:48:04 - Binding column: AnnotatedJoinColumn()
2025-06-14 16:48:04 - Collection role: org.frcpm.models.Meeting.attendances
2025-06-14 16:48:04 - Building property attendances
2025-06-14 16:48:04 - Binding column: AnnotatedColumn(column='date')
2025-06-14 16:48:04 - MetadataSourceProcessor property date with lazy=false
2025-06-14 16:48:04 - Attempting to locate auto-apply AttributeConverter for property [org.frcpm.models.Meeting:date]
2025-06-14 16:48:04 - building BasicValue for date
2025-06-14 16:48:04 - Skipping column re-registration: meetings.date
2025-06-14 16:48:04 - Building property date
2025-06-14 16:48:04 - Binding column: AnnotatedColumn(column='end_time')
2025-06-14 16:48:04 - MetadataSourceProcessor property endTime with lazy=false
2025-06-14 16:48:04 - Attempting to locate auto-apply AttributeConverter for property [org.frcpm.models.Meeting:endTime]
2025-06-14 16:48:04 - building BasicValue for endTime
2025-06-14 16:48:04 - Skipping column re-registration: meetings.end_time
2025-06-14 16:48:04 - Building property endTime
2025-06-14 16:48:04 - Binding column: AnnotatedColumn(column='notes')
2025-06-14 16:48:04 - MetadataSourceProcessor property notes with lazy=false
2025-06-14 16:48:04 - Attempting to locate auto-apply AttributeConverter for property [org.frcpm.models.Meeting:notes]
2025-06-14 16:48:04 - building BasicValue for notes
2025-06-14 16:48:04 - Skipping column re-registration: meetings.notes
2025-06-14 16:48:04 - Building property notes
2025-06-14 16:48:04 - Binding column: AnnotatedJoinColumn(column='project_id')
2025-06-14 16:48:04 - Binding column: AnnotatedColumn()
2025-06-14 16:48:04 - Building property project
2025-06-14 16:48:04 - Binding column: AnnotatedColumn(column='start_time')
2025-06-14 16:48:04 - MetadataSourceProcessor property startTime with lazy=false
2025-06-14 16:48:04 - Attempting to locate auto-apply AttributeConverter for property [org.frcpm.models.Meeting:startTime]
2025-06-14 16:48:04 - building BasicValue for startTime
2025-06-14 16:48:04 - Skipping column re-registration: meetings.start_time
2025-06-14 16:48:04 - Building property startTime
2025-06-14 16:48:04 - Binding entity from annotated class: org.frcpm.models.Milestone
2025-06-14 16:48:04 - Import with entity name Milestone
2025-06-14 16:48:04 - Bind entity org.frcpm.models.Milestone on table milestones
2025-06-14 16:48:04 - Binding column: AnnotatedDiscriminatorColumn(column='DTYPE')
2025-06-14 16:48:04 - Binding column: AnnotatedColumn()
2025-06-14 16:48:04 - Not known whether passed class name [org.frcpm.models.Milestone] is safe
2025-06-14 16:48:04 - No temp ClassLoader provided; using live ClassLoader for loading potentially unsafe class : org.frcpm.models.Milestone
2025-06-14 16:48:04 - MetadataSourceProcessor property id with lazy=false
2025-06-14 16:48:04 - Attempting to locate auto-apply AttributeConverter for property [org.frcpm.models.Milestone:id]
2025-06-14 16:48:04 - building BasicValue for id
2025-06-14 16:48:04 - Skipping column re-registration: milestones.id
2025-06-14 16:48:04 - Building property id
2025-06-14 16:48:04 - #makeIdGenerator(BasicValue([Column(id)]), id, identity, , ...)
2025-06-14 16:48:04 - Binding column: AnnotatedColumn(column='date')
2025-06-14 16:48:04 - MetadataSourceProcessor property date with lazy=false
2025-06-14 16:48:04 - Attempting to locate auto-apply AttributeConverter for property [org.frcpm.models.Milestone:date]
2025-06-14 16:48:04 - building BasicValue for date
2025-06-14 16:48:04 - Skipping column re-registration: milestones.date
2025-06-14 16:48:04 - Building property date
2025-06-14 16:48:04 - Binding column: AnnotatedColumn(column='description')
2025-06-14 16:48:04 - MetadataSourceProcessor property description with lazy=false
2025-06-14 16:48:04 - Attempting to locate auto-apply AttributeConverter for property [org.frcpm.models.Milestone:description]
2025-06-14 16:48:04 - building BasicValue for description
2025-06-14 16:48:04 - Skipping column re-registration: milestones.description
2025-06-14 16:48:04 - Building property description
2025-06-14 16:48:04 - Binding column: AnnotatedColumn(column='name')
2025-06-14 16:48:04 - MetadataSourceProcessor property name with lazy=false
2025-06-14 16:48:04 - Attempting to locate auto-apply AttributeConverter for property [org.frcpm.models.Milestone:name]
2025-06-14 16:48:04 - building BasicValue for name
2025-06-14 16:48:04 - Skipping column re-registration: milestones.name
2025-06-14 16:48:04 - Building property name
2025-06-14 16:48:04 - Binding column: AnnotatedJoinColumn(column='project_id')
2025-06-14 16:48:04 - Binding column: AnnotatedColumn()
2025-06-14 16:48:04 - Building property project
2025-06-14 16:48:04 - Binding entity from annotated class: org.frcpm.models.Project
2025-06-14 16:48:04 - Import with entity name Project
2025-06-14 16:48:04 - Bind entity org.frcpm.models.Project on table projects
2025-06-14 16:48:04 - Binding column: AnnotatedDiscriminatorColumn(column='DTYPE')
2025-06-14 16:48:04 - Binding column: AnnotatedColumn()
2025-06-14 16:48:04 - Not known whether passed class name [org.frcpm.models.Project] is safe
2025-06-14 16:48:04 - No temp ClassLoader provided; using live ClassLoader for loading potentially unsafe class : org.frcpm.models.Project
2025-06-14 16:48:04 - MetadataSourceProcessor property id with lazy=false
2025-06-14 16:48:04 - Attempting to locate auto-apply AttributeConverter for property [org.frcpm.models.Project:id]
2025-06-14 16:48:04 - building BasicValue for id
2025-06-14 16:48:04 - Skipping column re-registration: projects.id
2025-06-14 16:48:04 - Building property id
2025-06-14 16:48:04 - #makeIdGenerator(BasicValue([Column(id)]), id, identity, , ...)
2025-06-14 16:48:04 - Binding column: AnnotatedColumn(column='description')
2025-06-14 16:48:04 - MetadataSourceProcessor property description with lazy=false
2025-06-14 16:48:04 - Attempting to locate auto-apply AttributeConverter for property [org.frcpm.models.Project:description]
2025-06-14 16:48:04 - building BasicValue for description
2025-06-14 16:48:04 - Skipping column re-registration: projects.description
2025-06-14 16:48:04 - Building property description
2025-06-14 16:48:04 - Binding column: AnnotatedColumn(column='goal_end_date')
2025-06-14 16:48:04 - MetadataSourceProcessor property goalEndDate with lazy=false
2025-06-14 16:48:04 - Attempting to locate auto-apply AttributeConverter for property [org.frcpm.models.Project:goalEndDate]
2025-06-14 16:48:04 - building BasicValue for goalEndDate
2025-06-14 16:48:04 - Skipping column re-registration: projects.goal_end_date
2025-06-14 16:48:04 - Building property goalEndDate
2025-06-14 16:48:04 - Binding column: AnnotatedColumn(column='hard_deadline')
2025-06-14 16:48:04 - MetadataSourceProcessor property hardDeadline with lazy=false
2025-06-14 16:48:04 - Attempting to locate auto-apply AttributeConverter for property [org.frcpm.models.Project:hardDeadline]
2025-06-14 16:48:04 - building BasicValue for hardDeadline
2025-06-14 16:48:04 - Skipping column re-registration: projects.hard_deadline
2025-06-14 16:48:04 - Building property hardDeadline
2025-06-14 16:48:04 - Binding column: AnnotatedJoinColumn()
2025-06-14 16:48:04 - Binding column: AnnotatedColumn()
2025-06-14 16:48:04 - Binding column: IndexColumn(column='meetings_ORDER')
2025-06-14 16:48:04 - Binding column: AnnotatedColumn()
2025-06-14 16:48:04 - Binding column: AnnotatedColumn(column='meetings_KEY')
2025-06-14 16:48:04 - Binding column: AnnotatedJoinColumn(column='meetings_KEY')
2025-06-14 16:48:04 - Binding column: AnnotatedJoinColumn()
2025-06-14 16:48:04 - Binding column: AnnotatedJoinColumn()
2025-06-14 16:48:04 - Collection role: org.frcpm.models.Project.meetings
2025-06-14 16:48:04 - Building property meetings
2025-06-14 16:48:04 - Binding column: AnnotatedJoinColumn()
2025-06-14 16:48:04 - Binding column: AnnotatedColumn()
2025-06-14 16:48:04 - Binding column: IndexColumn(column='milestones_ORDER')
2025-06-14 16:48:04 - Binding column: AnnotatedColumn()
2025-06-14 16:48:04 - Binding column: AnnotatedColumn(column='milestones_KEY')
2025-06-14 16:48:04 - Binding column: AnnotatedJoinColumn(column='milestones_KEY')
2025-06-14 16:48:04 - Binding column: AnnotatedJoinColumn()
2025-06-14 16:48:04 - Binding column: AnnotatedJoinColumn()
2025-06-14 16:48:04 - Collection role: org.frcpm.models.Project.milestones
2025-06-14 16:48:04 - Building property milestones
2025-06-14 16:48:04 - Binding column: AnnotatedColumn(column='name')
2025-06-14 16:48:04 - MetadataSourceProcessor property name with lazy=false
2025-06-14 16:48:04 - Attempting to locate auto-apply AttributeConverter for property [org.frcpm.models.Project:name]
2025-06-14 16:48:04 - building BasicValue for name
2025-06-14 16:48:04 - Skipping column re-registration: projects.name
2025-06-14 16:48:04 - Building property name
2025-06-14 16:48:04 - Binding column: AnnotatedColumn(column='start_date')
2025-06-14 16:48:04 - MetadataSourceProcessor property startDate with lazy=false
2025-06-14 16:48:04 - Attempting to locate auto-apply AttributeConverter for property [org.frcpm.models.Project:startDate]
2025-06-14 16:48:04 - building BasicValue for startDate
2025-06-14 16:48:04 - Skipping column re-registration: projects.start_date
2025-06-14 16:48:04 - Building property startDate
2025-06-14 16:48:04 - Binding column: AnnotatedJoinColumn()
2025-06-14 16:48:04 - Binding column: AnnotatedColumn()
2025-06-14 16:48:04 - Binding column: IndexColumn(column='tasks_ORDER')
2025-06-14 16:48:04 - Binding column: AnnotatedColumn()
2025-06-14 16:48:04 - Binding column: AnnotatedColumn(column='tasks_KEY')
2025-06-14 16:48:04 - Binding column: AnnotatedJoinColumn(column='tasks_KEY')
2025-06-14 16:48:04 - Binding column: AnnotatedJoinColumn()
2025-06-14 16:48:04 - Binding column: AnnotatedJoinColumn()
2025-06-14 16:48:04 - Collection role: org.frcpm.models.Project.tasks
2025-06-14 16:48:04 - Building property tasks
2025-06-14 16:48:04 - Binding entity from annotated class: org.frcpm.models.Subsystem
2025-06-14 16:48:04 - Import with entity name Subsystem
2025-06-14 16:48:04 - Bind entity org.frcpm.models.Subsystem on table subsystems
2025-06-14 16:48:04 - Binding column: AnnotatedDiscriminatorColumn(column='DTYPE')
2025-06-14 16:48:04 - Binding column: AnnotatedColumn()
2025-06-14 16:48:04 - Not known whether passed class name [org.frcpm.models.Subsystem] is safe
2025-06-14 16:48:04 - No temp ClassLoader provided; using live ClassLoader for loading potentially unsafe class : org.frcpm.models.Subsystem
2025-06-14 16:48:04 - MetadataSourceProcessor property id with lazy=false
2025-06-14 16:48:04 - Attempting to locate auto-apply AttributeConverter for property [org.frcpm.models.Subsystem:id]
2025-06-14 16:48:04 - building BasicValue for id
2025-06-14 16:48:04 - Skipping column re-registration: subsystems.id
2025-06-14 16:48:04 - Building property id
2025-06-14 16:48:04 - #makeIdGenerator(BasicValue([Column(id)]), id, identity, , ...)
2025-06-14 16:48:04 - Binding column: AnnotatedColumn(column='description')
2025-06-14 16:48:04 - MetadataSourceProcessor property description with lazy=false
2025-06-14 16:48:04 - Attempting to locate auto-apply AttributeConverter for property [org.frcpm.models.Subsystem:description]
2025-06-14 16:48:04 - building BasicValue for description
2025-06-14 16:48:04 - Skipping column re-registration: subsystems.description
2025-06-14 16:48:04 - Building property description
2025-06-14 16:48:04 - Binding column: AnnotatedColumn(column='name')
2025-06-14 16:48:04 - MetadataSourceProcessor property name with lazy=false
2025-06-14 16:48:04 - Attempting to locate auto-apply AttributeConverter for property [org.frcpm.models.Subsystem:name]
2025-06-14 16:48:04 - building BasicValue for name
2025-06-14 16:48:04 - Skipping column re-registration: subsystems.name
2025-06-14 16:48:04 - Building property name
2025-06-14 16:48:04 - Binding column: AnnotatedJoinColumn(column='responsible_subteam_id')
2025-06-14 16:48:04 - Binding column: AnnotatedColumn()
2025-06-14 16:48:04 - Building property responsibleSubteam
2025-06-14 16:48:04 - Binding column: AnnotatedColumn(column='status')
2025-06-14 16:48:04 - MetadataSourceProcessor property status with lazy=false
2025-06-14 16:48:04 - Attempting to locate auto-apply AttributeConverter for property [org.frcpm.models.Subsystem:status]
2025-06-14 16:48:04 - building BasicValue for status
2025-06-14 16:48:04 - Skipping column re-registration: subsystems.status
2025-06-14 16:48:04 - Building property status
2025-06-14 16:48:04 - Binding column: AnnotatedJoinColumn()
2025-06-14 16:48:04 - Binding column: AnnotatedColumn()
2025-06-14 16:48:04 - Binding column: IndexColumn(column='tasks_ORDER')
2025-06-14 16:48:04 - Binding column: AnnotatedColumn()
2025-06-14 16:48:04 - Binding column: AnnotatedColumn(column='tasks_KEY')
2025-06-14 16:48:04 - Binding column: AnnotatedJoinColumn(column='tasks_KEY')
2025-06-14 16:48:04 - Binding column: AnnotatedJoinColumn()
2025-06-14 16:48:04 - Binding column: AnnotatedJoinColumn()
2025-06-14 16:48:04 - Collection role: org.frcpm.models.Subsystem.tasks
2025-06-14 16:48:04 - Building property tasks
2025-06-14 16:48:04 - Binding entity from annotated class: org.frcpm.models.Subteam
2025-06-14 16:48:04 - Import with entity name Subteam
2025-06-14 16:48:04 - Bind entity org.frcpm.models.Subteam on table subteams
2025-06-14 16:48:04 - Binding column: AnnotatedDiscriminatorColumn(column='DTYPE')
2025-06-14 16:48:04 - Binding column: AnnotatedColumn()
2025-06-14 16:48:04 - Not known whether passed class name [org.frcpm.models.Subteam] is safe
2025-06-14 16:48:04 - No temp ClassLoader provided; using live ClassLoader for loading potentially unsafe class : org.frcpm.models.Subteam
2025-06-14 16:48:04 - MetadataSourceProcessor property id with lazy=false
2025-06-14 16:48:04 - Attempting to locate auto-apply AttributeConverter for property [org.frcpm.models.Subteam:id]
2025-06-14 16:48:04 - building BasicValue for id
2025-06-14 16:48:04 - Skipping column re-registration: subteams.id
2025-06-14 16:48:04 - Building property id
2025-06-14 16:48:04 - #makeIdGenerator(BasicValue([Column(id)]), id, identity, , ...)
2025-06-14 16:48:04 - Binding column: AnnotatedColumn(column='color_code')
2025-06-14 16:48:04 - MetadataSourceProcessor property colorCode with lazy=false
2025-06-14 16:48:04 - Attempting to locate auto-apply AttributeConverter for property [org.frcpm.models.Subteam:colorCode]
2025-06-14 16:48:04 - building BasicValue for colorCode
2025-06-14 16:48:04 - Skipping column re-registration: subteams.color_code
2025-06-14 16:48:04 - Building property colorCode
2025-06-14 16:48:04 - Binding column: AnnotatedJoinColumn()
2025-06-14 16:48:04 - Binding column: AnnotatedColumn()
2025-06-14 16:48:04 - Binding column: IndexColumn(column='members_ORDER')
2025-06-14 16:48:04 - Binding column: AnnotatedColumn()
2025-06-14 16:48:04 - Binding column: AnnotatedColumn(column='members_KEY')
2025-06-14 16:48:04 - Binding column: AnnotatedJoinColumn(column='members_KEY')
2025-06-14 16:48:04 - Binding column: AnnotatedJoinColumn()
2025-06-14 16:48:04 - Binding column: AnnotatedJoinColumn()
2025-06-14 16:48:04 - Collection role: org.frcpm.models.Subteam.members
2025-06-14 16:48:04 - Building property members
2025-06-14 16:48:04 - Binding column: AnnotatedColumn(column='name')
2025-06-14 16:48:04 - MetadataSourceProcessor property name with lazy=false
2025-06-14 16:48:04 - Attempting to locate auto-apply AttributeConverter for property [org.frcpm.models.Subteam:name]
2025-06-14 16:48:04 - building BasicValue for name
2025-06-14 16:48:04 - Skipping column re-registration: subteams.name
2025-06-14 16:48:04 - Building property name
2025-06-14 16:48:04 - Binding column: AnnotatedColumn(column='specialties')
2025-06-14 16:48:04 - MetadataSourceProcessor property specialties with lazy=false
2025-06-14 16:48:04 - Attempting to locate auto-apply AttributeConverter for property [org.frcpm.models.Subteam:specialties]
2025-06-14 16:48:04 - building BasicValue for specialties
2025-06-14 16:48:04 - Skipping column re-registration: subteams.specialties
2025-06-14 16:48:04 - Building property specialties
2025-06-14 16:48:04 - Binding column: AnnotatedJoinColumn()
2025-06-14 16:48:04 - Binding column: AnnotatedColumn()
2025-06-14 16:48:04 - Binding column: IndexColumn(column='subsystems_ORDER')
2025-06-14 16:48:04 - Binding column: AnnotatedColumn()
2025-06-14 16:48:04 - Binding column: AnnotatedColumn(column='subsystems_KEY')
2025-06-14 16:48:04 - Binding column: AnnotatedJoinColumn(column='subsystems_KEY')
2025-06-14 16:48:04 - Binding column: AnnotatedJoinColumn()
2025-06-14 16:48:04 - Binding column: AnnotatedJoinColumn()
2025-06-14 16:48:04 - Collection role: org.frcpm.models.Subteam.subsystems
2025-06-14 16:48:04 - Building property subsystems
2025-06-14 16:48:04 - Binding entity from annotated class: org.frcpm.models.Task
2025-06-14 16:48:04 - Import with entity name Task
2025-06-14 16:48:04 - Bind entity org.frcpm.models.Task on table tasks
2025-06-14 16:48:04 - Binding column: AnnotatedDiscriminatorColumn(column='DTYPE')
2025-06-14 16:48:04 - Binding column: AnnotatedColumn()
2025-06-14 16:48:04 - Not known whether passed class name [org.frcpm.models.Task] is safe
2025-06-14 16:48:04 - No temp ClassLoader provided; using live ClassLoader for loading potentially unsafe class : org.frcpm.models.Task
2025-06-14 16:48:04 - MetadataSourceProcessor property id with lazy=false
2025-06-14 16:48:04 - Attempting to locate auto-apply AttributeConverter for property [org.frcpm.models.Task:id]
2025-06-14 16:48:04 - building BasicValue for id
2025-06-14 16:48:04 - Skipping column re-registration: tasks.id
2025-06-14 16:48:04 - Building property id
2025-06-14 16:48:04 - #makeIdGenerator(BasicValue([Column(id)]), id, identity, , ...)
2025-06-14 16:48:04 - Binding column: AnnotatedColumn(column='actual_duration_seconds')
2025-06-14 16:48:04 - MetadataSourceProcessor property actualDurationSeconds with lazy=false
2025-06-14 16:48:04 - Attempting to locate auto-apply AttributeConverter for property [org.frcpm.models.Task:actualDurationSeconds]
2025-06-14 16:48:04 - building BasicValue for actualDurationSeconds
2025-06-14 16:48:04 - Skipping column re-registration: tasks.actual_duration_seconds
2025-06-14 16:48:04 - Building property actualDurationSeconds
2025-06-14 16:48:04 - Binding column: IndexColumn(column='assignedTo_ORDER')
2025-06-14 16:48:04 - Binding column: AnnotatedColumn()
2025-06-14 16:48:04 - Binding column: AnnotatedColumn(column='assignedTo_KEY')
2025-06-14 16:48:04 - Binding column: AnnotatedJoinColumn(column='assignedTo_KEY')
2025-06-14 16:48:04 - Binding column: AnnotatedJoinColumn(column='task_id')
2025-06-14 16:48:04 - Binding column: AnnotatedJoinColumn(column='team_member_id')
2025-06-14 16:48:04 - Collection role: org.frcpm.models.Task.assignedTo
2025-06-14 16:48:04 - Building property assignedTo
2025-06-14 16:48:04 - Binding column: AnnotatedColumn(column='completed')
2025-06-14 16:48:04 - MetadataSourceProcessor property completed with lazy=false
2025-06-14 16:48:04 - Attempting to locate auto-apply AttributeConverter for property [org.frcpm.models.Task:completed]
2025-06-14 16:48:04 - building BasicValue for completed
2025-06-14 16:48:04 - Skipping column re-registration: tasks.completed
2025-06-14 16:48:04 - Building property completed
2025-06-14 16:48:04 - Binding column: AnnotatedColumn(column='description')
2025-06-14 16:48:04 - MetadataSourceProcessor property description with lazy=false
2025-06-14 16:48:04 - Attempting to locate auto-apply AttributeConverter for property [org.frcpm.models.Task:description]
2025-06-14 16:48:04 - building BasicValue for description
2025-06-14 16:48:04 - Skipping column re-registration: tasks.description
2025-06-14 16:48:04 - Building property description
2025-06-14 16:48:04 - Binding column: AnnotatedColumn(column='end_date')
2025-06-14 16:48:04 - MetadataSourceProcessor property endDate with lazy=false
2025-06-14 16:48:04 - Attempting to locate auto-apply AttributeConverter for property [org.frcpm.models.Task:endDate]
2025-06-14 16:48:04 - building BasicValue for endDate
2025-06-14 16:48:04 - Skipping column re-registration: tasks.end_date
2025-06-14 16:48:04 - Building property endDate
2025-06-14 16:48:04 - Binding column: AnnotatedColumn(column='estimated_duration_seconds')
2025-06-14 16:48:04 - MetadataSourceProcessor property estimatedDurationSeconds with lazy=false
2025-06-14 16:48:04 - Attempting to locate auto-apply AttributeConverter for property [org.frcpm.models.Task:estimatedDurationSeconds]
2025-06-14 16:48:04 - building BasicValue for estimatedDurationSeconds
2025-06-14 16:48:04 - Skipping column re-registration: tasks.estimated_duration_seconds
2025-06-14 16:48:04 - Building property estimatedDurationSeconds
2025-06-14 16:48:04 - Binding column: IndexColumn(column='postDependencies_ORDER')
2025-06-14 16:48:04 - Binding column: AnnotatedColumn()
2025-06-14 16:48:04 - Binding column: AnnotatedColumn(column='postDependencies_KEY')
2025-06-14 16:48:04 - Binding column: AnnotatedJoinColumn(column='postDependencies_KEY')
2025-06-14 16:48:04 - Binding column: AnnotatedJoinColumn()
2025-06-14 16:48:04 - Binding column: AnnotatedJoinColumn()
2025-06-14 16:48:04 - Collection role: org.frcpm.models.Task.postDependencies
2025-06-14 16:48:04 - Building property postDependencies
2025-06-14 16:48:04 - Binding column: IndexColumn(column='preDependencies_ORDER')
2025-06-14 16:48:04 - Binding column: AnnotatedColumn()
2025-06-14 16:48:04 - Binding column: AnnotatedColumn(column='preDependencies_KEY')
2025-06-14 16:48:04 - Binding column: AnnotatedJoinColumn(column='preDependencies_KEY')
2025-06-14 16:48:04 - Binding column: AnnotatedJoinColumn(column='task_id')
2025-06-14 16:48:04 - Binding column: AnnotatedJoinColumn(column='dependency_id')
2025-06-14 16:48:04 - Collection role: org.frcpm.models.Task.preDependencies
2025-06-14 16:48:04 - Building property preDependencies
2025-06-14 16:48:04 - Binding column: AnnotatedColumn(column='priority')
2025-06-14 16:48:04 - MetadataSourceProcessor property priority with lazy=false
2025-06-14 16:48:04 - Attempting to locate auto-apply AttributeConverter for property [org.frcpm.models.Task:priority]
2025-06-14 16:48:04 - building BasicValue for priority
2025-06-14 16:48:04 - Skipping column re-registration: tasks.priority
2025-06-14 16:48:04 - Building property priority
2025-06-14 16:48:04 - Binding column: AnnotatedColumn(column='progress')
2025-06-14 16:48:04 - MetadataSourceProcessor property progress with lazy=false
2025-06-14 16:48:04 - Attempting to locate auto-apply AttributeConverter for property [org.frcpm.models.Task:progress]
2025-06-14 16:48:04 - building BasicValue for progress
2025-06-14 16:48:04 - Skipping column re-registration: tasks.progress
2025-06-14 16:48:04 - Building property progress
2025-06-14 16:48:04 - Binding column: AnnotatedJoinColumn(column='project_id')
2025-06-14 16:48:04 - Binding column: AnnotatedColumn()
2025-06-14 16:48:04 - Building property project
2025-06-14 16:48:04 - Binding column: IndexColumn(column='requiredComponents_ORDER')
2025-06-14 16:48:04 - Binding column: AnnotatedColumn()
2025-06-14 16:48:04 - Binding column: AnnotatedColumn(column='requiredComponents_KEY')
2025-06-14 16:48:04 - Binding column: AnnotatedJoinColumn(column='requiredComponents_KEY')
2025-06-14 16:48:04 - Binding column: AnnotatedJoinColumn(column='task_id')
2025-06-14 16:48:04 - Binding column: AnnotatedJoinColumn(column='component_id')
2025-06-14 16:48:04 - Collection role: org.frcpm.models.Task.requiredComponents
2025-06-14 16:48:04 - Building property requiredComponents
2025-06-14 16:48:04 - Binding column: AnnotatedColumn(column='start_date')
2025-06-14 16:48:04 - MetadataSourceProcessor property startDate with lazy=false
2025-06-14 16:48:04 - Attempting to locate auto-apply AttributeConverter for property [org.frcpm.models.Task:startDate]
2025-06-14 16:48:04 - building BasicValue for startDate
2025-06-14 16:48:04 - Skipping column re-registration: tasks.start_date
2025-06-14 16:48:04 - Building property startDate
2025-06-14 16:48:04 - Binding column: AnnotatedJoinColumn(column='subsystem_id')
2025-06-14 16:48:04 - Binding column: AnnotatedColumn()
2025-06-14 16:48:04 - Building property subsystem
2025-06-14 16:48:04 - Binding column: AnnotatedColumn(column='title')
2025-06-14 16:48:04 - MetadataSourceProcessor property title with lazy=false
2025-06-14 16:48:04 - Attempting to locate auto-apply AttributeConverter for property [org.frcpm.models.Task:title]
2025-06-14 16:48:04 - building BasicValue for title
2025-06-14 16:48:04 - Skipping column re-registration: tasks.title
2025-06-14 16:48:04 - Building property title
2025-06-14 16:48:04 - Binding entity from annotated class: org.frcpm.models.TeamMember
2025-06-14 16:48:04 - Import with entity name TeamMember
2025-06-14 16:48:04 - Bind entity org.frcpm.models.TeamMember on table team_members
2025-06-14 16:48:04 - Binding column: AnnotatedDiscriminatorColumn(column='DTYPE')
2025-06-14 16:48:04 - Binding column: AnnotatedColumn()
2025-06-14 16:48:04 - Not known whether passed class name [org.frcpm.models.TeamMember] is safe
2025-06-14 16:48:04 - No temp ClassLoader provided; using live ClassLoader for loading potentially unsafe class : org.frcpm.models.TeamMember
2025-06-14 16:48:04 - MetadataSourceProcessor property id with lazy=false
2025-06-14 16:48:04 - Attempting to locate auto-apply AttributeConverter for property [org.frcpm.models.TeamMember:id]
2025-06-14 16:48:04 - building BasicValue for id
2025-06-14 16:48:04 - Skipping column re-registration: team_members.id
2025-06-14 16:48:04 - Building property id
2025-06-14 16:48:04 - #makeIdGenerator(BasicValue([Column(id)]), id, identity, , ...)
2025-06-14 16:48:04 - Binding column: IndexColumn(column='assignedTasks_ORDER')
2025-06-14 16:48:04 - Binding column: AnnotatedColumn()
2025-06-14 16:48:04 - Binding column: AnnotatedColumn(column='assignedTasks_KEY')
2025-06-14 16:48:04 - Binding column: AnnotatedJoinColumn(column='assignedTasks_KEY')
2025-06-14 16:48:04 - Binding column: AnnotatedJoinColumn()
2025-06-14 16:48:04 - Binding column: AnnotatedJoinColumn()
2025-06-14 16:48:04 - Collection role: org.frcpm.models.TeamMember.assignedTasks
2025-06-14 16:48:04 - Building property assignedTasks
2025-06-14 16:48:04 - Binding column: AnnotatedJoinColumn()
2025-06-14 16:48:04 - Binding column: AnnotatedColumn()
2025-06-14 16:48:04 - Binding column: IndexColumn(column='attendances_ORDER')
2025-06-14 16:48:04 - Binding column: AnnotatedColumn()
2025-06-14 16:48:04 - Binding column: AnnotatedColumn(column='attendances_KEY')
2025-06-14 16:48:04 - Binding column: AnnotatedJoinColumn(column='attendances_KEY')
2025-06-14 16:48:04 - Binding column: AnnotatedJoinColumn()
2025-06-14 16:48:04 - Binding column: AnnotatedJoinColumn()
2025-06-14 16:48:04 - Collection role: org.frcpm.models.TeamMember.attendances
2025-06-14 16:48:04 - Building property attendances
2025-06-14 16:48:04 - Binding column: AnnotatedColumn(column='email')
2025-06-14 16:48:04 - MetadataSourceProcessor property email with lazy=false
2025-06-14 16:48:04 - Attempting to locate auto-apply AttributeConverter for property [org.frcpm.models.TeamMember:email]
2025-06-14 16:48:04 - building BasicValue for email
2025-06-14 16:48:04 - Skipping column re-registration: team_members.email
2025-06-14 16:48:04 - Building property email
2025-06-14 16:48:04 - Binding column: AnnotatedColumn(column='first_name')
2025-06-14 16:48:04 - MetadataSourceProcessor property firstName with lazy=false
2025-06-14 16:48:04 - Attempting to locate auto-apply AttributeConverter for property [org.frcpm.models.TeamMember:firstName]
2025-06-14 16:48:04 - building BasicValue for firstName
2025-06-14 16:48:04 - Skipping column re-registration: team_members.first_name
2025-06-14 16:48:04 - Building property firstName
2025-06-14 16:48:04 - Binding column: AnnotatedColumn(column='last_name')
2025-06-14 16:48:04 - MetadataSourceProcessor property lastName with lazy=false
2025-06-14 16:48:04 - Attempting to locate auto-apply AttributeConverter for property [org.frcpm.models.TeamMember:lastName]
2025-06-14 16:48:04 - building BasicValue for lastName
2025-06-14 16:48:04 - Skipping column re-registration: team_members.last_name
2025-06-14 16:48:04 - Building property lastName
2025-06-14 16:48:04 - Binding column: AnnotatedColumn(column='is_leader')
2025-06-14 16:48:04 - MetadataSourceProcessor property leader with lazy=false
2025-06-14 16:48:04 - Attempting to locate auto-apply AttributeConverter for property [org.frcpm.models.TeamMember:leader]
2025-06-14 16:48:04 - building BasicValue for leader
2025-06-14 16:48:04 - Skipping column re-registration: team_members.is_leader
2025-06-14 16:48:04 - Building property leader
2025-06-14 16:48:04 - Binding column: AnnotatedColumn(column='phone')
2025-06-14 16:48:04 - MetadataSourceProcessor property phone with lazy=false
2025-06-14 16:48:04 - Attempting to locate auto-apply AttributeConverter for property [org.frcpm.models.TeamMember:phone]
2025-06-14 16:48:04 - building BasicValue for phone
2025-06-14 16:48:04 - Skipping column re-registration: team_members.phone
2025-06-14 16:48:04 - Building property phone
2025-06-14 16:48:04 - Binding column: AnnotatedColumn(column='skills')
2025-06-14 16:48:04 - MetadataSourceProcessor property skills with lazy=false
2025-06-14 16:48:04 - Attempting to locate auto-apply AttributeConverter for property [org.frcpm.models.TeamMember:skills]
2025-06-14 16:48:04 - building BasicValue for skills
2025-06-14 16:48:04 - Skipping column re-registration: team_members.skills
2025-06-14 16:48:04 - Building property skills
2025-06-14 16:48:04 - Binding column: AnnotatedJoinColumn(column='subteam_id')
2025-06-14 16:48:04 - Binding column: AnnotatedColumn()
2025-06-14 16:48:04 - Building property subteam
2025-06-14 16:48:04 - Binding column: AnnotatedColumn(column='username')
2025-06-14 16:48:04 - MetadataSourceProcessor property username with lazy=false
2025-06-14 16:48:04 - Attempting to locate auto-apply AttributeConverter for property [org.frcpm.models.TeamMember:username]
2025-06-14 16:48:04 - building BasicValue for username
2025-06-14 16:48:04 - Skipping column re-registration: team_members.username
2025-06-14 16:48:04 - Building property username
2025-06-14 16:48:04 - Starting `BasicValueBinder#fillSimpleValue` for id
2025-06-14 16:48:04 - Starting `BasicValueBinder#fillSimpleValue` for arrivalTime
2025-06-14 16:48:04 - Starting `BasicValueBinder#fillSimpleValue` for departureTime
2025-06-14 16:48:04 - Starting `BasicValueBinder#fillSimpleValue` for present
2025-06-14 16:48:04 - Starting `BasicValueBinder#fillSimpleValue` for id
2025-06-14 16:48:04 - Starting `BasicValueBinder#fillSimpleValue` for actualDelivery
2025-06-14 16:48:04 - Starting `BasicValueBinder#fillSimpleValue` for delivered
2025-06-14 16:48:04 - Starting `BasicValueBinder#fillSimpleValue` for description
2025-06-14 16:48:04 - Starting `BasicValueBinder#fillSimpleValue` for expectedDelivery
2025-06-14 16:48:04 - Starting `BasicValueBinder#fillSimpleValue` for name
2025-06-14 16:48:04 - Starting `BasicValueBinder#fillSimpleValue` for partNumber
2025-06-14 16:48:04 - Starting `BasicValueBinder#fillSimpleValue` for id
2025-06-14 16:48:04 - Starting `BasicValueBinder#fillSimpleValue` for date
2025-06-14 16:48:04 - Starting `BasicValueBinder#fillSimpleValue` for endTime
2025-06-14 16:48:04 - Starting `BasicValueBinder#fillSimpleValue` for notes
2025-06-14 16:48:04 - Starting `BasicValueBinder#fillSimpleValue` for startTime
2025-06-14 16:48:04 - Starting `BasicValueBinder#fillSimpleValue` for id
2025-06-14 16:48:04 - Starting `BasicValueBinder#fillSimpleValue` for date
2025-06-14 16:48:04 - Starting `BasicValueBinder#fillSimpleValue` for description
2025-06-14 16:48:04 - Starting `BasicValueBinder#fillSimpleValue` for name
2025-06-14 16:48:04 - Starting `BasicValueBinder#fillSimpleValue` for id
2025-06-14 16:48:04 - Starting `BasicValueBinder#fillSimpleValue` for description
2025-06-14 16:48:04 - Starting `BasicValueBinder#fillSimpleValue` for goalEndDate
2025-06-14 16:48:04 - Starting `BasicValueBinder#fillSimpleValue` for hardDeadline
2025-06-14 16:48:04 - Starting `BasicValueBinder#fillSimpleValue` for name
2025-06-14 16:48:04 - Starting `BasicValueBinder#fillSimpleValue` for startDate
2025-06-14 16:48:04 - Starting `BasicValueBinder#fillSimpleValue` for id
2025-06-14 16:48:04 - Starting `BasicValueBinder#fillSimpleValue` for description
2025-06-14 16:48:04 - Starting `BasicValueBinder#fillSimpleValue` for name
2025-06-14 16:48:04 - Starting `BasicValueBinder#fillSimpleValue` for status
2025-06-14 16:48:04 - Starting `BasicValueBinder#fillSimpleValue` for id
2025-06-14 16:48:04 - Starting `BasicValueBinder#fillSimpleValue` for colorCode
2025-06-14 16:48:04 - Starting `BasicValueBinder#fillSimpleValue` for name
2025-06-14 16:48:04 - Starting `BasicValueBinder#fillSimpleValue` for specialties
2025-06-14 16:48:04 - Starting `BasicValueBinder#fillSimpleValue` for id
2025-06-14 16:48:04 - Starting `BasicValueBinder#fillSimpleValue` for actualDurationSeconds
2025-06-14 16:48:04 - Starting `BasicValueBinder#fillSimpleValue` for completed
2025-06-14 16:48:04 - Starting `BasicValueBinder#fillSimpleValue` for description
2025-06-14 16:48:04 - Starting `BasicValueBinder#fillSimpleValue` for endDate
2025-06-14 16:48:04 - Starting `BasicValueBinder#fillSimpleValue` for estimatedDurationSeconds
2025-06-14 16:48:04 - Starting `BasicValueBinder#fillSimpleValue` for priority
2025-06-14 16:48:04 - Starting `BasicValueBinder#fillSimpleValue` for progress
2025-06-14 16:48:04 - Starting `BasicValueBinder#fillSimpleValue` for startDate
2025-06-14 16:48:04 - Starting `BasicValueBinder#fillSimpleValue` for title
2025-06-14 16:48:04 - Starting `BasicValueBinder#fillSimpleValue` for id
2025-06-14 16:48:04 - Starting `BasicValueBinder#fillSimpleValue` for email
2025-06-14 16:48:04 - Starting `BasicValueBinder#fillSimpleValue` for firstName
2025-06-14 16:48:04 - Starting `BasicValueBinder#fillSimpleValue` for lastName
2025-06-14 16:48:04 - Starting `BasicValueBinder#fillSimpleValue` for leader
2025-06-14 16:48:04 - Starting `BasicValueBinder#fillSimpleValue` for phone
2025-06-14 16:48:04 - Starting `BasicValueBinder#fillSimpleValue` for skills
2025-06-14 16:48:04 - Starting `BasicValueBinder#fillSimpleValue` for username
2025-06-14 16:48:04 - Forcing column [id] to be non-null as it is part of the primary key for table [attendances]
2025-06-14 16:48:04 - Forcing column [id] to be non-null as it is part of the primary key for table [components]
2025-06-14 16:48:04 - Forcing column [id] to be non-null as it is part of the primary key for table [meetings]
2025-06-14 16:48:04 - Forcing column [id] to be non-null as it is part of the primary key for table [milestones]
2025-06-14 16:48:04 - Forcing column [id] to be non-null as it is part of the primary key for table [projects]
2025-06-14 16:48:04 - Forcing column [id] to be non-null as it is part of the primary key for table [subsystems]
2025-06-14 16:48:04 - Forcing column [id] to be non-null as it is part of the primary key for table [subteams]
2025-06-14 16:48:04 - Forcing column [id] to be non-null as it is part of the primary key for table [tasks]
2025-06-14 16:48:04 - Forcing column [id] to be non-null as it is part of the primary key for table [team_members]
2025-06-14 16:48:04 - Second pass for collection: org.frcpm.models.Task.requiredComponents
2025-06-14 16:48:04 - Binding a ManyToMany: org.frcpm.models.Task.requiredComponents
2025-06-14 16:48:04 - Forcing column [task_id] to be non-null as it is part of the primary key for table [task_components]
2025-06-14 16:48:04 - Forcing column [component_id] to be non-null as it is part of the primary key for table [task_components]
2025-06-14 16:48:04 - Mapped collection key: task_id, element: component_id
2025-06-14 16:48:04 - Second pass for collection: org.frcpm.models.Task.preDependencies
2025-06-14 16:48:04 - Binding a ManyToMany: org.frcpm.models.Task.preDependencies
2025-06-14 16:48:04 - Forcing column [task_id] to be non-null as it is part of the primary key for table [task_dependencies]
2025-06-14 16:48:04 - Forcing column [dependency_id] to be non-null as it is part of the primary key for table [task_dependencies]
2025-06-14 16:48:04 - Mapped collection key: task_id, element: dependency_id
2025-06-14 16:48:04 - Second pass for collection: org.frcpm.models.Task.assignedTo
2025-06-14 16:48:04 - Binding a ManyToMany: org.frcpm.models.Task.assignedTo
2025-06-14 16:48:04 - Forcing column [task_id] to be non-null as it is part of the primary key for table [task_assignments]
2025-06-14 16:48:04 - Forcing column [team_member_id] to be non-null as it is part of the primary key for table [task_assignments]
2025-06-14 16:48:04 - Mapped collection key: task_id, element: team_member_id
2025-06-14 16:48:04 - Second pass for collection: org.frcpm.models.Component.requiredForTasks
2025-06-14 16:48:04 - Binding a ManyToMany: org.frcpm.models.Component.requiredForTasks
2025-06-14 16:48:04 - Retrieving property org.frcpm.models.Task.requiredComponents
2025-06-14 16:48:04 - Mapped collection key: component_id, element: task_id
2025-06-14 16:48:04 - Second pass for collection: org.frcpm.models.Meeting.attendances
2025-06-14 16:48:04 - Binding a OneToMany: org.frcpm.models.Meeting.attendances through a foreign key
2025-06-14 16:48:04 - Mapping collection: org.frcpm.models.Meeting.attendances -> attendances
2025-06-14 16:48:04 - Retrieving property org.frcpm.models.Attendance.meeting
2025-06-14 16:48:04 - Mapped collection key: meeting_id, one-to-many: org.frcpm.models.Attendance
2025-06-14 16:48:04 - Second pass for collection: org.frcpm.models.Project.meetings
2025-06-14 16:48:04 - Binding a OneToMany: org.frcpm.models.Project.meetings through a foreign key
2025-06-14 16:48:04 - Mapping collection: org.frcpm.models.Project.meetings -> meetings
2025-06-14 16:48:04 - Retrieving property org.frcpm.models.Meeting.project
2025-06-14 16:48:04 - Mapped collection key: project_id, one-to-many: org.frcpm.models.Meeting
2025-06-14 16:48:04 - Second pass for collection: org.frcpm.models.Project.milestones
2025-06-14 16:48:04 - Binding a OneToMany: org.frcpm.models.Project.milestones through a foreign key
2025-06-14 16:48:04 - Mapping collection: org.frcpm.models.Project.milestones -> milestones
2025-06-14 16:48:04 - Retrieving property org.frcpm.models.Milestone.project
2025-06-14 16:48:04 - Mapped collection key: project_id, one-to-many: org.frcpm.models.Milestone
2025-06-14 16:48:04 - Second pass for collection: org.frcpm.models.Project.tasks
2025-06-14 16:48:04 - Binding a OneToMany: org.frcpm.models.Project.tasks through a foreign key
2025-06-14 16:48:04 - Mapping collection: org.frcpm.models.Project.tasks -> tasks
2025-06-14 16:48:04 - Retrieving property org.frcpm.models.Task.project
2025-06-14 16:48:04 - Mapped collection key: project_id, one-to-many: org.frcpm.models.Task
2025-06-14 16:48:04 - Second pass for collection: org.frcpm.models.Subsystem.tasks
2025-06-14 16:48:04 - Binding a OneToMany: org.frcpm.models.Subsystem.tasks through a foreign key
2025-06-14 16:48:04 - Mapping collection: org.frcpm.models.Subsystem.tasks -> tasks
2025-06-14 16:48:04 - Retrieving property org.frcpm.models.Task.subsystem
2025-06-14 16:48:04 - Mapped collection key: subsystem_id, one-to-many: org.frcpm.models.Task
2025-06-14 16:48:04 - Second pass for collection: org.frcpm.models.Subteam.members
2025-06-14 16:48:04 - Binding a OneToMany: org.frcpm.models.Subteam.members through a foreign key
2025-06-14 16:48:04 - Mapping collection: org.frcpm.models.Subteam.members -> team_members
2025-06-14 16:48:04 - Retrieving property org.frcpm.models.TeamMember.subteam
2025-06-14 16:48:04 - Mapped collection key: subteam_id, one-to-many: org.frcpm.models.TeamMember
2025-06-14 16:48:04 - Second pass for collection: org.frcpm.models.Subteam.subsystems
2025-06-14 16:48:04 - Binding a OneToMany: org.frcpm.models.Subteam.subsystems through a foreign key
2025-06-14 16:48:04 - Mapping collection: org.frcpm.models.Subteam.subsystems -> subsystems
2025-06-14 16:48:04 - Retrieving property org.frcpm.models.Subsystem.responsibleSubteam
2025-06-14 16:48:04 - Mapped collection key: responsible_subteam_id, one-to-many: org.frcpm.models.Subsystem
2025-06-14 16:48:04 - Second pass for collection: org.frcpm.models.Task.postDependencies
2025-06-14 16:48:04 - Binding a ManyToMany: org.frcpm.models.Task.postDependencies
2025-06-14 16:48:04 - Retrieving property org.frcpm.models.Task.preDependencies
2025-06-14 16:48:04 - Mapped collection key: dependency_id, element: task_id
2025-06-14 16:48:04 - Second pass for collection: org.frcpm.models.TeamMember.assignedTasks
2025-06-14 16:48:04 - Binding a ManyToMany: org.frcpm.models.TeamMember.assignedTasks
2025-06-14 16:48:04 - Retrieving property org.frcpm.models.Task.assignedTo
2025-06-14 16:48:04 - Mapped collection key: team_member_id, element: task_id
2025-06-14 16:48:04 - Second pass for collection: org.frcpm.models.TeamMember.attendances
2025-06-14 16:48:04 - Binding a OneToMany: org.frcpm.models.TeamMember.attendances through a foreign key
2025-06-14 16:48:04 - Mapping collection: org.frcpm.models.TeamMember.attendances -> attendances
2025-06-14 16:48:04 - Retrieving property org.frcpm.models.Attendance.member
2025-06-14 16:48:04 - Mapped collection key: member_id, one-to-many: org.frcpm.models.Attendance
2025-06-14 16:48:04 - Resolving reference to class: org.frcpm.models.Meeting
2025-06-14 16:48:04 - Resolving reference to class: org.frcpm.models.TeamMember
2025-06-14 16:48:04 - Resolving reference to class: org.frcpm.models.Project
2025-06-14 16:48:04 - Resolving reference to class: org.frcpm.models.Project
2025-06-14 16:48:04 - Resolving reference to class: org.frcpm.models.Subteam
2025-06-14 16:48:04 - Resolving reference to class: org.frcpm.models.TeamMember
2025-06-14 16:48:04 - Resolving reference to class: org.frcpm.models.Task
2025-06-14 16:48:04 - Resolving reference to class: org.frcpm.models.Component
2025-06-14 16:48:04 - Resolving reference to class: org.frcpm.models.Task
2025-06-14 16:48:04 - Resolving reference to class: org.frcpm.models.Task
2025-06-14 16:48:04 - Resolving reference to class: org.frcpm.models.Task
2025-06-14 16:48:04 - Resolving reference to class: org.frcpm.models.Project
2025-06-14 16:48:04 - Resolving reference to class: org.frcpm.models.Subsystem
2025-06-14 16:48:04 - Resolving reference to class: org.frcpm.models.Subteam
2025-06-14 16:48:04 - Resolving reference to class: org.frcpm.models.Meeting
2025-06-14 16:48:04 - Resolving reference to class: org.frcpm.models.TeamMember
2025-06-14 16:48:04 - Resolving reference to class: org.frcpm.models.Project
2025-06-14 16:48:04 - Resolving reference to class: org.frcpm.models.Project
2025-06-14 16:48:04 - Resolving reference to class: org.frcpm.models.Subteam
2025-06-14 16:48:04 - Resolving reference to class: org.frcpm.models.TeamMember
2025-06-14 16:48:04 - Resolving reference to class: org.frcpm.models.Task
2025-06-14 16:48:04 - Resolving reference to class: org.frcpm.models.Component
2025-06-14 16:48:04 - Resolving reference to class: org.frcpm.models.Task
2025-06-14 16:48:04 - Resolving reference to class: org.frcpm.models.Task
2025-06-14 16:48:04 - Resolving reference to class: org.frcpm.models.Task
2025-06-14 16:48:04 - Resolving reference to class: org.frcpm.models.Project
2025-06-14 16:48:04 - Resolving reference to class: org.frcpm.models.Subsystem
2025-06-14 16:48:04 - Resolving reference to class: org.frcpm.models.Subteam
2025-06-14 16:48:04 - HHH000021: Bytecode provider: bytebuddy
2025-06-14 16:48:04 - Building session factory
2025-06-14 16:48:04 - EventListenerRegistry access via ServiceRegistry is deprecated.  Use `sessionFactory.getEventEngine().getListenerRegistry()` instead
2025-06-14 16:48:04 - Instantiating SessionFactory with settings: {hibernate.format_sql=true, java.specification.version=21, sun.cpu.isalist=amd64, hibernate.resource.beans.container=org.springframework.orm.hibernate5.SpringBeanContainer@273293c8, hibernate.connection.handling_mode=DELAYED_ACQUISITION_AND_HOLD, sun.jnu.encoding=Cp1252, hibernate.dialect=org.hibernate.dialect.H2Dialect, hibernate.implicit_naming_strategy=org.springframework.boot.orm.jpa.hibernate.SpringImplicitNamingStrategy, java.class.path=C:\Users\dhiebert\Local Repositories\Project Management 2.0\target\test-classes;C:\Users\dhiebert\Local Repositories\Project Management 2.0\target\classes;C:\Users\dhiebert\.m2\repository\org\springframework\boot\spring-boot-starter-web\3.2.0\spring-boot-starter-web-3.2.0.jar;C:\Users\dhiebert\.m2\repository\org\springframework\boot\spring-boot-starter\3.2.0\spring-boot-starter-3.2.0.jar;C:\Users\dhiebert\.m2\repository\org\springframework\boot\spring-boot\3.2.0\spring-boot-3.2.0.jar;C:\Users\dhiebert\.m2\repository\org\springframework\boot\spring-boot-autoconfigure\3.2.0\spring-boot-autoconfigure-3.2.0.jar;C:\Users\dhiebert\.m2\repository\org\springframework\boot\spring-boot-starter-logging\3.2.0\spring-boot-starter-logging-3.2.0.jar;C:\Users\dhiebert\.m2\repository\ch\qos\logback\logback-classic\1.4.11\logback-classic-1.4.11.jar;C:\Users\dhiebert\.m2\repository\ch\qos\logback\logback-core\1.4.11\logback-core-1.4.11.jar;C:\Users\dhiebert\.m2\repository\org\apache\logging\log4j\log4j-to-slf4j\2.21.1\log4j-to-slf4j-2.21.1.jar;C:\Users\dhiebert\.m2\repository\org\apache\logging\log4j\log4j-api\2.21.1\log4j-api-2.21.1.jar;C:\Users\dhiebert\.m2\repository\org\slf4j\jul-to-slf4j\2.0.9\jul-to-slf4j-2.0.9.jar;C:\Users\dhiebert\.m2\repository\jakarta\annotation\jakarta.annotation-api\2.1.1\jakarta.annotation-api-2.1.1.jar;C:\Users\dhiebert\.m2\repository\org\yaml\snakeyaml\2.2\snakeyaml-2.2.jar;C:\Users\dhiebert\.m2\repository\org\springframework\boot\spring-boot-starter-json\3.2.0\spring-boot-starter-json-3.2.0.jar;C:\Users\dhiebert\.m2\repository\com\fasterxml\jackson\datatype\jackson-datatype-jdk8\2.15.3\jackson-datatype-jdk8-2.15.3.jar;C:\Users\dhiebert\.m2\repository\com\fasterxml\jackson\datatype\jackson-datatype-jsr310\2.15.3\jackson-datatype-jsr310-2.15.3.jar;C:\Users\dhiebert\.m2\repository\com\fasterxml\jackson\module\jackson-module-parameter-names\2.15.3\jackson-module-parameter-names-2.15.3.jar;C:\Users\dhiebert\.m2\repository\org\springframework\boot\spring-boot-starter-tomcat\3.2.0\spring-boot-starter-tomcat-3.2.0.jar;C:\Users\dhiebert\.m2\repository\org\apache\tomcat\embed\tomcat-embed-core\10.1.16\tomcat-embed-core-10.1.16.jar;C:\Users\dhiebert\.m2\repository\org\apache\tomcat\embed\tomcat-embed-websocket\10.1.16\tomcat-embed-websocket-10.1.16.jar;C:\Users\dhiebert\.m2\repository\org\springframework\spring-web\6.1.1\spring-web-6.1.1.jar;C:\Users\dhiebert\.m2\repository\org\springframework\spring-beans\6.1.1\spring-beans-6.1.1.jar;C:\Users\dhiebert\.m2\repository\io\micrometer\micrometer-observation\1.12.0\micrometer-observation-1.12.0.jar;C:\Users\dhiebert\.m2\repository\io\micrometer\micrometer-commons\1.12.0\micrometer-commons-1.12.0.jar;C:\Users\dhiebert\.m2\repository\org\springframework\spring-webmvc\6.1.1\spring-webmvc-6.1.1.jar;C:\Users\dhiebert\.m2\repository\org\springframework\spring-context\6.1.1\spring-context-6.1.1.jar;C:\Users\dhiebert\.m2\repository\org\springframework\spring-expression\6.1.1\spring-expression-6.1.1.jar;C:\Users\dhiebert\.m2\repository\org\springframework\boot\spring-boot-starter-data-jpa\3.2.0\spring-boot-starter-data-jpa-3.2.0.jar;C:\Users\dhiebert\.m2\repository\org\springframework\boot\spring-boot-starter-aop\3.2.0\spring-boot-starter-aop-3.2.0.jar;C:\Users\dhiebert\.m2\repository\org\aspectj\aspectjweaver\1.9.20.1\aspectjweaver-1.9.20.1.jar;C:\Users\dhiebert\.m2\repository\org\springframework\boot\spring-boot-starter-jdbc\3.2.0\spring-boot-starter-jdbc-3.2.0.jar;C:\Users\dhiebert\.m2\repository\org\springframework\spring-jdbc\6.1.1\spring-jdbc-6.1.1.jar;C:\Users\dhiebert\.m2\repository\org\hibernate\orm\hibernate-core\6.3.1.Final\hibernate-core-6.3.1.Final.jar;C:\Users\dhiebert\.m2\repository\jakarta\persistence\jakarta.persistence-api\3.1.0\jakarta.persistence-api-3.1.0.jar;C:\Users\dhiebert\.m2\repository\jakarta\transaction\jakarta.transaction-api\2.0.1\jakarta.transaction-api-2.0.1.jar;C:\Users\dhiebert\.m2\repository\org\hibernate\common\hibernate-commons-annotations\6.0.6.Final\hibernate-commons-annotations-6.0.6.Final.jar;C:\Users\dhiebert\.m2\repository\io\smallrye\jandex\3.1.2\jandex-3.1.2.jar;C:\Users\dhiebert\.m2\repository\org\glassfish\jaxb\jaxb-runtime\4.0.4\jaxb-runtime-4.0.4.jar;C:\Users\dhiebert\.m2\repository\org\glassfish\jaxb\jaxb-core\4.0.4\jaxb-core-4.0.4.jar;C:\Users\dhiebert\.m2\repository\org\eclipse\angus\angus-activation\2.0.1\angus-activation-2.0.1.jar;C:\Users\dhiebert\.m2\repository\org\glassfish\jaxb\txw2\4.0.4\txw2-4.0.4.jar;C:\Users\dhiebert\.m2\repository\com\sun\istack\istack-commons-runtime\4.1.2\istack-commons-runtime-4.1.2.jar;C:\Users\dhiebert\.m2\repository\jakarta\inject\jakarta.inject-api\2.0.1\jakarta.inject-api-2.0.1.jar;C:\Users\dhiebert\.m2\repository\org\antlr\antlr4-runtime\4.10.1\antlr4-runtime-4.10.1.jar;C:\Users\dhiebert\.m2\repository\org\springframework\data\spring-data-jpa\3.2.0\spring-data-jpa-3.2.0.jar;C:\Users\dhiebert\.m2\repository\org\springframework\data\spring-data-commons\3.2.0\spring-data-commons-3.2.0.jar;C:\Users\dhiebert\.m2\repository\org\springframework\spring-orm\6.1.1\spring-orm-6.1.1.jar;C:\Users\dhiebert\.m2\repository\org\springframework\spring-tx\6.1.1\spring-tx-6.1.1.jar;C:\Users\dhiebert\.m2\repository\org\springframework\spring-aspects\6.1.1\spring-aspects-6.1.1.jar;C:\Users\dhiebert\.m2\repository\org\springframework\boot\spring-boot-starter-thymeleaf\3.2.0\spring-boot-starter-thymeleaf-3.2.0.jar;C:\Users\dhiebert\.m2\repository\org\thymeleaf\thymeleaf-spring6\3.1.2.RELEASE\thymeleaf-spring6-3.1.2.RELEASE.jar;C:\Users\dhiebert\.m2\repository\org\thymeleaf\thymeleaf\3.1.2.RELEASE\thymeleaf-3.1.2.RELEASE.jar;C:\Users\dhiebert\.m2\repository\org\attoparser\attoparser\2.0.7.RELEASE\attoparser-2.0.7.RELEASE.jar;C:\Users\dhiebert\.m2\repository\org\unbescape\unbescape\1.1.6.RELEASE\unbescape-1.1.6.RELEASE.jar;C:\Users\dhiebert\.m2\repository\org\springframework\boot\spring-boot-starter-security\3.2.0\spring-boot-starter-security-3.2.0.jar;C:\Users\dhiebert\.m2\repository\org\springframework\spring-aop\6.1.1\spring-aop-6.1.1.jar;C:\Users\dhiebert\.m2\repository\org\springframework\security\spring-security-config\6.2.0\spring-security-config-6.2.0.jar;C:\Users\dhiebert\.m2\repository\org\springframework\security\spring-security-core\6.2.0\spring-security-core-6.2.0.jar;C:\Users\dhiebert\.m2\repository\org\springframework\security\spring-security-crypto\6.2.0\spring-security-crypto-6.2.0.jar;C:\Users\dhiebert\.m2\repository\org\springframework\security\spring-security-web\6.2.0\spring-security-web-6.2.0.jar;C:\Users\dhiebert\.m2\repository\org\springframework\boot\spring-boot-starter-validation\3.2.0\spring-boot-starter-validation-3.2.0.jar;C:\Users\dhiebert\.m2\repository\org\apache\tomcat\embed\tomcat-embed-el\10.1.16\tomcat-embed-el-10.1.16.jar;C:\Users\dhiebert\.m2\repository\org\springframework\boot\spring-boot-starter-websocket\3.2.0\spring-boot-starter-websocket-3.2.0.jar;C:\Users\dhiebert\.m2\repository\org\springframework\spring-messaging\6.1.1\spring-messaging-6.1.1.jar;C:\Users\dhiebert\.m2\repository\org\springframework\spring-websocket\6.1.1\spring-websocket-6.1.1.jar;C:\Users\dhiebert\.m2\repository\com\h2database\h2\2.2.224\h2-2.2.224.jar;C:\Users\dhiebert\.m2\repository\org\xerial\sqlite-jdbc\3.44.1.0\sqlite-jdbc-3.44.1.0.jar;C:\Users\dhiebert\.m2\repository\org\slf4j\slf4j-api\2.0.9\slf4j-api-2.0.9.jar;C:\Users\dhiebert\.m2\repository\com\zaxxer\HikariCP\5.0.1\HikariCP-5.0.1.jar;C:\Users\dhiebert\.m2\repository\org\hibernate\validator\hibernate-validator\8.0.1.Final\hibernate-validator-8.0.1.Final.jar;C:\Users\dhiebert\.m2\repository\jakarta\validation\jakarta.validation-api\3.0.2\jakarta.validation-api-3.0.2.jar;C:\Users\dhiebert\.m2\repository\org\jboss\logging\jboss-logging\3.5.3.Final\jboss-logging-3.5.3.Final.jar;C:\Users\dhiebert\.m2\repository\com\fasterxml\classmate\1.6.0\classmate-1.6.0.jar;C:\Users\dhiebert\.m2\repository\org\springframework\boot\spring-boot-starter-test\3.2.0\spring-boot-starter-test-3.2.0.jar;C:\Users\dhiebert\.m2\repository\org\springframework\boot\spring-boot-test\3.2.0\spring-boot-test-3.2.0.jar;C:\Users\dhiebert\.m2\repository\org\springframework\boot\spring-boot-test-autoconfigure\3.2.0\spring-boot-test-autoconfigure-3.2.0.jar;C:\Users\dhiebert\.m2\repository\com\jayway\jsonpath\json-path\2.8.0\json-path-2.8.0.jar;C:\Users\dhiebert\.m2\repository\jakarta\xml\bind\jakarta.xml.bind-api\4.0.1\jakarta.xml.bind-api-4.0.1.jar;C:\Users\dhiebert\.m2\repository\jakarta\activation\jakarta.activation-api\2.1.2\jakarta.activation-api-2.1.2.jar;C:\Users\dhiebert\.m2\repository\net\minidev\json-smart\2.5.0\json-smart-2.5.0.jar;C:\Users\dhiebert\.m2\repository\net\minidev\accessors-smart\2.5.0\accessors-smart-2.5.0.jar;C:\Users\dhiebert\.m2\repository\org\ow2\asm\asm\9.3\asm-9.3.jar;C:\Users\dhiebert\.m2\repository\org\assertj\assertj-core\3.24.2\assertj-core-3.24.2.jar;C:\Users\dhiebert\.m2\repository\org\awaitility\awaitility\4.2.0\awaitility-4.2.0.jar;C:\Users\dhiebert\.m2\repository\org\hamcrest\hamcrest\2.2\hamcrest-2.2.jar;C:\Users\dhiebert\.m2\repository\org\mockito\mockito-junit-jupiter\5.7.0\mockito-junit-jupiter-5.7.0.jar;C:\Users\dhiebert\.m2\repository\org\skyscreamer\jsonassert\1.5.1\jsonassert-1.5.1.jar;C:\Users\dhiebert\.m2\repository\com\vaadin\external\google\android-json\0.0.20131108.vaadin1\android-json-0.0.20131108.vaadin1.jar;C:\Users\dhiebert\.m2\repository\org\springframework\spring-core\6.1.1\spring-core-6.1.1.jar;C:\Users\dhiebert\.m2\repository\org\springframework\spring-jcl\6.1.1\spring-jcl-6.1.1.jar;C:\Users\dhiebert\.m2\repository\org\springframework\spring-test\6.1.1\spring-test-6.1.1.jar;C:\Users\dhiebert\.m2\repository\org\xmlunit\xmlunit-core\2.9.1\xmlunit-core-2.9.1.jar;C:\Users\dhiebert\.m2\repository\org\junit\jupiter\junit-jupiter\5.10.1\junit-jupiter-5.10.1.jar;C:\Users\dhiebert\.m2\repository\org\junit\jupiter\junit-jupiter-api\5.10.1\junit-jupiter-api-5.10.1.jar;C:\Users\dhiebert\.m2\repository\org\opentest4j\opentest4j\1.3.0\opentest4j-1.3.0.jar;C:\Users\dhiebert\.m2\repository\org\junit\platform\junit-platform-commons\1.10.1\junit-platform-commons-1.10.1.jar;C:\Users\dhiebert\.m2\repository\org\apiguardian\apiguardian-api\1.1.2\apiguardian-api-1.1.2.jar;C:\Users\dhiebert\.m2\repository\org\junit\jupiter\junit-jupiter-params\5.10.1\junit-jupiter-params-5.10.1.jar;C:\Users\dhiebert\.m2\repository\org\junit\jupiter\junit-jupiter-engine\5.10.1\junit-jupiter-engine-5.10.1.jar;C:\Users\dhiebert\.m2\repository\org\junit\platform\junit-platform-engine\1.10.1\junit-platform-engine-1.10.1.jar;C:\Users\dhiebert\.m2\repository\org\mockito\mockito-core\5.7.0\mockito-core-5.7.0.jar;C:\Users\dhiebert\.m2\repository\net\bytebuddy\byte-buddy\1.14.10\byte-buddy-1.14.10.jar;C:\Users\dhiebert\.m2\repository\net\bytebuddy\byte-buddy-agent\1.14.10\byte-buddy-agent-1.14.10.jar;C:\Users\dhiebert\.m2\repository\org\objenesis\objenesis\3.3\objenesis-3.3.jar;C:\Users\dhiebert\.m2\repository\org\apache\pdfbox\pdfbox\2.0.27\pdfbox-2.0.27.jar;C:\Users\dhiebert\.m2\repository\org\apache\pdfbox\fontbox\2.0.27\fontbox-2.0.27.jar;C:\Users\dhiebert\.m2\repository\commons-logging\commons-logging\1.2\commons-logging-1.2.jar;C:\Users\dhiebert\.m2\repository\com\fasterxml\jackson\core\jackson-databind\2.15.3\jackson-databind-2.15.3.jar;C:\Users\dhiebert\.m2\repository\com\fasterxml\jackson\core\jackson-annotations\2.15.3\jackson-annotations-2.15.3.jar;C:\Users\dhiebert\.m2\repository\com\fasterxml\jackson\core\jackson-core\2.15.3\jackson-core-2.15.3.jar;C:\Users\dhiebert\.m2\repository\org\apache\xmlgraphics\batik-all\1.16\batik-all-1.16.jar;C:\Users\dhiebert\.m2\repository\xml-apis\xml-apis\1.4.01\xml-apis-1.4.01.jar;C:\Users\dhiebert\.m2\repository\xml-apis\xml-apis-ext\1.3.04\xml-apis-ext-1.3.04.jar;C:\Users\dhiebert\.m2\repository\org\apache\xmlgraphics\xmlgraphics-commons\2.7\xmlgraphics-commons-2.7.jar;C:\Users\dhiebert\.m2\repository\commons-io\commons-io\1.3.1\commons-io-1.3.1.jar;C:\Users\dhiebert\.m2\repository\org\jgrapht\jgrapht-core\1.5.2\jgrapht-core-1.5.2.jar;C:\Users\dhiebert\.m2\repository\org\jheaps\jheaps\0.14\jheaps-0.14.jar;C:\Users\dhiebert\.m2\repository\org\apfloat\apfloat\1.10.1\apfloat-1.10.1.jar;C:\Users\dhiebert\.m2\repository\de\gsi\chart\chartfx-chart\11.2.7\chartfx-chart-11.2.7.jar;C:\Users\dhiebert\.m2\repository\org\openjfx\javafx-base\13.0.1\javafx-base-13.0.1.jar;C:\Users\dhiebert\.m2\repository\org\openjfx\javafx-base\13.0.1\javafx-base-13.0.1-win.jar;C:\Users\dhiebert\.m2\repository\org\openjfx\javafx-controls\13.0.1\javafx-controls-13.0.1.jar;C:\Users\dhiebert\.m2\repository\org\openjfx\javafx-controls\13.0.1\javafx-controls-13.0.1-win.jar;C:\Users\dhiebert\.m2\repository\org\openjfx\javafx-graphics\13.0.1\javafx-graphics-13.0.1.jar;C:\Users\dhiebert\.m2\repository\org\openjfx\javafx-graphics\13.0.1\javafx-graphics-13.0.1-win.jar;C:\Users\dhiebert\.m2\repository\org\kordamp\ikonli\ikonli-javafx\11.5.0\ikonli-javafx-11.5.0.jar;C:\Users\dhiebert\.m2\repository\org\kordamp\ikonli\ikonli-core\11.5.0\ikonli-core-11.5.0.jar;C:\Users\dhiebert\.m2\repository\org\kordamp\ikonli\ikonli-fontawesome-pack\11.5.0\ikonli-fontawesome-pack-11.5.0.jar;C:\Users\dhiebert\.m2\repository\org\kordamp\ikonli\ikonli-fontawesome5-pack\11.5.0\ikonli-fontawesome5-pack-11.5.0.jar;C:\Users\dhiebert\.m2\repository\de\gsi\dataset\chartfx-dataset\11.2.7\chartfx-dataset-11.2.7.jar;C:\Users\dhiebert\.m2\repository\it\unimi\dsi\fastutil\8.3.1\fastutil-8.3.1.jar;C:\Users\dhiebert\.m2\repository\de\gsi\math\chartfx-math\11.2.7\chartfx-math-11.2.7.jar;C:\Users\dhiebert\.m2\repository\com\github\wendykierp\JTransforms\3.1\JTransforms-3.1.jar;C:\Users\dhiebert\.m2\repository\pl\edu\icm\JLargeArrays\1.5\JLargeArrays-1.5.jar;C:\Users\dhiebert\.m2\repository\org\apache\commons\commons-math3\3.6.1\commons-math3-3.6.1.jar;C:\Users\dhiebert\.m2\repository\org\controlsfx\controlsfx\11.0.0\controlsfx-11.0.0.jar;C:\Users\dhiebert\.m2\repository\org\openjfx\javafx-media\11\javafx-media-11.jar;C:\Users\dhiebert\.m2\repository\org\openjfx\javafx-media\11\javafx-media-11-win.jar;C:\Users\dhiebert\.m2\repository\com\ibm\icu\icu4j\65.1\icu4j-65.1.jar;C:\Users\dhiebert\.m2\repository\ar\com\hjg\pngj\2.1.0\pngj-2.1.0.jar;C:\Users\dhiebert\.m2\repository\org\apache\commons\commons-lang3\3.13.0\commons-lang3-3.13.0.jar;C:\Users\dhiebert\.m2\repository\org\jetbrains\annotations\21.0.1\annotations-21.0.1.jar;C:\Users\dhiebert\.m2\repository\javax\annotation\javax.annotation-api\1.3.2\javax.annotation-api-1.3.2.jar;, LOGBACK_ROLLINGPOLICY_MAX_FILE_SIZE=10485760, java.vm.vendor=Eclipse Adoptium, sun.arch.data.model=64, user.variant=, java.vendor.url=https://adoptium.net/, user.timezone=America/Chicago, jakarta.persistence.sharedCache.mode=UNSPECIFIED, org.jboss.logging.provider=slf4j, hibernate.jdbc.time_zone=UTC, java.vm.specification.version=21, os.name=Windows 11, prism.text=t2k, jakarta.persistence.nonJtaDataSource=org.springframework.jdbc.datasource.embedded.EmbeddedDatabaseFactory$EmbeddedDataSourceProxy@46fb0c33, sun.java.launcher=SUN_STANDARD, user.country=US, sun.boot.library.path=C:\Program Files\Eclipse Adoptium\jdk-21.0.7.6-hotspot\bin, sun.java.command=C:\Users\dhiebert\AppData\Local\Temp\surefire6636561138982163183\surefirebooter-20250614164800590_3.jar C:\Users\dhiebert\AppData\Local\Temp\surefire6636561138982163183 2025-06-14T16-48-00_478-jvmRun1 surefire-20250614164800590_1tmp surefire_0-20250614164800590_2tmp, javax.persistence.nonJtaDataSource=org.springframework.jdbc.datasource.embedded.EmbeddedDatabaseFactory$EmbeddedDataSourceProxy@46fb0c33, hibernate.transaction.jta.platform=org.hibernate.engine.transaction.jta.platform.internal.NoJtaPlatform@6f1d799, hibernate.connection.provider_class=org.hibernate.hikaricp.internal.HikariCPConnectionProvider, jdk.debug=release, test=AttendanceRepositoryIntegrationTest, surefire.test.class.path=C:\Users\dhiebert\Local Repositories\Project Management 2.0\target\test-classes;C:\Users\dhiebert\Local Repositories\Project Management 2.0\target\classes;C:\Users\dhiebert\.m2\repository\org\springframework\boot\spring-boot-starter-web\3.2.0\spring-boot-starter-web-3.2.0.jar;C:\Users\dhiebert\.m2\repository\org\springframework\boot\spring-boot-starter\3.2.0\spring-boot-starter-3.2.0.jar;C:\Users\dhiebert\.m2\repository\org\springframework\boot\spring-boot\3.2.0\spring-boot-3.2.0.jar;C:\Users\dhiebert\.m2\repository\org\springframework\boot\spring-boot-autoconfigure\3.2.0\spring-boot-autoconfigure-3.2.0.jar;C:\Users\dhiebert\.m2\repository\org\springframework\boot\spring-boot-starter-logging\3.2.0\spring-boot-starter-logging-3.2.0.jar;C:\Users\dhiebert\.m2\repository\ch\qos\logback\logback-classic\1.4.11\logback-classic-1.4.11.jar;C:\Users\dhiebert\.m2\repository\ch\qos\logback\logback-core\1.4.11\logback-core-1.4.11.jar;C:\Users\dhiebert\.m2\repository\org\apache\logging\log4j\log4j-to-slf4j\2.21.1\log4j-to-slf4j-2.21.1.jar;C:\Users\dhiebert\.m2\repository\org\apache\logging\log4j\log4j-api\2.21.1\log4j-api-2.21.1.jar;C:\Users\dhiebert\.m2\repository\org\slf4j\jul-to-slf4j\2.0.9\jul-to-slf4j-2.0.9.jar;C:\Users\dhiebert\.m2\repository\jakarta\annotation\jakarta.annotation-api\2.1.1\jakarta.annotation-api-2.1.1.jar;C:\Users\dhiebert\.m2\repository\org\yaml\snakeyaml\2.2\snakeyaml-2.2.jar;C:\Users\dhiebert\.m2\repository\org\springframework\boot\spring-boot-starter-json\3.2.0\spring-boot-starter-json-3.2.0.jar;C:\Users\dhiebert\.m2\repository\com\fasterxml\jackson\datatype\jackson-datatype-jdk8\2.15.3\jackson-datatype-jdk8-2.15.3.jar;C:\Users\dhiebert\.m2\repository\com\fasterxml\jackson\datatype\jackson-datatype-jsr310\2.15.3\jackson-datatype-jsr310-2.15.3.jar;C:\Users\dhiebert\.m2\repository\com\fasterxml\jackson\module\jackson-module-parameter-names\2.15.3\jackson-module-parameter-names-2.15.3.jar;C:\Users\dhiebert\.m2\repository\org\springframework\boot\spring-boot-starter-tomcat\3.2.0\spring-boot-starter-tomcat-3.2.0.jar;C:\Users\dhiebert\.m2\repository\org\apache\tomcat\embed\tomcat-embed-core\10.1.16\tomcat-embed-core-10.1.16.jar;C:\Users\dhiebert\.m2\repository\org\apache\tomcat\embed\tomcat-embed-websocket\10.1.16\tomcat-embed-websocket-10.1.16.jar;C:\Users\dhiebert\.m2\repository\org\springframework\spring-web\6.1.1\spring-web-6.1.1.jar;C:\Users\dhiebert\.m2\repository\org\springframework\spring-beans\6.1.1\spring-beans-6.1.1.jar;C:\Users\dhiebert\.m2\repository\io\micrometer\micrometer-observation\1.12.0\micrometer-observation-1.12.0.jar;C:\Users\dhiebert\.m2\repository\io\micrometer\micrometer-commons\1.12.0\micrometer-commons-1.12.0.jar;C:\Users\dhiebert\.m2\repository\org\springframework\spring-webmvc\6.1.1\spring-webmvc-6.1.1.jar;C:\Users\dhiebert\.m2\repository\org\springframework\spring-context\6.1.1\spring-context-6.1.1.jar;C:\Users\dhiebert\.m2\repository\org\springframework\spring-expression\6.1.1\spring-expression-6.1.1.jar;C:\Users\dhiebert\.m2\repository\org\springframework\boot\spring-boot-starter-data-jpa\3.2.0\spring-boot-starter-data-jpa-3.2.0.jar;C:\Users\dhiebert\.m2\repository\org\springframework\boot\spring-boot-starter-aop\3.2.0\spring-boot-starter-aop-3.2.0.jar;C:\Users\dhiebert\.m2\repository\org\aspectj\aspectjweaver\1.9.20.1\aspectjweaver-1.9.20.1.jar;C:\Users\dhiebert\.m2\repository\org\springframework\boot\spring-boot-starter-jdbc\3.2.0\spring-boot-starter-jdbc-3.2.0.jar;C:\Users\dhiebert\.m2\repository\org\springframework\spring-jdbc\6.1.1\spring-jdbc-6.1.1.jar;C:\Users\dhiebert\.m2\repository\org\hibernate\orm\hibernate-core\6.3.1.Final\hibernate-core-6.3.1.Final.jar;C:\Users\dhiebert\.m2\repository\jakarta\persistence\jakarta.persistence-api\3.1.0\jakarta.persistence-api-3.1.0.jar;C:\Users\dhiebert\.m2\repository\jakarta\transaction\jakarta.transaction-api\2.0.1\jakarta.transaction-api-2.0.1.jar;C:\Users\dhiebert\.m2\repository\org\hibernate\common\hibernate-commons-annotations\6.0.6.Final\hibernate-commons-annotations-6.0.6.Final.jar;C:\Users\dhiebert\.m2\repository\io\smallrye\jandex\3.1.2\jandex-3.1.2.jar;C:\Users\dhiebert\.m2\repository\org\glassfish\jaxb\jaxb-runtime\4.0.4\jaxb-runtime-4.0.4.jar;C:\Users\dhiebert\.m2\repository\org\glassfish\jaxb\jaxb-core\4.0.4\jaxb-core-4.0.4.jar;C:\Users\dhiebert\.m2\repository\org\eclipse\angus\angus-activation\2.0.1\angus-activation-2.0.1.jar;C:\Users\dhiebert\.m2\repository\org\glassfish\jaxb\txw2\4.0.4\txw2-4.0.4.jar;C:\Users\dhiebert\.m2\repository\com\sun\istack\istack-commons-runtime\4.1.2\istack-commons-runtime-4.1.2.jar;C:\Users\dhiebert\.m2\repository\jakarta\inject\jakarta.inject-api\2.0.1\jakarta.inject-api-2.0.1.jar;C:\Users\dhiebert\.m2\repository\org\antlr\antlr4-runtime\4.10.1\antlr4-runtime-4.10.1.jar;C:\Users\dhiebert\.m2\repository\org\springframework\data\spring-data-jpa\3.2.0\spring-data-jpa-3.2.0.jar;C:\Users\dhiebert\.m2\repository\org\springframework\data\spring-data-commons\3.2.0\spring-data-commons-3.2.0.jar;C:\Users\dhiebert\.m2\repository\org\springframework\spring-orm\6.1.1\spring-orm-6.1.1.jar;C:\Users\dhiebert\.m2\repository\org\springframework\spring-tx\6.1.1\spring-tx-6.1.1.jar;C:\Users\dhiebert\.m2\repository\org\springframework\spring-aspects\6.1.1\spring-aspects-6.1.1.jar;C:\Users\dhiebert\.m2\repository\org\springframework\boot\spring-boot-starter-thymeleaf\3.2.0\spring-boot-starter-thymeleaf-3.2.0.jar;C:\Users\dhiebert\.m2\repository\org\thymeleaf\thymeleaf-spring6\3.1.2.RELEASE\thymeleaf-spring6-3.1.2.RELEASE.jar;C:\Users\dhiebert\.m2\repository\org\thymeleaf\thymeleaf\3.1.2.RELEASE\thymeleaf-3.1.2.RELEASE.jar;C:\Users\dhiebert\.m2\repository\org\attoparser\attoparser\2.0.7.RELEASE\attoparser-2.0.7.RELEASE.jar;C:\Users\dhiebert\.m2\repository\org\unbescape\unbescape\1.1.6.RELEASE\unbescape-1.1.6.RELEASE.jar;C:\Users\dhiebert\.m2\repository\org\springframework\boot\spring-boot-starter-security\3.2.0\spring-boot-starter-security-3.2.0.jar;C:\Users\dhiebert\.m2\repository\org\springframework\spring-aop\6.1.1\spring-aop-6.1.1.jar;C:\Users\dhiebert\.m2\repository\org\springframework\security\spring-security-config\6.2.0\spring-security-config-6.2.0.jar;C:\Users\dhiebert\.m2\repository\org\springframework\security\spring-security-core\6.2.0\spring-security-core-6.2.0.jar;C:\Users\dhiebert\.m2\repository\org\springframework\security\spring-security-crypto\6.2.0\spring-security-crypto-6.2.0.jar;C:\Users\dhiebert\.m2\repository\org\springframework\security\spring-security-web\6.2.0\spring-security-web-6.2.0.jar;C:\Users\dhiebert\.m2\repository\org\springframework\boot\spring-boot-starter-validation\3.2.0\spring-boot-starter-validation-3.2.0.jar;C:\Users\dhiebert\.m2\repository\org\apache\tomcat\embed\tomcat-embed-el\10.1.16\tomcat-embed-el-10.1.16.jar;C:\Users\dhiebert\.m2\repository\org\springframework\boot\spring-boot-starter-websocket\3.2.0\spring-boot-starter-websocket-3.2.0.jar;C:\Users\dhiebert\.m2\repository\org\springframework\spring-messaging\6.1.1\spring-messaging-6.1.1.jar;C:\Users\dhiebert\.m2\repository\org\springframework\spring-websocket\6.1.1\spring-websocket-6.1.1.jar;C:\Users\dhiebert\.m2\repository\com\h2database\h2\2.2.224\h2-2.2.224.jar;C:\Users\dhiebert\.m2\repository\org\xerial\sqlite-jdbc\3.44.1.0\sqlite-jdbc-3.44.1.0.jar;C:\Users\dhiebert\.m2\repository\org\slf4j\slf4j-api\2.0.9\slf4j-api-2.0.9.jar;C:\Users\dhiebert\.m2\repository\com\zaxxer\HikariCP\5.0.1\HikariCP-5.0.1.jar;C:\Users\dhiebert\.m2\repository\org\hibernate\validator\hibernate-validator\8.0.1.Final\hibernate-validator-8.0.1.Final.jar;C:\Users\dhiebert\.m2\repository\jakarta\validation\jakarta.validation-api\3.0.2\jakarta.validation-api-3.0.2.jar;C:\Users\dhiebert\.m2\repository\org\jboss\logging\jboss-logging\3.5.3.Final\jboss-logging-3.5.3.Final.jar;C:\Users\dhiebert\.m2\repository\com\fasterxml\classmate\1.6.0\classmate-1.6.0.jar;C:\Users\dhiebert\.m2\repository\org\springframework\boot\spring-boot-starter-test\3.2.0\spring-boot-starter-test-3.2.0.jar;C:\Users\dhiebert\.m2\repository\org\springframework\boot\spring-boot-test\3.2.0\spring-boot-test-3.2.0.jar;C:\Users\dhiebert\.m2\repository\org\springframework\boot\spring-boot-test-autoconfigure\3.2.0\spring-boot-test-autoconfigure-3.2.0.jar;C:\Users\dhiebert\.m2\repository\com\jayway\jsonpath\json-path\2.8.0\json-path-2.8.0.jar;C:\Users\dhiebert\.m2\repository\jakarta\xml\bind\jakarta.xml.bind-api\4.0.1\jakarta.xml.bind-api-4.0.1.jar;C:\Users\dhiebert\.m2\repository\jakarta\activation\jakarta.activation-api\2.1.2\jakarta.activation-api-2.1.2.jar;C:\Users\dhiebert\.m2\repository\net\minidev\json-smart\2.5.0\json-smart-2.5.0.jar;C:\Users\dhiebert\.m2\repository\net\minidev\accessors-smart\2.5.0\accessors-smart-2.5.0.jar;C:\Users\dhiebert\.m2\repository\org\ow2\asm\asm\9.3\asm-9.3.jar;C:\Users\dhiebert\.m2\repository\org\assertj\assertj-core\3.24.2\assertj-core-3.24.2.jar;C:\Users\dhiebert\.m2\repository\org\awaitility\awaitility\4.2.0\awaitility-4.2.0.jar;C:\Users\dhiebert\.m2\repository\org\hamcrest\hamcrest\2.2\hamcrest-2.2.jar;C:\Users\dhiebert\.m2\repository\org\mockito\mockito-junit-jupiter\5.7.0\mockito-junit-jupiter-5.7.0.jar;C:\Users\dhiebert\.m2\repository\org\skyscreamer\jsonassert\1.5.1\jsonassert-1.5.1.jar;C:\Users\dhiebert\.m2\repository\com\vaadin\external\google\android-json\0.0.20131108.vaadin1\android-json-0.0.20131108.vaadin1.jar;C:\Users\dhiebert\.m2\repository\org\springframework\spring-core\6.1.1\spring-core-6.1.1.jar;C:\Users\dhiebert\.m2\repository\org\springframework\spring-jcl\6.1.1\spring-jcl-6.1.1.jar;C:\Users\dhiebert\.m2\repository\org\springframework\spring-test\6.1.1\spring-test-6.1.1.jar;C:\Users\dhiebert\.m2\repository\org\xmlunit\xmlunit-core\2.9.1\xmlunit-core-2.9.1.jar;C:\Users\dhiebert\.m2\repository\org\junit\jupiter\junit-jupiter\5.10.1\junit-jupiter-5.10.1.jar;C:\Users\dhiebert\.m2\repository\org\junit\jupiter\junit-jupiter-api\5.10.1\junit-jupiter-api-5.10.1.jar;C:\Users\dhiebert\.m2\repository\org\opentest4j\opentest4j\1.3.0\opentest4j-1.3.0.jar;C:\Users\dhiebert\.m2\repository\org\junit\platform\junit-platform-commons\1.10.1\junit-platform-commons-1.10.1.jar;C:\Users\dhiebert\.m2\repository\org\apiguardian\apiguardian-api\1.1.2\apiguardian-api-1.1.2.jar;C:\Users\dhiebert\.m2\repository\org\junit\jupiter\junit-jupiter-params\5.10.1\junit-jupiter-params-5.10.1.jar;C:\Users\dhiebert\.m2\repository\org\junit\jupiter\junit-jupiter-engine\5.10.1\junit-jupiter-engine-5.10.1.jar;C:\Users\dhiebert\.m2\repository\org\junit\platform\junit-platform-engine\1.10.1\junit-platform-engine-1.10.1.jar;C:\Users\dhiebert\.m2\repository\org\mockito\mockito-core\5.7.0\mockito-core-5.7.0.jar;C:\Users\dhiebert\.m2\repository\net\bytebuddy\byte-buddy\1.14.10\byte-buddy-1.14.10.jar;C:\Users\dhiebert\.m2\repository\net\bytebuddy\byte-buddy-agent\1.14.10\byte-buddy-agent-1.14.10.jar;C:\Users\dhiebert\.m2\repository\org\objenesis\objenesis\3.3\objenesis-3.3.jar;C:\Users\dhiebert\.m2\repository\org\apache\pdfbox\pdfbox\2.0.27\pdfbox-2.0.27.jar;C:\Users\dhiebert\.m2\repository\org\apache\pdfbox\fontbox\2.0.27\fontbox-2.0.27.jar;C:\Users\dhiebert\.m2\repository\commons-logging\commons-logging\1.2\commons-logging-1.2.jar;C:\Users\dhiebert\.m2\repository\com\fasterxml\jackson\core\jackson-databind\2.15.3\jackson-databind-2.15.3.jar;C:\Users\dhiebert\.m2\repository\com\fasterxml\jackson\core\jackson-annotations\2.15.3\jackson-annotations-2.15.3.jar;C:\Users\dhiebert\.m2\repository\com\fasterxml\jackson\core\jackson-core\2.15.3\jackson-core-2.15.3.jar;C:\Users\dhiebert\.m2\repository\org\apache\xmlgraphics\batik-all\1.16\batik-all-1.16.jar;C:\Users\dhiebert\.m2\repository\xml-apis\xml-apis\1.4.01\xml-apis-1.4.01.jar;C:\Users\dhiebert\.m2\repository\xml-apis\xml-apis-ext\1.3.04\xml-apis-ext-1.3.04.jar;C:\Users\dhiebert\.m2\repository\org\apache\xmlgraphics\xmlgraphics-commons\2.7\xmlgraphics-commons-2.7.jar;C:\Users\dhiebert\.m2\repository\commons-io\commons-io\1.3.1\commons-io-1.3.1.jar;C:\Users\dhiebert\.m2\repository\org\jgrapht\jgrapht-core\1.5.2\jgrapht-core-1.5.2.jar;C:\Users\dhiebert\.m2\repository\org\jheaps\jheaps\0.14\jheaps-0.14.jar;C:\Users\dhiebert\.m2\repository\org\apfloat\apfloat\1.10.1\apfloat-1.10.1.jar;C:\Users\dhiebert\.m2\repository\de\gsi\chart\chartfx-chart\11.2.7\chartfx-chart-11.2.7.jar;C:\Users\dhiebert\.m2\repository\org\openjfx\javafx-base\13.0.1\javafx-base-13.0.1.jar;C:\Users\dhiebert\.m2\repository\org\openjfx\javafx-base\13.0.1\javafx-base-13.0.1-win.jar;C:\Users\dhiebert\.m2\repository\org\openjfx\javafx-controls\13.0.1\javafx-controls-13.0.1.jar;C:\Users\dhiebert\.m2\repository\org\openjfx\javafx-controls\13.0.1\javafx-controls-13.0.1-win.jar;C:\Users\dhiebert\.m2\repository\org\openjfx\javafx-graphics\13.0.1\javafx-graphics-13.0.1.jar;C:\Users\dhiebert\.m2\repository\org\openjfx\javafx-graphics\13.0.1\javafx-graphics-13.0.1-win.jar;C:\Users\dhiebert\.m2\repository\org\kordamp\ikonli\ikonli-javafx\11.5.0\ikonli-javafx-11.5.0.jar;C:\Users\dhiebert\.m2\repository\org\kordamp\ikonli\ikonli-core\11.5.0\ikonli-core-11.5.0.jar;C:\Users\dhiebert\.m2\repository\org\kordamp\ikonli\ikonli-fontawesome-pack\11.5.0\ikonli-fontawesome-pack-11.5.0.jar;C:\Users\dhiebert\.m2\repository\org\kordamp\ikonli\ikonli-fontawesome5-pack\11.5.0\ikonli-fontawesome5-pack-11.5.0.jar;C:\Users\dhiebert\.m2\repository\de\gsi\dataset\chartfx-dataset\11.2.7\chartfx-dataset-11.2.7.jar;C:\Users\dhiebert\.m2\repository\it\unimi\dsi\fastutil\8.3.1\fastutil-8.3.1.jar;C:\Users\dhiebert\.m2\repository\de\gsi\math\chartfx-math\11.2.7\chartfx-math-11.2.7.jar;C:\Users\dhiebert\.m2\repository\com\github\wendykierp\JTransforms\3.1\JTransforms-3.1.jar;C:\Users\dhiebert\.m2\repository\pl\edu\icm\JLargeArrays\1.5\JLargeArrays-1.5.jar;C:\Users\dhiebert\.m2\repository\org\apache\commons\commons-math3\3.6.1\commons-math3-3.6.1.jar;C:\Users\dhiebert\.m2\repository\org\controlsfx\controlsfx\11.0.0\controlsfx-11.0.0.jar;C:\Users\dhiebert\.m2\repository\org\openjfx\javafx-media\11\javafx-media-11.jar;C:\Users\dhiebert\.m2\repository\org\openjfx\javafx-media\11\javafx-media-11-win.jar;C:\Users\dhiebert\.m2\repository\com\ibm\icu\icu4j\65.1\icu4j-65.1.jar;C:\Users\dhiebert\.m2\repository\ar\com\hjg\pngj\2.1.0\pngj-2.1.0.jar;C:\Users\dhiebert\.m2\repository\org\apache\commons\commons-lang3\3.13.0\commons-lang3-3.13.0.jar;C:\Users\dhiebert\.m2\repository\org\jetbrains\annotations\21.0.1\annotations-21.0.1.jar;C:\Users\dhiebert\.m2\repository\javax\annotation\javax.annotation-api\1.3.2\javax.annotation-api-1.3.2.jar;, sun.cpu.endian=little, hibernate.cdi.extensions=true, user.home=C:\Users\dhiebert, user.language=en, java.specification.vendor=Oracle Corporation, java.version.date=2025-04-15, java.home=C:\Program Files\Eclipse Adoptium\jdk-21.0.7.6-hotspot, file.separator=\, basedir=C:\Users\dhiebert\Local Repositories\Project Management 2.0, java.vm.compressedOopsMode=Zero based, line.separator=
, hibernate.persistenceUnitName=default, prism.order=sw, java.vm.specification.vendor=Oracle Corporation, java.specification.name=Java Platform API Specification, FILE_LOG_CHARSET=UTF-8, hibernate.transaction.coordinator_class=class org.hibernate.resource.transaction.backend.jdbc.internal.JdbcResourceLocalTransactionCoordinatorBuilderImpl, testfx.robot=glass, java.awt.headless=true, surefire.real.class.path=C:\Users\dhiebert\AppData\Local\Temp\surefire6636561138982163183\surefirebooter-20250614164800590_3.jar, jakarta.persistence.validation.mode=CALLBACK, hibernate.hbm2ddl.auto=create-drop, user.script=, sun.management.compiler=HotSpot 64-Bit Tiered Compilers, java.runtime.version=21.0.7+6-LTS, user.name=dhiebert, stdout.encoding=Cp1252, path.separator=;, os.version=10.0, java.runtime.name=OpenJDK Runtime Environment, file.encoding=UTF-8, FILE_LOG_PATTERN=%d{yyyy-MM-dd HH:mm:ss} [%thread] %-5level %logger{36} - %msg%n, java.vm.name=OpenJDK 64-Bit Server VM, hibernate.show_sql=true, java.vendor.version=Temurin-21.0.7+6, LOG_FILE=logs/frc-project-management.log, localRepository=C:\Users\dhiebert\.m2\repository, java.vendor.url.bug=https://github.com/adoptium/adoptium-support/issues, java.io.tmpdir=C:\Users\dhiebert\AppData\Local\Temp\, java.version=21.0.7, hibernate.physical_naming_strategy=org.hibernate.boot.model.naming.CamelCaseToUnderscoresNamingStrategy, user.dir=C:\Users\dhiebert\Local Repositories\Project Management 2.0, os.arch=amd64, java.vm.specification.name=Java Virtual Machine Specification, PID=3144, testfx.headless=true, sun.os.patch.level=, CONSOLE_LOG_CHARSET=UTF-8, LOGBACK_ROLLINGPOLICY_MAX_HISTORY=30, hibernate.boot.CfgXmlAccessService.key=org.hibernate.boot.registry.StandardServiceRegistryBuilder$1@ca2cd5e, native.encoding=Cp1252, java.library.path=C:\Program Files\Eclipse Adoptium\jdk-21.0.7.6-hotspot\bin;C:\WINDOWS\Sun\Java\bin;C:\WINDOWS\system32;C:\WINDOWS;C:\Program Files\Eclipse Adoptium\jdk-21.0.7.6-hotspot\bin;C:\Program Files\apache-maven-3.9.9\bin;C:\Program Files\Eclipse Adoptium\jdk-21.0.7.6-hotspot\bin;C:\Program Files\Eclipse Adoptium\jdk-21.0.7.6-hotspot\bin;C:\Program Files\National Instruments\Shared\OpenVINO\;C:\WINDOWS\system32;C:\WINDOWS;C:\WINDOWS\System32\Wbem;C:\WINDOWS\System32\WindowsPowerShell\v1.0\;C:\WINDOWS\System32\OpenSSH\;C:\Program Files\dotnet\;C:\Program Files (x86)\Windows Live\Shared;C:\Program Files\Git\cmd;C:\Program Files\Common Files\Autodesk Shared\;C:\Program Files\Microsoft SQL Server\150\Tools\Binn\;C:\Program Files\nodejs\;C:\Program Files\apache-maven-3.9.9\bin;%MAVEN_HOME%\bin;C:\Program Files\Eclipse Adoptium\jdk-21.0.7.6-hotspot\bin;C:\Users\dhiebert\AppData\Local\Microsoft\WindowsApps;C:\Users\dhiebert\AppData\Local\GitHubDesktop\bin;C:\Users\dhiebert\AppData\Roaming\npm;C:\Users\dhiebert\AppData\Local\Packages\PythonSoftwareFoundation.Python.3.11_qbz5n2kfra8p0\LocalCache\local-packages\Python311\Scripts;C:\Users\dhiebert\AppData\Local\Packages\PythonSoftwareFoundation.Python.3.11_qbz5n2kfra8p0\LocalCache\local-packages\Python311\site-packages\maven;;c:\Users\Public\wpilib\2025\vscode\data\user-data\User\globalStorage\github.copilot-chat\debugCommand;c:\Users\Public\wpilib\2025\vscode\data\extensions\ms-python.debugpy-2025.4.1-win32-x64\bundled\scripts\noConfigScripts;., stderr.encoding=Cp1252, java.vendor=Eclipse Adoptium, java.vm.info=mixed mode, sharing, java.vm.version=21.0.7+6-LTS, sun.io.unicode.encoding=UnicodeLittle, hibernate.archive.scanner=org.hibernate.boot.archive.scan.internal.DisabledScanner, hibernate.connection.datasource=org.springframework.jdbc.datasource.embedded.EmbeddedDatabaseFactory$EmbeddedDataSourceProxy@46fb0c33, CONSOLE_LOG_PATTERN=%d{yyyy-MM-dd HH:mm:ss} - %msg%n, java.class.version=65.0, LOGGED_APPLICATION_NAME=[frc-project-management] }
2025-06-14 16:48:04 - Session factory constructed with filter configurations : {}
2025-06-14 16:48:04 - Trying to load META-INF/validation.xml for XML based Validator configuration.
2025-06-14 16:48:04 - Trying to load META-INF/validation.xml via TCCL
2025-06-14 16:48:04 - Trying to load META-INF/validation.xml via Hibernate Validator's class loader
2025-06-14 16:48:04 - No META-INF/validation.xml found. Using annotation based configuration only.
2025-06-14 16:48:04 - Found jakarta.persistence.Persistence on classpath containing 'getPersistenceUtil'. Assuming JPA 2 environment. Trying to instantiate JPA aware TraversableResolver
2025-06-14 16:48:04 - Instantiated JPA aware TraversableResolver of type org.hibernate.validator.internal.engine.resolver.JPATraversableResolver.
2025-06-14 16:48:04 - Loaded expression factory via original TCCL
2025-06-14 16:48:04 - HV000252: Using org.hibernate.validator.internal.engine.DefaultPropertyNodeNameProvider as property node name provider.
2025-06-14 16:48:04 - HV000234: Using org.hibernate.validator.messageinterpolation.ResourceBundleMessageInterpolator as ValidatorFactory-scoped message interpolator.
2025-06-14 16:48:04 - HV000234: Using org.hibernate.validator.internal.engine.resolver.JPATraversableResolver as ValidatorFactory-scoped traversable resolver.
2025-06-14 16:48:04 - HV000234: Using org.hibernate.validator.internal.util.ExecutableParameterNameProvider as ValidatorFactory-scoped parameter name provider.
2025-06-14 16:48:04 - HV000234: Using org.hibernate.validator.internal.engine.DefaultClockProvider as ValidatorFactory-scoped clock provider.
2025-06-14 16:48:04 - HV000234: Using org.hibernate.validator.internal.engine.scripting.DefaultScriptEvaluatorFactory as ValidatorFactory-scoped script evaluator factory.
2025-06-14 16:48:04 - EventListenerRegistry access via ServiceRegistry is deprecated.  Use `sessionFactory.getEventEngine().getListenerRegistry()` instead
2025-06-14 16:48:04 - Registered SqmFunctionTemplate [NamedSqmFunctionTemplate(max)] under max; prior registration was null
2025-06-14 16:48:04 - Registered SqmFunctionTemplate [NamedSqmFunctionTemplate(min)] under min; prior registration was null
2025-06-14 16:48:04 - Registered SqmFunctionTemplate [NamedSqmFunctionTemplate(sum)] under sum; prior registration was null
2025-06-14 16:48:04 - Registered SqmFunctionTemplate [NamedSqmFunctionTemplate(avg)] under avg; prior registration was null
2025-06-14 16:48:04 - Registered SqmFunctionTemplate [org.hibernate.dialect.function.CountFunction@7c0e4e4e] under count; prior registration was null
2025-06-14 16:48:04 - Registered SqmFunctionTemplate [org.hibernate.dialect.function.EveryAnyEmulation@6f112f70] under every; prior registration was null
2025-06-14 16:48:04 - Registered SqmFunctionTemplate [org.hibernate.dialect.function.EveryAnyEmulation@342723a3] under any; prior registration was null
2025-06-14 16:48:04 - Registered SqmFunctionTemplate [NamedSqmFunctionTemplate(floor)] under floor; prior registration was null
2025-06-14 16:48:04 - Registered SqmFunctionTemplate [NamedSqmFunctionTemplate(ceiling)] under ceiling; prior registration was null
2025-06-14 16:48:04 - Registered SqmFunctionTemplate [NamedSqmFunctionTemplate(mod)] under mod; prior registration was null
2025-06-14 16:48:04 - Registered SqmFunctionTemplate [NamedSqmFunctionTemplate(abs)] under abs; prior registration was null
2025-06-14 16:48:04 - Registered SqmFunctionTemplate [NamedSqmFunctionTemplate(sign)] under sign; prior registration was null
2025-06-14 16:48:04 - Registered SqmFunctionTemplate [NamedSqmFunctionTemplate(sqrt)] under sqrt; prior registration was null
2025-06-14 16:48:04 - Registered SqmFunctionTemplate [NamedSqmFunctionTemplate(ln)] under ln; prior registration was null
2025-06-14 16:48:04 - Registered SqmFunctionTemplate [NamedSqmFunctionTemplate(exp)] under exp; prior registration was null
2025-06-14 16:48:04 - Registered SqmFunctionTemplate [NamedSqmFunctionTemplate(power)] under power; prior registration was null
2025-06-14 16:48:04 - Registered SqmFunctionTemplate [NamedSqmFunctionTemplate(round)] under round; prior registration was null
2025-06-14 16:48:04 - Registered SqmFunctionTemplate [NamedSqmFunctionTemplate(sin)] under sin; prior registration was null
2025-06-14 16:48:04 - Registered SqmFunctionTemplate [NamedSqmFunctionTemplate(cos)] under cos; prior registration was null
2025-06-14 16:48:04 - Registered SqmFunctionTemplate [NamedSqmFunctionTemplate(tan)] under tan; prior registration was null
2025-06-14 16:48:04 - Registered SqmFunctionTemplate [NamedSqmFunctionTemplate(asin)] under asin; prior registration was null
2025-06-14 16:48:04 - Registered SqmFunctionTemplate [NamedSqmFunctionTemplate(acos)] under acos; prior registration was null
2025-06-14 16:48:04 - Registered SqmFunctionTemplate [NamedSqmFunctionTemplate(atan)] under atan; prior registration was null
2025-06-14 16:48:04 - Registered SqmFunctionTemplate [NamedSqmFunctionTemplate(atan2)] under atan2; prior registration was null
2025-06-14 16:48:04 - Registered SqmFunctionTemplate [org.hibernate.query.sqm.function.PatternBasedSqmFunctionDescriptor@18b04526] under sinh; prior registration was null
2025-06-14 16:48:04 - Registered SqmFunctionTemplate [org.hibernate.query.sqm.function.PatternBasedSqmFunctionDescriptor@2fd4312a] under cosh; prior registration was null
2025-06-14 16:48:04 - Registered SqmFunctionTemplate [org.hibernate.query.sqm.function.PatternBasedSqmFunctionDescriptor@31b6fb14] under tanh; prior registration was null
2025-06-14 16:48:04 - Registered SqmFunctionTemplate [org.hibernate.query.sqm.function.PatternBasedSqmFunctionDescriptor@3eee08f5] under pi; prior registration was null
2025-06-14 16:48:04 - Registered SqmFunctionTemplate [org.hibernate.query.sqm.function.PatternBasedSqmFunctionDescriptor@246df37b] under log; prior registration was null
2025-06-14 16:48:04 - Registered SqmFunctionTemplate [NamedSqmFunctionTemplate(coalesce)] under coalesce; prior registration was null
2025-06-14 16:48:04 - Registered SqmFunctionTemplate [NamedSqmFunctionTemplate(nullif)] under nullif; prior registration was null
2025-06-14 16:48:04 - Registered SqmFunctionTemplate [NamedSqmFunctionTemplate(left)] under left; prior registration was null
2025-06-14 16:48:04 - Registered SqmFunctionTemplate [NamedSqmFunctionTemplate(right)] under right; prior registration was null
2025-06-14 16:48:04 - Registered SqmFunctionTemplate [NamedSqmFunctionTemplate(replace)] under replace; prior registration was null
2025-06-14 16:48:04 - Registered SqmFunctionTemplate [NamedSqmFunctionTemplate(concat)] under concat; prior registration was null
2025-06-14 16:48:04 - Registered SqmFunctionTemplate [NamedSqmFunctionTemplate(lower)] under lower; prior registration was null
2025-06-14 16:48:04 - Registered SqmFunctionTemplate [NamedSqmFunctionTemplate(upper)] under upper; prior registration was null
2025-06-14 16:48:04 - Registered SqmFunctionTemplate [NamedSqmFunctionTemplate(substring)] under substring; prior registration was null
2025-06-14 16:48:04 - Registered SqmFunctionTemplate [NamedSqmFunctionTemplate(locate)] under locate; prior registration was null
2025-06-14 16:48:04 - Registered SqmFunctionTemplate [NamedSqmFunctionTemplate(character_length)] under character_length; prior registration was null
2025-06-14 16:48:04 - Registering alternate key : length -> character_length
2025-06-14 16:48:04 - Registered SqmFunctionTemplate [org.hibernate.dialect.function.LocatePositionEmulation@56881196] under position; prior registration was null
2025-06-14 16:48:04 - Registered SqmFunctionTemplate [org.hibernate.dialect.function.InsertSubstringOverlayEmulation@2166c48a] under overlay; prior registration was null
2025-06-14 16:48:04 - Registered SqmFunctionTemplate [org.hibernate.dialect.function.TrimFunction@7fc1fd31] under trim; prior registration was null
2025-06-14 16:48:04 - Registered SqmFunctionTemplate [org.hibernate.dialect.function.CastFunction@6cd7f381] under cast; prior registration was null
2025-06-14 16:48:04 - Registered SqmFunctionTemplate [org.hibernate.query.sqm.function.PatternBasedSqmFunctionDescriptor@7df3da0b] under collate; prior registration was null
2025-06-14 16:48:04 - Registered SqmFunctionTemplate [org.hibernate.dialect.function.ExtractFunction@402f61f5] under extract; prior registration was null
2025-06-14 16:48:04 - Registered SqmFunctionTemplate [NamedSqmFunctionTemplate(least)] under least; prior registration was null
2025-06-14 16:48:04 - Registered SqmFunctionTemplate [NamedSqmFunctionTemplate(greatest)] under greatest; prior registration was null
2025-06-14 16:48:04 - Registered SqmFunctionTemplate [org.hibernate.dialect.function.CoalesceIfnullEmulation@49e62b17] under ifnull; prior registration was null
2025-06-14 16:48:04 - Registered SqmFunctionTemplate [NamedSqmFunctionTemplate(lpad)] under lpad; prior registration was null
2025-06-14 16:48:04 - Registered SqmFunctionTemplate [NamedSqmFunctionTemplate(rpad)] under rpad; prior registration was null
2025-06-14 16:48:04 - Registered SqmFunctionTemplate [org.hibernate.dialect.function.LpadRpadPadEmulation@19ac93d2] under pad; prior registration was null
2025-06-14 16:48:04 - Registered SqmFunctionTemplate [org.hibernate.dialect.function.CastStrEmulation@67c0c90b] under str; prior registration was null
2025-06-14 16:48:04 - Registered SqmFunctionTemplate [org.hibernate.dialect.function.FormatFunction@2b9d4b0] under format; prior registration was null
2025-06-14 16:48:04 - Registered SqmFunctionTemplate [org.hibernate.dialect.function.TimestampaddFunction@79c4f23b] under timestampadd; prior registration was null
2025-06-14 16:48:04 - Registered SqmFunctionTemplate [org.hibernate.dialect.function.TimestampdiffFunction@7827d7b] under timestampdiff; prior registration was null
2025-06-14 16:48:04 - Registering alternate key : dateadd -> timestampadd
2025-06-14 16:48:04 - Registering alternate key : datediff -> timestampdiff
2025-06-14 16:48:04 - Registered SqmFunctionTemplate [org.hibernate.dialect.function.CurrentFunction@11cc9e1e] under current_date; prior registration was null
2025-06-14 16:48:04 - Registered SqmFunctionTemplate [org.hibernate.dialect.function.CurrentFunction@216328b2] under current_time; prior registration was null
2025-06-14 16:48:04 - Registered SqmFunctionTemplate [org.hibernate.dialect.function.CurrentFunction@5b0e9e0c] under current_timestamp; prior registration was null
2025-06-14 16:48:04 - Registering alternate key : current date -> current_date
2025-06-14 16:48:04 - Registering alternate key : current time -> current_time
2025-06-14 16:48:04 - Registering alternate key : current timestamp -> current_timestamp
2025-06-14 16:48:04 - Registered SqmFunctionTemplate [org.hibernate.dialect.function.CurrentFunction@54234569] under local_date; prior registration was null
2025-06-14 16:48:04 - Registered SqmFunctionTemplate [org.hibernate.dialect.function.CurrentFunction@21ea1d9d] under local_time; prior registration was null
2025-06-14 16:48:04 - Registered SqmFunctionTemplate [org.hibernate.dialect.function.CurrentFunction@19f497aa] under local_datetime; prior registration was null
2025-06-14 16:48:04 - Registered SqmFunctionTemplate [org.hibernate.dialect.function.CurrentFunction@36a58466] under offset_datetime; prior registration was null
2025-06-14 16:48:04 - Registering alternate key : local date -> local_date
2025-06-14 16:48:04 - Registering alternate key : local time -> local_time
2025-06-14 16:48:04 - Registering alternate key : local datetime -> local_datetime
2025-06-14 16:48:04 - Registering alternate key : offset datetime -> offset_datetime
2025-06-14 16:48:04 - Registered SqmFunctionTemplate [org.hibernate.dialect.function.CurrentFunction@78e387d6] under instant; prior registration was null
2025-06-14 16:48:04 - Registering alternate key : current_instant -> instant
2025-06-14 16:48:04 - Registered SqmFunctionTemplate [org.hibernate.dialect.function.SqlFunction@4a453f8d] under sql; prior registration was null
2025-06-14 16:48:04 - Registered SqmFunctionTemplate [NamedSqmFunctionTemplate(max)] under max; prior registration was NamedSqmFunctionTemplate(max)
2025-06-14 16:48:04 - Registered SqmFunctionTemplate [NamedSqmFunctionTemplate(min)] under min; prior registration was NamedSqmFunctionTemplate(min)
2025-06-14 16:48:04 - Registered SqmFunctionTemplate [NamedSqmFunctionTemplate(sum)] under sum; prior registration was NamedSqmFunctionTemplate(sum)
2025-06-14 16:48:04 - Registered SqmFunctionTemplate [NamedSqmFunctionTemplate(avg)] under avg; prior registration was NamedSqmFunctionTemplate(avg)
2025-06-14 16:48:04 - Registered SqmFunctionTemplate [org.hibernate.dialect.function.CountFunction@60a6840c] under count; prior registration was org.hibernate.dialect.function.CountFunction@7c0e4e4e
2025-06-14 16:48:04 - Registered SqmFunctionTemplate [org.hibernate.dialect.function.AvgFunction@2ceb68a1] under avg; prior registration was NamedSqmFunctionTemplate(avg)
2025-06-14 16:48:04 - Registered SqmFunctionTemplate [NamedSqmFunctionTemplate(pi)] under pi; prior registration was org.hibernate.query.sqm.function.PatternBasedSqmFunctionDescriptor@3eee08f5
2025-06-14 16:48:04 - Registered SqmFunctionTemplate [NamedSqmFunctionTemplate(cot)] under cot; prior registration was null
2025-06-14 16:48:04 - Registered SqmFunctionTemplate [NamedSqmFunctionTemplate(radians)] under radians; prior registration was null
2025-06-14 16:48:04 - Registered SqmFunctionTemplate [NamedSqmFunctionTemplate(degrees)] under degrees; prior registration was null
2025-06-14 16:48:04 - Registered SqmFunctionTemplate [NamedSqmFunctionTemplate(log10)] under log10; prior registration was null
2025-06-14 16:48:04 - Registered SqmFunctionTemplate [org.hibernate.query.sqm.function.PatternBasedSqmFunctionDescriptor@6de33fde] under mod; prior registration was NamedSqmFunctionTemplate(mod)
2025-06-14 16:48:04 - Registered SqmFunctionTemplate [NamedSqmFunctionTemplate(rand)] under rand; prior registration was null
2025-06-14 16:48:04 - Registered SqmFunctionTemplate [NamedSqmFunctionTemplate(soundex)] under soundex; prior registration was null
2025-06-14 16:48:04 - Registered SqmFunctionTemplate [NamedSqmFunctionTemplate(translate)] under translate; prior registration was null
2025-06-14 16:48:04 - Registered SqmFunctionTemplate [NamedSqmFunctionTemplate(bitand)] under bitand; prior registration was null
2025-06-14 16:48:04 - Registered SqmFunctionTemplate [NamedSqmFunctionTemplate(bitor)] under bitor; prior registration was null
2025-06-14 16:48:04 - Registered SqmFunctionTemplate [NamedSqmFunctionTemplate(bitxor)] under bitxor; prior registration was null
2025-06-14 16:48:04 - Registered SqmFunctionTemplate [NamedSqmFunctionTemplate(bit_and)] under bit_and; prior registration was null
2025-06-14 16:48:04 - Registered SqmFunctionTemplate [NamedSqmFunctionTemplate(bit_or)] under bit_or; prior registration was null
2025-06-14 16:48:04 - Registered SqmFunctionTemplate [NamedSqmFunctionTemplate(day)] under day; prior registration was null
2025-06-14 16:48:04 - Registered SqmFunctionTemplate [NamedSqmFunctionTemplate(month)] under month; prior registration was null
2025-06-14 16:48:04 - Registered SqmFunctionTemplate [NamedSqmFunctionTemplate(year)] under year; prior registration was null
2025-06-14 16:48:04 - Registered SqmFunctionTemplate [NamedSqmFunctionTemplate(hour)] under hour; prior registration was null
2025-06-14 16:48:04 - Registered SqmFunctionTemplate [NamedSqmFunctionTemplate(minute)] under minute; prior registration was null
2025-06-14 16:48:04 - Registered SqmFunctionTemplate [NamedSqmFunctionTemplate(second)] under second; prior registration was null
2025-06-14 16:48:04 - Registered SqmFunctionTemplate [NamedSqmFunctionTemplate(microsecond)] under microsecond; prior registration was null
2025-06-14 16:48:04 - Registered SqmFunctionTemplate [NamedSqmFunctionTemplate(day_of_week)] under day_of_week; prior registration was null
2025-06-14 16:48:04 - Registered SqmFunctionTemplate [NamedSqmFunctionTemplate(day_of_month)] under day_of_month; prior registration was null
2025-06-14 16:48:04 - Registering alternate key : day -> day_of_month
2025-06-14 16:48:04 - Registered SqmFunctionTemplate [NamedSqmFunctionTemplate(day_of_year)] under day_of_year; prior registration was null
2025-06-14 16:48:04 - Registered SqmFunctionTemplate [NamedSqmFunctionTemplate(week)] under week; prior registration was null
2025-06-14 16:48:04 - Registered SqmFunctionTemplate [NamedSqmFunctionTemplate(quarter)] under quarter; prior registration was null
2025-06-14 16:48:04 - Registered SqmFunctionTemplate [NamedSqmFunctionTemplate(monthname)] under monthname; prior registration was null
2025-06-14 16:48:04 - Registered SqmFunctionTemplate [NamedSqmFunctionTemplate(dayname)] under dayname; prior registration was null
2025-06-14 16:48:04 - Registered SqmFunctionTemplate [NamedSqmFunctionTemplate(localtime)] under localtime; prior registration was null
2025-06-14 16:48:04 - Registered SqmFunctionTemplate [NamedSqmFunctionTemplate(localtimestamp)] under localtimestamp; prior registration was null
2025-06-14 16:48:04 - Registered SqmFunctionTemplate [NamedSqmFunctionTemplate(localtime)] under local_time; prior registration was org.hibernate.dialect.function.CurrentFunction@21ea1d9d
2025-06-14 16:48:04 - Registered SqmFunctionTemplate [NamedSqmFunctionTemplate(localtimestamp)] under local_datetime; prior registration was org.hibernate.dialect.function.CurrentFunction@19f497aa
2025-06-14 16:48:04 - Registered SqmFunctionTemplate [org.hibernate.dialect.function.TruncFunction@3006bfb] under trunc; prior registration was null
2025-06-14 16:48:04 - Registering alternate key : truncate -> trunc
2025-06-14 16:48:04 - Registered SqmFunctionTemplate [org.hibernate.query.sqm.function.PatternBasedSqmFunctionDescriptor@4fd37449] under date_trunc; prior registration was null
2025-06-14 16:48:04 - Registered SqmFunctionTemplate [NamedSqmFunctionTemplate(bit_length)] under bit_length; prior registration was null
2025-06-14 16:48:04 - Registered SqmFunctionTemplate [NamedSqmFunctionTemplate(octet_length)] under octet_length; prior registration was null
2025-06-14 16:48:04 - Registered SqmFunctionTemplate [NamedSqmFunctionTemplate(ascii)] under ascii; prior registration was null
2025-06-14 16:48:04 - Registered SqmFunctionTemplate [NamedSqmFunctionTemplate(octet_length)] under octet_length; prior registration was NamedSqmFunctionTemplate(octet_length)
2025-06-14 16:48:04 - Registered SqmFunctionTemplate [NamedSqmFunctionTemplate(space)] under space; prior registration was null
2025-06-14 16:48:04 - Registered SqmFunctionTemplate [NamedSqmFunctionTemplate(repeat)] under repeat; prior registration was null
2025-06-14 16:48:04 - Registered SqmFunctionTemplate [NamedSqmFunctionTemplate(char)] under char; prior registration was null
2025-06-14 16:48:04 - Registering alternate key : chr -> char
2025-06-14 16:48:04 - Registered SqmFunctionTemplate [NamedSqmFunctionTemplate(instr)] under instr; prior registration was null
2025-06-14 16:48:04 - Registered SqmFunctionTemplate [NamedSqmFunctionTemplate(substr)] under substr; prior registration was null
2025-06-14 16:48:04 - Registered SqmFunctionTemplate [org.hibernate.query.sqm.function.PatternBasedSqmFunctionDescriptor@5402612e] under position; prior registration was org.hibernate.dialect.function.LocatePositionEmulation@56881196
2025-06-14 16:48:04 - Registered SqmFunctionTemplate [NamedSqmFunctionTemplate(ltrim)] under ltrim; prior registration was null
2025-06-14 16:48:04 - Registered SqmFunctionTemplate [NamedSqmFunctionTemplate(rtrim)] under rtrim; prior registration was null
2025-06-14 16:48:04 - Registered SqmFunctionTemplate [org.hibernate.query.sqm.function.PatternBasedSqmFunctionDescriptor@43445fc6] under concat; prior registration was NamedSqmFunctionTemplate(concat)
2025-06-14 16:48:04 - Registered SqmFunctionTemplate [NamedSqmFunctionTemplate(curtime)] under curtime; prior registration was null
2025-06-14 16:48:04 - Registered SqmFunctionTemplate [NamedSqmFunctionTemplate(curdate)] under curdate; prior registration was null
2025-06-14 16:48:04 - Registered SqmFunctionTemplate [NamedSqmFunctionTemplate(now)] under now; prior registration was null
2025-06-14 16:48:04 - Registered SqmFunctionTemplate [NamedSqmFunctionTemplate(sysdate)] under sysdate; prior registration was null
2025-06-14 16:48:04 - Registered SqmFunctionTemplate [NamedSqmFunctionTemplate(insert)] under insert; prior registration was null
2025-06-14 16:48:04 - Registered SqmFunctionTemplate [NamedSqmFunctionTemplate(bool_and)] under bool_and; prior registration was null
2025-06-14 16:48:04 - Registering alternate key : every -> bool_and
2025-06-14 16:48:04 - Registered SqmFunctionTemplate [NamedSqmFunctionTemplate(bool_or)] under bool_or; prior registration was null
2025-06-14 16:48:04 - Registering alternate key : any -> bool_or
2025-06-14 16:48:04 - Registered SqmFunctionTemplate [NamedSqmFunctionTemplate(median)] under median; prior registration was null
2025-06-14 16:48:04 - Registered SqmFunctionTemplate [NamedSqmFunctionTemplate(stddev_pop)] under stddev_pop; prior registration was null
2025-06-14 16:48:04 - Registered SqmFunctionTemplate [NamedSqmFunctionTemplate(stddev_samp)] under stddev_samp; prior registration was null
2025-06-14 16:48:04 - Registered SqmFunctionTemplate [NamedSqmFunctionTemplate(var_pop)] under var_pop; prior registration was null
2025-06-14 16:48:04 - Registered SqmFunctionTemplate [NamedSqmFunctionTemplate(var_samp)] under var_samp; prior registration was null
2025-06-14 16:48:04 - Registered SqmFunctionTemplate [org.hibernate.dialect.function.FormatFunction@431babe6] under format; prior registration was org.hibernate.dialect.function.FormatFunction@2b9d4b0
2025-06-14 16:48:04 - Registered SqmFunctionTemplate [NamedSqmFunctionTemplate(rownum)] under rownum; prior registration was null
2025-06-14 16:48:04 - Registered SqmFunctionTemplate [NamedSqmFunctionTemplate(row_number)] under row_number; prior registration was null
2025-06-14 16:48:04 - Registered SqmFunctionTemplate [NamedSqmFunctionTemplate(lag)] under lag; prior registration was null
2025-06-14 16:48:04 - Registered SqmFunctionTemplate [NamedSqmFunctionTemplate(lead)] under lead; prior registration was null
2025-06-14 16:48:04 - Registered SqmFunctionTemplate [NamedSqmFunctionTemplate(first_value)] under first_value; prior registration was null
2025-06-14 16:48:04 - Registered SqmFunctionTemplate [NamedSqmFunctionTemplate(last_value)] under last_value; prior registration was null
2025-06-14 16:48:04 - Registered SqmFunctionTemplate [NamedSqmFunctionTemplate(nth_value)] under nth_value; prior registration was null
2025-06-14 16:48:04 - Registered SqmFunctionTemplate [org.hibernate.dialect.function.ListaggFunction@70c31b17] under listagg; prior registration was null
2025-06-14 16:48:04 - Registered SqmFunctionTemplate [org.hibernate.dialect.function.InverseDistributionFunction@64665781] under mode; prior registration was null
2025-06-14 16:48:04 - Registered SqmFunctionTemplate [org.hibernate.dialect.function.InverseDistributionFunction@4c2bea52] under percentile_cont; prior registration was null
2025-06-14 16:48:04 - Registered SqmFunctionTemplate [org.hibernate.dialect.function.InverseDistributionFunction@11015ca0] under percentile_disc; prior registration was null
2025-06-14 16:48:04 - Registered SqmFunctionTemplate [org.hibernate.dialect.function.HypotheticalSetFunction@58f290bc] under rank; prior registration was null
2025-06-14 16:48:04 - Registered SqmFunctionTemplate [org.hibernate.dialect.function.HypotheticalSetFunction@3220c28] under dense_rank; prior registration was null
2025-06-14 16:48:04 - Registered SqmFunctionTemplate [org.hibernate.dialect.function.HypotheticalSetFunction@6ae42248] under percent_rank; prior registration was null
2025-06-14 16:48:04 - Registered SqmFunctionTemplate [org.hibernate.dialect.function.HypotheticalSetFunction@40c28b0d] under cume_dist; prior registration was null
2025-06-14 16:48:04 - abs(NUMERIC arg)
2025-06-14 16:48:04 - Double acos(NUMERIC arg)
2025-06-14 16:48:04 - Boolean any(BOOLEAN predicate)
2025-06-14 16:48:04 - Integer ascii(STRING arg)
2025-06-14 16:48:04 - Double asin(NUMERIC arg)
2025-06-14 16:48:04 - Double atan(NUMERIC arg)
2025-06-14 16:48:04 - Double atan2(NUMERIC arg0, NUMERIC arg1)
2025-06-14 16:48:04 - Double avg(NUMERIC arg)
2025-06-14 16:48:04 - bit_and(arg)
2025-06-14 16:48:04 - Integer bit_length(STRING_OR_CLOB arg)
2025-06-14 16:48:04 - bit_or(arg)
2025-06-14 16:48:04 - bitand(arg0, arg1)
2025-06-14 16:48:04 - bitor(arg0, arg1)
2025-06-14 16:48:04 - bitxor(arg0, arg1)
2025-06-14 16:48:04 - Boolean bool_and(BOOLEAN predicate)
2025-06-14 16:48:04 - Boolean bool_or(BOOLEAN predicate)
2025-06-14 16:48:04 - cast(arg as Type)
2025-06-14 16:48:04 - ceiling(NUMERIC arg)
2025-06-14 16:48:04 - Character char(INTEGER arg)
2025-06-14 16:48:04 - Integer character_length(STRING_OR_CLOB arg)
2025-06-14 16:48:04 - Character chr(INTEGER arg)
2025-06-14 16:48:04 - coalesce(arg0[, arg1[, ...]])
2025-06-14 16:48:04 - String collate(STRING string as COLLATION collation)
2025-06-14 16:48:04 - String concat(STRING string0[, STRING string1[, ...]])
2025-06-14 16:48:04 - Double cos(NUMERIC arg)
2025-06-14 16:48:04 - Double cosh(NUMERIC arg)
2025-06-14 16:48:04 - Double cot(NUMERIC arg)
2025-06-14 16:48:04 - Long count([distinct ]{arg|*})
2025-06-14 16:48:04 - Double cume_dist([arg0[, ...]])
2025-06-14 16:48:04 - Date curdate()
2025-06-14 16:48:04 - Date current date
2025-06-14 16:48:04 - Time current time
2025-06-14 16:48:04 - Timestamp current timestamp
2025-06-14 16:48:04 - Date current_date
2025-06-14 16:48:04 - Instant current_instant
2025-06-14 16:48:04 - Time current_time
2025-06-14 16:48:04 - Timestamp current_timestamp
2025-06-14 16:48:04 - Time curtime()
2025-06-14 16:48:04 - date_trunc(STRING field, TEMPORAL datetime)
2025-06-14 16:48:04 - dateadd(TEMPORAL_UNIT field, INTEGER magnitude, TEMPORAL datetime)
2025-06-14 16:48:04 - basicType@2(java.lang.Long,-5)|basicType@17(java.lang.Double,8) datediff(TEMPORAL_UNIT field, TEMPORAL start, TEMPORAL end)
2025-06-14 16:48:04 - Integer day(DATE arg)
2025-06-14 16:48:04 - Integer day_of_month(DATE arg)
2025-06-14 16:48:04 - Integer day_of_week(DATE arg)
2025-06-14 16:48:04 - Integer day_of_year(DATE arg)
2025-06-14 16:48:04 - String dayname(DATE arg)
2025-06-14 16:48:04 - Double degrees(NUMERIC arg)
2025-06-14 16:48:04 - Long dense_rank([arg0[, ...]])
2025-06-14 16:48:04 - Boolean every(BOOLEAN predicate)
2025-06-14 16:48:04 - Double exp(NUMERIC arg)
2025-06-14 16:48:04 - extract(TEMPORAL_UNIT field from TEMPORAL arg)
2025-06-14 16:48:04 - first_valueANY value
2025-06-14 16:48:04 - floor(NUMERIC arg)
2025-06-14 16:48:04 - String format(TEMPORAL datetime as STRING pattern)
2025-06-14 16:48:04 - greatest(COMPARABLE arg0, COMPARABLE arg1[, arg2[, ...]])
2025-06-14 16:48:04 - Integer hour(TIME arg)
2025-06-14 16:48:04 - ifnull(arg0, arg1)
2025-06-14 16:48:04 - String insert(STRING string, INTEGER start, INTEGER length, STRING replacement)
2025-06-14 16:48:04 - Instant instant
2025-06-14 16:48:04 - Integer instr(STRING string, STRING pattern[, INTEGER start[, INTEGER occurrence]])
2025-06-14 16:48:04 - lagANY value[, INTEGER offset[, ANY default]]
2025-06-14 16:48:04 - last_valueANY value
2025-06-14 16:48:04 - leadANY value[, INTEGER offset[, ANY default]]
2025-06-14 16:48:04 - least(COMPARABLE arg0, COMPARABLE arg1[, arg2[, ...]])
2025-06-14 16:48:04 - String left(STRING string, INTEGER length)
2025-06-14 16:48:04 - Integer length(STRING_OR_CLOB arg)
2025-06-14 16:48:04 - String listagg(STRING arg0, STRING arg1)
2025-06-14 16:48:04 - Double ln(NUMERIC arg)
2025-06-14 16:48:04 - LocalDate local date
2025-06-14 16:48:04 - LocalDateTime local datetime
2025-06-14 16:48:04 - LocalTime local time
2025-06-14 16:48:04 - LocalDate local_date
2025-06-14 16:48:04 - LocalDateTime local_datetime
2025-06-14 16:48:04 - LocalTime local_time
2025-06-14 16:48:04 - Time localtime
2025-06-14 16:48:04 - Timestamp localtimestamp
2025-06-14 16:48:04 - Integer locate(STRING pattern, STRING string[, INTEGER start])
2025-06-14 16:48:04 - Double log(NUMERIC base, NUMERIC arg)
2025-06-14 16:48:04 - Double log10(NUMERIC arg)
2025-06-14 16:48:04 - String lower(STRING string)
2025-06-14 16:48:04 - String lpad(STRING string, INTEGER length[, STRING padding])
2025-06-14 16:48:04 - String ltrim(STRING string)
2025-06-14 16:48:04 - max(COMPARABLE arg)
2025-06-14 16:48:04 - Double median(NUMERIC arg)
2025-06-14 16:48:04 - Integer microsecond(TIME arg)
2025-06-14 16:48:04 - min(COMPARABLE arg)
2025-06-14 16:48:04 - Integer minute(TIME arg)
2025-06-14 16:48:04 - Integer mod(INTEGER arg0, INTEGER arg1)
2025-06-14 16:48:04 - mode()
2025-06-14 16:48:04 - Integer month(DATE arg)
2025-06-14 16:48:04 - String monthname(DATE arg)
2025-06-14 16:48:04 - Timestamp now()
2025-06-14 16:48:04 - nth_valueANY value, INTEGER nth
2025-06-14 16:48:04 - nullif(arg0, arg1)
2025-06-14 16:48:04 - Integer octet_length(STRING_OR_CLOB arg)
2025-06-14 16:48:04 - OffsetDateTime offset datetime
2025-06-14 16:48:04 - OffsetDateTime offset_datetime
2025-06-14 16:48:04 - String overlay(STRING string placing STRING replacement from INTEGER start[ for INTEGER length])
2025-06-14 16:48:04 - String pad(STRING string with INTEGER length {leading|trailing}[ STRING character])
2025-06-14 16:48:04 - Double percent_rank([arg0[, ...]])
2025-06-14 16:48:04 - percentile_cont(NUMERIC arg)
2025-06-14 16:48:04 - percentile_disc(NUMERIC arg)
2025-06-14 16:48:04 - Double pi
2025-06-14 16:48:04 - Integer position(STRING pattern in STRING string)
2025-06-14 16:48:04 - Double power(NUMERIC arg0, NUMERIC arg1)
2025-06-14 16:48:04 - Integer quarter(DATE arg)
2025-06-14 16:48:04 - Double radians(NUMERIC arg)
2025-06-14 16:48:04 - Double rand([INTEGER seed])
2025-06-14 16:48:04 - Long rank([arg0[, ...]])
2025-06-14 16:48:04 - String repeat(STRING string, INTEGER times)
2025-06-14 16:48:04 - String replace(STRING string, STRING pattern, STRING replacement)
2025-06-14 16:48:04 - String right(STRING string, INTEGER length)
2025-06-14 16:48:04 - round(NUMERIC number[, INTEGER places])
2025-06-14 16:48:04 - Long row_number()
2025-06-14 16:48:04 - Long rownum()
2025-06-14 16:48:04 - String rpad(STRING string, INTEGER length[, STRING padding])
2025-06-14 16:48:04 - String rtrim(STRING string)
2025-06-14 16:48:04 - Integer second(TIME arg)
2025-06-14 16:48:04 - Integer sign(NUMERIC arg)
2025-06-14 16:48:04 - Double sin(NUMERIC arg)
2025-06-14 16:48:04 - Double sinh(NUMERIC arg)
2025-06-14 16:48:04 - String soundex(arg)
2025-06-14 16:48:04 - String space(INTEGER arg)
2025-06-14 16:48:04 - Object sql
2025-06-14 16:48:04 - Double sqrt(NUMERIC arg)
2025-06-14 16:48:04 - Double stddev_pop(NUMERIC arg)
2025-06-14 16:48:04 - Double stddev_samp(NUMERIC arg)
2025-06-14 16:48:04 - String str(arg)
2025-06-14 16:48:04 - String substr(STRING string, INTEGER start[, INTEGER length])
2025-06-14 16:48:04 - String substring(STRING string{ from|,} INTEGER start[{ for|,} INTEGER length])
2025-06-14 16:48:04 - sum(arg)
2025-06-14 16:48:04 - Timestamp sysdate
2025-06-14 16:48:04 - Double tan(NUMERIC arg)
2025-06-14 16:48:04 - Double tanh(NUMERIC arg)
2025-06-14 16:48:04 - timestampadd(TEMPORAL_UNIT field, INTEGER magnitude, TEMPORAL datetime)
2025-06-14 16:48:04 - basicType@2(java.lang.Long,-5)|basicType@17(java.lang.Double,8) timestampdiff(TEMPORAL_UNIT field, TEMPORAL start, TEMPORAL end)
2025-06-14 16:48:04 - String translate(STRING arg0, STRING arg1, STRING arg2)
2025-06-14 16:48:04 - String trim([[{leading|trailing|both} ][STRING arg0 ]from] STRING arg1)
2025-06-14 16:48:04 - trunc( ... )
2025-06-14 16:48:04 - truncate( ... )
2025-06-14 16:48:04 - String upper(STRING string)
2025-06-14 16:48:04 - Double var_pop(NUMERIC arg)
2025-06-14 16:48:04 - Double var_samp(NUMERIC arg)
2025-06-14 16:48:04 - Integer week(DATE arg)
2025-06-14 16:48:04 - Integer year(DATE arg)
2025-06-14 16:48:04 - Starting QueryInterpretationCache(2048)
2025-06-14 16:48:04 - EventListenerRegistry access via ServiceRegistry is deprecated.  Use `sessionFactory.getEventEngine().getListenerRegistry()` instead
2025-06-14 16:48:04 - Configured EntityCopyObserver strategy: disallow
2025-06-14 16:48:04 - Not known whether passed class name [org.frcpm.models.Attendance] is safe
2025-06-14 16:48:04 - No temp ClassLoader provided; using live ClassLoader for loading potentially unsafe class : org.frcpm.models.Attendance
2025-06-14 16:48:04 - HHH000513: Unable to create the ReflectionOptimizer for [org.frcpm.models.Attendance]: private accessor [arrivalTime]
2025-06-14 16:48:04 - Not known whether passed class name [org.frcpm.models.Meeting] is safe
2025-06-14 16:48:04 - No temp ClassLoader provided; using live ClassLoader for loading potentially unsafe class : org.frcpm.models.Meeting
2025-06-14 16:48:04 - HHH000513: Unable to create the ReflectionOptimizer for [org.frcpm.models.Meeting]: private accessor [attendances]
2025-06-14 16:48:04 - Not known whether passed class name [org.frcpm.models.Subsystem] is safe
2025-06-14 16:48:04 - No temp ClassLoader provided; using live ClassLoader for loading potentially unsafe class : org.frcpm.models.Subsystem
2025-06-14 16:48:04 - HHH000513: Unable to create the ReflectionOptimizer for [org.frcpm.models.Subsystem]: private accessor [description]
2025-06-14 16:48:04 - Not known whether passed class name [org.frcpm.models.Component] is safe
2025-06-14 16:48:04 - No temp ClassLoader provided; using live ClassLoader for loading potentially unsafe class : org.frcpm.models.Component
2025-06-14 16:48:05 - HHH000513: Unable to create the ReflectionOptimizer for [org.frcpm.models.Component]: private accessor [actualDelivery]
2025-06-14 16:48:05 - Not known whether passed class name [org.frcpm.models.Milestone] is safe
2025-06-14 16:48:05 - No temp ClassLoader provided; using live ClassLoader for loading potentially unsafe class : org.frcpm.models.Milestone
2025-06-14 16:48:05 - HHH000513: Unable to create the ReflectionOptimizer for [org.frcpm.models.Milestone]: private accessor [date]
2025-06-14 16:48:05 - Not known whether passed class name [org.frcpm.models.Project] is safe
2025-06-14 16:48:05 - No temp ClassLoader provided; using live ClassLoader for loading potentially unsafe class : org.frcpm.models.Project
2025-06-14 16:48:05 - HHH000513: Unable to create the ReflectionOptimizer for [org.frcpm.models.Project]: private accessor [description]
2025-06-14 16:48:05 - Not known whether passed class name [org.frcpm.models.Subteam] is safe
2025-06-14 16:48:05 - No temp ClassLoader provided; using live ClassLoader for loading potentially unsafe class : org.frcpm.models.Subteam
2025-06-14 16:48:05 - HHH000513: Unable to create the ReflectionOptimizer for [org.frcpm.models.Subteam]: private accessor [colorCode]
2025-06-14 16:48:05 - Not known whether passed class name [org.frcpm.models.Task] is safe
2025-06-14 16:48:05 - No temp ClassLoader provided; using live ClassLoader for loading potentially unsafe class : org.frcpm.models.Task
2025-06-14 16:48:05 - HHH000513: Unable to create the ReflectionOptimizer for [org.frcpm.models.Task]: private accessor [actualDurationSeconds]
2025-06-14 16:48:05 - Not known whether passed class name [org.frcpm.models.TeamMember] is safe
2025-06-14 16:48:05 - No temp ClassLoader provided; using live ClassLoader for loading potentially unsafe class : org.frcpm.models.TeamMember
2025-06-14 16:48:05 - HHH000513: Unable to create the ReflectionOptimizer for [org.frcpm.models.TeamMember]: private accessor [assignedTasks]
2025-06-14 16:48:05 - Skipping collection row updates - org.frcpm.models.Task.assignedTo
2025-06-14 16:48:05 - Skipping collection (re)creation - org.frcpm.models.Subsystem.tasks
2025-06-14 16:48:05 - Skipping collection row deletions - org.frcpm.models.Subsystem.tasks
2025-06-14 16:48:05 - Skipping collection removals - org.frcpm.models.Subsystem.tasks
2025-06-14 16:48:05 - Skipping collection (re)creation - org.frcpm.models.Subteam.members
2025-06-14 16:48:05 - Skipping collection row deletions - org.frcpm.models.Subteam.members
2025-06-14 16:48:05 - Skipping collection removals - org.frcpm.models.Subteam.members
2025-06-14 16:48:05 - Skipping collection (re)creation - org.frcpm.models.TeamMember.attendances
2025-06-14 16:48:05 - Skipping collection row deletions - org.frcpm.models.TeamMember.attendances
2025-06-14 16:48:05 - Skipping collection removals - org.frcpm.models.TeamMember.attendances
2025-06-14 16:48:05 - Skipping collection row updates - org.frcpm.models.Task.requiredComponents
2025-06-14 16:48:05 - Skipping collection (re)creation - org.frcpm.models.Subteam.subsystems
2025-06-14 16:48:05 - Skipping collection row deletions - org.frcpm.models.Subteam.subsystems
2025-06-14 16:48:05 - Skipping collection removals - org.frcpm.models.Subteam.subsystems
2025-06-14 16:48:05 - Skipping collection row updates - org.frcpm.models.Task.preDependencies
2025-06-14 16:48:05 - Skipping collection (re)creation - org.frcpm.models.Project.milestones
2025-06-14 16:48:05 - Skipping collection row deletions - org.frcpm.models.Project.milestones
2025-06-14 16:48:05 - Skipping collection removals - org.frcpm.models.Project.milestones
2025-06-14 16:48:05 - Skipping collection inserts - org.frcpm.models.Component.requiredForTasks
2025-06-14 16:48:05 - Skipping collection row updates - org.frcpm.models.Component.requiredForTasks
2025-06-14 16:48:05 - Skipping collection row deletions - org.frcpm.models.Component.requiredForTasks
2025-06-14 16:48:05 - Skipping collection removals - org.frcpm.models.Component.requiredForTasks
2025-06-14 16:48:05 - Skipping collection (re)creation - org.frcpm.models.Project.meetings
2025-06-14 16:48:05 - Skipping collection row deletions - org.frcpm.models.Project.meetings
2025-06-14 16:48:05 - Skipping collection removals - org.frcpm.models.Project.meetings
2025-06-14 16:48:05 - Skipping collection inserts - org.frcpm.models.TeamMember.assignedTasks
2025-06-14 16:48:05 - Skipping collection row updates - org.frcpm.models.TeamMember.assignedTasks
2025-06-14 16:48:05 - Skipping collection row deletions - org.frcpm.models.TeamMember.assignedTasks
2025-06-14 16:48:05 - Skipping collection removals - org.frcpm.models.TeamMember.assignedTasks
2025-06-14 16:48:05 - Skipping collection (re)creation - org.frcpm.models.Meeting.attendances
2025-06-14 16:48:05 - Skipping collection row deletions - org.frcpm.models.Meeting.attendances
2025-06-14 16:48:05 - Skipping collection removals - org.frcpm.models.Meeting.attendances
2025-06-14 16:48:05 - Skipping collection inserts - org.frcpm.models.Task.postDependencies
2025-06-14 16:48:05 - Skipping collection row updates - org.frcpm.models.Task.postDependencies
2025-06-14 16:48:05 - Skipping collection row deletions - org.frcpm.models.Task.postDependencies
2025-06-14 16:48:05 - Skipping collection removals - org.frcpm.models.Task.postDependencies
2025-06-14 16:48:05 - Skipping collection (re)creation - org.frcpm.models.Project.tasks
2025-06-14 16:48:05 - Skipping collection row deletions - org.frcpm.models.Project.tasks
2025-06-14 16:48:05 - Skipping collection removals - org.frcpm.models.Project.tasks
2025-06-14 16:48:05 - Starting post-init callbacks
2025-06-14 16:48:05 - Starting PostInitCallbackEntry : To-one key - NavigableRole[org.frcpm.models.Attendance.meeting]
2025-06-14 16:48:05 - Starting PostInitCallbackEntry : To-one key - NavigableRole[org.frcpm.models.Attendance.member]
2025-06-14 16:48:05 - Starting PostInitCallbackEntry : Entity(org.frcpm.models.Attendance) `staticFetchableList` generator
2025-06-14 16:48:05 - Starting PostInitCallbackEntry : PluralAttributeMapping( NavigableRole[org.frcpm.models.Meeting.attendances#{element}]) - element descriptor
2025-06-14 16:48:05 - Starting PostInitCallbackEntry : PluralAttributeMapping(org.frcpm.models.Meeting.attendances)#finishInitialization
2025-06-14 16:48:05 - Starting PostInitCallbackEntry : PluralAttributeMapping(org.frcpm.models.Meeting.attendances) - key descriptor
2025-06-14 16:48:05 - Starting PostInitCallbackEntry : To-one key - NavigableRole[org.frcpm.models.Meeting.project]
2025-06-14 16:48:05 - Starting PostInitCallbackEntry : Entity(org.frcpm.models.Meeting) `staticFetchableList` generator
2025-06-14 16:48:05 - Starting PostInitCallbackEntry : To-one key - NavigableRole[org.frcpm.models.Subsystem.responsibleSubteam]
2025-06-14 16:48:05 - Starting PostInitCallbackEntry : PluralAttributeMapping( NavigableRole[org.frcpm.models.Subsystem.tasks#{element}]) - element descriptor
2025-06-14 16:48:05 - Starting PostInitCallbackEntry : PluralAttributeMapping(org.frcpm.models.Subsystem.tasks)#finishInitialization
2025-06-14 16:48:05 - Starting PostInitCallbackEntry : PluralAttributeMapping(org.frcpm.models.Subsystem.tasks) - key descriptor
2025-06-14 16:48:05 - Starting PostInitCallbackEntry : Entity(org.frcpm.models.Subsystem) `staticFetchableList` generator
2025-06-14 16:48:05 - Starting PostInitCallbackEntry : PluralAttributeMapping( NavigableRole[org.frcpm.models.Component.requiredForTasks#{element}]) - element descriptor
2025-06-14 16:48:05 - Starting PostInitCallbackEntry : PluralAttributeMapping(org.frcpm.models.Component.requiredForTasks)#finishInitialization
2025-06-14 16:48:05 - Starting PostInitCallbackEntry : PluralAttributeMapping(org.frcpm.models.Component.requiredForTasks) - key descriptor
2025-06-14 16:48:05 - Starting PostInitCallbackEntry : Entity(org.frcpm.models.Component) `staticFetchableList` generator
2025-06-14 16:48:05 - Starting PostInitCallbackEntry : To-one key - NavigableRole[org.frcpm.models.Milestone.project]
2025-06-14 16:48:05 - Starting PostInitCallbackEntry : Entity(org.frcpm.models.Milestone) `staticFetchableList` generator
2025-06-14 16:48:05 - Starting PostInitCallbackEntry : PluralAttributeMapping( NavigableRole[org.frcpm.models.Project.meetings#{element}]) - element descriptor
2025-06-14 16:48:05 - Starting PostInitCallbackEntry : PluralAttributeMapping(org.frcpm.models.Project.meetings)#finishInitialization
2025-06-14 16:48:05 - Starting PostInitCallbackEntry : PluralAttributeMapping(org.frcpm.models.Project.meetings) - key descriptor
2025-06-14 16:48:05 - Starting PostInitCallbackEntry : PluralAttributeMapping( NavigableRole[org.frcpm.models.Project.milestones#{element}]) - element descriptor
2025-06-14 16:48:05 - Starting PostInitCallbackEntry : PluralAttributeMapping(org.frcpm.models.Project.milestones)#finishInitialization
2025-06-14 16:48:05 - Starting PostInitCallbackEntry : PluralAttributeMapping(org.frcpm.models.Project.milestones) - key descriptor
2025-06-14 16:48:05 - Starting PostInitCallbackEntry : PluralAttributeMapping( NavigableRole[org.frcpm.models.Project.tasks#{element}]) - element descriptor
2025-06-14 16:48:05 - Starting PostInitCallbackEntry : PluralAttributeMapping(org.frcpm.models.Project.tasks)#finishInitialization
2025-06-14 16:48:05 - Starting PostInitCallbackEntry : PluralAttributeMapping(org.frcpm.models.Project.tasks) - key descriptor
2025-06-14 16:48:05 - Starting PostInitCallbackEntry : Entity(org.frcpm.models.Project) `staticFetchableList` generator
2025-06-14 16:48:05 - Starting PostInitCallbackEntry : PluralAttributeMapping( NavigableRole[org.frcpm.models.Subteam.members#{element}]) - element descriptor
2025-06-14 16:48:05 - Starting PostInitCallbackEntry : PluralAttributeMapping(org.frcpm.models.Subteam.members)#finishInitialization
2025-06-14 16:48:05 - Starting PostInitCallbackEntry : PluralAttributeMapping(org.frcpm.models.Subteam.members) - key descriptor
2025-06-14 16:48:05 - Starting PostInitCallbackEntry : PluralAttributeMapping( NavigableRole[org.frcpm.models.Subteam.subsystems#{element}]) - element descriptor
2025-06-14 16:48:05 - Starting PostInitCallbackEntry : PluralAttributeMapping(org.frcpm.models.Subteam.subsystems)#finishInitialization
2025-06-14 16:48:05 - Starting PostInitCallbackEntry : PluralAttributeMapping(org.frcpm.models.Subteam.subsystems) - key descriptor
2025-06-14 16:48:05 - Starting PostInitCallbackEntry : Entity(org.frcpm.models.Subteam) `staticFetchableList` generator
2025-06-14 16:48:05 - Starting PostInitCallbackEntry : PluralAttributeMapping( NavigableRole[org.frcpm.models.Task.assignedTo#{element}]) - element descriptor
2025-06-14 16:48:05 - Starting PostInitCallbackEntry : PluralAttributeMapping(org.frcpm.models.Task.assignedTo)#finishInitialization
2025-06-14 16:48:05 - Starting PostInitCallbackEntry : PluralAttributeMapping(org.frcpm.models.Task.assignedTo) - key descriptor
2025-06-14 16:48:05 - Starting PostInitCallbackEntry : PluralAttributeMapping( NavigableRole[org.frcpm.models.Task.postDependencies#{element}]) - element descriptor
2025-06-14 16:48:05 - Starting PostInitCallbackEntry : PluralAttributeMapping(org.frcpm.models.Task.postDependencies)#finishInitialization
2025-06-14 16:48:05 - Starting PostInitCallbackEntry : PluralAttributeMapping(org.frcpm.models.Task.postDependencies) - key descriptor
2025-06-14 16:48:05 - Starting PostInitCallbackEntry : PluralAttributeMapping( NavigableRole[org.frcpm.models.Task.preDependencies#{element}]) - element descriptor
2025-06-14 16:48:05 - Starting PostInitCallbackEntry : PluralAttributeMapping(org.frcpm.models.Task.preDependencies)#finishInitialization
2025-06-14 16:48:05 - Starting PostInitCallbackEntry : PluralAttributeMapping(org.frcpm.models.Task.preDependencies) - key descriptor
2025-06-14 16:48:05 - Starting PostInitCallbackEntry : To-one key - NavigableRole[org.frcpm.models.Task.project]
2025-06-14 16:48:05 - Starting PostInitCallbackEntry : PluralAttributeMapping( NavigableRole[org.frcpm.models.Task.requiredComponents#{element}]) - element descriptor
2025-06-14 16:48:05 - Starting PostInitCallbackEntry : PluralAttributeMapping(org.frcpm.models.Task.requiredComponents)#finishInitialization
2025-06-14 16:48:05 - Starting PostInitCallbackEntry : PluralAttributeMapping(org.frcpm.models.Task.requiredComponents) - key descriptor
2025-06-14 16:48:05 - Starting PostInitCallbackEntry : To-one key - NavigableRole[org.frcpm.models.Task.subsystem]
2025-06-14 16:48:05 - Starting PostInitCallbackEntry : Entity(org.frcpm.models.Task) `staticFetchableList` generator
2025-06-14 16:48:05 - Starting PostInitCallbackEntry : PluralAttributeMapping( NavigableRole[org.frcpm.models.TeamMember.assignedTasks#{element}]) - element descriptor
2025-06-14 16:48:05 - Starting PostInitCallbackEntry : PluralAttributeMapping(org.frcpm.models.TeamMember.assignedTasks)#finishInitialization
2025-06-14 16:48:05 - Starting PostInitCallbackEntry : PluralAttributeMapping(org.frcpm.models.TeamMember.assignedTasks) - key descriptor
2025-06-14 16:48:05 - Starting PostInitCallbackEntry : PluralAttributeMapping( NavigableRole[org.frcpm.models.TeamMember.attendances#{element}]) - element descriptor
2025-06-14 16:48:05 - Starting PostInitCallbackEntry : PluralAttributeMapping(org.frcpm.models.TeamMember.attendances)#finishInitialization
2025-06-14 16:48:05 - Starting PostInitCallbackEntry : PluralAttributeMapping(org.frcpm.models.TeamMember.attendances) - key descriptor
2025-06-14 16:48:05 - Starting PostInitCallbackEntry : To-one key - NavigableRole[org.frcpm.models.TeamMember.subteam]
2025-06-14 16:48:05 - Starting PostInitCallbackEntry : Entity(org.frcpm.models.TeamMember) `staticFetchableList` generator
2025-06-14 16:48:05 - Starting PostInitCallbackEntry : PluralAttributeMapping( NavigableRole[org.frcpm.models.Meeting.attendances#{element}]) - element descriptor
2025-06-14 16:48:05 - Starting PostInitCallbackEntry : PluralAttributeMapping( NavigableRole[org.frcpm.models.Subsystem.tasks#{element}]) - element descriptor
2025-06-14 16:48:05 - Starting PostInitCallbackEntry : PluralAttributeMapping( NavigableRole[org.frcpm.models.Component.requiredForTasks#{element}]) - element descriptor
2025-06-14 16:48:05 - Starting PostInitCallbackEntry : PluralAttributeMapping( NavigableRole[org.frcpm.models.Project.meetings#{element}]) - element descriptor
2025-06-14 16:48:05 - Starting PostInitCallbackEntry : PluralAttributeMapping( NavigableRole[org.frcpm.models.Project.milestones#{element}]) - element descriptor
2025-06-14 16:48:05 - Starting PostInitCallbackEntry : PluralAttributeMapping( NavigableRole[org.frcpm.models.Project.tasks#{element}]) - element descriptor
2025-06-14 16:48:05 - Starting PostInitCallbackEntry : PluralAttributeMapping( NavigableRole[org.frcpm.models.Subteam.members#{element}]) - element descriptor
2025-06-14 16:48:05 - Starting PostInitCallbackEntry : PluralAttributeMapping( NavigableRole[org.frcpm.models.Subteam.subsystems#{element}]) - element descriptor
2025-06-14 16:48:05 - Starting PostInitCallbackEntry : PluralAttributeMapping( NavigableRole[org.frcpm.models.Task.postDependencies#{element}]) - element descriptor
2025-06-14 16:48:05 - Starting PostInitCallbackEntry : PluralAttributeMapping( NavigableRole[org.frcpm.models.TeamMember.attendances#{element}]) - element descriptor
2025-06-14 16:48:05 - Static SQL for entity: org.frcpm.models.Attendance
2025-06-14 16:48:05 -  Version select: select id from attendances where id=?
2025-06-14 16:48:05 -  Insert (0): insert into attendances (arrival_time,departure_time,meeting_id,member_id,present,id) values (?,?,?,?,?,default)
2025-06-14 16:48:05 -  Update (0): update attendances set arrival_time=?,departure_time=?,meeting_id=?,member_id=?,present=? where id=?
2025-06-14 16:48:05 -  Delete (0): delete from attendances where id=?
2025-06-14 16:48:05 - Created new SQL alias : a1_0
2025-06-14 16:48:05 - Registration of TableGroup [StandardTableGroup(org.frcpm.models.Attendance)] with identifierForTableGroup [org.frcpm.models.Attendance] for NavigablePath [org.frcpm.models.Attendance] 
2025-06-14 16:48:05 - Registration of TableGroup [org.hibernate.sql.ast.tree.from.LazyTableGroup@5d04fbb7] with identifierForTableGroup [org.frcpm.models.Attendance.meeting] for NavigablePath [org.frcpm.models.Attendance.meeting] 
2025-06-14 16:48:05 - Registration of TableGroup [org.hibernate.sql.ast.tree.from.LazyTableGroup@4cefa0be] with identifierForTableGroup [org.frcpm.models.Attendance.member] for NavigablePath [org.frcpm.models.Attendance.member] 
2025-06-14 16:48:05 - DomainResult Graph:
 \-EntityResultImpl [org.frcpm.models.Attendance]
 |  +-BasicFetch [org.frcpm.models.Attendance.arrivalTime]
 |  +-BasicFetch [org.frcpm.models.Attendance.departureTime]
 |  +-EntityDelayedFetchImpl [org.frcpm.models.Attendance.meeting]
 |  +-EntityDelayedFetchImpl [org.frcpm.models.Attendance.member]
 |  \-BasicFetch [org.frcpm.models.Attendance.present]

2025-06-14 16:48:05 - SQL AST Tree:
    SelectStatement {
      FromClause {
        StandardTableGroup (a1 : org.frcpm.models.Attendance) {
          primaryTableReference : attendances as a1_0
          TableGroupJoins {
            left  join LazyTableGroup (m1 : org.frcpm.models.Attendance.meeting) {
            }
            left  join LazyTableGroup (m2 : org.frcpm.models.Attendance.member) {
            }
          }
        }
      }
    }

2025-06-14 16:48:05 - Static SQL for entity: org.frcpm.models.Meeting
2025-06-14 16:48:05 -  Version select: select id from meetings where id=?
2025-06-14 16:48:05 -  Insert (0): insert into meetings (date,end_time,notes,project_id,start_time,id) values (?,?,?,?,?,default)
2025-06-14 16:48:05 -  Update (0): update meetings set date=?,end_time=?,notes=?,project_id=?,start_time=? where id=?
2025-06-14 16:48:05 -  Delete (0): delete from meetings where id=?
2025-06-14 16:48:05 - Created new SQL alias : m1_0
2025-06-14 16:48:05 - Registration of TableGroup [StandardTableGroup(org.frcpm.models.Meeting)] with identifierForTableGroup [org.frcpm.models.Meeting] for NavigablePath [org.frcpm.models.Meeting] 
2025-06-14 16:48:05 - Registration of TableGroup [org.hibernate.sql.ast.tree.from.LazyTableGroup@1238a074] with identifierForTableGroup [org.frcpm.models.Meeting.project] for NavigablePath [org.frcpm.models.Meeting.project] 
2025-06-14 16:48:05 - DomainResult Graph:
 \-EntityResultImpl [org.frcpm.models.Meeting]
 |  +-DelayedCollectionFetch [org.frcpm.models.Meeting.attendances]
 |  +-BasicFetch [org.frcpm.models.Meeting.date]
 |  +-BasicFetch [org.frcpm.models.Meeting.endTime]
 |  +-BasicFetch [org.frcpm.models.Meeting.notes]
 |  +-EntityDelayedFetchImpl [org.frcpm.models.Meeting.project]
 |  \-BasicFetch [org.frcpm.models.Meeting.startTime]

2025-06-14 16:48:05 - SQL AST Tree:
    SelectStatement {
      FromClause {
        StandardTableGroup (m1 : org.frcpm.models.Meeting) {
          primaryTableReference : meetings as m1_0
          TableGroupJoins {
            left  join LazyTableGroup (p1 : org.frcpm.models.Meeting.project) {
            }
          }
        }
      }
    }

2025-06-14 16:48:05 - Static SQL for entity: org.frcpm.models.Subsystem
2025-06-14 16:48:05 -  Version select: select id from subsystems where id=?
2025-06-14 16:48:05 -  Insert (0): insert into subsystems (description,name,responsible_subteam_id,status,id) values (?,?,?,?,default)
2025-06-14 16:48:05 -  Update (0): update subsystems set description=?,name=?,responsible_subteam_id=?,status=? where id=?
2025-06-14 16:48:05 -  Delete (0): delete from subsystems where id=?
2025-06-14 16:48:05 - Created new SQL alias : s1_0
2025-06-14 16:48:05 - Registration of TableGroup [StandardTableGroup(org.frcpm.models.Subsystem)] with identifierForTableGroup [org.frcpm.models.Subsystem] for NavigablePath [org.frcpm.models.Subsystem] 
2025-06-14 16:48:05 - Registration of TableGroup [org.hibernate.sql.ast.tree.from.LazyTableGroup@78f4d15d] with identifierForTableGroup [org.frcpm.models.Subsystem.responsibleSubteam] for NavigablePath [org.frcpm.models.Subsystem.responsibleSubteam] 
2025-06-14 16:48:05 - DomainResult Graph:
 \-EntityResultImpl [org.frcpm.models.Subsystem]
 |  +-BasicFetch [org.frcpm.models.Subsystem.description]
 |  +-BasicFetch [org.frcpm.models.Subsystem.name]
 |  +-EntityDelayedFetchImpl [org.frcpm.models.Subsystem.responsibleSubteam]
 |  +-BasicFetch [org.frcpm.models.Subsystem.status]
 |  \-DelayedCollectionFetch [org.frcpm.models.Subsystem.tasks]

2025-06-14 16:48:05 - SQL AST Tree:
    SelectStatement {
      FromClause {
        StandardTableGroup (s1 : org.frcpm.models.Subsystem) {
          primaryTableReference : subsystems as s1_0
          TableGroupJoins {
            left  join LazyTableGroup (rs1 : org.frcpm.models.Subsystem.responsibleSubteam) {
            }
          }
        }
      }
    }

2025-06-14 16:48:05 - Static SQL for entity: org.frcpm.models.Component
2025-06-14 16:48:05 -  Version select: select id from components where id=?
2025-06-14 16:48:05 -  Insert (0): insert into components (actual_delivery,is_delivered,description,expected_delivery,name,part_number,id) values (?,?,?,?,?,?,default)
2025-06-14 16:48:05 -  Update (0): update components set actual_delivery=?,is_delivered=?,description=?,expected_delivery=?,name=?,part_number=? where id=?
2025-06-14 16:48:05 -  Delete (0): delete from components where id=?
2025-06-14 16:48:05 - Created new SQL alias : c1_0
2025-06-14 16:48:05 - Registration of TableGroup [StandardTableGroup(org.frcpm.models.Component)] with identifierForTableGroup [org.frcpm.models.Component] for NavigablePath [org.frcpm.models.Component] 
2025-06-14 16:48:05 - DomainResult Graph:
 \-EntityResultImpl [org.frcpm.models.Component]
 |  +-BasicFetch [org.frcpm.models.Component.actualDelivery]
 |  +-BasicFetch [org.frcpm.models.Component.delivered]
 |  +-BasicFetch [org.frcpm.models.Component.description]
 |  +-BasicFetch [org.frcpm.models.Component.expectedDelivery]
 |  +-BasicFetch [org.frcpm.models.Component.name]
 |  +-BasicFetch [org.frcpm.models.Component.partNumber]
 |  \-DelayedCollectionFetch [org.frcpm.models.Component.requiredForTasks]

2025-06-14 16:48:05 - SQL AST Tree:
    SelectStatement {
      FromClause {
        StandardTableGroup (c1 : org.frcpm.models.Component) {
          primaryTableReference : components as c1_0
        }
      }
    }

2025-06-14 16:48:05 - Static SQL for entity: org.frcpm.models.Milestone
2025-06-14 16:48:05 -  Version select: select id from milestones where id=?
2025-06-14 16:48:05 -  Insert (0): insert into milestones (date,description,name,project_id,id) values (?,?,?,?,default)
2025-06-14 16:48:05 -  Update (0): update milestones set date=?,description=?,name=?,project_id=? where id=?
2025-06-14 16:48:05 -  Delete (0): delete from milestones where id=?
2025-06-14 16:48:05 - Created new SQL alias : m1_0
2025-06-14 16:48:05 - Registration of TableGroup [StandardTableGroup(org.frcpm.models.Milestone)] with identifierForTableGroup [org.frcpm.models.Milestone] for NavigablePath [org.frcpm.models.Milestone] 
2025-06-14 16:48:05 - Registration of TableGroup [org.hibernate.sql.ast.tree.from.LazyTableGroup@78829412] with identifierForTableGroup [org.frcpm.models.Milestone.project] for NavigablePath [org.frcpm.models.Milestone.project] 
2025-06-14 16:48:05 - DomainResult Graph:
 \-EntityResultImpl [org.frcpm.models.Milestone]
 |  +-BasicFetch [org.frcpm.models.Milestone.date]
 |  +-BasicFetch [org.frcpm.models.Milestone.description]
 |  +-BasicFetch [org.frcpm.models.Milestone.name]
 |  \-EntityDelayedFetchImpl [org.frcpm.models.Milestone.project]

2025-06-14 16:48:05 - SQL AST Tree:
    SelectStatement {
      FromClause {
        StandardTableGroup (m1 : org.frcpm.models.Milestone) {
          primaryTableReference : milestones as m1_0
          TableGroupJoins {
            left  join LazyTableGroup (p1 : org.frcpm.models.Milestone.project) {
            }
          }
        }
      }
    }

2025-06-14 16:48:05 - Static SQL for entity: org.frcpm.models.Project
2025-06-14 16:48:05 -  Version select: select id from projects where id=?
2025-06-14 16:48:05 -  Insert (0): insert into projects (description,goal_end_date,hard_deadline,name,start_date,id) values (?,?,?,?,?,default)
2025-06-14 16:48:05 -  Update (0): update projects set description=?,goal_end_date=?,hard_deadline=?,name=?,start_date=? where id=?
2025-06-14 16:48:05 -  Delete (0): delete from projects where id=?
2025-06-14 16:48:05 - Created new SQL alias : p1_0
2025-06-14 16:48:05 - Registration of TableGroup [StandardTableGroup(org.frcpm.models.Project)] with identifierForTableGroup [org.frcpm.models.Project] for NavigablePath [org.frcpm.models.Project] 
2025-06-14 16:48:05 - DomainResult Graph:
 \-EntityResultImpl [org.frcpm.models.Project]
 |  +-BasicFetch [org.frcpm.models.Project.description]
 |  +-BasicFetch [org.frcpm.models.Project.goalEndDate]
 |  +-BasicFetch [org.frcpm.models.Project.hardDeadline]
 |  +-DelayedCollectionFetch [org.frcpm.models.Project.meetings]
 |  +-DelayedCollectionFetch [org.frcpm.models.Project.milestones]
 |  +-BasicFetch [org.frcpm.models.Project.name]
 |  +-BasicFetch [org.frcpm.models.Project.startDate]
 |  \-DelayedCollectionFetch [org.frcpm.models.Project.tasks]

2025-06-14 16:48:05 - SQL AST Tree:
    SelectStatement {
      FromClause {
        StandardTableGroup (p1 : org.frcpm.models.Project) {
          primaryTableReference : projects as p1_0
        }
      }
    }

2025-06-14 16:48:05 - Static SQL for entity: org.frcpm.models.Subteam
2025-06-14 16:48:05 -  Version select: select id from subteams where id=?
2025-06-14 16:48:05 -  Insert (0): insert into subteams (color_code,name,specialties,id) values (?,?,?,default)
2025-06-14 16:48:05 -  Update (0): update subteams set color_code=?,name=?,specialties=? where id=?
2025-06-14 16:48:05 -  Delete (0): delete from subteams where id=?
2025-06-14 16:48:05 - Created new SQL alias : s1_0
2025-06-14 16:48:05 - Registration of TableGroup [StandardTableGroup(org.frcpm.models.Subteam)] with identifierForTableGroup [org.frcpm.models.Subteam] for NavigablePath [org.frcpm.models.Subteam] 
2025-06-14 16:48:05 - DomainResult Graph:
 \-EntityResultImpl [org.frcpm.models.Subteam]
 |  +-BasicFetch [org.frcpm.models.Subteam.colorCode]
 |  +-DelayedCollectionFetch [org.frcpm.models.Subteam.members]
 |  +-BasicFetch [org.frcpm.models.Subteam.name]
 |  +-BasicFetch [org.frcpm.models.Subteam.specialties]
 |  \-DelayedCollectionFetch [org.frcpm.models.Subteam.subsystems]

2025-06-14 16:48:05 - SQL AST Tree:
    SelectStatement {
      FromClause {
        StandardTableGroup (s1 : org.frcpm.models.Subteam) {
          primaryTableReference : subteams as s1_0
        }
      }
    }

2025-06-14 16:48:05 - Static SQL for entity: org.frcpm.models.Task
2025-06-14 16:48:05 -  Version select: select id from tasks where id=?
2025-06-14 16:48:05 -  Insert (0): insert into tasks (actual_duration_seconds,completed,description,end_date,estimated_duration_seconds,priority,progress,project_id,start_date,subsystem_id,title,id) values (?,?,?,?,?,?,?,?,?,?,?,default)
2025-06-14 16:48:05 -  Update (0): update tasks set actual_duration_seconds=?,completed=?,description=?,end_date=?,estimated_duration_seconds=?,priority=?,progress=?,project_id=?,start_date=?,subsystem_id=?,title=? where id=?
2025-06-14 16:48:05 -  Delete (0): delete from tasks where id=?
2025-06-14 16:48:05 - Created new SQL alias : t1_0
2025-06-14 16:48:05 - Registration of TableGroup [StandardTableGroup(org.frcpm.models.Task)] with identifierForTableGroup [org.frcpm.models.Task] for NavigablePath [org.frcpm.models.Task] 
2025-06-14 16:48:05 - Registration of TableGroup [org.hibernate.sql.ast.tree.from.LazyTableGroup@490fbeaa] with identifierForTableGroup [org.frcpm.models.Task.project] for NavigablePath [org.frcpm.models.Task.project] 
2025-06-14 16:48:05 - Registration of TableGroup [org.hibernate.sql.ast.tree.from.LazyTableGroup@35dc849b] with identifierForTableGroup [org.frcpm.models.Task.subsystem] for NavigablePath [org.frcpm.models.Task.subsystem] 
2025-06-14 16:48:05 - DomainResult Graph:
 \-EntityResultImpl [org.frcpm.models.Task]
 |  +-BasicFetch [org.frcpm.models.Task.actualDurationSeconds]
 |  +-DelayedCollectionFetch [org.frcpm.models.Task.assignedTo]
 |  +-BasicFetch [org.frcpm.models.Task.completed]
 |  +-BasicFetch [org.frcpm.models.Task.description]
 |  +-BasicFetch [org.frcpm.models.Task.endDate]
 |  +-BasicFetch [org.frcpm.models.Task.estimatedDurationSeconds]
 |  +-DelayedCollectionFetch [org.frcpm.models.Task.postDependencies]
 |  +-DelayedCollectionFetch [org.frcpm.models.Task.preDependencies]
 |  +-BasicFetch [org.frcpm.models.Task.priority]
 |  +-BasicFetch [org.frcpm.models.Task.progress]
 |  +-EntityDelayedFetchImpl [org.frcpm.models.Task.project]
 |  +-DelayedCollectionFetch [org.frcpm.models.Task.requiredComponents]
 |  +-BasicFetch [org.frcpm.models.Task.startDate]
 |  +-EntityDelayedFetchImpl [org.frcpm.models.Task.subsystem]
 |  \-BasicFetch [org.frcpm.models.Task.title]

2025-06-14 16:48:05 - SQL AST Tree:
    SelectStatement {
      FromClause {
        StandardTableGroup (t1 : org.frcpm.models.Task) {
          primaryTableReference : tasks as t1_0
          TableGroupJoins {
            left  join LazyTableGroup (p1 : org.frcpm.models.Task.project) {
            }
            left  join LazyTableGroup (s1 : org.frcpm.models.Task.subsystem) {
            }
          }
        }
      }
    }

2025-06-14 16:48:05 - Static SQL for entity: org.frcpm.models.TeamMember
2025-06-14 16:48:05 -  Version select: select id from team_members where id=?
2025-06-14 16:48:05 -  Insert (0): insert into team_members (email,first_name,last_name,is_leader,phone,skills,subteam_id,username,id) values (?,?,?,?,?,?,?,?,default)
2025-06-14 16:48:05 -  Update (0): update team_members set email=?,first_name=?,last_name=?,is_leader=?,phone=?,skills=?,subteam_id=?,username=? where id=?
2025-06-14 16:48:05 -  Delete (0): delete from team_members where id=?
2025-06-14 16:48:05 - Created new SQL alias : tm1_0
2025-06-14 16:48:05 - Registration of TableGroup [StandardTableGroup(org.frcpm.models.TeamMember)] with identifierForTableGroup [org.frcpm.models.TeamMember] for NavigablePath [org.frcpm.models.TeamMember] 
2025-06-14 16:48:05 - Registration of TableGroup [org.hibernate.sql.ast.tree.from.LazyTableGroup@de40aa1] with identifierForTableGroup [org.frcpm.models.TeamMember.subteam] for NavigablePath [org.frcpm.models.TeamMember.subteam] 
2025-06-14 16:48:05 - DomainResult Graph:
 \-EntityResultImpl [org.frcpm.models.TeamMember]
 |  +-DelayedCollectionFetch [org.frcpm.models.TeamMember.assignedTasks]
 |  +-DelayedCollectionFetch [org.frcpm.models.TeamMember.attendances]
 |  +-BasicFetch [org.frcpm.models.TeamMember.email]
 |  +-BasicFetch [org.frcpm.models.TeamMember.firstName]
 |  +-BasicFetch [org.frcpm.models.TeamMember.lastName]
 |  +-BasicFetch [org.frcpm.models.TeamMember.leader]
 |  +-BasicFetch [org.frcpm.models.TeamMember.phone]
 |  +-BasicFetch [org.frcpm.models.TeamMember.skills]
 |  +-EntityDelayedFetchImpl [org.frcpm.models.TeamMember.subteam]
 |  \-BasicFetch [org.frcpm.models.TeamMember.username]

2025-06-14 16:48:05 - SQL AST Tree:
    SelectStatement {
      FromClause {
        StandardTableGroup (tm1 : org.frcpm.models.TeamMember) {
          primaryTableReference : team_members as tm1_0
          TableGroupJoins {
            left  join LazyTableGroup (s1 : org.frcpm.models.TeamMember.subteam) {
            }
          }
        }
      }
    }

2025-06-14 16:48:05 - Created new SQL alias : at1_0
2025-06-14 16:48:05 - Registration of TableGroup [CollectionTableGroup(org.frcpm.models.Task.assignedTo)] with identifierForTableGroup [org.frcpm.models.Task.assignedTo] for NavigablePath [org.frcpm.models.Task.assignedTo] 
2025-06-14 16:48:05 - Registration of TableGroup [org.hibernate.sql.ast.tree.from.LazyTableGroup@2245ccaa] with identifierForTableGroup [org.frcpm.models.Task.assignedTo.{element}] for NavigablePath [org.frcpm.models.Task.assignedTo.{element}] 
2025-06-14 16:48:05 - Created new SQL alias : at1_1
2025-06-14 16:48:05 - Registration of TableGroup [org.hibernate.sql.ast.tree.from.LazyTableGroup@339cde4b] with identifierForTableGroup [org.frcpm.models.Task.assignedTo.{element}.subteam] for NavigablePath [org.frcpm.models.Task.assignedTo.{element}.subteam] 
2025-06-14 16:48:05 - DomainResult Graph:
 \-CollectionDomainResult [org.frcpm.models.Task.assignedTo]

2025-06-14 16:48:05 - SQL AST Tree:
    SelectStatement {
      FromClause {
        CollectionTableGroup (at1 : org.frcpm.models.Task.assignedTo) {
          primaryTableReference : task_assignments as at1_0
          NestedTableGroupJoins {
             join LazyTableGroup (at1 : org.frcpm.models.Task.assignedTo.{element}) {
              primaryTableReference : team_members as at1_1
              TableGroupJoins {
                left  join LazyTableGroup (s1 : org.frcpm.models.Task.assignedTo.{element}.subteam) {
                }
              }
            }
          }
        }
      }
    }

2025-06-14 16:48:05 - Static SQL for collection: org.frcpm.models.Task.assignedTo
2025-06-14 16:48:05 -  Row insert: insert into task_assignments (task_id,team_member_id) values (?,?)
2025-06-14 16:48:05 -  Row delete: delete from task_assignments where task_id=? and team_member_id=?
2025-06-14 16:48:05 -  One-shot delete: delete from task_assignments where task_id=?
2025-06-14 16:48:05 - Created new SQL alias : t1_0
2025-06-14 16:48:05 - Registration of TableGroup [org.hibernate.sql.ast.tree.from.OneToManyTableGroup@47c356e] with identifierForTableGroup [org.frcpm.models.Subsystem.tasks] for NavigablePath [org.frcpm.models.Subsystem.tasks] 
2025-06-14 16:48:05 - Registration of TableGroup [StandardTableGroup(org.frcpm.models.Subsystem.tasks.{element})] with identifierForTableGroup [org.frcpm.models.Subsystem.tasks.{element}] for NavigablePath [org.frcpm.models.Subsystem.tasks.{element}] 
2025-06-14 16:48:05 - Registration of TableGroup [org.hibernate.sql.ast.tree.from.LazyTableGroup@66e218d8] with identifierForTableGroup [org.frcpm.models.Subsystem.tasks.{element}.project] for NavigablePath [org.frcpm.models.Subsystem.tasks.{element}.project] 
2025-06-14 16:48:05 - Registration of TableGroup [org.hibernate.sql.ast.tree.from.LazyTableGroup@5b80b41d] with identifierForTableGroup [org.frcpm.models.Subsystem.tasks.{element}.subsystem] for NavigablePath [org.frcpm.models.Subsystem.tasks.{element}.subsystem] 
2025-06-14 16:48:05 - DomainResult Graph:
 \-CollectionDomainResult [org.frcpm.models.Subsystem.tasks]

2025-06-14 16:48:05 - SQL AST Tree:
    SelectStatement {
      FromClause {
        OneToManyTableGroup (t1 : org.frcpm.models.Subsystem.tasks) {
          primaryTableReference : tasks as t1_0
          TableGroupJoins {
            left  join LazyTableGroup (p1 : org.frcpm.models.Subsystem.tasks.{element}.project) {
            }
            left  join LazyTableGroup (s1 : org.frcpm.models.Subsystem.tasks.{element}.subsystem) {
            }
          }
        }
      }
    }

2025-06-14 16:48:05 - Static SQL for collection: org.frcpm.models.Subsystem.tasks
2025-06-14 16:48:05 - Created new SQL alias : m1_0
2025-06-14 16:48:05 - Registration of TableGroup [org.hibernate.sql.ast.tree.from.OneToManyTableGroup@673605ef] with identifierForTableGroup [org.frcpm.models.Subteam.members] for NavigablePath [org.frcpm.models.Subteam.members] 
2025-06-14 16:48:05 - Registration of TableGroup [StandardTableGroup(org.frcpm.models.Subteam.members.{element})] with identifierForTableGroup [org.frcpm.models.Subteam.members.{element}] for NavigablePath [org.frcpm.models.Subteam.members.{element}] 
2025-06-14 16:48:05 - Registration of TableGroup [org.hibernate.sql.ast.tree.from.LazyTableGroup@29eaf100] with identifierForTableGroup [org.frcpm.models.Subteam.members.{element}.subteam] for NavigablePath [org.frcpm.models.Subteam.members.{element}.subteam] 
2025-06-14 16:48:05 - DomainResult Graph:
 \-CollectionDomainResult [org.frcpm.models.Subteam.members]

2025-06-14 16:48:05 - SQL AST Tree:
    SelectStatement {
      FromClause {
        OneToManyTableGroup (m1 : org.frcpm.models.Subteam.members) {
          primaryTableReference : team_members as m1_0
          TableGroupJoins {
            left  join LazyTableGroup (s1 : org.frcpm.models.Subteam.members.{element}.subteam) {
            }
          }
        }
      }
    }

2025-06-14 16:48:05 - Static SQL for collection: org.frcpm.models.Subteam.members
2025-06-14 16:48:05 - Created new SQL alias : a1_0
2025-06-14 16:48:05 - Registration of TableGroup [org.hibernate.sql.ast.tree.from.OneToManyTableGroup@5dac6bc3] with identifierForTableGroup [org.frcpm.models.TeamMember.attendances] for NavigablePath [org.frcpm.models.TeamMember.attendances] 
2025-06-14 16:48:05 - Registration of TableGroup [StandardTableGroup(org.frcpm.models.TeamMember.attendances.{element})] with identifierForTableGroup [org.frcpm.models.TeamMember.attendances.{element}] for NavigablePath [org.frcpm.models.TeamMember.attendances.{element}] 
2025-06-14 16:48:05 - Registration of TableGroup [org.hibernate.sql.ast.tree.from.LazyTableGroup@a6204e4] with identifierForTableGroup [org.frcpm.models.TeamMember.attendances.{element}.meeting] for NavigablePath [org.frcpm.models.TeamMember.attendances.{element}.meeting] 
2025-06-14 16:48:05 - Registration of TableGroup [org.hibernate.sql.ast.tree.from.LazyTableGroup@747e8659] with identifierForTableGroup [org.frcpm.models.TeamMember.attendances.{element}.member] for NavigablePath [org.frcpm.models.TeamMember.attendances.{element}.member] 
2025-06-14 16:48:05 - DomainResult Graph:
 \-CollectionDomainResult [org.frcpm.models.TeamMember.attendances]

2025-06-14 16:48:05 - SQL AST Tree:
    SelectStatement {
      FromClause {
        OneToManyTableGroup (a1 : org.frcpm.models.TeamMember.attendances) {
          primaryTableReference : attendances as a1_0
          TableGroupJoins {
            left  join LazyTableGroup (m1 : org.frcpm.models.TeamMember.attendances.{element}.meeting) {
            }
            left  join LazyTableGroup (m2 : org.frcpm.models.TeamMember.attendances.{element}.member) {
            }
          }
        }
      }
    }

2025-06-14 16:48:05 - Static SQL for collection: org.frcpm.models.TeamMember.attendances
2025-06-14 16:48:05 - Created new SQL alias : rc1_0
2025-06-14 16:48:05 - Registration of TableGroup [CollectionTableGroup(org.frcpm.models.Task.requiredComponents)] with identifierForTableGroup [org.frcpm.models.Task.requiredComponents] for NavigablePath [org.frcpm.models.Task.requiredComponents] 
2025-06-14 16:48:05 - Registration of TableGroup [org.hibernate.sql.ast.tree.from.LazyTableGroup@75fa9254] with identifierForTableGroup [org.frcpm.models.Task.requiredComponents.{element}] for NavigablePath [org.frcpm.models.Task.requiredComponents.{element}] 
2025-06-14 16:48:05 - Created new SQL alias : rc1_1
2025-06-14 16:48:05 - DomainResult Graph:
 \-CollectionDomainResult [org.frcpm.models.Task.requiredComponents]

2025-06-14 16:48:05 - SQL AST Tree:
    SelectStatement {
      FromClause {
        CollectionTableGroup (rc1 : org.frcpm.models.Task.requiredComponents) {
          primaryTableReference : task_components as rc1_0
          NestedTableGroupJoins {
             join LazyTableGroup (rc1 : org.frcpm.models.Task.requiredComponents.{element}) {
              primaryTableReference : components as rc1_1
            }
          }
        }
      }
    }

2025-06-14 16:48:05 - Static SQL for collection: org.frcpm.models.Task.requiredComponents
2025-06-14 16:48:05 -  Row insert: insert into task_components (task_id,component_id) values (?,?)
2025-06-14 16:48:05 -  Row delete: delete from task_components where task_id=? and component_id=?
2025-06-14 16:48:05 -  One-shot delete: delete from task_components where task_id=?
2025-06-14 16:48:05 - Created new SQL alias : s1_0
2025-06-14 16:48:05 - Registration of TableGroup [org.hibernate.sql.ast.tree.from.OneToManyTableGroup@45375bdf] with identifierForTableGroup [org.frcpm.models.Subteam.subsystems] for NavigablePath [org.frcpm.models.Subteam.subsystems] 
2025-06-14 16:48:05 - Registration of TableGroup [StandardTableGroup(org.frcpm.models.Subteam.subsystems.{element})] with identifierForTableGroup [org.frcpm.models.Subteam.subsystems.{element}] for NavigablePath [org.frcpm.models.Subteam.subsystems.{element}] 
2025-06-14 16:48:05 - Registration of TableGroup [org.hibernate.sql.ast.tree.from.LazyTableGroup@3e8fe7db] with identifierForTableGroup [org.frcpm.models.Subteam.subsystems.{element}.responsibleSubteam] for NavigablePath [org.frcpm.models.Subteam.subsystems.{element}.responsibleSubteam] 
2025-06-14 16:48:05 - DomainResult Graph:
 \-CollectionDomainResult [org.frcpm.models.Subteam.subsystems]

2025-06-14 16:48:05 - SQL AST Tree:
    SelectStatement {
      FromClause {
        OneToManyTableGroup (s1 : org.frcpm.models.Subteam.subsystems) {
          primaryTableReference : subsystems as s1_0
          TableGroupJoins {
            left  join LazyTableGroup (rs1 : org.frcpm.models.Subteam.subsystems.{element}.responsibleSubteam) {
            }
          }
        }
      }
    }

2025-06-14 16:48:05 - Static SQL for collection: org.frcpm.models.Subteam.subsystems
2025-06-14 16:48:05 - Created new SQL alias : pd1_0
2025-06-14 16:48:05 - Registration of TableGroup [CollectionTableGroup(org.frcpm.models.Task.preDependencies)] with identifierForTableGroup [org.frcpm.models.Task.preDependencies] for NavigablePath [org.frcpm.models.Task.preDependencies] 
2025-06-14 16:48:05 - Registration of TableGroup [org.hibernate.sql.ast.tree.from.LazyTableGroup@64908ab9] with identifierForTableGroup [org.frcpm.models.Task.preDependencies.{element}] for NavigablePath [org.frcpm.models.Task.preDependencies.{element}] 
2025-06-14 16:48:05 - Created new SQL alias : pd1_1
2025-06-14 16:48:05 - Registration of TableGroup [org.hibernate.sql.ast.tree.from.LazyTableGroup@1b06dc57] with identifierForTableGroup [org.frcpm.models.Task.preDependencies.{element}.project] for NavigablePath [org.frcpm.models.Task.preDependencies.{element}.project] 
2025-06-14 16:48:05 - Registration of TableGroup [org.hibernate.sql.ast.tree.from.LazyTableGroup@5af641d3] with identifierForTableGroup [org.frcpm.models.Task.preDependencies.{element}.subsystem] for NavigablePath [org.frcpm.models.Task.preDependencies.{element}.subsystem] 
2025-06-14 16:48:05 - DomainResult Graph:
 \-CollectionDomainResult [org.frcpm.models.Task.preDependencies]

2025-06-14 16:48:05 - SQL AST Tree:
    SelectStatement {
      FromClause {
        CollectionTableGroup (pd1 : org.frcpm.models.Task.preDependencies) {
          primaryTableReference : task_dependencies as pd1_0
          NestedTableGroupJoins {
             join LazyTableGroup (pd1 : org.frcpm.models.Task.preDependencies.{element}) {
              primaryTableReference : tasks as pd1_1
              TableGroupJoins {
                left  join LazyTableGroup (p1 : org.frcpm.models.Task.preDependencies.{element}.project) {
                }
                left  join LazyTableGroup (s1 : org.frcpm.models.Task.preDependencies.{element}.subsystem) {
                }
              }
            }
          }
        }
      }
    }

2025-06-14 16:48:05 - Static SQL for collection: org.frcpm.models.Task.preDependencies
2025-06-14 16:48:05 -  Row insert: insert into task_dependencies (task_id,dependency_id) values (?,?)
2025-06-14 16:48:05 -  Row delete: delete from task_dependencies where task_id=? and dependency_id=?
2025-06-14 16:48:05 -  One-shot delete: delete from task_dependencies where task_id=?
2025-06-14 16:48:05 - Created new SQL alias : m1_0
2025-06-14 16:48:05 - Registration of TableGroup [org.hibernate.sql.ast.tree.from.OneToManyTableGroup@510a2c7] with identifierForTableGroup [org.frcpm.models.Project.milestones] for NavigablePath [org.frcpm.models.Project.milestones] 
2025-06-14 16:48:05 - Registration of TableGroup [StandardTableGroup(org.frcpm.models.Project.milestones.{element})] with identifierForTableGroup [org.frcpm.models.Project.milestones.{element}] for NavigablePath [org.frcpm.models.Project.milestones.{element}] 
2025-06-14 16:48:05 - Registration of TableGroup [org.hibernate.sql.ast.tree.from.LazyTableGroup@14fe085b] with identifierForTableGroup [org.frcpm.models.Project.milestones.{element}.project] for NavigablePath [org.frcpm.models.Project.milestones.{element}.project] 
2025-06-14 16:48:05 - DomainResult Graph:
 \-CollectionDomainResult [org.frcpm.models.Project.milestones]

2025-06-14 16:48:05 - SQL AST Tree:
    SelectStatement {
      FromClause {
        OneToManyTableGroup (m1 : org.frcpm.models.Project.milestones) {
          primaryTableReference : milestones as m1_0
          TableGroupJoins {
            left  join LazyTableGroup (p1 : org.frcpm.models.Project.milestones.{element}.project) {
            }
          }
        }
      }
    }

2025-06-14 16:48:05 - Static SQL for collection: org.frcpm.models.Project.milestones
2025-06-14 16:48:05 - Created new SQL alias : rft1_0
2025-06-14 16:48:05 - Registration of TableGroup [CollectionTableGroup(org.frcpm.models.Component.requiredForTasks)] with identifierForTableGroup [org.frcpm.models.Component.requiredForTasks] for NavigablePath [org.frcpm.models.Component.requiredForTasks] 
2025-06-14 16:48:05 - Registration of TableGroup [org.hibernate.sql.ast.tree.from.LazyTableGroup@525b9df4] with identifierForTableGroup [org.frcpm.models.Component.requiredForTasks.{element}] for NavigablePath [org.frcpm.models.Component.requiredForTasks.{element}] 
2025-06-14 16:48:05 - Created new SQL alias : rft1_1
2025-06-14 16:48:05 - Registration of TableGroup [org.hibernate.sql.ast.tree.from.LazyTableGroup@52dd1be2] with identifierForTableGroup [org.frcpm.models.Component.requiredForTasks.{element}.project] for NavigablePath [org.frcpm.models.Component.requiredForTasks.{element}.project] 
2025-06-14 16:48:05 - Registration of TableGroup [org.hibernate.sql.ast.tree.from.LazyTableGroup@36857d32] with identifierForTableGroup [org.frcpm.models.Component.requiredForTasks.{element}.subsystem] for NavigablePath [org.frcpm.models.Component.requiredForTasks.{element}.subsystem] 
2025-06-14 16:48:05 - DomainResult Graph:
 \-CollectionDomainResult [org.frcpm.models.Component.requiredForTasks]

2025-06-14 16:48:05 - SQL AST Tree:
    SelectStatement {
      FromClause {
        CollectionTableGroup (rft1 : org.frcpm.models.Component.requiredForTasks) {
          primaryTableReference : task_components as rft1_0
          NestedTableGroupJoins {
             join LazyTableGroup (rft1 : org.frcpm.models.Component.requiredForTasks.{element}) {
              primaryTableReference : tasks as rft1_1
              TableGroupJoins {
                left  join LazyTableGroup (p1 : org.frcpm.models.Component.requiredForTasks.{element}.project) {
                }
                left  join LazyTableGroup (s1 : org.frcpm.models.Component.requiredForTasks.{element}.subsystem) {
                }
              }
            }
          }
        }
      }
    }

2025-06-14 16:48:05 - Static SQL for collection: org.frcpm.models.Component.requiredForTasks
2025-06-14 16:48:05 - Created new SQL alias : m1_0
2025-06-14 16:48:05 - Registration of TableGroup [org.hibernate.sql.ast.tree.from.OneToManyTableGroup@2ae88712] with identifierForTableGroup [org.frcpm.models.Project.meetings] for NavigablePath [org.frcpm.models.Project.meetings] 
2025-06-14 16:48:05 - Registration of TableGroup [StandardTableGroup(org.frcpm.models.Project.meetings.{element})] with identifierForTableGroup [org.frcpm.models.Project.meetings.{element}] for NavigablePath [org.frcpm.models.Project.meetings.{element}] 
2025-06-14 16:48:05 - Registration of TableGroup [org.hibernate.sql.ast.tree.from.LazyTableGroup@10508ba6] with identifierForTableGroup [org.frcpm.models.Project.meetings.{element}.project] for NavigablePath [org.frcpm.models.Project.meetings.{element}.project] 
2025-06-14 16:48:05 - DomainResult Graph:
 \-CollectionDomainResult [org.frcpm.models.Project.meetings]

2025-06-14 16:48:05 - SQL AST Tree:
    SelectStatement {
      FromClause {
        OneToManyTableGroup (m1 : org.frcpm.models.Project.meetings) {
          primaryTableReference : meetings as m1_0
          TableGroupJoins {
            left  join LazyTableGroup (p1 : org.frcpm.models.Project.meetings.{element}.project) {
            }
          }
        }
      }
    }

2025-06-14 16:48:05 - Static SQL for collection: org.frcpm.models.Project.meetings
2025-06-14 16:48:05 - Created new SQL alias : at1_0
2025-06-14 16:48:05 - Registration of TableGroup [CollectionTableGroup(org.frcpm.models.TeamMember.assignedTasks)] with identifierForTableGroup [org.frcpm.models.TeamMember.assignedTasks] for NavigablePath [org.frcpm.models.TeamMember.assignedTasks] 
2025-06-14 16:48:05 - Registration of TableGroup [org.hibernate.sql.ast.tree.from.LazyTableGroup@39159b14] with identifierForTableGroup [org.frcpm.models.TeamMember.assignedTasks.{element}] for NavigablePath [org.frcpm.models.TeamMember.assignedTasks.{element}] 
2025-06-14 16:48:05 - Created new SQL alias : at1_1
2025-06-14 16:48:05 - Registration of TableGroup [org.hibernate.sql.ast.tree.from.LazyTableGroup@57ab4b33] with identifierForTableGroup [org.frcpm.models.TeamMember.assignedTasks.{element}.project] for NavigablePath [org.frcpm.models.TeamMember.assignedTasks.{element}.project] 
2025-06-14 16:48:05 - Registration of TableGroup [org.hibernate.sql.ast.tree.from.LazyTableGroup@43b2e7db] with identifierForTableGroup [org.frcpm.models.TeamMember.assignedTasks.{element}.subsystem] for NavigablePath [org.frcpm.models.TeamMember.assignedTasks.{element}.subsystem] 
2025-06-14 16:48:05 - DomainResult Graph:
 \-CollectionDomainResult [org.frcpm.models.TeamMember.assignedTasks]

2025-06-14 16:48:05 - SQL AST Tree:
    SelectStatement {
      FromClause {
        CollectionTableGroup (at1 : org.frcpm.models.TeamMember.assignedTasks) {
          primaryTableReference : task_assignments as at1_0
          NestedTableGroupJoins {
             join LazyTableGroup (at1 : org.frcpm.models.TeamMember.assignedTasks.{element}) {
              primaryTableReference : tasks as at1_1
              TableGroupJoins {
                left  join LazyTableGroup (p1 : org.frcpm.models.TeamMember.assignedTasks.{element}.project) {
                }
                left  join LazyTableGroup (s1 : org.frcpm.models.TeamMember.assignedTasks.{element}.subsystem) {
                }
              }
            }
          }
        }
      }
    }

2025-06-14 16:48:05 - Static SQL for collection: org.frcpm.models.TeamMember.assignedTasks
2025-06-14 16:48:05 - Created new SQL alias : a1_0
2025-06-14 16:48:05 - Registration of TableGroup [org.hibernate.sql.ast.tree.from.OneToManyTableGroup@530df3ab] with identifierForTableGroup [org.frcpm.models.Meeting.attendances] for NavigablePath [org.frcpm.models.Meeting.attendances] 
2025-06-14 16:48:05 - Registration of TableGroup [StandardTableGroup(org.frcpm.models.Meeting.attendances.{element})] with identifierForTableGroup [org.frcpm.models.Meeting.attendances.{element}] for NavigablePath [org.frcpm.models.Meeting.attendances.{element}] 
2025-06-14 16:48:05 - Registration of TableGroup [org.hibernate.sql.ast.tree.from.LazyTableGroup@5e72c82a] with identifierForTableGroup [org.frcpm.models.Meeting.attendances.{element}.meeting] for NavigablePath [org.frcpm.models.Meeting.attendances.{element}.meeting] 
2025-06-14 16:48:05 - Registration of TableGroup [org.hibernate.sql.ast.tree.from.LazyTableGroup@aaa7000] with identifierForTableGroup [org.frcpm.models.Meeting.attendances.{element}.member] for NavigablePath [org.frcpm.models.Meeting.attendances.{element}.member] 
2025-06-14 16:48:05 - DomainResult Graph:
 \-CollectionDomainResult [org.frcpm.models.Meeting.attendances]

2025-06-14 16:48:05 - SQL AST Tree:
    SelectStatement {
      FromClause {
        OneToManyTableGroup (a1 : org.frcpm.models.Meeting.attendances) {
          primaryTableReference : attendances as a1_0
          TableGroupJoins {
            left  join LazyTableGroup (m1 : org.frcpm.models.Meeting.attendances.{element}.meeting) {
            }
            left  join LazyTableGroup (m2 : org.frcpm.models.Meeting.attendances.{element}.member) {
            }
          }
        }
      }
    }

2025-06-14 16:48:05 - Static SQL for collection: org.frcpm.models.Meeting.attendances
2025-06-14 16:48:05 - Created new SQL alias : pd1_0
2025-06-14 16:48:05 - Registration of TableGroup [CollectionTableGroup(org.frcpm.models.Task.postDependencies)] with identifierForTableGroup [org.frcpm.models.Task.postDependencies] for NavigablePath [org.frcpm.models.Task.postDependencies] 
2025-06-14 16:48:05 - Registration of TableGroup [org.hibernate.sql.ast.tree.from.LazyTableGroup@58d79479] with identifierForTableGroup [org.frcpm.models.Task.postDependencies.{element}] for NavigablePath [org.frcpm.models.Task.postDependencies.{element}] 
2025-06-14 16:48:05 - Created new SQL alias : pd1_1
2025-06-14 16:48:05 - Registration of TableGroup [org.hibernate.sql.ast.tree.from.LazyTableGroup@102c24d1] with identifierForTableGroup [org.frcpm.models.Task.postDependencies.{element}.project] for NavigablePath [org.frcpm.models.Task.postDependencies.{element}.project] 
2025-06-14 16:48:05 - Registration of TableGroup [org.hibernate.sql.ast.tree.from.LazyTableGroup@495f7ca4] with identifierForTableGroup [org.frcpm.models.Task.postDependencies.{element}.subsystem] for NavigablePath [org.frcpm.models.Task.postDependencies.{element}.subsystem] 
2025-06-14 16:48:05 - DomainResult Graph:
 \-CollectionDomainResult [org.frcpm.models.Task.postDependencies]

2025-06-14 16:48:05 - SQL AST Tree:
    SelectStatement {
      FromClause {
        CollectionTableGroup (pd1 : org.frcpm.models.Task.postDependencies) {
          primaryTableReference : task_dependencies as pd1_0
          NestedTableGroupJoins {
             join LazyTableGroup (pd1 : org.frcpm.models.Task.postDependencies.{element}) {
              primaryTableReference : tasks as pd1_1
              TableGroupJoins {
                left  join LazyTableGroup (p1 : org.frcpm.models.Task.postDependencies.{element}.project) {
                }
                left  join LazyTableGroup (s1 : org.frcpm.models.Task.postDependencies.{element}.subsystem) {
                }
              }
            }
          }
        }
      }
    }

2025-06-14 16:48:05 - Static SQL for collection: org.frcpm.models.Task.postDependencies
2025-06-14 16:48:05 - Created new SQL alias : t1_0
2025-06-14 16:48:05 - Registration of TableGroup [org.hibernate.sql.ast.tree.from.OneToManyTableGroup@141234df] with identifierForTableGroup [org.frcpm.models.Project.tasks] for NavigablePath [org.frcpm.models.Project.tasks] 
2025-06-14 16:48:05 - Registration of TableGroup [StandardTableGroup(org.frcpm.models.Project.tasks.{element})] with identifierForTableGroup [org.frcpm.models.Project.tasks.{element}] for NavigablePath [org.frcpm.models.Project.tasks.{element}] 
2025-06-14 16:48:05 - Registration of TableGroup [org.hibernate.sql.ast.tree.from.LazyTableGroup@65698020] with identifierForTableGroup [org.frcpm.models.Project.tasks.{element}.project] for NavigablePath [org.frcpm.models.Project.tasks.{element}.project] 
2025-06-14 16:48:05 - Registration of TableGroup [org.hibernate.sql.ast.tree.from.LazyTableGroup@57617a75] with identifierForTableGroup [org.frcpm.models.Project.tasks.{element}.subsystem] for NavigablePath [org.frcpm.models.Project.tasks.{element}.subsystem] 
2025-06-14 16:48:05 - DomainResult Graph:
 \-CollectionDomainResult [org.frcpm.models.Project.tasks]

2025-06-14 16:48:05 - SQL AST Tree:
    SelectStatement {
      FromClause {
        OneToManyTableGroup (t1 : org.frcpm.models.Project.tasks) {
          primaryTableReference : tasks as t1_0
          TableGroupJoins {
            left  join LazyTableGroup (p1 : org.frcpm.models.Project.tasks.{element}.project) {
            }
            left  join LazyTableGroup (s1 : org.frcpm.models.Project.tasks.{element}.subsystem) {
            }
          }
        }
      }
    }

2025-06-14 16:48:05 - Static SQL for collection: org.frcpm.models.Project.tasks
2025-06-14 16:48:05 - HHH000489: No JTA platform available (set 'hibernate.transaction.jta.platform' to enable JTA platform integration)
2025-06-14 16:48:05 - Scoping TypeConfiguration [org.hibernate.type.spi.TypeConfiguration@3d8d970e] to SessionFactoryImplementor [org.hibernate.internal.SessionFactoryImpl@5a69b3cf]
2025-06-14 16:48:05 - Checking 0 named HQL queries
2025-06-14 16:48:05 - Checking 0 named SQL queries
Hibernate: 
    drop table if exists attendances cascade 
Hibernate: 
    drop table if exists components cascade 
Hibernate: 
    drop table if exists meetings cascade 
Hibernate: 
    drop table if exists milestones cascade 
Hibernate: 
    drop table if exists projects cascade 
Hibernate: 
    drop table if exists subsystems cascade 
Hibernate: 
    drop table if exists subteams cascade 
Hibernate: 
    drop table if exists task_assignments cascade 
Hibernate: 
    drop table if exists task_components cascade 
Hibernate: 
    drop table if exists task_dependencies cascade 
Hibernate: 
    drop table if exists tasks cascade 
Hibernate: 
    drop table if exists team_members cascade 
Hibernate: 
    create table attendances (
        arrival_time time(6),
        departure_time time(6),
        present boolean not null,
        id bigint generated by default as identity,
        meeting_id bigint not null,
        member_id bigint not null,
        primary key (id),
        unique (meeting_id, member_id)
    )
Hibernate: 
    create table components (
        actual_delivery date,
        expected_delivery date,
        is_delivered boolean,
        id bigint generated by default as identity,
        part_number varchar(100),
        description TEXT,
        name varchar(255) not null,
        primary key (id)
    )
Hibernate: 
    create table meetings (
        date date not null,
        end_time time(6) not null,
        start_time time(6) not null,
        id bigint generated by default as identity,
        project_id bigint not null,
        notes TEXT,
        primary key (id)
    )
Hibernate: 
    create table milestones (
        date date not null,
        id bigint generated by default as identity,
        project_id bigint not null,
        description TEXT,
        name varchar(255) not null,
        primary key (id)
    )
Hibernate: 
    create table projects (
        goal_end_date date not null,
        hard_deadline date not null,
        start_date date not null,
        id bigint generated by default as identity,
        name varchar(100) not null,
        description TEXT,
        primary key (id)
    )
Hibernate: 
    create table subsystems (
        id bigint generated by default as identity,
        responsible_subteam_id bigint,
        name varchar(100) not null,
        description TEXT,
        status varchar(255) not null check (status in ('NOT_STARTED','IN_PROGRESS','COMPLETED','TESTING','ISSUES')),
        primary key (id)
    )
Hibernate: 
    create table subteams (
        color_code varchar(7) not null,
        id bigint generated by default as identity,
        name varchar(100) not null,
        specialties TEXT,
        primary key (id)
    )
Hibernate: 
    create table task_assignments (
        task_id bigint not null,
        team_member_id bigint not null,
        primary key (task_id, team_member_id)
    )
Hibernate: 
    create table task_components (
        component_id bigint not null,
        task_id bigint not null,
        primary key (component_id, task_id)
    )
Hibernate: 
    create table task_dependencies (
        dependency_id bigint not null,
        task_id bigint not null,
        primary key (dependency_id, task_id)
    )
Hibernate: 
    create table tasks (
        completed boolean not null,
        end_date date,
        progress integer not null,
        start_date date,
        actual_duration_seconds bigint,
        estimated_duration_seconds bigint not null,
        id bigint generated by default as identity,
        project_id bigint not null,
        subsystem_id bigint not null,
        description TEXT,
        priority varchar(255) not null check (priority in ('LOW','MEDIUM','HIGH','CRITICAL')),
        title varchar(255) not null,
        primary key (id)
    )
Hibernate: 
    create table team_members (
        is_leader boolean,
        id bigint generated by default as identity,
        subteam_id bigint,
        phone varchar(15),
        first_name varchar(150),
        last_name varchar(150),
        username varchar(150) not null unique,
        email varchar(254),
        skills TEXT,
        primary key (id)
    )
Hibernate: 
    alter table if exists attendances 
       add constraint FK3i5ab1v2ad6wbm2rwhxbtm55u 
       foreign key (meeting_id) 
       references meetings
Hibernate: 
    alter table if exists attendances 
       add constraint FKb3g1rvha5qvyh1xik0bo6fghp 
       foreign key (member_id) 
       references team_members
Hibernate: 
    alter table if exists meetings 
       add constraint FKbt3vmcde0efob60esnfkyaeg0 
       foreign key (project_id) 
       references projects
Hibernate: 
    alter table if exists milestones 
       add constraint FK2a7fp7wfu0qc1pq3wiifbksge 
       foreign key (project_id) 
       references projects
Hibernate: 
    alter table if exists subsystems 
       add constraint FK6w4rk9yygp8j1dhs91d0qt8vp 
       foreign key (responsible_subteam_id) 
       references subteams
Hibernate: 
    alter table if exists task_assignments 
       add constraint FKqyivind1lu4axk93y5m7vcx7i 
       foreign key (team_member_id) 
       references team_members
Hibernate: 
    alter table if exists task_assignments 
       add constraint FKk36vhf9tt6t3woselwnkis6v6 
       foreign key (task_id) 
       references tasks
Hibernate: 
    alter table if exists task_components 
       add constraint FK5irpaispcx79xwy6n1qomaxnv 
       foreign key (component_id) 
       references components
Hibernate: 
    alter table if exists task_components 
       add constraint FKjvcgnyl1ttc41nv55hjvnnft1 
       foreign key (task_id) 
       references tasks
Hibernate: 
    alter table if exists task_dependencies 
       add constraint FKnwfxktx9emcwsylqofad5cxbx 
       foreign key (dependency_id) 
       references tasks
Hibernate: 
    alter table if exists task_dependencies 
       add constraint FKerlktvi2bud6uauih348u0loj 
       foreign key (task_id) 
       references tasks
Hibernate: 
    alter table if exists tasks 
       add constraint FKsfhn82y57i3k9uxww1s007acc 
       foreign key (project_id) 
       references projects
Hibernate: 
    alter table if exists tasks 
       add constraint FK3tj2dchxxvxu2te3uwgjakx76 
       foreign key (subsystem_id) 
       references subsystems
Hibernate: 
    alter table if exists team_members 
       add constraint FKnjkvjfudwwytv2aiuha5wyvqx 
       foreign key (subteam_id) 
       references subteams
2025-06-14 16:48:05 - Initializing SessionFactoryRegistry : org.hibernate.internal.SessionFactoryRegistry@64eb14da
2025-06-14 16:48:05 - Registering SessionFactory: 9f215e80-25df-4e6c-81a1-d7127d95abb4 (<unnamed>)
2025-06-14 16:48:05 - Not binding SessionFactory to JNDI, no JNDI name configured
2025-06-14 16:48:05 - Instantiated SessionFactory
2025-06-14 16:48:05 - Statistics initialized [enabled=false]
2025-06-14 16:48:05 - JDBC transaction marked for rollback-only (exception provided for stack trace)
java.lang.Exception: exception just for purpose of providing stack trace
	at org.hibernate.resource.transaction.backend.jdbc.internal.JdbcResourceLocalTransactionCoordinatorImpl$TransactionDriverControlImpl.markRollbackOnly(JdbcResourceLocalTransactionCoordinatorImpl.java:310)
	at org.hibernate.internal.AbstractSharedSessionContract.buildNamedQuery(AbstractSharedSessionContract.java:1051)
	at org.hibernate.internal.AbstractSharedSessionContract.createNamedQuery(AbstractSharedSessionContract.java:929)
	at org.hibernate.internal.AbstractSharedSessionContract.createNamedQuery(AbstractSharedSessionContract.java:132)
	at java.base/jdk.internal.reflect.DirectMethodHandleAccessor.invoke(DirectMethodHandleAccessor.java:103)
	at java.base/java.lang.reflect.Method.invoke(Method.java:580)
	at org.springframework.orm.jpa.ExtendedEntityManagerCreator$ExtendedEntityManagerInvocationHandler.invoke(ExtendedEntityManagerCreator.java:360)
	at jdk.proxy2/jdk.proxy2.$Proxy112.createNamedQuery(Unknown Source)
	at org.springframework.data.jpa.repository.query.NamedQuery.hasNamedQuery(NamedQuery.java:113)
	at org.springframework.data.jpa.repository.query.NamedQuery.lookupFrom(NamedQuery.java:141)
	at org.springframework.data.jpa.repository.query.JpaQueryLookupStrategy$DeclaredQueryLookupStrategy.resolveQuery(JpaQueryLookupStrategy.java:180)
	at org.springframework.data.jpa.repository.query.JpaQueryLookupStrategy$CreateIfNotFoundQueryLookupStrategy.resolveQuery(JpaQueryLookupStrategy.java:252)
	at org.springframework.data.jpa.repository.query.JpaQueryLookupStrategy$AbstractQueryLookupStrategy.resolveQuery(JpaQueryLookupStrategy.java:95)
	at org.springframework.data.repository.core.support.QueryExecutorMethodInterceptor.lookupQuery(QueryExecutorMethodInterceptor.java:111)
	at org.springframework.data.repository.core.support.QueryExecutorMethodInterceptor.mapMethodsToQuery(QueryExecutorMethodInterceptor.java:99)
	at org.springframework.data.repository.core.support.QueryExecutorMethodInterceptor.lambda$new$0(QueryExecutorMethodInterceptor.java:88)
	at java.base/java.util.Optional.map(Optional.java:260)
	at org.springframework.data.repository.core.support.QueryExecutorMethodInterceptor.<init>(QueryExecutorMethodInterceptor.java:88)
	at org.springframework.data.repository.core.support.RepositoryFactorySupport.getRepository(RepositoryFactorySupport.java:357)
	at org.springframework.data.repository.core.support.RepositoryFactoryBeanSupport.lambda$afterPropertiesSet$5(RepositoryFactoryBeanSupport.java:279)
	at org.springframework.data.util.Lazy.getNullable(Lazy.java:135)
	at org.springframework.data.util.Lazy.get(Lazy.java:113)
	at org.springframework.data.repository.core.support.RepositoryFactoryBeanSupport.afterPropertiesSet(RepositoryFactoryBeanSupport.java:285)
	at org.springframework.data.jpa.repository.support.JpaRepositoryFactoryBean.afterPropertiesSet(JpaRepositoryFactoryBean.java:132)
	at org.springframework.beans.factory.support.AbstractAutowireCapableBeanFactory.invokeInitMethods(AbstractAutowireCapableBeanFactory.java:1822)
	at org.springframework.beans.factory.support.AbstractAutowireCapableBeanFactory.initializeBean(AbstractAutowireCapableBeanFactory.java:1771)
	at org.springframework.beans.factory.support.AbstractAutowireCapableBeanFactory.doCreateBean(AbstractAutowireCapableBeanFactory.java:601)
	at org.springframework.beans.factory.support.AbstractAutowireCapableBeanFactory.createBean(AbstractAutowireCapableBeanFactory.java:523)
	at org.springframework.beans.factory.support.AbstractBeanFactory.lambda$doGetBean$0(AbstractBeanFactory.java:325)
	at org.springframework.beans.factory.support.DefaultSingletonBeanRegistry.getSingleton(DefaultSingletonBeanRegistry.java:234)
	at org.springframework.beans.factory.support.AbstractBeanFactory.doGetBean(AbstractBeanFactory.java:323)
	at org.springframework.beans.factory.support.AbstractBeanFactory.getBean(AbstractBeanFactory.java:199)
	at org.springframework.beans.factory.support.DefaultListableBeanFactory.preInstantiateSingletons(DefaultListableBeanFactory.java:967)
	at org.springframework.context.support.AbstractApplicationContext.finishBeanFactoryInitialization(AbstractApplicationContext.java:946)
	at org.springframework.context.support.AbstractApplicationContext.refresh(AbstractApplicationContext.java:616)
	at org.springframework.boot.SpringApplication.refresh(SpringApplication.java:753)
	at org.springframework.boot.SpringApplication.refreshContext(SpringApplication.java:455)
	at org.springframework.boot.SpringApplication.run(SpringApplication.java:323)
	at org.springframework.boot.test.context.SpringBootContextLoader.lambda$loadContext$3(SpringBootContextLoader.java:137)
	at org.springframework.util.function.ThrowingSupplier.get(ThrowingSupplier.java:58)
	at org.springframework.util.function.ThrowingSupplier.get(ThrowingSupplier.java:46)
	at org.springframework.boot.SpringApplication.withHook(SpringApplication.java:1442)
	at org.springframework.boot.test.context.SpringBootContextLoader$ContextLoaderHook.run(SpringBootContextLoader.java:552)
	at org.springframework.boot.test.context.SpringBootContextLoader.loadContext(SpringBootContextLoader.java:137)
	at org.springframework.boot.test.context.SpringBootContextLoader.loadContext(SpringBootContextLoader.java:108)
	at org.springframework.test.context.cache.DefaultCacheAwareContextLoaderDelegate.loadContextInternal(DefaultCacheAwareContextLoaderDelegate.java:225)
	at org.springframework.test.context.cache.DefaultCacheAwareContextLoaderDelegate.loadContext(DefaultCacheAwareContextLoaderDelegate.java:152)
	at org.springframework.test.context.support.DefaultTestContext.getApplicationContext(DefaultTestContext.java:130)
	at org.springframework.test.context.support.DependencyInjectionTestExecutionListener.injectDependencies(DependencyInjectionTestExecutionListener.java:141)
	at org.springframework.test.context.support.DependencyInjectionTestExecutionListener.prepareTestInstance(DependencyInjectionTestExecutionListener.java:97)
	at org.springframework.test.context.TestContextManager.prepareTestInstance(TestContextManager.java:247)
	at org.springframework.test.context.junit.jupiter.SpringExtension.postProcessTestInstance(SpringExtension.java:163)
	at org.junit.jupiter.engine.descriptor.ClassBasedTestDescriptor.lambda$invokeTestInstancePostProcessors$10(ClassBasedTestDescriptor.java:378)
	at org.junit.jupiter.engine.descriptor.ClassBasedTestDescriptor.executeAndMaskThrowable(ClassBasedTestDescriptor.java:383)
	at org.junit.jupiter.engine.descriptor.ClassBasedTestDescriptor.lambda$invokeTestInstancePostProcessors$11(ClassBasedTestDescriptor.java:378)
	at java.base/java.util.stream.ReferencePipeline$3$1.accept(ReferencePipeline.java:197)
	at java.base/java.util.stream.ReferencePipeline$2$1.accept(ReferencePipeline.java:179)
	at java.base/java.util.ArrayList$ArrayListSpliterator.forEachRemaining(ArrayList.java:1708)
	at java.base/java.util.stream.AbstractPipeline.copyInto(AbstractPipeline.java:509)
	at java.base/java.util.stream.AbstractPipeline.wrapAndCopyInto(AbstractPipeline.java:499)
	at java.base/java.util.stream.StreamSpliterators$WrappingSpliterator.forEachRemaining(StreamSpliterators.java:310)
	at java.base/java.util.stream.Streams$ConcatSpliterator.forEachRemaining(Streams.java:735)
	at java.base/java.util.stream.Streams$ConcatSpliterator.forEachRemaining(Streams.java:734)
	at java.base/java.util.stream.ReferencePipeline$Head.forEach(ReferencePipeline.java:762)
	at org.junit.jupiter.engine.descriptor.ClassBasedTestDescriptor.invokeTestInstancePostProcessors(ClassBasedTestDescriptor.java:377)
	at org.junit.jupiter.engine.descriptor.ClassBasedTestDescriptor.lambda$instantiateAndPostProcessTestInstance$6(ClassBasedTestDescriptor.java:290)
	at org.junit.platform.engine.support.hierarchical.ThrowableCollector.execute(ThrowableCollector.java:73)
	at org.junit.jupiter.engine.descriptor.ClassBasedTestDescriptor.instantiateAndPostProcessTestInstance(ClassBasedTestDescriptor.java:289)
	at org.junit.jupiter.engine.descriptor.ClassBasedTestDescriptor.lambda$testInstancesProvider$4(ClassBasedTestDescriptor.java:279)
	at java.base/java.util.Optional.orElseGet(Optional.java:364)
	at org.junit.jupiter.engine.descriptor.ClassBasedTestDescriptor.lambda$testInstancesProvider$5(ClassBasedTestDescriptor.java:278)
	at org.junit.jupiter.engine.execution.TestInstancesProvider.getTestInstances(TestInstancesProvider.java:31)
	at org.junit.jupiter.engine.descriptor.TestMethodTestDescriptor.lambda$prepare$0(TestMethodTestDescriptor.java:106)
	at org.junit.platform.engine.support.hierarchical.ThrowableCollector.execute(ThrowableCollector.java:73)
	at org.junit.jupiter.engine.descriptor.TestMethodTestDescriptor.prepare(TestMethodTestDescriptor.java:105)
	at org.junit.jupiter.engine.descriptor.TestMethodTestDescriptor.prepare(TestMethodTestDescriptor.java:69)
	at org.junit.platform.engine.support.hierarchical.NodeTestTask.lambda$prepare$2(NodeTestTask.java:123)
	at org.junit.platform.engine.support.hierarchical.ThrowableCollector.execute(ThrowableCollector.java:73)
	at org.junit.platform.engine.support.hierarchical.NodeTestTask.prepare(NodeTestTask.java:123)
	at org.junit.platform.engine.support.hierarchical.NodeTestTask.execute(NodeTestTask.java:90)
	at java.base/java.util.ArrayList.forEach(ArrayList.java:1596)
	at org.junit.platform.engine.support.hierarchical.SameThreadHierarchicalTestExecutorService.invokeAll(SameThreadHierarchicalTestExecutorService.java:41)
	at org.junit.platform.engine.support.hierarchical.NodeTestTask.lambda$executeRecursively$6(NodeTestTask.java:155)
	at org.junit.platform.engine.support.hierarchical.ThrowableCollector.execute(ThrowableCollector.java:73)
	at org.junit.platform.engine.support.hierarchical.NodeTestTask.lambda$executeRecursively$8(NodeTestTask.java:141)
	at org.junit.platform.engine.support.hierarchical.Node.around(Node.java:137)
	at org.junit.platform.engine.support.hierarchical.NodeTestTask.lambda$executeRecursively$9(NodeTestTask.java:139)
	at org.junit.platform.engine.support.hierarchical.ThrowableCollector.execute(ThrowableCollector.java:73)
	at org.junit.platform.engine.support.hierarchical.NodeTestTask.executeRecursively(NodeTestTask.java:138)
	at org.junit.platform.engine.support.hierarchical.NodeTestTask.execute(NodeTestTask.java:95)
	at java.base/java.util.ArrayList.forEach(ArrayList.java:1596)
	at org.junit.platform.engine.support.hierarchical.SameThreadHierarchicalTestExecutorService.invokeAll(SameThreadHierarchicalTestExecutorService.java:41)
	at org.junit.platform.engine.support.hierarchical.NodeTestTask.lambda$executeRecursively$6(NodeTestTask.java:155)
	at org.junit.platform.engine.support.hierarchical.ThrowableCollector.execute(ThrowableCollector.java:73)
	at org.junit.platform.engine.support.hierarchical.NodeTestTask.lambda$executeRecursively$8(NodeTestTask.java:141)
	at org.junit.platform.engine.support.hierarchical.Node.around(Node.java:137)
	at org.junit.platform.engine.support.hierarchical.NodeTestTask.lambda$executeRecursively$9(NodeTestTask.java:139)
	at org.junit.platform.engine.support.hierarchical.ThrowableCollector.execute(ThrowableCollector.java:73)
	at org.junit.platform.engine.support.hierarchical.NodeTestTask.executeRecursively(NodeTestTask.java:138)
	at org.junit.platform.engine.support.hierarchical.NodeTestTask.execute(NodeTestTask.java:95)
	at org.junit.platform.engine.support.hierarchical.SameThreadHierarchicalTestExecutorService.submit(SameThreadHierarchicalTestExecutorService.java:35)
	at org.junit.platform.engine.support.hierarchical.HierarchicalTestExecutor.execute(HierarchicalTestExecutor.java:57)
	at org.junit.platform.engine.support.hierarchical.HierarchicalTestEngine.execute(HierarchicalTestEngine.java:54)
	at org.junit.platform.launcher.core.EngineExecutionOrchestrator.execute(EngineExecutionOrchestrator.java:198)
	at org.junit.platform.launcher.core.EngineExecutionOrchestrator.execute(EngineExecutionOrchestrator.java:169)
	at org.junit.platform.launcher.core.EngineExecutionOrchestrator.execute(EngineExecutionOrchestrator.java:93)
	at org.junit.platform.launcher.core.EngineExecutionOrchestrator.lambda$execute$0(EngineExecutionOrchestrator.java:58)
	at org.junit.platform.launcher.core.EngineExecutionOrchestrator.withInterceptedStreams(EngineExecutionOrchestrator.java:141)
	at org.junit.platform.launcher.core.EngineExecutionOrchestrator.execute(EngineExecutionOrchestrator.java:57)
	at org.junit.platform.launcher.core.DefaultLauncher.execute(DefaultLauncher.java:103)
	at org.junit.platform.launcher.core.DefaultLauncher.execute(DefaultLauncher.java:85)
	at org.junit.platform.launcher.core.DelegatingLauncher.execute(DelegatingLauncher.java:47)
	at org.apache.maven.surefire.junitplatform.LazyLauncher.execute(LazyLauncher.java:56)
	at org.apache.maven.surefire.junitplatform.JUnitPlatformProvider.execute(JUnitPlatformProvider.java:184)
	at org.apache.maven.surefire.junitplatform.JUnitPlatformProvider.invokeAllTests(JUnitPlatformProvider.java:148)
	at org.apache.maven.surefire.junitplatform.JUnitPlatformProvider.invoke(JUnitPlatformProvider.java:122)
	at org.apache.maven.surefire.booter.ForkedBooter.runSuitesInProcess(ForkedBooter.java:385)
	at org.apache.maven.surefire.booter.ForkedBooter.execute(ForkedBooter.java:162)
	at org.apache.maven.surefire.booter.ForkedBooter.run(ForkedBooter.java:507)
	at org.apache.maven.surefire.booter.ForkedBooter.main(ForkedBooter.java:495)
2025-06-14 16:48:05 - JDBC transaction marked for rollback-only (exception provided for stack trace)
java.lang.Exception: exception just for purpose of providing stack trace
	at org.hibernate.resource.transaction.backend.jdbc.internal.JdbcResourceLocalTransactionCoordinatorImpl$TransactionDriverControlImpl.markRollbackOnly(JdbcResourceLocalTransactionCoordinatorImpl.java:310)
	at org.hibernate.internal.AbstractSharedSessionContract.buildNamedQuery(AbstractSharedSessionContract.java:1051)
	at org.hibernate.internal.AbstractSharedSessionContract.createNamedQuery(AbstractSharedSessionContract.java:929)
	at org.hibernate.internal.AbstractSharedSessionContract.createNamedQuery(AbstractSharedSessionContract.java:132)
	at java.base/jdk.internal.reflect.DirectMethodHandleAccessor.invoke(DirectMethodHandleAccessor.java:103)
	at java.base/java.lang.reflect.Method.invoke(Method.java:580)
	at org.springframework.orm.jpa.ExtendedEntityManagerCreator$ExtendedEntityManagerInvocationHandler.invoke(ExtendedEntityManagerCreator.java:360)
	at jdk.proxy2/jdk.proxy2.$Proxy112.createNamedQuery(Unknown Source)
	at org.springframework.data.jpa.repository.query.NamedQuery.hasNamedQuery(NamedQuery.java:113)
	at org.springframework.data.jpa.repository.query.JpaQueryLookupStrategy$DeclaredQueryLookupStrategy.getCountQuery(JpaQueryLookupStrategy.java:204)
	at org.springframework.data.jpa.repository.query.JpaQueryLookupStrategy$DeclaredQueryLookupStrategy.resolveQuery(JpaQueryLookupStrategy.java:171)
	at org.springframework.data.jpa.repository.query.JpaQueryLookupStrategy$CreateIfNotFoundQueryLookupStrategy.resolveQuery(JpaQueryLookupStrategy.java:252)
	at org.springframework.data.jpa.repository.query.JpaQueryLookupStrategy$AbstractQueryLookupStrategy.resolveQuery(JpaQueryLookupStrategy.java:95)
	at org.springframework.data.repository.core.support.QueryExecutorMethodInterceptor.lookupQuery(QueryExecutorMethodInterceptor.java:111)
	at org.springframework.data.repository.core.support.QueryExecutorMethodInterceptor.mapMethodsToQuery(QueryExecutorMethodInterceptor.java:99)
	at org.springframework.data.repository.core.support.QueryExecutorMethodInterceptor.lambda$new$0(QueryExecutorMethodInterceptor.java:88)
	at java.base/java.util.Optional.map(Optional.java:260)
	at org.springframework.data.repository.core.support.QueryExecutorMethodInterceptor.<init>(QueryExecutorMethodInterceptor.java:88)
	at org.springframework.data.repository.core.support.RepositoryFactorySupport.getRepository(RepositoryFactorySupport.java:357)
	at org.springframework.data.repository.core.support.RepositoryFactoryBeanSupport.lambda$afterPropertiesSet$5(RepositoryFactoryBeanSupport.java:279)
	at org.springframework.data.util.Lazy.getNullable(Lazy.java:135)
	at org.springframework.data.util.Lazy.get(Lazy.java:113)
	at org.springframework.data.repository.core.support.RepositoryFactoryBeanSupport.afterPropertiesSet(RepositoryFactoryBeanSupport.java:285)
	at org.springframework.data.jpa.repository.support.JpaRepositoryFactoryBean.afterPropertiesSet(JpaRepositoryFactoryBean.java:132)
	at org.springframework.beans.factory.support.AbstractAutowireCapableBeanFactory.invokeInitMethods(AbstractAutowireCapableBeanFactory.java:1822)
	at org.springframework.beans.factory.support.AbstractAutowireCapableBeanFactory.initializeBean(AbstractAutowireCapableBeanFactory.java:1771)
	at org.springframework.beans.factory.support.AbstractAutowireCapableBeanFactory.doCreateBean(AbstractAutowireCapableBeanFactory.java:601)
	at org.springframework.beans.factory.support.AbstractAutowireCapableBeanFactory.createBean(AbstractAutowireCapableBeanFactory.java:523)
	at org.springframework.beans.factory.support.AbstractBeanFactory.lambda$doGetBean$0(AbstractBeanFactory.java:325)
	at org.springframework.beans.factory.support.DefaultSingletonBeanRegistry.getSingleton(DefaultSingletonBeanRegistry.java:234)
	at org.springframework.beans.factory.support.AbstractBeanFactory.doGetBean(AbstractBeanFactory.java:323)
	at org.springframework.beans.factory.support.AbstractBeanFactory.getBean(AbstractBeanFactory.java:199)
	at org.springframework.beans.factory.support.DefaultListableBeanFactory.preInstantiateSingletons(DefaultListableBeanFactory.java:967)
	at org.springframework.context.support.AbstractApplicationContext.finishBeanFactoryInitialization(AbstractApplicationContext.java:946)
	at org.springframework.context.support.AbstractApplicationContext.refresh(AbstractApplicationContext.java:616)
	at org.springframework.boot.SpringApplication.refresh(SpringApplication.java:753)
	at org.springframework.boot.SpringApplication.refreshContext(SpringApplication.java:455)
	at org.springframework.boot.SpringApplication.run(SpringApplication.java:323)
	at org.springframework.boot.test.context.SpringBootContextLoader.lambda$loadContext$3(SpringBootContextLoader.java:137)
	at org.springframework.util.function.ThrowingSupplier.get(ThrowingSupplier.java:58)
	at org.springframework.util.function.ThrowingSupplier.get(ThrowingSupplier.java:46)
	at org.springframework.boot.SpringApplication.withHook(SpringApplication.java:1442)
	at org.springframework.boot.test.context.SpringBootContextLoader$ContextLoaderHook.run(SpringBootContextLoader.java:552)
	at org.springframework.boot.test.context.SpringBootContextLoader.loadContext(SpringBootContextLoader.java:137)
	at org.springframework.boot.test.context.SpringBootContextLoader.loadContext(SpringBootContextLoader.java:108)
	at org.springframework.test.context.cache.DefaultCacheAwareContextLoaderDelegate.loadContextInternal(DefaultCacheAwareContextLoaderDelegate.java:225)
	at org.springframework.test.context.cache.DefaultCacheAwareContextLoaderDelegate.loadContext(DefaultCacheAwareContextLoaderDelegate.java:152)
	at org.springframework.test.context.support.DefaultTestContext.getApplicationContext(DefaultTestContext.java:130)
	at org.springframework.test.context.support.DependencyInjectionTestExecutionListener.injectDependencies(DependencyInjectionTestExecutionListener.java:141)
	at org.springframework.test.context.support.DependencyInjectionTestExecutionListener.prepareTestInstance(DependencyInjectionTestExecutionListener.java:97)
	at org.springframework.test.context.TestContextManager.prepareTestInstance(TestContextManager.java:247)
	at org.springframework.test.context.junit.jupiter.SpringExtension.postProcessTestInstance(SpringExtension.java:163)
	at org.junit.jupiter.engine.descriptor.ClassBasedTestDescriptor.lambda$invokeTestInstancePostProcessors$10(ClassBasedTestDescriptor.java:378)
	at org.junit.jupiter.engine.descriptor.ClassBasedTestDescriptor.executeAndMaskThrowable(ClassBasedTestDescriptor.java:383)
	at org.junit.jupiter.engine.descriptor.ClassBasedTestDescriptor.lambda$invokeTestInstancePostProcessors$11(ClassBasedTestDescriptor.java:378)
	at java.base/java.util.stream.ReferencePipeline$3$1.accept(ReferencePipeline.java:197)
	at java.base/java.util.stream.ReferencePipeline$2$1.accept(ReferencePipeline.java:179)
	at java.base/java.util.ArrayList$ArrayListSpliterator.forEachRemaining(ArrayList.java:1708)
	at java.base/java.util.stream.AbstractPipeline.copyInto(AbstractPipeline.java:509)
	at java.base/java.util.stream.AbstractPipeline.wrapAndCopyInto(AbstractPipeline.java:499)
	at java.base/java.util.stream.StreamSpliterators$WrappingSpliterator.forEachRemaining(StreamSpliterators.java:310)
	at java.base/java.util.stream.Streams$ConcatSpliterator.forEachRemaining(Streams.java:735)
	at java.base/java.util.stream.Streams$ConcatSpliterator.forEachRemaining(Streams.java:734)
	at java.base/java.util.stream.ReferencePipeline$Head.forEach(ReferencePipeline.java:762)
	at org.junit.jupiter.engine.descriptor.ClassBasedTestDescriptor.invokeTestInstancePostProcessors(ClassBasedTestDescriptor.java:377)
	at org.junit.jupiter.engine.descriptor.ClassBasedTestDescriptor.lambda$instantiateAndPostProcessTestInstance$6(ClassBasedTestDescriptor.java:290)
	at org.junit.platform.engine.support.hierarchical.ThrowableCollector.execute(ThrowableCollector.java:73)
	at org.junit.jupiter.engine.descriptor.ClassBasedTestDescriptor.instantiateAndPostProcessTestInstance(ClassBasedTestDescriptor.java:289)
	at org.junit.jupiter.engine.descriptor.ClassBasedTestDescriptor.lambda$testInstancesProvider$4(ClassBasedTestDescriptor.java:279)
	at java.base/java.util.Optional.orElseGet(Optional.java:364)
	at org.junit.jupiter.engine.descriptor.ClassBasedTestDescriptor.lambda$testInstancesProvider$5(ClassBasedTestDescriptor.java:278)
	at org.junit.jupiter.engine.execution.TestInstancesProvider.getTestInstances(TestInstancesProvider.java:31)
	at org.junit.jupiter.engine.descriptor.TestMethodTestDescriptor.lambda$prepare$0(TestMethodTestDescriptor.java:106)
	at org.junit.platform.engine.support.hierarchical.ThrowableCollector.execute(ThrowableCollector.java:73)
	at org.junit.jupiter.engine.descriptor.TestMethodTestDescriptor.prepare(TestMethodTestDescriptor.java:105)
	at org.junit.jupiter.engine.descriptor.TestMethodTestDescriptor.prepare(TestMethodTestDescriptor.java:69)
	at org.junit.platform.engine.support.hierarchical.NodeTestTask.lambda$prepare$2(NodeTestTask.java:123)
	at org.junit.platform.engine.support.hierarchical.ThrowableCollector.execute(ThrowableCollector.java:73)
	at org.junit.platform.engine.support.hierarchical.NodeTestTask.prepare(NodeTestTask.java:123)
	at org.junit.platform.engine.support.hierarchical.NodeTestTask.execute(NodeTestTask.java:90)
	at java.base/java.util.ArrayList.forEach(ArrayList.java:1596)
	at org.junit.platform.engine.support.hierarchical.SameThreadHierarchicalTestExecutorService.invokeAll(SameThreadHierarchicalTestExecutorService.java:41)
	at org.junit.platform.engine.support.hierarchical.NodeTestTask.lambda$executeRecursively$6(NodeTestTask.java:155)
	at org.junit.platform.engine.support.hierarchical.ThrowableCollector.execute(ThrowableCollector.java:73)
	at org.junit.platform.engine.support.hierarchical.NodeTestTask.lambda$executeRecursively$8(NodeTestTask.java:141)
	at org.junit.platform.engine.support.hierarchical.Node.around(Node.java:137)
	at org.junit.platform.engine.support.hierarchical.NodeTestTask.lambda$executeRecursively$9(NodeTestTask.java:139)
	at org.junit.platform.engine.support.hierarchical.ThrowableCollector.execute(ThrowableCollector.java:73)
	at org.junit.platform.engine.support.hierarchical.NodeTestTask.executeRecursively(NodeTestTask.java:138)
	at org.junit.platform.engine.support.hierarchical.NodeTestTask.execute(NodeTestTask.java:95)
	at java.base/java.util.ArrayList.forEach(ArrayList.java:1596)
	at org.junit.platform.engine.support.hierarchical.SameThreadHierarchicalTestExecutorService.invokeAll(SameThreadHierarchicalTestExecutorService.java:41)
	at org.junit.platform.engine.support.hierarchical.NodeTestTask.lambda$executeRecursively$6(NodeTestTask.java:155)
	at org.junit.platform.engine.support.hierarchical.ThrowableCollector.execute(ThrowableCollector.java:73)
	at org.junit.platform.engine.support.hierarchical.NodeTestTask.lambda$executeRecursively$8(NodeTestTask.java:141)
	at org.junit.platform.engine.support.hierarchical.Node.around(Node.java:137)
	at org.junit.platform.engine.support.hierarchical.NodeTestTask.lambda$executeRecursively$9(NodeTestTask.java:139)
	at org.junit.platform.engine.support.hierarchical.ThrowableCollector.execute(ThrowableCollector.java:73)
	at org.junit.platform.engine.support.hierarchical.NodeTestTask.executeRecursively(NodeTestTask.java:138)
	at org.junit.platform.engine.support.hierarchical.NodeTestTask.execute(NodeTestTask.java:95)
	at org.junit.platform.engine.support.hierarchical.SameThreadHierarchicalTestExecutorService.submit(SameThreadHierarchicalTestExecutorService.java:35)
	at org.junit.platform.engine.support.hierarchical.HierarchicalTestExecutor.execute(HierarchicalTestExecutor.java:57)
	at org.junit.platform.engine.support.hierarchical.HierarchicalTestEngine.execute(HierarchicalTestEngine.java:54)
	at org.junit.platform.launcher.core.EngineExecutionOrchestrator.execute(EngineExecutionOrchestrator.java:198)
	at org.junit.platform.launcher.core.EngineExecutionOrchestrator.execute(EngineExecutionOrchestrator.java:169)
	at org.junit.platform.launcher.core.EngineExecutionOrchestrator.execute(EngineExecutionOrchestrator.java:93)
	at org.junit.platform.launcher.core.EngineExecutionOrchestrator.lambda$execute$0(EngineExecutionOrchestrator.java:58)
	at org.junit.platform.launcher.core.EngineExecutionOrchestrator.withInterceptedStreams(EngineExecutionOrchestrator.java:141)
	at org.junit.platform.launcher.core.EngineExecutionOrchestrator.execute(EngineExecutionOrchestrator.java:57)
	at org.junit.platform.launcher.core.DefaultLauncher.execute(DefaultLauncher.java:103)
	at org.junit.platform.launcher.core.DefaultLauncher.execute(DefaultLauncher.java:85)
	at org.junit.platform.launcher.core.DelegatingLauncher.execute(DelegatingLauncher.java:47)
	at org.apache.maven.surefire.junitplatform.LazyLauncher.execute(LazyLauncher.java:56)
	at org.apache.maven.surefire.junitplatform.JUnitPlatformProvider.execute(JUnitPlatformProvider.java:184)
	at org.apache.maven.surefire.junitplatform.JUnitPlatformProvider.invokeAllTests(JUnitPlatformProvider.java:148)
	at org.apache.maven.surefire.junitplatform.JUnitPlatformProvider.invoke(JUnitPlatformProvider.java:122)
	at org.apache.maven.surefire.booter.ForkedBooter.runSuitesInProcess(ForkedBooter.java:385)
	at org.apache.maven.surefire.booter.ForkedBooter.execute(ForkedBooter.java:162)
	at org.apache.maven.surefire.booter.ForkedBooter.run(ForkedBooter.java:507)
	at org.apache.maven.surefire.booter.ForkedBooter.main(ForkedBooter.java:495)
2025-06-14 16:48:05 - HQL : SELECT m FROM Milestone m WHERE m.project = :project AND m.date < :today ORDER BY m.date
2025-06-14 16:48:06 - Encountered use of reserved word as identifier : <
2025-06-14 16:48:06 - Encountered use of reserved word as identifier : <EOF>
2025-06-14 16:48:06 - Applying inferable type to SqmExpression [SqmNamedParameter(project)] : null -> Project
2025-06-14 16:48:06 - Applying inferable type to SqmExpression [SqmNamedParameter(today)] : null -> SqmBasicValuedSimplePath(org.frcpm.models.Milestone(m).date)
2025-06-14 16:48:06 - SqmStatement Tree :
    -> [select]
      -> [query-spec]
        -> [select]
          -> [selection]
            -> [root] - `org.frcpm.models.Milestone(m)`
            <- [root] - `org.frcpm.models.Milestone(m)`
          <- [selection]
        <- [select]
        -> [from]
          -> [root] - `org.frcpm.models.Milestone(m)`
          <- [root] - `org.frcpm.models.Milestone(m)`
        <- [from]
        -> [where]
          -> [and]
            -> [EQUAL]
                -> [entity-path] - `org.frcpm.models.Milestone(m).project`
                :project
            <- [EQUAL]
            -> [LESS_THAN]
                -> [basic-path] - `org.frcpm.models.Milestone(m).date`
                :today
            <- [LESS_THAN]
          <- [and]
        <- [where]
      <- [query-spec]
    <- [select]

2025-06-14 16:48:06 - JDBC transaction marked for rollback-only (exception provided for stack trace)
java.lang.Exception: exception just for purpose of providing stack trace
	at org.hibernate.resource.transaction.backend.jdbc.internal.JdbcResourceLocalTransactionCoordinatorImpl$TransactionDriverControlImpl.markRollbackOnly(JdbcResourceLocalTransactionCoordinatorImpl.java:310)
	at org.hibernate.internal.AbstractSharedSessionContract.buildNamedQuery(AbstractSharedSessionContract.java:1051)
	at org.hibernate.internal.AbstractSharedSessionContract.createNamedQuery(AbstractSharedSessionContract.java:929)
	at org.hibernate.internal.AbstractSharedSessionContract.createNamedQuery(AbstractSharedSessionContract.java:132)
	at java.base/jdk.internal.reflect.DirectMethodHandleAccessor.invoke(DirectMethodHandleAccessor.java:103)
	at java.base/java.lang.reflect.Method.invoke(Method.java:580)
	at org.springframework.orm.jpa.ExtendedEntityManagerCreator$ExtendedEntityManagerInvocationHandler.invoke(ExtendedEntityManagerCreator.java:360)
	at jdk.proxy2/jdk.proxy2.$Proxy112.createNamedQuery(Unknown Source)
	at org.springframework.data.jpa.repository.query.NamedQuery.hasNamedQuery(NamedQuery.java:113)
	at org.springframework.data.jpa.repository.query.NamedQuery.lookupFrom(NamedQuery.java:141)
	at org.springframework.data.jpa.repository.query.JpaQueryLookupStrategy$DeclaredQueryLookupStrategy.resolveQuery(JpaQueryLookupStrategy.java:180)
	at org.springframework.data.jpa.repository.query.JpaQueryLookupStrategy$CreateIfNotFoundQueryLookupStrategy.resolveQuery(JpaQueryLookupStrategy.java:252)
	at org.springframework.data.jpa.repository.query.JpaQueryLookupStrategy$AbstractQueryLookupStrategy.resolveQuery(JpaQueryLookupStrategy.java:95)
	at org.springframework.data.repository.core.support.QueryExecutorMethodInterceptor.lookupQuery(QueryExecutorMethodInterceptor.java:111)
	at org.springframework.data.repository.core.support.QueryExecutorMethodInterceptor.mapMethodsToQuery(QueryExecutorMethodInterceptor.java:99)
	at org.springframework.data.repository.core.support.QueryExecutorMethodInterceptor.lambda$new$0(QueryExecutorMethodInterceptor.java:88)
	at java.base/java.util.Optional.map(Optional.java:260)
	at org.springframework.data.repository.core.support.QueryExecutorMethodInterceptor.<init>(QueryExecutorMethodInterceptor.java:88)
	at org.springframework.data.repository.core.support.RepositoryFactorySupport.getRepository(RepositoryFactorySupport.java:357)
	at org.springframework.data.repository.core.support.RepositoryFactoryBeanSupport.lambda$afterPropertiesSet$5(RepositoryFactoryBeanSupport.java:279)
	at org.springframework.data.util.Lazy.getNullable(Lazy.java:135)
	at org.springframework.data.util.Lazy.get(Lazy.java:113)
	at org.springframework.data.repository.core.support.RepositoryFactoryBeanSupport.afterPropertiesSet(RepositoryFactoryBeanSupport.java:285)
	at org.springframework.data.jpa.repository.support.JpaRepositoryFactoryBean.afterPropertiesSet(JpaRepositoryFactoryBean.java:132)
	at org.springframework.beans.factory.support.AbstractAutowireCapableBeanFactory.invokeInitMethods(AbstractAutowireCapableBeanFactory.java:1822)
	at org.springframework.beans.factory.support.AbstractAutowireCapableBeanFactory.initializeBean(AbstractAutowireCapableBeanFactory.java:1771)
	at org.springframework.beans.factory.support.AbstractAutowireCapableBeanFactory.doCreateBean(AbstractAutowireCapableBeanFactory.java:601)
	at org.springframework.beans.factory.support.AbstractAutowireCapableBeanFactory.createBean(AbstractAutowireCapableBeanFactory.java:523)
	at org.springframework.beans.factory.support.AbstractBeanFactory.lambda$doGetBean$0(AbstractBeanFactory.java:325)
	at org.springframework.beans.factory.support.DefaultSingletonBeanRegistry.getSingleton(DefaultSingletonBeanRegistry.java:234)
	at org.springframework.beans.factory.support.AbstractBeanFactory.doGetBean(AbstractBeanFactory.java:323)
	at org.springframework.beans.factory.support.AbstractBeanFactory.getBean(AbstractBeanFactory.java:199)
	at org.springframework.beans.factory.support.DefaultListableBeanFactory.preInstantiateSingletons(DefaultListableBeanFactory.java:967)
	at org.springframework.context.support.AbstractApplicationContext.finishBeanFactoryInitialization(AbstractApplicationContext.java:946)
	at org.springframework.context.support.AbstractApplicationContext.refresh(AbstractApplicationContext.java:616)
	at org.springframework.boot.SpringApplication.refresh(SpringApplication.java:753)
	at org.springframework.boot.SpringApplication.refreshContext(SpringApplication.java:455)
	at org.springframework.boot.SpringApplication.run(SpringApplication.java:323)
	at org.springframework.boot.test.context.SpringBootContextLoader.lambda$loadContext$3(SpringBootContextLoader.java:137)
	at org.springframework.util.function.ThrowingSupplier.get(ThrowingSupplier.java:58)
	at org.springframework.util.function.ThrowingSupplier.get(ThrowingSupplier.java:46)
	at org.springframework.boot.SpringApplication.withHook(SpringApplication.java:1442)
	at org.springframework.boot.test.context.SpringBootContextLoader$ContextLoaderHook.run(SpringBootContextLoader.java:552)
	at org.springframework.boot.test.context.SpringBootContextLoader.loadContext(SpringBootContextLoader.java:137)
	at org.springframework.boot.test.context.SpringBootContextLoader.loadContext(SpringBootContextLoader.java:108)
	at org.springframework.test.context.cache.DefaultCacheAwareContextLoaderDelegate.loadContextInternal(DefaultCacheAwareContextLoaderDelegate.java:225)
	at org.springframework.test.context.cache.DefaultCacheAwareContextLoaderDelegate.loadContext(DefaultCacheAwareContextLoaderDelegate.java:152)
	at org.springframework.test.context.support.DefaultTestContext.getApplicationContext(DefaultTestContext.java:130)
	at org.springframework.test.context.support.DependencyInjectionTestExecutionListener.injectDependencies(DependencyInjectionTestExecutionListener.java:141)
	at org.springframework.test.context.support.DependencyInjectionTestExecutionListener.prepareTestInstance(DependencyInjectionTestExecutionListener.java:97)
	at org.springframework.test.context.TestContextManager.prepareTestInstance(TestContextManager.java:247)
	at org.springframework.test.context.junit.jupiter.SpringExtension.postProcessTestInstance(SpringExtension.java:163)
	at org.junit.jupiter.engine.descriptor.ClassBasedTestDescriptor.lambda$invokeTestInstancePostProcessors$10(ClassBasedTestDescriptor.java:378)
	at org.junit.jupiter.engine.descriptor.ClassBasedTestDescriptor.executeAndMaskThrowable(ClassBasedTestDescriptor.java:383)
	at org.junit.jupiter.engine.descriptor.ClassBasedTestDescriptor.lambda$invokeTestInstancePostProcessors$11(ClassBasedTestDescriptor.java:378)
	at java.base/java.util.stream.ReferencePipeline$3$1.accept(ReferencePipeline.java:197)
	at java.base/java.util.stream.ReferencePipeline$2$1.accept(ReferencePipeline.java:179)
	at java.base/java.util.ArrayList$ArrayListSpliterator.forEachRemaining(ArrayList.java:1708)
	at java.base/java.util.stream.AbstractPipeline.copyInto(AbstractPipeline.java:509)
	at java.base/java.util.stream.AbstractPipeline.wrapAndCopyInto(AbstractPipeline.java:499)
	at java.base/java.util.stream.StreamSpliterators$WrappingSpliterator.forEachRemaining(StreamSpliterators.java:310)
	at java.base/java.util.stream.Streams$ConcatSpliterator.forEachRemaining(Streams.java:735)
	at java.base/java.util.stream.Streams$ConcatSpliterator.forEachRemaining(Streams.java:734)
	at java.base/java.util.stream.ReferencePipeline$Head.forEach(ReferencePipeline.java:762)
	at org.junit.jupiter.engine.descriptor.ClassBasedTestDescriptor.invokeTestInstancePostProcessors(ClassBasedTestDescriptor.java:377)
	at org.junit.jupiter.engine.descriptor.ClassBasedTestDescriptor.lambda$instantiateAndPostProcessTestInstance$6(ClassBasedTestDescriptor.java:290)
	at org.junit.platform.engine.support.hierarchical.ThrowableCollector.execute(ThrowableCollector.java:73)
	at org.junit.jupiter.engine.descriptor.ClassBasedTestDescriptor.instantiateAndPostProcessTestInstance(ClassBasedTestDescriptor.java:289)
	at org.junit.jupiter.engine.descriptor.ClassBasedTestDescriptor.lambda$testInstancesProvider$4(ClassBasedTestDescriptor.java:279)
	at java.base/java.util.Optional.orElseGet(Optional.java:364)
	at org.junit.jupiter.engine.descriptor.ClassBasedTestDescriptor.lambda$testInstancesProvider$5(ClassBasedTestDescriptor.java:278)
	at org.junit.jupiter.engine.execution.TestInstancesProvider.getTestInstances(TestInstancesProvider.java:31)
	at org.junit.jupiter.engine.descriptor.TestMethodTestDescriptor.lambda$prepare$0(TestMethodTestDescriptor.java:106)
	at org.junit.platform.engine.support.hierarchical.ThrowableCollector.execute(ThrowableCollector.java:73)
	at org.junit.jupiter.engine.descriptor.TestMethodTestDescriptor.prepare(TestMethodTestDescriptor.java:105)
	at org.junit.jupiter.engine.descriptor.TestMethodTestDescriptor.prepare(TestMethodTestDescriptor.java:69)
	at org.junit.platform.engine.support.hierarchical.NodeTestTask.lambda$prepare$2(NodeTestTask.java:123)
	at org.junit.platform.engine.support.hierarchical.ThrowableCollector.execute(ThrowableCollector.java:73)
	at org.junit.platform.engine.support.hierarchical.NodeTestTask.prepare(NodeTestTask.java:123)
	at org.junit.platform.engine.support.hierarchical.NodeTestTask.execute(NodeTestTask.java:90)
	at java.base/java.util.ArrayList.forEach(ArrayList.java:1596)
	at org.junit.platform.engine.support.hierarchical.SameThreadHierarchicalTestExecutorService.invokeAll(SameThreadHierarchicalTestExecutorService.java:41)
	at org.junit.platform.engine.support.hierarchical.NodeTestTask.lambda$executeRecursively$6(NodeTestTask.java:155)
	at org.junit.platform.engine.support.hierarchical.ThrowableCollector.execute(ThrowableCollector.java:73)
	at org.junit.platform.engine.support.hierarchical.NodeTestTask.lambda$executeRecursively$8(NodeTestTask.java:141)
	at org.junit.platform.engine.support.hierarchical.Node.around(Node.java:137)
	at org.junit.platform.engine.support.hierarchical.NodeTestTask.lambda$executeRecursively$9(NodeTestTask.java:139)
	at org.junit.platform.engine.support.hierarchical.ThrowableCollector.execute(ThrowableCollector.java:73)
	at org.junit.platform.engine.support.hierarchical.NodeTestTask.executeRecursively(NodeTestTask.java:138)
	at org.junit.platform.engine.support.hierarchical.NodeTestTask.execute(NodeTestTask.java:95)
	at java.base/java.util.ArrayList.forEach(ArrayList.java:1596)
	at org.junit.platform.engine.support.hierarchical.SameThreadHierarchicalTestExecutorService.invokeAll(SameThreadHierarchicalTestExecutorService.java:41)
	at org.junit.platform.engine.support.hierarchical.NodeTestTask.lambda$executeRecursively$6(NodeTestTask.java:155)
	at org.junit.platform.engine.support.hierarchical.ThrowableCollector.execute(ThrowableCollector.java:73)
	at org.junit.platform.engine.support.hierarchical.NodeTestTask.lambda$executeRecursively$8(NodeTestTask.java:141)
	at org.junit.platform.engine.support.hierarchical.Node.around(Node.java:137)
	at org.junit.platform.engine.support.hierarchical.NodeTestTask.lambda$executeRecursively$9(NodeTestTask.java:139)
	at org.junit.platform.engine.support.hierarchical.ThrowableCollector.execute(ThrowableCollector.java:73)
	at org.junit.platform.engine.support.hierarchical.NodeTestTask.executeRecursively(NodeTestTask.java:138)
	at org.junit.platform.engine.support.hierarchical.NodeTestTask.execute(NodeTestTask.java:95)
	at org.junit.platform.engine.support.hierarchical.SameThreadHierarchicalTestExecutorService.submit(SameThreadHierarchicalTestExecutorService.java:35)
	at org.junit.platform.engine.support.hierarchical.HierarchicalTestExecutor.execute(HierarchicalTestExecutor.java:57)
	at org.junit.platform.engine.support.hierarchical.HierarchicalTestEngine.execute(HierarchicalTestEngine.java:54)
	at org.junit.platform.launcher.core.EngineExecutionOrchestrator.execute(EngineExecutionOrchestrator.java:198)
	at org.junit.platform.launcher.core.EngineExecutionOrchestrator.execute(EngineExecutionOrchestrator.java:169)
	at org.junit.platform.launcher.core.EngineExecutionOrchestrator.execute(EngineExecutionOrchestrator.java:93)
	at org.junit.platform.launcher.core.EngineExecutionOrchestrator.lambda$execute$0(EngineExecutionOrchestrator.java:58)
	at org.junit.platform.launcher.core.EngineExecutionOrchestrator.withInterceptedStreams(EngineExecutionOrchestrator.java:141)
	at org.junit.platform.launcher.core.EngineExecutionOrchestrator.execute(EngineExecutionOrchestrator.java:57)
	at org.junit.platform.launcher.core.DefaultLauncher.execute(DefaultLauncher.java:103)
	at org.junit.platform.launcher.core.DefaultLauncher.execute(DefaultLauncher.java:85)
	at org.junit.platform.launcher.core.DelegatingLauncher.execute(DelegatingLauncher.java:47)
	at org.apache.maven.surefire.junitplatform.LazyLauncher.execute(LazyLauncher.java:56)
	at org.apache.maven.surefire.junitplatform.JUnitPlatformProvider.execute(JUnitPlatformProvider.java:184)
	at org.apache.maven.surefire.junitplatform.JUnitPlatformProvider.invokeAllTests(JUnitPlatformProvider.java:148)
	at org.apache.maven.surefire.junitplatform.JUnitPlatformProvider.invoke(JUnitPlatformProvider.java:122)
	at org.apache.maven.surefire.booter.ForkedBooter.runSuitesInProcess(ForkedBooter.java:385)
	at org.apache.maven.surefire.booter.ForkedBooter.execute(ForkedBooter.java:162)
	at org.apache.maven.surefire.booter.ForkedBooter.run(ForkedBooter.java:507)
	at org.apache.maven.surefire.booter.ForkedBooter.main(ForkedBooter.java:495)
2025-06-14 16:48:06 - JDBC transaction marked for rollback-only (exception provided for stack trace)
java.lang.Exception: exception just for purpose of providing stack trace
	at org.hibernate.resource.transaction.backend.jdbc.internal.JdbcResourceLocalTransactionCoordinatorImpl$TransactionDriverControlImpl.markRollbackOnly(JdbcResourceLocalTransactionCoordinatorImpl.java:310)
	at org.hibernate.internal.AbstractSharedSessionContract.buildNamedQuery(AbstractSharedSessionContract.java:1051)
	at org.hibernate.internal.AbstractSharedSessionContract.createNamedQuery(AbstractSharedSessionContract.java:929)
	at org.hibernate.internal.AbstractSharedSessionContract.createNamedQuery(AbstractSharedSessionContract.java:132)
	at java.base/jdk.internal.reflect.DirectMethodHandleAccessor.invoke(DirectMethodHandleAccessor.java:103)
	at java.base/java.lang.reflect.Method.invoke(Method.java:580)
	at org.springframework.orm.jpa.ExtendedEntityManagerCreator$ExtendedEntityManagerInvocationHandler.invoke(ExtendedEntityManagerCreator.java:360)
	at jdk.proxy2/jdk.proxy2.$Proxy112.createNamedQuery(Unknown Source)
	at org.springframework.data.jpa.repository.query.NamedQuery.hasNamedQuery(NamedQuery.java:113)
	at org.springframework.data.jpa.repository.query.NamedQuery.lookupFrom(NamedQuery.java:141)
	at org.springframework.data.jpa.repository.query.JpaQueryLookupStrategy$DeclaredQueryLookupStrategy.resolveQuery(JpaQueryLookupStrategy.java:180)
	at org.springframework.data.jpa.repository.query.JpaQueryLookupStrategy$CreateIfNotFoundQueryLookupStrategy.resolveQuery(JpaQueryLookupStrategy.java:252)
	at org.springframework.data.jpa.repository.query.JpaQueryLookupStrategy$AbstractQueryLookupStrategy.resolveQuery(JpaQueryLookupStrategy.java:95)
	at org.springframework.data.repository.core.support.QueryExecutorMethodInterceptor.lookupQuery(QueryExecutorMethodInterceptor.java:111)
	at org.springframework.data.repository.core.support.QueryExecutorMethodInterceptor.mapMethodsToQuery(QueryExecutorMethodInterceptor.java:99)
	at org.springframework.data.repository.core.support.QueryExecutorMethodInterceptor.lambda$new$0(QueryExecutorMethodInterceptor.java:88)
	at java.base/java.util.Optional.map(Optional.java:260)
	at org.springframework.data.repository.core.support.QueryExecutorMethodInterceptor.<init>(QueryExecutorMethodInterceptor.java:88)
	at org.springframework.data.repository.core.support.RepositoryFactorySupport.getRepository(RepositoryFactorySupport.java:357)
	at org.springframework.data.repository.core.support.RepositoryFactoryBeanSupport.lambda$afterPropertiesSet$5(RepositoryFactoryBeanSupport.java:279)
	at org.springframework.data.util.Lazy.getNullable(Lazy.java:135)
	at org.springframework.data.util.Lazy.get(Lazy.java:113)
	at org.springframework.data.repository.core.support.RepositoryFactoryBeanSupport.afterPropertiesSet(RepositoryFactoryBeanSupport.java:285)
	at org.springframework.data.jpa.repository.support.JpaRepositoryFactoryBean.afterPropertiesSet(JpaRepositoryFactoryBean.java:132)
	at org.springframework.beans.factory.support.AbstractAutowireCapableBeanFactory.invokeInitMethods(AbstractAutowireCapableBeanFactory.java:1822)
	at org.springframework.beans.factory.support.AbstractAutowireCapableBeanFactory.initializeBean(AbstractAutowireCapableBeanFactory.java:1771)
	at org.springframework.beans.factory.support.AbstractAutowireCapableBeanFactory.doCreateBean(AbstractAutowireCapableBeanFactory.java:601)
	at org.springframework.beans.factory.support.AbstractAutowireCapableBeanFactory.createBean(AbstractAutowireCapableBeanFactory.java:523)
	at org.springframework.beans.factory.support.AbstractBeanFactory.lambda$doGetBean$0(AbstractBeanFactory.java:325)
	at org.springframework.beans.factory.support.DefaultSingletonBeanRegistry.getSingleton(DefaultSingletonBeanRegistry.java:234)
	at org.springframework.beans.factory.support.AbstractBeanFactory.doGetBean(AbstractBeanFactory.java:323)
	at org.springframework.beans.factory.support.AbstractBeanFactory.getBean(AbstractBeanFactory.java:199)
	at org.springframework.beans.factory.support.DefaultListableBeanFactory.preInstantiateSingletons(DefaultListableBeanFactory.java:967)
	at org.springframework.context.support.AbstractApplicationContext.finishBeanFactoryInitialization(AbstractApplicationContext.java:946)
	at org.springframework.context.support.AbstractApplicationContext.refresh(AbstractApplicationContext.java:616)
	at org.springframework.boot.SpringApplication.refresh(SpringApplication.java:753)
	at org.springframework.boot.SpringApplication.refreshContext(SpringApplication.java:455)
	at org.springframework.boot.SpringApplication.run(SpringApplication.java:323)
	at org.springframework.boot.test.context.SpringBootContextLoader.lambda$loadContext$3(SpringBootContextLoader.java:137)
	at org.springframework.util.function.ThrowingSupplier.get(ThrowingSupplier.java:58)
	at org.springframework.util.function.ThrowingSupplier.get(ThrowingSupplier.java:46)
	at org.springframework.boot.SpringApplication.withHook(SpringApplication.java:1442)
	at org.springframework.boot.test.context.SpringBootContextLoader$ContextLoaderHook.run(SpringBootContextLoader.java:552)
	at org.springframework.boot.test.context.SpringBootContextLoader.loadContext(SpringBootContextLoader.java:137)
	at org.springframework.boot.test.context.SpringBootContextLoader.loadContext(SpringBootContextLoader.java:108)
	at org.springframework.test.context.cache.DefaultCacheAwareContextLoaderDelegate.loadContextInternal(DefaultCacheAwareContextLoaderDelegate.java:225)
	at org.springframework.test.context.cache.DefaultCacheAwareContextLoaderDelegate.loadContext(DefaultCacheAwareContextLoaderDelegate.java:152)
	at org.springframework.test.context.support.DefaultTestContext.getApplicationContext(DefaultTestContext.java:130)
	at org.springframework.test.context.support.DependencyInjectionTestExecutionListener.injectDependencies(DependencyInjectionTestExecutionListener.java:141)
	at org.springframework.test.context.support.DependencyInjectionTestExecutionListener.prepareTestInstance(DependencyInjectionTestExecutionListener.java:97)
	at org.springframework.test.context.TestContextManager.prepareTestInstance(TestContextManager.java:247)
	at org.springframework.test.context.junit.jupiter.SpringExtension.postProcessTestInstance(SpringExtension.java:163)
	at org.junit.jupiter.engine.descriptor.ClassBasedTestDescriptor.lambda$invokeTestInstancePostProcessors$10(ClassBasedTestDescriptor.java:378)
	at org.junit.jupiter.engine.descriptor.ClassBasedTestDescriptor.executeAndMaskThrowable(ClassBasedTestDescriptor.java:383)
	at org.junit.jupiter.engine.descriptor.ClassBasedTestDescriptor.lambda$invokeTestInstancePostProcessors$11(ClassBasedTestDescriptor.java:378)
	at java.base/java.util.stream.ReferencePipeline$3$1.accept(ReferencePipeline.java:197)
	at java.base/java.util.stream.ReferencePipeline$2$1.accept(ReferencePipeline.java:179)
	at java.base/java.util.ArrayList$ArrayListSpliterator.forEachRemaining(ArrayList.java:1708)
	at java.base/java.util.stream.AbstractPipeline.copyInto(AbstractPipeline.java:509)
	at java.base/java.util.stream.AbstractPipeline.wrapAndCopyInto(AbstractPipeline.java:499)
	at java.base/java.util.stream.StreamSpliterators$WrappingSpliterator.forEachRemaining(StreamSpliterators.java:310)
	at java.base/java.util.stream.Streams$ConcatSpliterator.forEachRemaining(Streams.java:735)
	at java.base/java.util.stream.Streams$ConcatSpliterator.forEachRemaining(Streams.java:734)
	at java.base/java.util.stream.ReferencePipeline$Head.forEach(ReferencePipeline.java:762)
	at org.junit.jupiter.engine.descriptor.ClassBasedTestDescriptor.invokeTestInstancePostProcessors(ClassBasedTestDescriptor.java:377)
	at org.junit.jupiter.engine.descriptor.ClassBasedTestDescriptor.lambda$instantiateAndPostProcessTestInstance$6(ClassBasedTestDescriptor.java:290)
	at org.junit.platform.engine.support.hierarchical.ThrowableCollector.execute(ThrowableCollector.java:73)
	at org.junit.jupiter.engine.descriptor.ClassBasedTestDescriptor.instantiateAndPostProcessTestInstance(ClassBasedTestDescriptor.java:289)
	at org.junit.jupiter.engine.descriptor.ClassBasedTestDescriptor.lambda$testInstancesProvider$4(ClassBasedTestDescriptor.java:279)
	at java.base/java.util.Optional.orElseGet(Optional.java:364)
	at org.junit.jupiter.engine.descriptor.ClassBasedTestDescriptor.lambda$testInstancesProvider$5(ClassBasedTestDescriptor.java:278)
	at org.junit.jupiter.engine.execution.TestInstancesProvider.getTestInstances(TestInstancesProvider.java:31)
	at org.junit.jupiter.engine.descriptor.TestMethodTestDescriptor.lambda$prepare$0(TestMethodTestDescriptor.java:106)
	at org.junit.platform.engine.support.hierarchical.ThrowableCollector.execute(ThrowableCollector.java:73)
	at org.junit.jupiter.engine.descriptor.TestMethodTestDescriptor.prepare(TestMethodTestDescriptor.java:105)
	at org.junit.jupiter.engine.descriptor.TestMethodTestDescriptor.prepare(TestMethodTestDescriptor.java:69)
	at org.junit.platform.engine.support.hierarchical.NodeTestTask.lambda$prepare$2(NodeTestTask.java:123)
	at org.junit.platform.engine.support.hierarchical.ThrowableCollector.execute(ThrowableCollector.java:73)
	at org.junit.platform.engine.support.hierarchical.NodeTestTask.prepare(NodeTestTask.java:123)
	at org.junit.platform.engine.support.hierarchical.NodeTestTask.execute(NodeTestTask.java:90)
	at java.base/java.util.ArrayList.forEach(ArrayList.java:1596)
	at org.junit.platform.engine.support.hierarchical.SameThreadHierarchicalTestExecutorService.invokeAll(SameThreadHierarchicalTestExecutorService.java:41)
	at org.junit.platform.engine.support.hierarchical.NodeTestTask.lambda$executeRecursively$6(NodeTestTask.java:155)
	at org.junit.platform.engine.support.hierarchical.ThrowableCollector.execute(ThrowableCollector.java:73)
	at org.junit.platform.engine.support.hierarchical.NodeTestTask.lambda$executeRecursively$8(NodeTestTask.java:141)
	at org.junit.platform.engine.support.hierarchical.Node.around(Node.java:137)
	at org.junit.platform.engine.support.hierarchical.NodeTestTask.lambda$executeRecursively$9(NodeTestTask.java:139)
	at org.junit.platform.engine.support.hierarchical.ThrowableCollector.execute(ThrowableCollector.java:73)
	at org.junit.platform.engine.support.hierarchical.NodeTestTask.executeRecursively(NodeTestTask.java:138)
	at org.junit.platform.engine.support.hierarchical.NodeTestTask.execute(NodeTestTask.java:95)
	at java.base/java.util.ArrayList.forEach(ArrayList.java:1596)
	at org.junit.platform.engine.support.hierarchical.SameThreadHierarchicalTestExecutorService.invokeAll(SameThreadHierarchicalTestExecutorService.java:41)
	at org.junit.platform.engine.support.hierarchical.NodeTestTask.lambda$executeRecursively$6(NodeTestTask.java:155)
	at org.junit.platform.engine.support.hierarchical.ThrowableCollector.execute(ThrowableCollector.java:73)
	at org.junit.platform.engine.support.hierarchical.NodeTestTask.lambda$executeRecursively$8(NodeTestTask.java:141)
	at org.junit.platform.engine.support.hierarchical.Node.around(Node.java:137)
	at org.junit.platform.engine.support.hierarchical.NodeTestTask.lambda$executeRecursively$9(NodeTestTask.java:139)
	at org.junit.platform.engine.support.hierarchical.ThrowableCollector.execute(ThrowableCollector.java:73)
	at org.junit.platform.engine.support.hierarchical.NodeTestTask.executeRecursively(NodeTestTask.java:138)
	at org.junit.platform.engine.support.hierarchical.NodeTestTask.execute(NodeTestTask.java:95)
	at org.junit.platform.engine.support.hierarchical.SameThreadHierarchicalTestExecutorService.submit(SameThreadHierarchicalTestExecutorService.java:35)
	at org.junit.platform.engine.support.hierarchical.HierarchicalTestExecutor.execute(HierarchicalTestExecutor.java:57)
	at org.junit.platform.engine.support.hierarchical.HierarchicalTestEngine.execute(HierarchicalTestEngine.java:54)
	at org.junit.platform.launcher.core.EngineExecutionOrchestrator.execute(EngineExecutionOrchestrator.java:198)
	at org.junit.platform.launcher.core.EngineExecutionOrchestrator.execute(EngineExecutionOrchestrator.java:169)
	at org.junit.platform.launcher.core.EngineExecutionOrchestrator.execute(EngineExecutionOrchestrator.java:93)
	at org.junit.platform.launcher.core.EngineExecutionOrchestrator.lambda$execute$0(EngineExecutionOrchestrator.java:58)
	at org.junit.platform.launcher.core.EngineExecutionOrchestrator.withInterceptedStreams(EngineExecutionOrchestrator.java:141)
	at org.junit.platform.launcher.core.EngineExecutionOrchestrator.execute(EngineExecutionOrchestrator.java:57)
	at org.junit.platform.launcher.core.DefaultLauncher.execute(DefaultLauncher.java:103)
	at org.junit.platform.launcher.core.DefaultLauncher.execute(DefaultLauncher.java:85)
	at org.junit.platform.launcher.core.DelegatingLauncher.execute(DelegatingLauncher.java:47)
	at org.apache.maven.surefire.junitplatform.LazyLauncher.execute(LazyLauncher.java:56)
	at org.apache.maven.surefire.junitplatform.JUnitPlatformProvider.execute(JUnitPlatformProvider.java:184)
	at org.apache.maven.surefire.junitplatform.JUnitPlatformProvider.invokeAllTests(JUnitPlatformProvider.java:148)
	at org.apache.maven.surefire.junitplatform.JUnitPlatformProvider.invoke(JUnitPlatformProvider.java:122)
	at org.apache.maven.surefire.booter.ForkedBooter.runSuitesInProcess(ForkedBooter.java:385)
	at org.apache.maven.surefire.booter.ForkedBooter.execute(ForkedBooter.java:162)
	at org.apache.maven.surefire.booter.ForkedBooter.run(ForkedBooter.java:507)
	at org.apache.maven.surefire.booter.ForkedBooter.main(ForkedBooter.java:495)
2025-06-14 16:48:06 - JDBC transaction marked for rollback-only (exception provided for stack trace)
java.lang.Exception: exception just for purpose of providing stack trace
	at org.hibernate.resource.transaction.backend.jdbc.internal.JdbcResourceLocalTransactionCoordinatorImpl$TransactionDriverControlImpl.markRollbackOnly(JdbcResourceLocalTransactionCoordinatorImpl.java:310)
	at org.hibernate.internal.AbstractSharedSessionContract.buildNamedQuery(AbstractSharedSessionContract.java:1051)
	at org.hibernate.internal.AbstractSharedSessionContract.createNamedQuery(AbstractSharedSessionContract.java:929)
	at org.hibernate.internal.AbstractSharedSessionContract.createNamedQuery(AbstractSharedSessionContract.java:132)
	at java.base/jdk.internal.reflect.DirectMethodHandleAccessor.invoke(DirectMethodHandleAccessor.java:103)
	at java.base/java.lang.reflect.Method.invoke(Method.java:580)
	at org.springframework.orm.jpa.ExtendedEntityManagerCreator$ExtendedEntityManagerInvocationHandler.invoke(ExtendedEntityManagerCreator.java:360)
	at jdk.proxy2/jdk.proxy2.$Proxy112.createNamedQuery(Unknown Source)
	at org.springframework.data.jpa.repository.query.NamedQuery.hasNamedQuery(NamedQuery.java:113)
	at org.springframework.data.jpa.repository.query.NamedQuery.lookupFrom(NamedQuery.java:141)
	at org.springframework.data.jpa.repository.query.JpaQueryLookupStrategy$DeclaredQueryLookupStrategy.resolveQuery(JpaQueryLookupStrategy.java:180)
	at org.springframework.data.jpa.repository.query.JpaQueryLookupStrategy$CreateIfNotFoundQueryLookupStrategy.resolveQuery(JpaQueryLookupStrategy.java:252)
	at org.springframework.data.jpa.repository.query.JpaQueryLookupStrategy$AbstractQueryLookupStrategy.resolveQuery(JpaQueryLookupStrategy.java:95)
	at org.springframework.data.repository.core.support.QueryExecutorMethodInterceptor.lookupQuery(QueryExecutorMethodInterceptor.java:111)
	at org.springframework.data.repository.core.support.QueryExecutorMethodInterceptor.mapMethodsToQuery(QueryExecutorMethodInterceptor.java:99)
	at org.springframework.data.repository.core.support.QueryExecutorMethodInterceptor.lambda$new$0(QueryExecutorMethodInterceptor.java:88)
	at java.base/java.util.Optional.map(Optional.java:260)
	at org.springframework.data.repository.core.support.QueryExecutorMethodInterceptor.<init>(QueryExecutorMethodInterceptor.java:88)
	at org.springframework.data.repository.core.support.RepositoryFactorySupport.getRepository(RepositoryFactorySupport.java:357)
	at org.springframework.data.repository.core.support.RepositoryFactoryBeanSupport.lambda$afterPropertiesSet$5(RepositoryFactoryBeanSupport.java:279)
	at org.springframework.data.util.Lazy.getNullable(Lazy.java:135)
	at org.springframework.data.util.Lazy.get(Lazy.java:113)
	at org.springframework.data.repository.core.support.RepositoryFactoryBeanSupport.afterPropertiesSet(RepositoryFactoryBeanSupport.java:285)
	at org.springframework.data.jpa.repository.support.JpaRepositoryFactoryBean.afterPropertiesSet(JpaRepositoryFactoryBean.java:132)
	at org.springframework.beans.factory.support.AbstractAutowireCapableBeanFactory.invokeInitMethods(AbstractAutowireCapableBeanFactory.java:1822)
	at org.springframework.beans.factory.support.AbstractAutowireCapableBeanFactory.initializeBean(AbstractAutowireCapableBeanFactory.java:1771)
	at org.springframework.beans.factory.support.AbstractAutowireCapableBeanFactory.doCreateBean(AbstractAutowireCapableBeanFactory.java:601)
	at org.springframework.beans.factory.support.AbstractAutowireCapableBeanFactory.createBean(AbstractAutowireCapableBeanFactory.java:523)
	at org.springframework.beans.factory.support.AbstractBeanFactory.lambda$doGetBean$0(AbstractBeanFactory.java:325)
	at org.springframework.beans.factory.support.DefaultSingletonBeanRegistry.getSingleton(DefaultSingletonBeanRegistry.java:234)
	at org.springframework.beans.factory.support.AbstractBeanFactory.doGetBean(AbstractBeanFactory.java:323)
	at org.springframework.beans.factory.support.AbstractBeanFactory.getBean(AbstractBeanFactory.java:199)
	at org.springframework.beans.factory.support.DefaultListableBeanFactory.preInstantiateSingletons(DefaultListableBeanFactory.java:967)
	at org.springframework.context.support.AbstractApplicationContext.finishBeanFactoryInitialization(AbstractApplicationContext.java:946)
	at org.springframework.context.support.AbstractApplicationContext.refresh(AbstractApplicationContext.java:616)
	at org.springframework.boot.SpringApplication.refresh(SpringApplication.java:753)
	at org.springframework.boot.SpringApplication.refreshContext(SpringApplication.java:455)
	at org.springframework.boot.SpringApplication.run(SpringApplication.java:323)
	at org.springframework.boot.test.context.SpringBootContextLoader.lambda$loadContext$3(SpringBootContextLoader.java:137)
	at org.springframework.util.function.ThrowingSupplier.get(ThrowingSupplier.java:58)
	at org.springframework.util.function.ThrowingSupplier.get(ThrowingSupplier.java:46)
	at org.springframework.boot.SpringApplication.withHook(SpringApplication.java:1442)
	at org.springframework.boot.test.context.SpringBootContextLoader$ContextLoaderHook.run(SpringBootContextLoader.java:552)
	at org.springframework.boot.test.context.SpringBootContextLoader.loadContext(SpringBootContextLoader.java:137)
	at org.springframework.boot.test.context.SpringBootContextLoader.loadContext(SpringBootContextLoader.java:108)
	at org.springframework.test.context.cache.DefaultCacheAwareContextLoaderDelegate.loadContextInternal(DefaultCacheAwareContextLoaderDelegate.java:225)
	at org.springframework.test.context.cache.DefaultCacheAwareContextLoaderDelegate.loadContext(DefaultCacheAwareContextLoaderDelegate.java:152)
	at org.springframework.test.context.support.DefaultTestContext.getApplicationContext(DefaultTestContext.java:130)
	at org.springframework.test.context.support.DependencyInjectionTestExecutionListener.injectDependencies(DependencyInjectionTestExecutionListener.java:141)
	at org.springframework.test.context.support.DependencyInjectionTestExecutionListener.prepareTestInstance(DependencyInjectionTestExecutionListener.java:97)
	at org.springframework.test.context.TestContextManager.prepareTestInstance(TestContextManager.java:247)
	at org.springframework.test.context.junit.jupiter.SpringExtension.postProcessTestInstance(SpringExtension.java:163)
	at org.junit.jupiter.engine.descriptor.ClassBasedTestDescriptor.lambda$invokeTestInstancePostProcessors$10(ClassBasedTestDescriptor.java:378)
	at org.junit.jupiter.engine.descriptor.ClassBasedTestDescriptor.executeAndMaskThrowable(ClassBasedTestDescriptor.java:383)
	at org.junit.jupiter.engine.descriptor.ClassBasedTestDescriptor.lambda$invokeTestInstancePostProcessors$11(ClassBasedTestDescriptor.java:378)
	at java.base/java.util.stream.ReferencePipeline$3$1.accept(ReferencePipeline.java:197)
	at java.base/java.util.stream.ReferencePipeline$2$1.accept(ReferencePipeline.java:179)
	at java.base/java.util.ArrayList$ArrayListSpliterator.forEachRemaining(ArrayList.java:1708)
	at java.base/java.util.stream.AbstractPipeline.copyInto(AbstractPipeline.java:509)
	at java.base/java.util.stream.AbstractPipeline.wrapAndCopyInto(AbstractPipeline.java:499)
	at java.base/java.util.stream.StreamSpliterators$WrappingSpliterator.forEachRemaining(StreamSpliterators.java:310)
	at java.base/java.util.stream.Streams$ConcatSpliterator.forEachRemaining(Streams.java:735)
	at java.base/java.util.stream.Streams$ConcatSpliterator.forEachRemaining(Streams.java:734)
	at java.base/java.util.stream.ReferencePipeline$Head.forEach(ReferencePipeline.java:762)
	at org.junit.jupiter.engine.descriptor.ClassBasedTestDescriptor.invokeTestInstancePostProcessors(ClassBasedTestDescriptor.java:377)
	at org.junit.jupiter.engine.descriptor.ClassBasedTestDescriptor.lambda$instantiateAndPostProcessTestInstance$6(ClassBasedTestDescriptor.java:290)
	at org.junit.platform.engine.support.hierarchical.ThrowableCollector.execute(ThrowableCollector.java:73)
	at org.junit.jupiter.engine.descriptor.ClassBasedTestDescriptor.instantiateAndPostProcessTestInstance(ClassBasedTestDescriptor.java:289)
	at org.junit.jupiter.engine.descriptor.ClassBasedTestDescriptor.lambda$testInstancesProvider$4(ClassBasedTestDescriptor.java:279)
	at java.base/java.util.Optional.orElseGet(Optional.java:364)
	at org.junit.jupiter.engine.descriptor.ClassBasedTestDescriptor.lambda$testInstancesProvider$5(ClassBasedTestDescriptor.java:278)
	at org.junit.jupiter.engine.execution.TestInstancesProvider.getTestInstances(TestInstancesProvider.java:31)
	at org.junit.jupiter.engine.descriptor.TestMethodTestDescriptor.lambda$prepare$0(TestMethodTestDescriptor.java:106)
	at org.junit.platform.engine.support.hierarchical.ThrowableCollector.execute(ThrowableCollector.java:73)
	at org.junit.jupiter.engine.descriptor.TestMethodTestDescriptor.prepare(TestMethodTestDescriptor.java:105)
	at org.junit.jupiter.engine.descriptor.TestMethodTestDescriptor.prepare(TestMethodTestDescriptor.java:69)
	at org.junit.platform.engine.support.hierarchical.NodeTestTask.lambda$prepare$2(NodeTestTask.java:123)
	at org.junit.platform.engine.support.hierarchical.ThrowableCollector.execute(ThrowableCollector.java:73)
	at org.junit.platform.engine.support.hierarchical.NodeTestTask.prepare(NodeTestTask.java:123)
	at org.junit.platform.engine.support.hierarchical.NodeTestTask.execute(NodeTestTask.java:90)
	at java.base/java.util.ArrayList.forEach(ArrayList.java:1596)
	at org.junit.platform.engine.support.hierarchical.SameThreadHierarchicalTestExecutorService.invokeAll(SameThreadHierarchicalTestExecutorService.java:41)
	at org.junit.platform.engine.support.hierarchical.NodeTestTask.lambda$executeRecursively$6(NodeTestTask.java:155)
	at org.junit.platform.engine.support.hierarchical.ThrowableCollector.execute(ThrowableCollector.java:73)
	at org.junit.platform.engine.support.hierarchical.NodeTestTask.lambda$executeRecursively$8(NodeTestTask.java:141)
	at org.junit.platform.engine.support.hierarchical.Node.around(Node.java:137)
	at org.junit.platform.engine.support.hierarchical.NodeTestTask.lambda$executeRecursively$9(NodeTestTask.java:139)
	at org.junit.platform.engine.support.hierarchical.ThrowableCollector.execute(ThrowableCollector.java:73)
	at org.junit.platform.engine.support.hierarchical.NodeTestTask.executeRecursively(NodeTestTask.java:138)
	at org.junit.platform.engine.support.hierarchical.NodeTestTask.execute(NodeTestTask.java:95)
	at java.base/java.util.ArrayList.forEach(ArrayList.java:1596)
	at org.junit.platform.engine.support.hierarchical.SameThreadHierarchicalTestExecutorService.invokeAll(SameThreadHierarchicalTestExecutorService.java:41)
	at org.junit.platform.engine.support.hierarchical.NodeTestTask.lambda$executeRecursively$6(NodeTestTask.java:155)
	at org.junit.platform.engine.support.hierarchical.ThrowableCollector.execute(ThrowableCollector.java:73)
	at org.junit.platform.engine.support.hierarchical.NodeTestTask.lambda$executeRecursively$8(NodeTestTask.java:141)
	at org.junit.platform.engine.support.hierarchical.Node.around(Node.java:137)
	at org.junit.platform.engine.support.hierarchical.NodeTestTask.lambda$executeRecursively$9(NodeTestTask.java:139)
	at org.junit.platform.engine.support.hierarchical.ThrowableCollector.execute(ThrowableCollector.java:73)
	at org.junit.platform.engine.support.hierarchical.NodeTestTask.executeRecursively(NodeTestTask.java:138)
	at org.junit.platform.engine.support.hierarchical.NodeTestTask.execute(NodeTestTask.java:95)
	at org.junit.platform.engine.support.hierarchical.SameThreadHierarchicalTestExecutorService.submit(SameThreadHierarchicalTestExecutorService.java:35)
	at org.junit.platform.engine.support.hierarchical.HierarchicalTestExecutor.execute(HierarchicalTestExecutor.java:57)
	at org.junit.platform.engine.support.hierarchical.HierarchicalTestEngine.execute(HierarchicalTestEngine.java:54)
	at org.junit.platform.launcher.core.EngineExecutionOrchestrator.execute(EngineExecutionOrchestrator.java:198)
	at org.junit.platform.launcher.core.EngineExecutionOrchestrator.execute(EngineExecutionOrchestrator.java:169)
	at org.junit.platform.launcher.core.EngineExecutionOrchestrator.execute(EngineExecutionOrchestrator.java:93)
	at org.junit.platform.launcher.core.EngineExecutionOrchestrator.lambda$execute$0(EngineExecutionOrchestrator.java:58)
	at org.junit.platform.launcher.core.EngineExecutionOrchestrator.withInterceptedStreams(EngineExecutionOrchestrator.java:141)
	at org.junit.platform.launcher.core.EngineExecutionOrchestrator.execute(EngineExecutionOrchestrator.java:57)
	at org.junit.platform.launcher.core.DefaultLauncher.execute(DefaultLauncher.java:103)
	at org.junit.platform.launcher.core.DefaultLauncher.execute(DefaultLauncher.java:85)
	at org.junit.platform.launcher.core.DelegatingLauncher.execute(DelegatingLauncher.java:47)
	at org.apache.maven.surefire.junitplatform.LazyLauncher.execute(LazyLauncher.java:56)
	at org.apache.maven.surefire.junitplatform.JUnitPlatformProvider.execute(JUnitPlatformProvider.java:184)
	at org.apache.maven.surefire.junitplatform.JUnitPlatformProvider.invokeAllTests(JUnitPlatformProvider.java:148)
	at org.apache.maven.surefire.junitplatform.JUnitPlatformProvider.invoke(JUnitPlatformProvider.java:122)
	at org.apache.maven.surefire.booter.ForkedBooter.runSuitesInProcess(ForkedBooter.java:385)
	at org.apache.maven.surefire.booter.ForkedBooter.execute(ForkedBooter.java:162)
	at org.apache.maven.surefire.booter.ForkedBooter.run(ForkedBooter.java:507)
	at org.apache.maven.surefire.booter.ForkedBooter.main(ForkedBooter.java:495)
2025-06-14 16:48:06 - JDBC transaction marked for rollback-only (exception provided for stack trace)
java.lang.Exception: exception just for purpose of providing stack trace
	at org.hibernate.resource.transaction.backend.jdbc.internal.JdbcResourceLocalTransactionCoordinatorImpl$TransactionDriverControlImpl.markRollbackOnly(JdbcResourceLocalTransactionCoordinatorImpl.java:310)
	at org.hibernate.internal.AbstractSharedSessionContract.buildNamedQuery(AbstractSharedSessionContract.java:1051)
	at org.hibernate.internal.AbstractSharedSessionContract.createNamedQuery(AbstractSharedSessionContract.java:929)
	at org.hibernate.internal.AbstractSharedSessionContract.createNamedQuery(AbstractSharedSessionContract.java:132)
	at java.base/jdk.internal.reflect.DirectMethodHandleAccessor.invoke(DirectMethodHandleAccessor.java:103)
	at java.base/java.lang.reflect.Method.invoke(Method.java:580)
	at org.springframework.orm.jpa.ExtendedEntityManagerCreator$ExtendedEntityManagerInvocationHandler.invoke(ExtendedEntityManagerCreator.java:360)
	at jdk.proxy2/jdk.proxy2.$Proxy112.createNamedQuery(Unknown Source)
	at org.springframework.data.jpa.repository.query.NamedQuery.hasNamedQuery(NamedQuery.java:113)
	at org.springframework.data.jpa.repository.query.JpaQueryLookupStrategy$DeclaredQueryLookupStrategy.getCountQuery(JpaQueryLookupStrategy.java:204)
	at org.springframework.data.jpa.repository.query.JpaQueryLookupStrategy$DeclaredQueryLookupStrategy.resolveQuery(JpaQueryLookupStrategy.java:171)
	at org.springframework.data.jpa.repository.query.JpaQueryLookupStrategy$CreateIfNotFoundQueryLookupStrategy.resolveQuery(JpaQueryLookupStrategy.java:252)
	at org.springframework.data.jpa.repository.query.JpaQueryLookupStrategy$AbstractQueryLookupStrategy.resolveQuery(JpaQueryLookupStrategy.java:95)
	at org.springframework.data.repository.core.support.QueryExecutorMethodInterceptor.lookupQuery(QueryExecutorMethodInterceptor.java:111)
	at org.springframework.data.repository.core.support.QueryExecutorMethodInterceptor.mapMethodsToQuery(QueryExecutorMethodInterceptor.java:99)
	at org.springframework.data.repository.core.support.QueryExecutorMethodInterceptor.lambda$new$0(QueryExecutorMethodInterceptor.java:88)
	at java.base/java.util.Optional.map(Optional.java:260)
	at org.springframework.data.repository.core.support.QueryExecutorMethodInterceptor.<init>(QueryExecutorMethodInterceptor.java:88)
	at org.springframework.data.repository.core.support.RepositoryFactorySupport.getRepository(RepositoryFactorySupport.java:357)
	at org.springframework.data.repository.core.support.RepositoryFactoryBeanSupport.lambda$afterPropertiesSet$5(RepositoryFactoryBeanSupport.java:279)
	at org.springframework.data.util.Lazy.getNullable(Lazy.java:135)
	at org.springframework.data.util.Lazy.get(Lazy.java:113)
	at org.springframework.data.repository.core.support.RepositoryFactoryBeanSupport.afterPropertiesSet(RepositoryFactoryBeanSupport.java:285)
	at org.springframework.data.jpa.repository.support.JpaRepositoryFactoryBean.afterPropertiesSet(JpaRepositoryFactoryBean.java:132)
	at org.springframework.beans.factory.support.AbstractAutowireCapableBeanFactory.invokeInitMethods(AbstractAutowireCapableBeanFactory.java:1822)
	at org.springframework.beans.factory.support.AbstractAutowireCapableBeanFactory.initializeBean(AbstractAutowireCapableBeanFactory.java:1771)
	at org.springframework.beans.factory.support.AbstractAutowireCapableBeanFactory.doCreateBean(AbstractAutowireCapableBeanFactory.java:601)
	at org.springframework.beans.factory.support.AbstractAutowireCapableBeanFactory.createBean(AbstractAutowireCapableBeanFactory.java:523)
	at org.springframework.beans.factory.support.AbstractBeanFactory.lambda$doGetBean$0(AbstractBeanFactory.java:325)
	at org.springframework.beans.factory.support.DefaultSingletonBeanRegistry.getSingleton(DefaultSingletonBeanRegistry.java:234)
	at org.springframework.beans.factory.support.AbstractBeanFactory.doGetBean(AbstractBeanFactory.java:323)
	at org.springframework.beans.factory.support.AbstractBeanFactory.getBean(AbstractBeanFactory.java:199)
	at org.springframework.beans.factory.support.DefaultListableBeanFactory.preInstantiateSingletons(DefaultListableBeanFactory.java:967)
	at org.springframework.context.support.AbstractApplicationContext.finishBeanFactoryInitialization(AbstractApplicationContext.java:946)
	at org.springframework.context.support.AbstractApplicationContext.refresh(AbstractApplicationContext.java:616)
	at org.springframework.boot.SpringApplication.refresh(SpringApplication.java:753)
	at org.springframework.boot.SpringApplication.refreshContext(SpringApplication.java:455)
	at org.springframework.boot.SpringApplication.run(SpringApplication.java:323)
	at org.springframework.boot.test.context.SpringBootContextLoader.lambda$loadContext$3(SpringBootContextLoader.java:137)
	at org.springframework.util.function.ThrowingSupplier.get(ThrowingSupplier.java:58)
	at org.springframework.util.function.ThrowingSupplier.get(ThrowingSupplier.java:46)
	at org.springframework.boot.SpringApplication.withHook(SpringApplication.java:1442)
	at org.springframework.boot.test.context.SpringBootContextLoader$ContextLoaderHook.run(SpringBootContextLoader.java:552)
	at org.springframework.boot.test.context.SpringBootContextLoader.loadContext(SpringBootContextLoader.java:137)
	at org.springframework.boot.test.context.SpringBootContextLoader.loadContext(SpringBootContextLoader.java:108)
	at org.springframework.test.context.cache.DefaultCacheAwareContextLoaderDelegate.loadContextInternal(DefaultCacheAwareContextLoaderDelegate.java:225)
	at org.springframework.test.context.cache.DefaultCacheAwareContextLoaderDelegate.loadContext(DefaultCacheAwareContextLoaderDelegate.java:152)
	at org.springframework.test.context.support.DefaultTestContext.getApplicationContext(DefaultTestContext.java:130)
	at org.springframework.test.context.support.DependencyInjectionTestExecutionListener.injectDependencies(DependencyInjectionTestExecutionListener.java:141)
	at org.springframework.test.context.support.DependencyInjectionTestExecutionListener.prepareTestInstance(DependencyInjectionTestExecutionListener.java:97)
	at org.springframework.test.context.TestContextManager.prepareTestInstance(TestContextManager.java:247)
	at org.springframework.test.context.junit.jupiter.SpringExtension.postProcessTestInstance(SpringExtension.java:163)
	at org.junit.jupiter.engine.descriptor.ClassBasedTestDescriptor.lambda$invokeTestInstancePostProcessors$10(ClassBasedTestDescriptor.java:378)
	at org.junit.jupiter.engine.descriptor.ClassBasedTestDescriptor.executeAndMaskThrowable(ClassBasedTestDescriptor.java:383)
	at org.junit.jupiter.engine.descriptor.ClassBasedTestDescriptor.lambda$invokeTestInstancePostProcessors$11(ClassBasedTestDescriptor.java:378)
	at java.base/java.util.stream.ReferencePipeline$3$1.accept(ReferencePipeline.java:197)
	at java.base/java.util.stream.ReferencePipeline$2$1.accept(ReferencePipeline.java:179)
	at java.base/java.util.ArrayList$ArrayListSpliterator.forEachRemaining(ArrayList.java:1708)
	at java.base/java.util.stream.AbstractPipeline.copyInto(AbstractPipeline.java:509)
	at java.base/java.util.stream.AbstractPipeline.wrapAndCopyInto(AbstractPipeline.java:499)
	at java.base/java.util.stream.StreamSpliterators$WrappingSpliterator.forEachRemaining(StreamSpliterators.java:310)
	at java.base/java.util.stream.Streams$ConcatSpliterator.forEachRemaining(Streams.java:735)
	at java.base/java.util.stream.Streams$ConcatSpliterator.forEachRemaining(Streams.java:734)
	at java.base/java.util.stream.ReferencePipeline$Head.forEach(ReferencePipeline.java:762)
	at org.junit.jupiter.engine.descriptor.ClassBasedTestDescriptor.invokeTestInstancePostProcessors(ClassBasedTestDescriptor.java:377)
	at org.junit.jupiter.engine.descriptor.ClassBasedTestDescriptor.lambda$instantiateAndPostProcessTestInstance$6(ClassBasedTestDescriptor.java:290)
	at org.junit.platform.engine.support.hierarchical.ThrowableCollector.execute(ThrowableCollector.java:73)
	at org.junit.jupiter.engine.descriptor.ClassBasedTestDescriptor.instantiateAndPostProcessTestInstance(ClassBasedTestDescriptor.java:289)
	at org.junit.jupiter.engine.descriptor.ClassBasedTestDescriptor.lambda$testInstancesProvider$4(ClassBasedTestDescriptor.java:279)
	at java.base/java.util.Optional.orElseGet(Optional.java:364)
	at org.junit.jupiter.engine.descriptor.ClassBasedTestDescriptor.lambda$testInstancesProvider$5(ClassBasedTestDescriptor.java:278)
	at org.junit.jupiter.engine.execution.TestInstancesProvider.getTestInstances(TestInstancesProvider.java:31)
	at org.junit.jupiter.engine.descriptor.TestMethodTestDescriptor.lambda$prepare$0(TestMethodTestDescriptor.java:106)
	at org.junit.platform.engine.support.hierarchical.ThrowableCollector.execute(ThrowableCollector.java:73)
	at org.junit.jupiter.engine.descriptor.TestMethodTestDescriptor.prepare(TestMethodTestDescriptor.java:105)
	at org.junit.jupiter.engine.descriptor.TestMethodTestDescriptor.prepare(TestMethodTestDescriptor.java:69)
	at org.junit.platform.engine.support.hierarchical.NodeTestTask.lambda$prepare$2(NodeTestTask.java:123)
	at org.junit.platform.engine.support.hierarchical.ThrowableCollector.execute(ThrowableCollector.java:73)
	at org.junit.platform.engine.support.hierarchical.NodeTestTask.prepare(NodeTestTask.java:123)
	at org.junit.platform.engine.support.hierarchical.NodeTestTask.execute(NodeTestTask.java:90)
	at java.base/java.util.ArrayList.forEach(ArrayList.java:1596)
	at org.junit.platform.engine.support.hierarchical.SameThreadHierarchicalTestExecutorService.invokeAll(SameThreadHierarchicalTestExecutorService.java:41)
	at org.junit.platform.engine.support.hierarchical.NodeTestTask.lambda$executeRecursively$6(NodeTestTask.java:155)
	at org.junit.platform.engine.support.hierarchical.ThrowableCollector.execute(ThrowableCollector.java:73)
	at org.junit.platform.engine.support.hierarchical.NodeTestTask.lambda$executeRecursively$8(NodeTestTask.java:141)
	at org.junit.platform.engine.support.hierarchical.Node.around(Node.java:137)
	at org.junit.platform.engine.support.hierarchical.NodeTestTask.lambda$executeRecursively$9(NodeTestTask.java:139)
	at org.junit.platform.engine.support.hierarchical.ThrowableCollector.execute(ThrowableCollector.java:73)
	at org.junit.platform.engine.support.hierarchical.NodeTestTask.executeRecursively(NodeTestTask.java:138)
	at org.junit.platform.engine.support.hierarchical.NodeTestTask.execute(NodeTestTask.java:95)
	at java.base/java.util.ArrayList.forEach(ArrayList.java:1596)
	at org.junit.platform.engine.support.hierarchical.SameThreadHierarchicalTestExecutorService.invokeAll(SameThreadHierarchicalTestExecutorService.java:41)
	at org.junit.platform.engine.support.hierarchical.NodeTestTask.lambda$executeRecursively$6(NodeTestTask.java:155)
	at org.junit.platform.engine.support.hierarchical.ThrowableCollector.execute(ThrowableCollector.java:73)
	at org.junit.platform.engine.support.hierarchical.NodeTestTask.lambda$executeRecursively$8(NodeTestTask.java:141)
	at org.junit.platform.engine.support.hierarchical.Node.around(Node.java:137)
	at org.junit.platform.engine.support.hierarchical.NodeTestTask.lambda$executeRecursively$9(NodeTestTask.java:139)
	at org.junit.platform.engine.support.hierarchical.ThrowableCollector.execute(ThrowableCollector.java:73)
	at org.junit.platform.engine.support.hierarchical.NodeTestTask.executeRecursively(NodeTestTask.java:138)
	at org.junit.platform.engine.support.hierarchical.NodeTestTask.execute(NodeTestTask.java:95)
	at org.junit.platform.engine.support.hierarchical.SameThreadHierarchicalTestExecutorService.submit(SameThreadHierarchicalTestExecutorService.java:35)
	at org.junit.platform.engine.support.hierarchical.HierarchicalTestExecutor.execute(HierarchicalTestExecutor.java:57)
	at org.junit.platform.engine.support.hierarchical.HierarchicalTestEngine.execute(HierarchicalTestEngine.java:54)
	at org.junit.platform.launcher.core.EngineExecutionOrchestrator.execute(EngineExecutionOrchestrator.java:198)
	at org.junit.platform.launcher.core.EngineExecutionOrchestrator.execute(EngineExecutionOrchestrator.java:169)
	at org.junit.platform.launcher.core.EngineExecutionOrchestrator.execute(EngineExecutionOrchestrator.java:93)
	at org.junit.platform.launcher.core.EngineExecutionOrchestrator.lambda$execute$0(EngineExecutionOrchestrator.java:58)
	at org.junit.platform.launcher.core.EngineExecutionOrchestrator.withInterceptedStreams(EngineExecutionOrchestrator.java:141)
	at org.junit.platform.launcher.core.EngineExecutionOrchestrator.execute(EngineExecutionOrchestrator.java:57)
	at org.junit.platform.launcher.core.DefaultLauncher.execute(DefaultLauncher.java:103)
	at org.junit.platform.launcher.core.DefaultLauncher.execute(DefaultLauncher.java:85)
	at org.junit.platform.launcher.core.DelegatingLauncher.execute(DelegatingLauncher.java:47)
	at org.apache.maven.surefire.junitplatform.LazyLauncher.execute(LazyLauncher.java:56)
	at org.apache.maven.surefire.junitplatform.JUnitPlatformProvider.execute(JUnitPlatformProvider.java:184)
	at org.apache.maven.surefire.junitplatform.JUnitPlatformProvider.invokeAllTests(JUnitPlatformProvider.java:148)
	at org.apache.maven.surefire.junitplatform.JUnitPlatformProvider.invoke(JUnitPlatformProvider.java:122)
	at org.apache.maven.surefire.booter.ForkedBooter.runSuitesInProcess(ForkedBooter.java:385)
	at org.apache.maven.surefire.booter.ForkedBooter.execute(ForkedBooter.java:162)
	at org.apache.maven.surefire.booter.ForkedBooter.run(ForkedBooter.java:507)
	at org.apache.maven.surefire.booter.ForkedBooter.main(ForkedBooter.java:495)
2025-06-14 16:48:06 - HQL : SELECT m FROM Milestone m WHERE m.project = :project AND m.date >= :today AND m.date <= :endDate ORDER BY m.date
2025-06-14 16:48:06 - Encountered use of reserved word as identifier : >=
2025-06-14 16:48:06 - Encountered use of reserved word as identifier : <=
2025-06-14 16:48:06 - Encountered use of reserved word as identifier : <EOF>
2025-06-14 16:48:06 - Applying inferable type to SqmExpression [SqmNamedParameter(project)] : null -> Project
2025-06-14 16:48:06 - Applying inferable type to SqmExpression [SqmNamedParameter(today)] : null -> SqmBasicValuedSimplePath(org.frcpm.models.Milestone(m).date)
2025-06-14 16:48:06 - Applying inferable type to SqmExpression [SqmNamedParameter(endDate)] : null -> SqmBasicValuedSimplePath(org.frcpm.models.Milestone(m).date)
2025-06-14 16:48:06 - SqmStatement Tree :
    -> [select]
      -> [query-spec]
        -> [select]
          -> [selection]
            -> [root] - `org.frcpm.models.Milestone(m)`
            <- [root] - `org.frcpm.models.Milestone(m)`
          <- [selection]
        <- [select]
        -> [from]
          -> [root] - `org.frcpm.models.Milestone(m)`
          <- [root] - `org.frcpm.models.Milestone(m)`
        <- [from]
        -> [where]
          -> [and]
            -> [EQUAL]
                -> [entity-path] - `org.frcpm.models.Milestone(m).project`
                :project
            <- [EQUAL]
            -> [GREATER_THAN_OR_EQUAL]
                -> [basic-path] - `org.frcpm.models.Milestone(m).date`
                :today
            <- [GREATER_THAN_OR_EQUAL]
            -> [LESS_THAN_OR_EQUAL]
                -> [basic-path] - `org.frcpm.models.Milestone(m).date`
                :endDate
            <- [LESS_THAN_OR_EQUAL]
          <- [and]
        <- [where]
      <- [query-spec]
    <- [select]

2025-06-14 16:48:06 - JDBC transaction marked for rollback-only (exception provided for stack trace)
java.lang.Exception: exception just for purpose of providing stack trace
	at org.hibernate.resource.transaction.backend.jdbc.internal.JdbcResourceLocalTransactionCoordinatorImpl$TransactionDriverControlImpl.markRollbackOnly(JdbcResourceLocalTransactionCoordinatorImpl.java:310)
	at org.hibernate.internal.AbstractSharedSessionContract.buildNamedQuery(AbstractSharedSessionContract.java:1051)
	at org.hibernate.internal.AbstractSharedSessionContract.createNamedQuery(AbstractSharedSessionContract.java:929)
	at org.hibernate.internal.AbstractSharedSessionContract.createNamedQuery(AbstractSharedSessionContract.java:132)
	at java.base/jdk.internal.reflect.DirectMethodHandleAccessor.invoke(DirectMethodHandleAccessor.java:103)
	at java.base/java.lang.reflect.Method.invoke(Method.java:580)
	at org.springframework.orm.jpa.ExtendedEntityManagerCreator$ExtendedEntityManagerInvocationHandler.invoke(ExtendedEntityManagerCreator.java:360)
	at jdk.proxy2/jdk.proxy2.$Proxy112.createNamedQuery(Unknown Source)
	at org.springframework.data.jpa.repository.query.NamedQuery.hasNamedQuery(NamedQuery.java:113)
	at org.springframework.data.jpa.repository.query.NamedQuery.lookupFrom(NamedQuery.java:141)
	at org.springframework.data.jpa.repository.query.JpaQueryLookupStrategy$DeclaredQueryLookupStrategy.resolveQuery(JpaQueryLookupStrategy.java:180)
	at org.springframework.data.jpa.repository.query.JpaQueryLookupStrategy$CreateIfNotFoundQueryLookupStrategy.resolveQuery(JpaQueryLookupStrategy.java:252)
	at org.springframework.data.jpa.repository.query.JpaQueryLookupStrategy$AbstractQueryLookupStrategy.resolveQuery(JpaQueryLookupStrategy.java:95)
	at org.springframework.data.repository.core.support.QueryExecutorMethodInterceptor.lookupQuery(QueryExecutorMethodInterceptor.java:111)
	at org.springframework.data.repository.core.support.QueryExecutorMethodInterceptor.mapMethodsToQuery(QueryExecutorMethodInterceptor.java:99)
	at org.springframework.data.repository.core.support.QueryExecutorMethodInterceptor.lambda$new$0(QueryExecutorMethodInterceptor.java:88)
	at java.base/java.util.Optional.map(Optional.java:260)
	at org.springframework.data.repository.core.support.QueryExecutorMethodInterceptor.<init>(QueryExecutorMethodInterceptor.java:88)
	at org.springframework.data.repository.core.support.RepositoryFactorySupport.getRepository(RepositoryFactorySupport.java:357)
	at org.springframework.data.repository.core.support.RepositoryFactoryBeanSupport.lambda$afterPropertiesSet$5(RepositoryFactoryBeanSupport.java:279)
	at org.springframework.data.util.Lazy.getNullable(Lazy.java:135)
	at org.springframework.data.util.Lazy.get(Lazy.java:113)
	at org.springframework.data.repository.core.support.RepositoryFactoryBeanSupport.afterPropertiesSet(RepositoryFactoryBeanSupport.java:285)
	at org.springframework.data.jpa.repository.support.JpaRepositoryFactoryBean.afterPropertiesSet(JpaRepositoryFactoryBean.java:132)
	at org.springframework.beans.factory.support.AbstractAutowireCapableBeanFactory.invokeInitMethods(AbstractAutowireCapableBeanFactory.java:1822)
	at org.springframework.beans.factory.support.AbstractAutowireCapableBeanFactory.initializeBean(AbstractAutowireCapableBeanFactory.java:1771)
	at org.springframework.beans.factory.support.AbstractAutowireCapableBeanFactory.doCreateBean(AbstractAutowireCapableBeanFactory.java:601)
	at org.springframework.beans.factory.support.AbstractAutowireCapableBeanFactory.createBean(AbstractAutowireCapableBeanFactory.java:523)
	at org.springframework.beans.factory.support.AbstractBeanFactory.lambda$doGetBean$0(AbstractBeanFactory.java:325)
	at org.springframework.beans.factory.support.DefaultSingletonBeanRegistry.getSingleton(DefaultSingletonBeanRegistry.java:234)
	at org.springframework.beans.factory.support.AbstractBeanFactory.doGetBean(AbstractBeanFactory.java:323)
	at org.springframework.beans.factory.support.AbstractBeanFactory.getBean(AbstractBeanFactory.java:199)
	at org.springframework.beans.factory.support.DefaultListableBeanFactory.preInstantiateSingletons(DefaultListableBeanFactory.java:967)
	at org.springframework.context.support.AbstractApplicationContext.finishBeanFactoryInitialization(AbstractApplicationContext.java:946)
	at org.springframework.context.support.AbstractApplicationContext.refresh(AbstractApplicationContext.java:616)
	at org.springframework.boot.SpringApplication.refresh(SpringApplication.java:753)
	at org.springframework.boot.SpringApplication.refreshContext(SpringApplication.java:455)
	at org.springframework.boot.SpringApplication.run(SpringApplication.java:323)
	at org.springframework.boot.test.context.SpringBootContextLoader.lambda$loadContext$3(SpringBootContextLoader.java:137)
	at org.springframework.util.function.ThrowingSupplier.get(ThrowingSupplier.java:58)
	at org.springframework.util.function.ThrowingSupplier.get(ThrowingSupplier.java:46)
	at org.springframework.boot.SpringApplication.withHook(SpringApplication.java:1442)
	at org.springframework.boot.test.context.SpringBootContextLoader$ContextLoaderHook.run(SpringBootContextLoader.java:552)
	at org.springframework.boot.test.context.SpringBootContextLoader.loadContext(SpringBootContextLoader.java:137)
	at org.springframework.boot.test.context.SpringBootContextLoader.loadContext(SpringBootContextLoader.java:108)
	at org.springframework.test.context.cache.DefaultCacheAwareContextLoaderDelegate.loadContextInternal(DefaultCacheAwareContextLoaderDelegate.java:225)
	at org.springframework.test.context.cache.DefaultCacheAwareContextLoaderDelegate.loadContext(DefaultCacheAwareContextLoaderDelegate.java:152)
	at org.springframework.test.context.support.DefaultTestContext.getApplicationContext(DefaultTestContext.java:130)
	at org.springframework.test.context.support.DependencyInjectionTestExecutionListener.injectDependencies(DependencyInjectionTestExecutionListener.java:141)
	at org.springframework.test.context.support.DependencyInjectionTestExecutionListener.prepareTestInstance(DependencyInjectionTestExecutionListener.java:97)
	at org.springframework.test.context.TestContextManager.prepareTestInstance(TestContextManager.java:247)
	at org.springframework.test.context.junit.jupiter.SpringExtension.postProcessTestInstance(SpringExtension.java:163)
	at org.junit.jupiter.engine.descriptor.ClassBasedTestDescriptor.lambda$invokeTestInstancePostProcessors$10(ClassBasedTestDescriptor.java:378)
	at org.junit.jupiter.engine.descriptor.ClassBasedTestDescriptor.executeAndMaskThrowable(ClassBasedTestDescriptor.java:383)
	at org.junit.jupiter.engine.descriptor.ClassBasedTestDescriptor.lambda$invokeTestInstancePostProcessors$11(ClassBasedTestDescriptor.java:378)
	at java.base/java.util.stream.ReferencePipeline$3$1.accept(ReferencePipeline.java:197)
	at java.base/java.util.stream.ReferencePipeline$2$1.accept(ReferencePipeline.java:179)
	at java.base/java.util.ArrayList$ArrayListSpliterator.forEachRemaining(ArrayList.java:1708)
	at java.base/java.util.stream.AbstractPipeline.copyInto(AbstractPipeline.java:509)
	at java.base/java.util.stream.AbstractPipeline.wrapAndCopyInto(AbstractPipeline.java:499)
	at java.base/java.util.stream.StreamSpliterators$WrappingSpliterator.forEachRemaining(StreamSpliterators.java:310)
	at java.base/java.util.stream.Streams$ConcatSpliterator.forEachRemaining(Streams.java:735)
	at java.base/java.util.stream.Streams$ConcatSpliterator.forEachRemaining(Streams.java:734)
	at java.base/java.util.stream.ReferencePipeline$Head.forEach(ReferencePipeline.java:762)
	at org.junit.jupiter.engine.descriptor.ClassBasedTestDescriptor.invokeTestInstancePostProcessors(ClassBasedTestDescriptor.java:377)
	at org.junit.jupiter.engine.descriptor.ClassBasedTestDescriptor.lambda$instantiateAndPostProcessTestInstance$6(ClassBasedTestDescriptor.java:290)
	at org.junit.platform.engine.support.hierarchical.ThrowableCollector.execute(ThrowableCollector.java:73)
	at org.junit.jupiter.engine.descriptor.ClassBasedTestDescriptor.instantiateAndPostProcessTestInstance(ClassBasedTestDescriptor.java:289)
	at org.junit.jupiter.engine.descriptor.ClassBasedTestDescriptor.lambda$testInstancesProvider$4(ClassBasedTestDescriptor.java:279)
	at java.base/java.util.Optional.orElseGet(Optional.java:364)
	at org.junit.jupiter.engine.descriptor.ClassBasedTestDescriptor.lambda$testInstancesProvider$5(ClassBasedTestDescriptor.java:278)
	at org.junit.jupiter.engine.execution.TestInstancesProvider.getTestInstances(TestInstancesProvider.java:31)
	at org.junit.jupiter.engine.descriptor.TestMethodTestDescriptor.lambda$prepare$0(TestMethodTestDescriptor.java:106)
	at org.junit.platform.engine.support.hierarchical.ThrowableCollector.execute(ThrowableCollector.java:73)
	at org.junit.jupiter.engine.descriptor.TestMethodTestDescriptor.prepare(TestMethodTestDescriptor.java:105)
	at org.junit.jupiter.engine.descriptor.TestMethodTestDescriptor.prepare(TestMethodTestDescriptor.java:69)
	at org.junit.platform.engine.support.hierarchical.NodeTestTask.lambda$prepare$2(NodeTestTask.java:123)
	at org.junit.platform.engine.support.hierarchical.ThrowableCollector.execute(ThrowableCollector.java:73)
	at org.junit.platform.engine.support.hierarchical.NodeTestTask.prepare(NodeTestTask.java:123)
	at org.junit.platform.engine.support.hierarchical.NodeTestTask.execute(NodeTestTask.java:90)
	at java.base/java.util.ArrayList.forEach(ArrayList.java:1596)
	at org.junit.platform.engine.support.hierarchical.SameThreadHierarchicalTestExecutorService.invokeAll(SameThreadHierarchicalTestExecutorService.java:41)
	at org.junit.platform.engine.support.hierarchical.NodeTestTask.lambda$executeRecursively$6(NodeTestTask.java:155)
	at org.junit.platform.engine.support.hierarchical.ThrowableCollector.execute(ThrowableCollector.java:73)
	at org.junit.platform.engine.support.hierarchical.NodeTestTask.lambda$executeRecursively$8(NodeTestTask.java:141)
	at org.junit.platform.engine.support.hierarchical.Node.around(Node.java:137)
	at org.junit.platform.engine.support.hierarchical.NodeTestTask.lambda$executeRecursively$9(NodeTestTask.java:139)
	at org.junit.platform.engine.support.hierarchical.ThrowableCollector.execute(ThrowableCollector.java:73)
	at org.junit.platform.engine.support.hierarchical.NodeTestTask.executeRecursively(NodeTestTask.java:138)
	at org.junit.platform.engine.support.hierarchical.NodeTestTask.execute(NodeTestTask.java:95)
	at java.base/java.util.ArrayList.forEach(ArrayList.java:1596)
	at org.junit.platform.engine.support.hierarchical.SameThreadHierarchicalTestExecutorService.invokeAll(SameThreadHierarchicalTestExecutorService.java:41)
	at org.junit.platform.engine.support.hierarchical.NodeTestTask.lambda$executeRecursively$6(NodeTestTask.java:155)
	at org.junit.platform.engine.support.hierarchical.ThrowableCollector.execute(ThrowableCollector.java:73)
	at org.junit.platform.engine.support.hierarchical.NodeTestTask.lambda$executeRecursively$8(NodeTestTask.java:141)
	at org.junit.platform.engine.support.hierarchical.Node.around(Node.java:137)
	at org.junit.platform.engine.support.hierarchical.NodeTestTask.lambda$executeRecursively$9(NodeTestTask.java:139)
	at org.junit.platform.engine.support.hierarchical.ThrowableCollector.execute(ThrowableCollector.java:73)
	at org.junit.platform.engine.support.hierarchical.NodeTestTask.executeRecursively(NodeTestTask.java:138)
	at org.junit.platform.engine.support.hierarchical.NodeTestTask.execute(NodeTestTask.java:95)
	at org.junit.platform.engine.support.hierarchical.SameThreadHierarchicalTestExecutorService.submit(SameThreadHierarchicalTestExecutorService.java:35)
	at org.junit.platform.engine.support.hierarchical.HierarchicalTestExecutor.execute(HierarchicalTestExecutor.java:57)
	at org.junit.platform.engine.support.hierarchical.HierarchicalTestEngine.execute(HierarchicalTestEngine.java:54)
	at org.junit.platform.launcher.core.EngineExecutionOrchestrator.execute(EngineExecutionOrchestrator.java:198)
	at org.junit.platform.launcher.core.EngineExecutionOrchestrator.execute(EngineExecutionOrchestrator.java:169)
	at org.junit.platform.launcher.core.EngineExecutionOrchestrator.execute(EngineExecutionOrchestrator.java:93)
	at org.junit.platform.launcher.core.EngineExecutionOrchestrator.lambda$execute$0(EngineExecutionOrchestrator.java:58)
	at org.junit.platform.launcher.core.EngineExecutionOrchestrator.withInterceptedStreams(EngineExecutionOrchestrator.java:141)
	at org.junit.platform.launcher.core.EngineExecutionOrchestrator.execute(EngineExecutionOrchestrator.java:57)
	at org.junit.platform.launcher.core.DefaultLauncher.execute(DefaultLauncher.java:103)
	at org.junit.platform.launcher.core.DefaultLauncher.execute(DefaultLauncher.java:85)
	at org.junit.platform.launcher.core.DelegatingLauncher.execute(DelegatingLauncher.java:47)
	at org.apache.maven.surefire.junitplatform.LazyLauncher.execute(LazyLauncher.java:56)
	at org.apache.maven.surefire.junitplatform.JUnitPlatformProvider.execute(JUnitPlatformProvider.java:184)
	at org.apache.maven.surefire.junitplatform.JUnitPlatformProvider.invokeAllTests(JUnitPlatformProvider.java:148)
	at org.apache.maven.surefire.junitplatform.JUnitPlatformProvider.invoke(JUnitPlatformProvider.java:122)
	at org.apache.maven.surefire.booter.ForkedBooter.runSuitesInProcess(ForkedBooter.java:385)
	at org.apache.maven.surefire.booter.ForkedBooter.execute(ForkedBooter.java:162)
	at org.apache.maven.surefire.booter.ForkedBooter.run(ForkedBooter.java:507)
	at org.apache.maven.surefire.booter.ForkedBooter.main(ForkedBooter.java:495)
2025-06-14 16:48:06 - JDBC transaction marked for rollback-only (exception provided for stack trace)
java.lang.Exception: exception just for purpose of providing stack trace
	at org.hibernate.resource.transaction.backend.jdbc.internal.JdbcResourceLocalTransactionCoordinatorImpl$TransactionDriverControlImpl.markRollbackOnly(JdbcResourceLocalTransactionCoordinatorImpl.java:310)
	at org.hibernate.internal.AbstractSharedSessionContract.buildNamedQuery(AbstractSharedSessionContract.java:1051)
	at org.hibernate.internal.AbstractSharedSessionContract.createNamedQuery(AbstractSharedSessionContract.java:929)
	at org.hibernate.internal.AbstractSharedSessionContract.createNamedQuery(AbstractSharedSessionContract.java:132)
	at java.base/jdk.internal.reflect.DirectMethodHandleAccessor.invoke(DirectMethodHandleAccessor.java:103)
	at java.base/java.lang.reflect.Method.invoke(Method.java:580)
	at org.springframework.orm.jpa.ExtendedEntityManagerCreator$ExtendedEntityManagerInvocationHandler.invoke(ExtendedEntityManagerCreator.java:360)
	at jdk.proxy2/jdk.proxy2.$Proxy112.createNamedQuery(Unknown Source)
	at org.springframework.data.jpa.repository.query.NamedQuery.hasNamedQuery(NamedQuery.java:113)
	at org.springframework.data.jpa.repository.query.NamedQuery.lookupFrom(NamedQuery.java:141)
	at org.springframework.data.jpa.repository.query.JpaQueryLookupStrategy$DeclaredQueryLookupStrategy.resolveQuery(JpaQueryLookupStrategy.java:180)
	at org.springframework.data.jpa.repository.query.JpaQueryLookupStrategy$CreateIfNotFoundQueryLookupStrategy.resolveQuery(JpaQueryLookupStrategy.java:252)
	at org.springframework.data.jpa.repository.query.JpaQueryLookupStrategy$AbstractQueryLookupStrategy.resolveQuery(JpaQueryLookupStrategy.java:95)
	at org.springframework.data.repository.core.support.QueryExecutorMethodInterceptor.lookupQuery(QueryExecutorMethodInterceptor.java:111)
	at org.springframework.data.repository.core.support.QueryExecutorMethodInterceptor.mapMethodsToQuery(QueryExecutorMethodInterceptor.java:99)
	at org.springframework.data.repository.core.support.QueryExecutorMethodInterceptor.lambda$new$0(QueryExecutorMethodInterceptor.java:88)
	at java.base/java.util.Optional.map(Optional.java:260)
	at org.springframework.data.repository.core.support.QueryExecutorMethodInterceptor.<init>(QueryExecutorMethodInterceptor.java:88)
	at org.springframework.data.repository.core.support.RepositoryFactorySupport.getRepository(RepositoryFactorySupport.java:357)
	at org.springframework.data.repository.core.support.RepositoryFactoryBeanSupport.lambda$afterPropertiesSet$5(RepositoryFactoryBeanSupport.java:279)
	at org.springframework.data.util.Lazy.getNullable(Lazy.java:135)
	at org.springframework.data.util.Lazy.get(Lazy.java:113)
	at org.springframework.data.repository.core.support.RepositoryFactoryBeanSupport.afterPropertiesSet(RepositoryFactoryBeanSupport.java:285)
	at org.springframework.data.jpa.repository.support.JpaRepositoryFactoryBean.afterPropertiesSet(JpaRepositoryFactoryBean.java:132)
	at org.springframework.beans.factory.support.AbstractAutowireCapableBeanFactory.invokeInitMethods(AbstractAutowireCapableBeanFactory.java:1822)
	at org.springframework.beans.factory.support.AbstractAutowireCapableBeanFactory.initializeBean(AbstractAutowireCapableBeanFactory.java:1771)
	at org.springframework.beans.factory.support.AbstractAutowireCapableBeanFactory.doCreateBean(AbstractAutowireCapableBeanFactory.java:601)
	at org.springframework.beans.factory.support.AbstractAutowireCapableBeanFactory.createBean(AbstractAutowireCapableBeanFactory.java:523)
	at org.springframework.beans.factory.support.AbstractBeanFactory.lambda$doGetBean$0(AbstractBeanFactory.java:325)
	at org.springframework.beans.factory.support.DefaultSingletonBeanRegistry.getSingleton(DefaultSingletonBeanRegistry.java:234)
	at org.springframework.beans.factory.support.AbstractBeanFactory.doGetBean(AbstractBeanFactory.java:323)
	at org.springframework.beans.factory.support.AbstractBeanFactory.getBean(AbstractBeanFactory.java:199)
	at org.springframework.beans.factory.support.DefaultListableBeanFactory.preInstantiateSingletons(DefaultListableBeanFactory.java:967)
	at org.springframework.context.support.AbstractApplicationContext.finishBeanFactoryInitialization(AbstractApplicationContext.java:946)
	at org.springframework.context.support.AbstractApplicationContext.refresh(AbstractApplicationContext.java:616)
	at org.springframework.boot.SpringApplication.refresh(SpringApplication.java:753)
	at org.springframework.boot.SpringApplication.refreshContext(SpringApplication.java:455)
	at org.springframework.boot.SpringApplication.run(SpringApplication.java:323)
	at org.springframework.boot.test.context.SpringBootContextLoader.lambda$loadContext$3(SpringBootContextLoader.java:137)
	at org.springframework.util.function.ThrowingSupplier.get(ThrowingSupplier.java:58)
	at org.springframework.util.function.ThrowingSupplier.get(ThrowingSupplier.java:46)
	at org.springframework.boot.SpringApplication.withHook(SpringApplication.java:1442)
	at org.springframework.boot.test.context.SpringBootContextLoader$ContextLoaderHook.run(SpringBootContextLoader.java:552)
	at org.springframework.boot.test.context.SpringBootContextLoader.loadContext(SpringBootContextLoader.java:137)
	at org.springframework.boot.test.context.SpringBootContextLoader.loadContext(SpringBootContextLoader.java:108)
	at org.springframework.test.context.cache.DefaultCacheAwareContextLoaderDelegate.loadContextInternal(DefaultCacheAwareContextLoaderDelegate.java:225)
	at org.springframework.test.context.cache.DefaultCacheAwareContextLoaderDelegate.loadContext(DefaultCacheAwareContextLoaderDelegate.java:152)
	at org.springframework.test.context.support.DefaultTestContext.getApplicationContext(DefaultTestContext.java:130)
	at org.springframework.test.context.support.DependencyInjectionTestExecutionListener.injectDependencies(DependencyInjectionTestExecutionListener.java:141)
	at org.springframework.test.context.support.DependencyInjectionTestExecutionListener.prepareTestInstance(DependencyInjectionTestExecutionListener.java:97)
	at org.springframework.test.context.TestContextManager.prepareTestInstance(TestContextManager.java:247)
	at org.springframework.test.context.junit.jupiter.SpringExtension.postProcessTestInstance(SpringExtension.java:163)
	at org.junit.jupiter.engine.descriptor.ClassBasedTestDescriptor.lambda$invokeTestInstancePostProcessors$10(ClassBasedTestDescriptor.java:378)
	at org.junit.jupiter.engine.descriptor.ClassBasedTestDescriptor.executeAndMaskThrowable(ClassBasedTestDescriptor.java:383)
	at org.junit.jupiter.engine.descriptor.ClassBasedTestDescriptor.lambda$invokeTestInstancePostProcessors$11(ClassBasedTestDescriptor.java:378)
	at java.base/java.util.stream.ReferencePipeline$3$1.accept(ReferencePipeline.java:197)
	at java.base/java.util.stream.ReferencePipeline$2$1.accept(ReferencePipeline.java:179)
	at java.base/java.util.ArrayList$ArrayListSpliterator.forEachRemaining(ArrayList.java:1708)
	at java.base/java.util.stream.AbstractPipeline.copyInto(AbstractPipeline.java:509)
	at java.base/java.util.stream.AbstractPipeline.wrapAndCopyInto(AbstractPipeline.java:499)
	at java.base/java.util.stream.StreamSpliterators$WrappingSpliterator.forEachRemaining(StreamSpliterators.java:310)
	at java.base/java.util.stream.Streams$ConcatSpliterator.forEachRemaining(Streams.java:735)
	at java.base/java.util.stream.Streams$ConcatSpliterator.forEachRemaining(Streams.java:734)
	at java.base/java.util.stream.ReferencePipeline$Head.forEach(ReferencePipeline.java:762)
	at org.junit.jupiter.engine.descriptor.ClassBasedTestDescriptor.invokeTestInstancePostProcessors(ClassBasedTestDescriptor.java:377)
	at org.junit.jupiter.engine.descriptor.ClassBasedTestDescriptor.lambda$instantiateAndPostProcessTestInstance$6(ClassBasedTestDescriptor.java:290)
	at org.junit.platform.engine.support.hierarchical.ThrowableCollector.execute(ThrowableCollector.java:73)
	at org.junit.jupiter.engine.descriptor.ClassBasedTestDescriptor.instantiateAndPostProcessTestInstance(ClassBasedTestDescriptor.java:289)
	at org.junit.jupiter.engine.descriptor.ClassBasedTestDescriptor.lambda$testInstancesProvider$4(ClassBasedTestDescriptor.java:279)
	at java.base/java.util.Optional.orElseGet(Optional.java:364)
	at org.junit.jupiter.engine.descriptor.ClassBasedTestDescriptor.lambda$testInstancesProvider$5(ClassBasedTestDescriptor.java:278)
	at org.junit.jupiter.engine.execution.TestInstancesProvider.getTestInstances(TestInstancesProvider.java:31)
	at org.junit.jupiter.engine.descriptor.TestMethodTestDescriptor.lambda$prepare$0(TestMethodTestDescriptor.java:106)
	at org.junit.platform.engine.support.hierarchical.ThrowableCollector.execute(ThrowableCollector.java:73)
	at org.junit.jupiter.engine.descriptor.TestMethodTestDescriptor.prepare(TestMethodTestDescriptor.java:105)
	at org.junit.jupiter.engine.descriptor.TestMethodTestDescriptor.prepare(TestMethodTestDescriptor.java:69)
	at org.junit.platform.engine.support.hierarchical.NodeTestTask.lambda$prepare$2(NodeTestTask.java:123)
	at org.junit.platform.engine.support.hierarchical.ThrowableCollector.execute(ThrowableCollector.java:73)
	at org.junit.platform.engine.support.hierarchical.NodeTestTask.prepare(NodeTestTask.java:123)
	at org.junit.platform.engine.support.hierarchical.NodeTestTask.execute(NodeTestTask.java:90)
	at java.base/java.util.ArrayList.forEach(ArrayList.java:1596)
	at org.junit.platform.engine.support.hierarchical.SameThreadHierarchicalTestExecutorService.invokeAll(SameThreadHierarchicalTestExecutorService.java:41)
	at org.junit.platform.engine.support.hierarchical.NodeTestTask.lambda$executeRecursively$6(NodeTestTask.java:155)
	at org.junit.platform.engine.support.hierarchical.ThrowableCollector.execute(ThrowableCollector.java:73)
	at org.junit.platform.engine.support.hierarchical.NodeTestTask.lambda$executeRecursively$8(NodeTestTask.java:141)
	at org.junit.platform.engine.support.hierarchical.Node.around(Node.java:137)
	at org.junit.platform.engine.support.hierarchical.NodeTestTask.lambda$executeRecursively$9(NodeTestTask.java:139)
	at org.junit.platform.engine.support.hierarchical.ThrowableCollector.execute(ThrowableCollector.java:73)
	at org.junit.platform.engine.support.hierarchical.NodeTestTask.executeRecursively(NodeTestTask.java:138)
	at org.junit.platform.engine.support.hierarchical.NodeTestTask.execute(NodeTestTask.java:95)
	at java.base/java.util.ArrayList.forEach(ArrayList.java:1596)
	at org.junit.platform.engine.support.hierarchical.SameThreadHierarchicalTestExecutorService.invokeAll(SameThreadHierarchicalTestExecutorService.java:41)
	at org.junit.platform.engine.support.hierarchical.NodeTestTask.lambda$executeRecursively$6(NodeTestTask.java:155)
	at org.junit.platform.engine.support.hierarchical.ThrowableCollector.execute(ThrowableCollector.java:73)
	at org.junit.platform.engine.support.hierarchical.NodeTestTask.lambda$executeRecursively$8(NodeTestTask.java:141)
	at org.junit.platform.engine.support.hierarchical.Node.around(Node.java:137)
	at org.junit.platform.engine.support.hierarchical.NodeTestTask.lambda$executeRecursively$9(NodeTestTask.java:139)
	at org.junit.platform.engine.support.hierarchical.ThrowableCollector.execute(ThrowableCollector.java:73)
	at org.junit.platform.engine.support.hierarchical.NodeTestTask.executeRecursively(NodeTestTask.java:138)
	at org.junit.platform.engine.support.hierarchical.NodeTestTask.execute(NodeTestTask.java:95)
	at org.junit.platform.engine.support.hierarchical.SameThreadHierarchicalTestExecutorService.submit(SameThreadHierarchicalTestExecutorService.java:35)
	at org.junit.platform.engine.support.hierarchical.HierarchicalTestExecutor.execute(HierarchicalTestExecutor.java:57)
	at org.junit.platform.engine.support.hierarchical.HierarchicalTestEngine.execute(HierarchicalTestEngine.java:54)
	at org.junit.platform.launcher.core.EngineExecutionOrchestrator.execute(EngineExecutionOrchestrator.java:198)
	at org.junit.platform.launcher.core.EngineExecutionOrchestrator.execute(EngineExecutionOrchestrator.java:169)
	at org.junit.platform.launcher.core.EngineExecutionOrchestrator.execute(EngineExecutionOrchestrator.java:93)
	at org.junit.platform.launcher.core.EngineExecutionOrchestrator.lambda$execute$0(EngineExecutionOrchestrator.java:58)
	at org.junit.platform.launcher.core.EngineExecutionOrchestrator.withInterceptedStreams(EngineExecutionOrchestrator.java:141)
	at org.junit.platform.launcher.core.EngineExecutionOrchestrator.execute(EngineExecutionOrchestrator.java:57)
	at org.junit.platform.launcher.core.DefaultLauncher.execute(DefaultLauncher.java:103)
	at org.junit.platform.launcher.core.DefaultLauncher.execute(DefaultLauncher.java:85)
	at org.junit.platform.launcher.core.DelegatingLauncher.execute(DelegatingLauncher.java:47)
	at org.apache.maven.surefire.junitplatform.LazyLauncher.execute(LazyLauncher.java:56)
	at org.apache.maven.surefire.junitplatform.JUnitPlatformProvider.execute(JUnitPlatformProvider.java:184)
	at org.apache.maven.surefire.junitplatform.JUnitPlatformProvider.invokeAllTests(JUnitPlatformProvider.java:148)
	at org.apache.maven.surefire.junitplatform.JUnitPlatformProvider.invoke(JUnitPlatformProvider.java:122)
	at org.apache.maven.surefire.booter.ForkedBooter.runSuitesInProcess(ForkedBooter.java:385)
	at org.apache.maven.surefire.booter.ForkedBooter.execute(ForkedBooter.java:162)
	at org.apache.maven.surefire.booter.ForkedBooter.run(ForkedBooter.java:507)
	at org.apache.maven.surefire.booter.ForkedBooter.main(ForkedBooter.java:495)
2025-06-14 16:48:06 - JDBC transaction marked for rollback-only (exception provided for stack trace)
java.lang.Exception: exception just for purpose of providing stack trace
	at org.hibernate.resource.transaction.backend.jdbc.internal.JdbcResourceLocalTransactionCoordinatorImpl$TransactionDriverControlImpl.markRollbackOnly(JdbcResourceLocalTransactionCoordinatorImpl.java:310)
	at org.hibernate.internal.AbstractSharedSessionContract.buildNamedQuery(AbstractSharedSessionContract.java:1051)
	at org.hibernate.internal.AbstractSharedSessionContract.createNamedQuery(AbstractSharedSessionContract.java:929)
	at org.hibernate.internal.AbstractSharedSessionContract.createNamedQuery(AbstractSharedSessionContract.java:132)
	at java.base/jdk.internal.reflect.DirectMethodHandleAccessor.invoke(DirectMethodHandleAccessor.java:103)
	at java.base/java.lang.reflect.Method.invoke(Method.java:580)
	at org.springframework.orm.jpa.ExtendedEntityManagerCreator$ExtendedEntityManagerInvocationHandler.invoke(ExtendedEntityManagerCreator.java:360)
	at jdk.proxy2/jdk.proxy2.$Proxy112.createNamedQuery(Unknown Source)
	at org.springframework.data.jpa.repository.query.NamedQuery.hasNamedQuery(NamedQuery.java:113)
	at org.springframework.data.jpa.repository.query.JpaQueryLookupStrategy$DeclaredQueryLookupStrategy.getCountQuery(JpaQueryLookupStrategy.java:204)
	at org.springframework.data.jpa.repository.query.JpaQueryLookupStrategy$DeclaredQueryLookupStrategy.resolveQuery(JpaQueryLookupStrategy.java:171)
	at org.springframework.data.jpa.repository.query.JpaQueryLookupStrategy$CreateIfNotFoundQueryLookupStrategy.resolveQuery(JpaQueryLookupStrategy.java:252)
	at org.springframework.data.jpa.repository.query.JpaQueryLookupStrategy$AbstractQueryLookupStrategy.resolveQuery(JpaQueryLookupStrategy.java:95)
	at org.springframework.data.repository.core.support.QueryExecutorMethodInterceptor.lookupQuery(QueryExecutorMethodInterceptor.java:111)
	at org.springframework.data.repository.core.support.QueryExecutorMethodInterceptor.mapMethodsToQuery(QueryExecutorMethodInterceptor.java:99)
	at org.springframework.data.repository.core.support.QueryExecutorMethodInterceptor.lambda$new$0(QueryExecutorMethodInterceptor.java:88)
	at java.base/java.util.Optional.map(Optional.java:260)
	at org.springframework.data.repository.core.support.QueryExecutorMethodInterceptor.<init>(QueryExecutorMethodInterceptor.java:88)
	at org.springframework.data.repository.core.support.RepositoryFactorySupport.getRepository(RepositoryFactorySupport.java:357)
	at org.springframework.data.repository.core.support.RepositoryFactoryBeanSupport.lambda$afterPropertiesSet$5(RepositoryFactoryBeanSupport.java:279)
	at org.springframework.data.util.Lazy.getNullable(Lazy.java:135)
	at org.springframework.data.util.Lazy.get(Lazy.java:113)
	at org.springframework.data.repository.core.support.RepositoryFactoryBeanSupport.afterPropertiesSet(RepositoryFactoryBeanSupport.java:285)
	at org.springframework.data.jpa.repository.support.JpaRepositoryFactoryBean.afterPropertiesSet(JpaRepositoryFactoryBean.java:132)
	at org.springframework.beans.factory.support.AbstractAutowireCapableBeanFactory.invokeInitMethods(AbstractAutowireCapableBeanFactory.java:1822)
	at org.springframework.beans.factory.support.AbstractAutowireCapableBeanFactory.initializeBean(AbstractAutowireCapableBeanFactory.java:1771)
	at org.springframework.beans.factory.support.AbstractAutowireCapableBeanFactory.doCreateBean(AbstractAutowireCapableBeanFactory.java:601)
	at org.springframework.beans.factory.support.AbstractAutowireCapableBeanFactory.createBean(AbstractAutowireCapableBeanFactory.java:523)
	at org.springframework.beans.factory.support.AbstractBeanFactory.lambda$doGetBean$0(AbstractBeanFactory.java:325)
	at org.springframework.beans.factory.support.DefaultSingletonBeanRegistry.getSingleton(DefaultSingletonBeanRegistry.java:234)
	at org.springframework.beans.factory.support.AbstractBeanFactory.doGetBean(AbstractBeanFactory.java:323)
	at org.springframework.beans.factory.support.AbstractBeanFactory.getBean(AbstractBeanFactory.java:199)
	at org.springframework.beans.factory.support.DefaultListableBeanFactory.preInstantiateSingletons(DefaultListableBeanFactory.java:967)
	at org.springframework.context.support.AbstractApplicationContext.finishBeanFactoryInitialization(AbstractApplicationContext.java:946)
	at org.springframework.context.support.AbstractApplicationContext.refresh(AbstractApplicationContext.java:616)
	at org.springframework.boot.SpringApplication.refresh(SpringApplication.java:753)
	at org.springframework.boot.SpringApplication.refreshContext(SpringApplication.java:455)
	at org.springframework.boot.SpringApplication.run(SpringApplication.java:323)
	at org.springframework.boot.test.context.SpringBootContextLoader.lambda$loadContext$3(SpringBootContextLoader.java:137)
	at org.springframework.util.function.ThrowingSupplier.get(ThrowingSupplier.java:58)
	at org.springframework.util.function.ThrowingSupplier.get(ThrowingSupplier.java:46)
	at org.springframework.boot.SpringApplication.withHook(SpringApplication.java:1442)
	at org.springframework.boot.test.context.SpringBootContextLoader$ContextLoaderHook.run(SpringBootContextLoader.java:552)
	at org.springframework.boot.test.context.SpringBootContextLoader.loadContext(SpringBootContextLoader.java:137)
	at org.springframework.boot.test.context.SpringBootContextLoader.loadContext(SpringBootContextLoader.java:108)
	at org.springframework.test.context.cache.DefaultCacheAwareContextLoaderDelegate.loadContextInternal(DefaultCacheAwareContextLoaderDelegate.java:225)
	at org.springframework.test.context.cache.DefaultCacheAwareContextLoaderDelegate.loadContext(DefaultCacheAwareContextLoaderDelegate.java:152)
	at org.springframework.test.context.support.DefaultTestContext.getApplicationContext(DefaultTestContext.java:130)
	at org.springframework.test.context.support.DependencyInjectionTestExecutionListener.injectDependencies(DependencyInjectionTestExecutionListener.java:141)
	at org.springframework.test.context.support.DependencyInjectionTestExecutionListener.prepareTestInstance(DependencyInjectionTestExecutionListener.java:97)
	at org.springframework.test.context.TestContextManager.prepareTestInstance(TestContextManager.java:247)
	at org.springframework.test.context.junit.jupiter.SpringExtension.postProcessTestInstance(SpringExtension.java:163)
	at org.junit.jupiter.engine.descriptor.ClassBasedTestDescriptor.lambda$invokeTestInstancePostProcessors$10(ClassBasedTestDescriptor.java:378)
	at org.junit.jupiter.engine.descriptor.ClassBasedTestDescriptor.executeAndMaskThrowable(ClassBasedTestDescriptor.java:383)
	at org.junit.jupiter.engine.descriptor.ClassBasedTestDescriptor.lambda$invokeTestInstancePostProcessors$11(ClassBasedTestDescriptor.java:378)
	at java.base/java.util.stream.ReferencePipeline$3$1.accept(ReferencePipeline.java:197)
	at java.base/java.util.stream.ReferencePipeline$2$1.accept(ReferencePipeline.java:179)
	at java.base/java.util.ArrayList$ArrayListSpliterator.forEachRemaining(ArrayList.java:1708)
	at java.base/java.util.stream.AbstractPipeline.copyInto(AbstractPipeline.java:509)
	at java.base/java.util.stream.AbstractPipeline.wrapAndCopyInto(AbstractPipeline.java:499)
	at java.base/java.util.stream.StreamSpliterators$WrappingSpliterator.forEachRemaining(StreamSpliterators.java:310)
	at java.base/java.util.stream.Streams$ConcatSpliterator.forEachRemaining(Streams.java:735)
	at java.base/java.util.stream.Streams$ConcatSpliterator.forEachRemaining(Streams.java:734)
	at java.base/java.util.stream.ReferencePipeline$Head.forEach(ReferencePipeline.java:762)
	at org.junit.jupiter.engine.descriptor.ClassBasedTestDescriptor.invokeTestInstancePostProcessors(ClassBasedTestDescriptor.java:377)
	at org.junit.jupiter.engine.descriptor.ClassBasedTestDescriptor.lambda$instantiateAndPostProcessTestInstance$6(ClassBasedTestDescriptor.java:290)
	at org.junit.platform.engine.support.hierarchical.ThrowableCollector.execute(ThrowableCollector.java:73)
	at org.junit.jupiter.engine.descriptor.ClassBasedTestDescriptor.instantiateAndPostProcessTestInstance(ClassBasedTestDescriptor.java:289)
	at org.junit.jupiter.engine.descriptor.ClassBasedTestDescriptor.lambda$testInstancesProvider$4(ClassBasedTestDescriptor.java:279)
	at java.base/java.util.Optional.orElseGet(Optional.java:364)
	at org.junit.jupiter.engine.descriptor.ClassBasedTestDescriptor.lambda$testInstancesProvider$5(ClassBasedTestDescriptor.java:278)
	at org.junit.jupiter.engine.execution.TestInstancesProvider.getTestInstances(TestInstancesProvider.java:31)
	at org.junit.jupiter.engine.descriptor.TestMethodTestDescriptor.lambda$prepare$0(TestMethodTestDescriptor.java:106)
	at org.junit.platform.engine.support.hierarchical.ThrowableCollector.execute(ThrowableCollector.java:73)
	at org.junit.jupiter.engine.descriptor.TestMethodTestDescriptor.prepare(TestMethodTestDescriptor.java:105)
	at org.junit.jupiter.engine.descriptor.TestMethodTestDescriptor.prepare(TestMethodTestDescriptor.java:69)
	at org.junit.platform.engine.support.hierarchical.NodeTestTask.lambda$prepare$2(NodeTestTask.java:123)
	at org.junit.platform.engine.support.hierarchical.ThrowableCollector.execute(ThrowableCollector.java:73)
	at org.junit.platform.engine.support.hierarchical.NodeTestTask.prepare(NodeTestTask.java:123)
	at org.junit.platform.engine.support.hierarchical.NodeTestTask.execute(NodeTestTask.java:90)
	at java.base/java.util.ArrayList.forEach(ArrayList.java:1596)
	at org.junit.platform.engine.support.hierarchical.SameThreadHierarchicalTestExecutorService.invokeAll(SameThreadHierarchicalTestExecutorService.java:41)
	at org.junit.platform.engine.support.hierarchical.NodeTestTask.lambda$executeRecursively$6(NodeTestTask.java:155)
	at org.junit.platform.engine.support.hierarchical.ThrowableCollector.execute(ThrowableCollector.java:73)
	at org.junit.platform.engine.support.hierarchical.NodeTestTask.lambda$executeRecursively$8(NodeTestTask.java:141)
	at org.junit.platform.engine.support.hierarchical.Node.around(Node.java:137)
	at org.junit.platform.engine.support.hierarchical.NodeTestTask.lambda$executeRecursively$9(NodeTestTask.java:139)
	at org.junit.platform.engine.support.hierarchical.ThrowableCollector.execute(ThrowableCollector.java:73)
	at org.junit.platform.engine.support.hierarchical.NodeTestTask.executeRecursively(NodeTestTask.java:138)
	at org.junit.platform.engine.support.hierarchical.NodeTestTask.execute(NodeTestTask.java:95)
	at java.base/java.util.ArrayList.forEach(ArrayList.java:1596)
	at org.junit.platform.engine.support.hierarchical.SameThreadHierarchicalTestExecutorService.invokeAll(SameThreadHierarchicalTestExecutorService.java:41)
	at org.junit.platform.engine.support.hierarchical.NodeTestTask.lambda$executeRecursively$6(NodeTestTask.java:155)
	at org.junit.platform.engine.support.hierarchical.ThrowableCollector.execute(ThrowableCollector.java:73)
	at org.junit.platform.engine.support.hierarchical.NodeTestTask.lambda$executeRecursively$8(NodeTestTask.java:141)
	at org.junit.platform.engine.support.hierarchical.Node.around(Node.java:137)
	at org.junit.platform.engine.support.hierarchical.NodeTestTask.lambda$executeRecursively$9(NodeTestTask.java:139)
	at org.junit.platform.engine.support.hierarchical.ThrowableCollector.execute(ThrowableCollector.java:73)
	at org.junit.platform.engine.support.hierarchical.NodeTestTask.executeRecursively(NodeTestTask.java:138)
	at org.junit.platform.engine.support.hierarchical.NodeTestTask.execute(NodeTestTask.java:95)
	at org.junit.platform.engine.support.hierarchical.SameThreadHierarchicalTestExecutorService.submit(SameThreadHierarchicalTestExecutorService.java:35)
	at org.junit.platform.engine.support.hierarchical.HierarchicalTestExecutor.execute(HierarchicalTestExecutor.java:57)
	at org.junit.platform.engine.support.hierarchical.HierarchicalTestEngine.execute(HierarchicalTestEngine.java:54)
	at org.junit.platform.launcher.core.EngineExecutionOrchestrator.execute(EngineExecutionOrchestrator.java:198)
	at org.junit.platform.launcher.core.EngineExecutionOrchestrator.execute(EngineExecutionOrchestrator.java:169)
	at org.junit.platform.launcher.core.EngineExecutionOrchestrator.execute(EngineExecutionOrchestrator.java:93)
	at org.junit.platform.launcher.core.EngineExecutionOrchestrator.lambda$execute$0(EngineExecutionOrchestrator.java:58)
	at org.junit.platform.launcher.core.EngineExecutionOrchestrator.withInterceptedStreams(EngineExecutionOrchestrator.java:141)
	at org.junit.platform.launcher.core.EngineExecutionOrchestrator.execute(EngineExecutionOrchestrator.java:57)
	at org.junit.platform.launcher.core.DefaultLauncher.execute(DefaultLauncher.java:103)
	at org.junit.platform.launcher.core.DefaultLauncher.execute(DefaultLauncher.java:85)
	at org.junit.platform.launcher.core.DelegatingLauncher.execute(DelegatingLauncher.java:47)
	at org.apache.maven.surefire.junitplatform.LazyLauncher.execute(LazyLauncher.java:56)
	at org.apache.maven.surefire.junitplatform.JUnitPlatformProvider.execute(JUnitPlatformProvider.java:184)
	at org.apache.maven.surefire.junitplatform.JUnitPlatformProvider.invokeAllTests(JUnitPlatformProvider.java:148)
	at org.apache.maven.surefire.junitplatform.JUnitPlatformProvider.invoke(JUnitPlatformProvider.java:122)
	at org.apache.maven.surefire.booter.ForkedBooter.runSuitesInProcess(ForkedBooter.java:385)
	at org.apache.maven.surefire.booter.ForkedBooter.execute(ForkedBooter.java:162)
	at org.apache.maven.surefire.booter.ForkedBooter.run(ForkedBooter.java:507)
	at org.apache.maven.surefire.booter.ForkedBooter.main(ForkedBooter.java:495)
2025-06-14 16:48:06 - HQL : SELECT COUNT(a) FROM Attendance a WHERE a.member.id = :memberId
2025-06-14 16:48:06 - Encountered use of reserved word as identifier : (
2025-06-14 16:48:06 - Encountered use of reserved word as identifier : .
2025-06-14 16:48:06 - Encountered use of reserved word as identifier : =
2025-06-14 16:48:06 - Applying inferable type to SqmExpression [SqmNamedParameter(memberId)] : null -> SqmBasicValuedSimplePath(org.frcpm.models.Attendance(a).member.id)
2025-06-14 16:48:06 - SqmStatement Tree :
    -> [select]
      -> [query-spec]
        -> [select]
          -> [selection]
          <- [selection]
        <- [select]
        -> [from]
          -> [root] - `org.frcpm.models.Attendance(a)`
          <- [root] - `org.frcpm.models.Attendance(a)`
        <- [from]
        -> [where]
          -> [EQUAL]
              -> [basic-path] - `org.frcpm.models.Attendance(a).member.id`
              :memberId
          <- [EQUAL]
        <- [where]
      <- [query-spec]
    <- [select]

2025-06-14 16:48:06 - JDBC transaction marked for rollback-only (exception provided for stack trace)
java.lang.Exception: exception just for purpose of providing stack trace
	at org.hibernate.resource.transaction.backend.jdbc.internal.JdbcResourceLocalTransactionCoordinatorImpl$TransactionDriverControlImpl.markRollbackOnly(JdbcResourceLocalTransactionCoordinatorImpl.java:310)
	at org.hibernate.internal.AbstractSharedSessionContract.buildNamedQuery(AbstractSharedSessionContract.java:1051)
	at org.hibernate.internal.AbstractSharedSessionContract.createNamedQuery(AbstractSharedSessionContract.java:929)
	at org.hibernate.internal.AbstractSharedSessionContract.createNamedQuery(AbstractSharedSessionContract.java:132)
	at java.base/jdk.internal.reflect.DirectMethodHandleAccessor.invoke(DirectMethodHandleAccessor.java:103)
	at java.base/java.lang.reflect.Method.invoke(Method.java:580)
	at org.springframework.orm.jpa.ExtendedEntityManagerCreator$ExtendedEntityManagerInvocationHandler.invoke(ExtendedEntityManagerCreator.java:360)
	at jdk.proxy2/jdk.proxy2.$Proxy112.createNamedQuery(Unknown Source)
	at org.springframework.data.jpa.repository.query.NamedQuery.hasNamedQuery(NamedQuery.java:113)
	at org.springframework.data.jpa.repository.query.NamedQuery.lookupFrom(NamedQuery.java:141)
	at org.springframework.data.jpa.repository.query.JpaQueryLookupStrategy$DeclaredQueryLookupStrategy.resolveQuery(JpaQueryLookupStrategy.java:180)
	at org.springframework.data.jpa.repository.query.JpaQueryLookupStrategy$CreateIfNotFoundQueryLookupStrategy.resolveQuery(JpaQueryLookupStrategy.java:252)
	at org.springframework.data.jpa.repository.query.JpaQueryLookupStrategy$AbstractQueryLookupStrategy.resolveQuery(JpaQueryLookupStrategy.java:95)
	at org.springframework.data.repository.core.support.QueryExecutorMethodInterceptor.lookupQuery(QueryExecutorMethodInterceptor.java:111)
	at org.springframework.data.repository.core.support.QueryExecutorMethodInterceptor.mapMethodsToQuery(QueryExecutorMethodInterceptor.java:99)
	at org.springframework.data.repository.core.support.QueryExecutorMethodInterceptor.lambda$new$0(QueryExecutorMethodInterceptor.java:88)
	at java.base/java.util.Optional.map(Optional.java:260)
	at org.springframework.data.repository.core.support.QueryExecutorMethodInterceptor.<init>(QueryExecutorMethodInterceptor.java:88)
	at org.springframework.data.repository.core.support.RepositoryFactorySupport.getRepository(RepositoryFactorySupport.java:357)
	at org.springframework.data.repository.core.support.RepositoryFactoryBeanSupport.lambda$afterPropertiesSet$5(RepositoryFactoryBeanSupport.java:279)
	at org.springframework.data.util.Lazy.getNullable(Lazy.java:135)
	at org.springframework.data.util.Lazy.get(Lazy.java:113)
	at org.springframework.data.repository.core.support.RepositoryFactoryBeanSupport.afterPropertiesSet(RepositoryFactoryBeanSupport.java:285)
	at org.springframework.data.jpa.repository.support.JpaRepositoryFactoryBean.afterPropertiesSet(JpaRepositoryFactoryBean.java:132)
	at org.springframework.beans.factory.support.AbstractAutowireCapableBeanFactory.invokeInitMethods(AbstractAutowireCapableBeanFactory.java:1822)
	at org.springframework.beans.factory.support.AbstractAutowireCapableBeanFactory.initializeBean(AbstractAutowireCapableBeanFactory.java:1771)
	at org.springframework.beans.factory.support.AbstractAutowireCapableBeanFactory.doCreateBean(AbstractAutowireCapableBeanFactory.java:601)
	at org.springframework.beans.factory.support.AbstractAutowireCapableBeanFactory.createBean(AbstractAutowireCapableBeanFactory.java:523)
	at org.springframework.beans.factory.support.AbstractBeanFactory.lambda$doGetBean$0(AbstractBeanFactory.java:325)
	at org.springframework.beans.factory.support.DefaultSingletonBeanRegistry.getSingleton(DefaultSingletonBeanRegistry.java:234)
	at org.springframework.beans.factory.support.AbstractBeanFactory.doGetBean(AbstractBeanFactory.java:323)
	at org.springframework.beans.factory.support.AbstractBeanFactory.getBean(AbstractBeanFactory.java:199)
	at org.springframework.beans.factory.support.DefaultListableBeanFactory.preInstantiateSingletons(DefaultListableBeanFactory.java:967)
	at org.springframework.context.support.AbstractApplicationContext.finishBeanFactoryInitialization(AbstractApplicationContext.java:946)
	at org.springframework.context.support.AbstractApplicationContext.refresh(AbstractApplicationContext.java:616)
	at org.springframework.boot.SpringApplication.refresh(SpringApplication.java:753)
	at org.springframework.boot.SpringApplication.refreshContext(SpringApplication.java:455)
	at org.springframework.boot.SpringApplication.run(SpringApplication.java:323)
	at org.springframework.boot.test.context.SpringBootContextLoader.lambda$loadContext$3(SpringBootContextLoader.java:137)
	at org.springframework.util.function.ThrowingSupplier.get(ThrowingSupplier.java:58)
	at org.springframework.util.function.ThrowingSupplier.get(ThrowingSupplier.java:46)
	at org.springframework.boot.SpringApplication.withHook(SpringApplication.java:1442)
	at org.springframework.boot.test.context.SpringBootContextLoader$ContextLoaderHook.run(SpringBootContextLoader.java:552)
	at org.springframework.boot.test.context.SpringBootContextLoader.loadContext(SpringBootContextLoader.java:137)
	at org.springframework.boot.test.context.SpringBootContextLoader.loadContext(SpringBootContextLoader.java:108)
	at org.springframework.test.context.cache.DefaultCacheAwareContextLoaderDelegate.loadContextInternal(DefaultCacheAwareContextLoaderDelegate.java:225)
	at org.springframework.test.context.cache.DefaultCacheAwareContextLoaderDelegate.loadContext(DefaultCacheAwareContextLoaderDelegate.java:152)
	at org.springframework.test.context.support.DefaultTestContext.getApplicationContext(DefaultTestContext.java:130)
	at org.springframework.test.context.support.DependencyInjectionTestExecutionListener.injectDependencies(DependencyInjectionTestExecutionListener.java:141)
	at org.springframework.test.context.support.DependencyInjectionTestExecutionListener.prepareTestInstance(DependencyInjectionTestExecutionListener.java:97)
	at org.springframework.test.context.TestContextManager.prepareTestInstance(TestContextManager.java:247)
	at org.springframework.test.context.junit.jupiter.SpringExtension.postProcessTestInstance(SpringExtension.java:163)
	at org.junit.jupiter.engine.descriptor.ClassBasedTestDescriptor.lambda$invokeTestInstancePostProcessors$10(ClassBasedTestDescriptor.java:378)
	at org.junit.jupiter.engine.descriptor.ClassBasedTestDescriptor.executeAndMaskThrowable(ClassBasedTestDescriptor.java:383)
	at org.junit.jupiter.engine.descriptor.ClassBasedTestDescriptor.lambda$invokeTestInstancePostProcessors$11(ClassBasedTestDescriptor.java:378)
	at java.base/java.util.stream.ReferencePipeline$3$1.accept(ReferencePipeline.java:197)
	at java.base/java.util.stream.ReferencePipeline$2$1.accept(ReferencePipeline.java:179)
	at java.base/java.util.ArrayList$ArrayListSpliterator.forEachRemaining(ArrayList.java:1708)
	at java.base/java.util.stream.AbstractPipeline.copyInto(AbstractPipeline.java:509)
	at java.base/java.util.stream.AbstractPipeline.wrapAndCopyInto(AbstractPipeline.java:499)
	at java.base/java.util.stream.StreamSpliterators$WrappingSpliterator.forEachRemaining(StreamSpliterators.java:310)
	at java.base/java.util.stream.Streams$ConcatSpliterator.forEachRemaining(Streams.java:735)
	at java.base/java.util.stream.Streams$ConcatSpliterator.forEachRemaining(Streams.java:734)
	at java.base/java.util.stream.ReferencePipeline$Head.forEach(ReferencePipeline.java:762)
	at org.junit.jupiter.engine.descriptor.ClassBasedTestDescriptor.invokeTestInstancePostProcessors(ClassBasedTestDescriptor.java:377)
	at org.junit.jupiter.engine.descriptor.ClassBasedTestDescriptor.lambda$instantiateAndPostProcessTestInstance$6(ClassBasedTestDescriptor.java:290)
	at org.junit.platform.engine.support.hierarchical.ThrowableCollector.execute(ThrowableCollector.java:73)
	at org.junit.jupiter.engine.descriptor.ClassBasedTestDescriptor.instantiateAndPostProcessTestInstance(ClassBasedTestDescriptor.java:289)
	at org.junit.jupiter.engine.descriptor.ClassBasedTestDescriptor.lambda$testInstancesProvider$4(ClassBasedTestDescriptor.java:279)
	at java.base/java.util.Optional.orElseGet(Optional.java:364)
	at org.junit.jupiter.engine.descriptor.ClassBasedTestDescriptor.lambda$testInstancesProvider$5(ClassBasedTestDescriptor.java:278)
	at org.junit.jupiter.engine.execution.TestInstancesProvider.getTestInstances(TestInstancesProvider.java:31)
	at org.junit.jupiter.engine.descriptor.TestMethodTestDescriptor.lambda$prepare$0(TestMethodTestDescriptor.java:106)
	at org.junit.platform.engine.support.hierarchical.ThrowableCollector.execute(ThrowableCollector.java:73)
	at org.junit.jupiter.engine.descriptor.TestMethodTestDescriptor.prepare(TestMethodTestDescriptor.java:105)
	at org.junit.jupiter.engine.descriptor.TestMethodTestDescriptor.prepare(TestMethodTestDescriptor.java:69)
	at org.junit.platform.engine.support.hierarchical.NodeTestTask.lambda$prepare$2(NodeTestTask.java:123)
	at org.junit.platform.engine.support.hierarchical.ThrowableCollector.execute(ThrowableCollector.java:73)
	at org.junit.platform.engine.support.hierarchical.NodeTestTask.prepare(NodeTestTask.java:123)
	at org.junit.platform.engine.support.hierarchical.NodeTestTask.execute(NodeTestTask.java:90)
	at java.base/java.util.ArrayList.forEach(ArrayList.java:1596)
	at org.junit.platform.engine.support.hierarchical.SameThreadHierarchicalTestExecutorService.invokeAll(SameThreadHierarchicalTestExecutorService.java:41)
	at org.junit.platform.engine.support.hierarchical.NodeTestTask.lambda$executeRecursively$6(NodeTestTask.java:155)
	at org.junit.platform.engine.support.hierarchical.ThrowableCollector.execute(ThrowableCollector.java:73)
	at org.junit.platform.engine.support.hierarchical.NodeTestTask.lambda$executeRecursively$8(NodeTestTask.java:141)
	at org.junit.platform.engine.support.hierarchical.Node.around(Node.java:137)
	at org.junit.platform.engine.support.hierarchical.NodeTestTask.lambda$executeRecursively$9(NodeTestTask.java:139)
	at org.junit.platform.engine.support.hierarchical.ThrowableCollector.execute(ThrowableCollector.java:73)
	at org.junit.platform.engine.support.hierarchical.NodeTestTask.executeRecursively(NodeTestTask.java:138)
	at org.junit.platform.engine.support.hierarchical.NodeTestTask.execute(NodeTestTask.java:95)
	at java.base/java.util.ArrayList.forEach(ArrayList.java:1596)
	at org.junit.platform.engine.support.hierarchical.SameThreadHierarchicalTestExecutorService.invokeAll(SameThreadHierarchicalTestExecutorService.java:41)
	at org.junit.platform.engine.support.hierarchical.NodeTestTask.lambda$executeRecursively$6(NodeTestTask.java:155)
	at org.junit.platform.engine.support.hierarchical.ThrowableCollector.execute(ThrowableCollector.java:73)
	at org.junit.platform.engine.support.hierarchical.NodeTestTask.lambda$executeRecursively$8(NodeTestTask.java:141)
	at org.junit.platform.engine.support.hierarchical.Node.around(Node.java:137)
	at org.junit.platform.engine.support.hierarchical.NodeTestTask.lambda$executeRecursively$9(NodeTestTask.java:139)
	at org.junit.platform.engine.support.hierarchical.ThrowableCollector.execute(ThrowableCollector.java:73)
	at org.junit.platform.engine.support.hierarchical.NodeTestTask.executeRecursively(NodeTestTask.java:138)
	at org.junit.platform.engine.support.hierarchical.NodeTestTask.execute(NodeTestTask.java:95)
	at org.junit.platform.engine.support.hierarchical.SameThreadHierarchicalTestExecutorService.submit(SameThreadHierarchicalTestExecutorService.java:35)
	at org.junit.platform.engine.support.hierarchical.HierarchicalTestExecutor.execute(HierarchicalTestExecutor.java:57)
	at org.junit.platform.engine.support.hierarchical.HierarchicalTestEngine.execute(HierarchicalTestEngine.java:54)
	at org.junit.platform.launcher.core.EngineExecutionOrchestrator.execute(EngineExecutionOrchestrator.java:198)
	at org.junit.platform.launcher.core.EngineExecutionOrchestrator.execute(EngineExecutionOrchestrator.java:169)
	at org.junit.platform.launcher.core.EngineExecutionOrchestrator.execute(EngineExecutionOrchestrator.java:93)
	at org.junit.platform.launcher.core.EngineExecutionOrchestrator.lambda$execute$0(EngineExecutionOrchestrator.java:58)
	at org.junit.platform.launcher.core.EngineExecutionOrchestrator.withInterceptedStreams(EngineExecutionOrchestrator.java:141)
	at org.junit.platform.launcher.core.EngineExecutionOrchestrator.execute(EngineExecutionOrchestrator.java:57)
	at org.junit.platform.launcher.core.DefaultLauncher.execute(DefaultLauncher.java:103)
	at org.junit.platform.launcher.core.DefaultLauncher.execute(DefaultLauncher.java:85)
	at org.junit.platform.launcher.core.DelegatingLauncher.execute(DelegatingLauncher.java:47)
	at org.apache.maven.surefire.junitplatform.LazyLauncher.execute(LazyLauncher.java:56)
	at org.apache.maven.surefire.junitplatform.JUnitPlatformProvider.execute(JUnitPlatformProvider.java:184)
	at org.apache.maven.surefire.junitplatform.JUnitPlatformProvider.invokeAllTests(JUnitPlatformProvider.java:148)
	at org.apache.maven.surefire.junitplatform.JUnitPlatformProvider.invoke(JUnitPlatformProvider.java:122)
	at org.apache.maven.surefire.booter.ForkedBooter.runSuitesInProcess(ForkedBooter.java:385)
	at org.apache.maven.surefire.booter.ForkedBooter.execute(ForkedBooter.java:162)
	at org.apache.maven.surefire.booter.ForkedBooter.run(ForkedBooter.java:507)
	at org.apache.maven.surefire.booter.ForkedBooter.main(ForkedBooter.java:495)
2025-06-14 16:48:06 - JDBC transaction marked for rollback-only (exception provided for stack trace)
java.lang.Exception: exception just for purpose of providing stack trace
	at org.hibernate.resource.transaction.backend.jdbc.internal.JdbcResourceLocalTransactionCoordinatorImpl$TransactionDriverControlImpl.markRollbackOnly(JdbcResourceLocalTransactionCoordinatorImpl.java:310)
	at org.hibernate.internal.AbstractSharedSessionContract.buildNamedQuery(AbstractSharedSessionContract.java:1051)
	at org.hibernate.internal.AbstractSharedSessionContract.createNamedQuery(AbstractSharedSessionContract.java:929)
	at org.hibernate.internal.AbstractSharedSessionContract.createNamedQuery(AbstractSharedSessionContract.java:132)
	at java.base/jdk.internal.reflect.DirectMethodHandleAccessor.invoke(DirectMethodHandleAccessor.java:103)
	at java.base/java.lang.reflect.Method.invoke(Method.java:580)
	at org.springframework.orm.jpa.ExtendedEntityManagerCreator$ExtendedEntityManagerInvocationHandler.invoke(ExtendedEntityManagerCreator.java:360)
	at jdk.proxy2/jdk.proxy2.$Proxy112.createNamedQuery(Unknown Source)
	at org.springframework.data.jpa.repository.query.NamedQuery.hasNamedQuery(NamedQuery.java:113)
	at org.springframework.data.jpa.repository.query.JpaQueryLookupStrategy$DeclaredQueryLookupStrategy.getCountQuery(JpaQueryLookupStrategy.java:204)
	at org.springframework.data.jpa.repository.query.JpaQueryLookupStrategy$DeclaredQueryLookupStrategy.resolveQuery(JpaQueryLookupStrategy.java:171)
	at org.springframework.data.jpa.repository.query.JpaQueryLookupStrategy$CreateIfNotFoundQueryLookupStrategy.resolveQuery(JpaQueryLookupStrategy.java:252)
	at org.springframework.data.jpa.repository.query.JpaQueryLookupStrategy$AbstractQueryLookupStrategy.resolveQuery(JpaQueryLookupStrategy.java:95)
	at org.springframework.data.repository.core.support.QueryExecutorMethodInterceptor.lookupQuery(QueryExecutorMethodInterceptor.java:111)
	at org.springframework.data.repository.core.support.QueryExecutorMethodInterceptor.mapMethodsToQuery(QueryExecutorMethodInterceptor.java:99)
	at org.springframework.data.repository.core.support.QueryExecutorMethodInterceptor.lambda$new$0(QueryExecutorMethodInterceptor.java:88)
	at java.base/java.util.Optional.map(Optional.java:260)
	at org.springframework.data.repository.core.support.QueryExecutorMethodInterceptor.<init>(QueryExecutorMethodInterceptor.java:88)
	at org.springframework.data.repository.core.support.RepositoryFactorySupport.getRepository(RepositoryFactorySupport.java:357)
	at org.springframework.data.repository.core.support.RepositoryFactoryBeanSupport.lambda$afterPropertiesSet$5(RepositoryFactoryBeanSupport.java:279)
	at org.springframework.data.util.Lazy.getNullable(Lazy.java:135)
	at org.springframework.data.util.Lazy.get(Lazy.java:113)
	at org.springframework.data.repository.core.support.RepositoryFactoryBeanSupport.afterPropertiesSet(RepositoryFactoryBeanSupport.java:285)
	at org.springframework.data.jpa.repository.support.JpaRepositoryFactoryBean.afterPropertiesSet(JpaRepositoryFactoryBean.java:132)
	at org.springframework.beans.factory.support.AbstractAutowireCapableBeanFactory.invokeInitMethods(AbstractAutowireCapableBeanFactory.java:1822)
	at org.springframework.beans.factory.support.AbstractAutowireCapableBeanFactory.initializeBean(AbstractAutowireCapableBeanFactory.java:1771)
	at org.springframework.beans.factory.support.AbstractAutowireCapableBeanFactory.doCreateBean(AbstractAutowireCapableBeanFactory.java:601)
	at org.springframework.beans.factory.support.AbstractAutowireCapableBeanFactory.createBean(AbstractAutowireCapableBeanFactory.java:523)
	at org.springframework.beans.factory.support.AbstractBeanFactory.lambda$doGetBean$0(AbstractBeanFactory.java:325)
	at org.springframework.beans.factory.support.DefaultSingletonBeanRegistry.getSingleton(DefaultSingletonBeanRegistry.java:234)
	at org.springframework.beans.factory.support.AbstractBeanFactory.doGetBean(AbstractBeanFactory.java:323)
	at org.springframework.beans.factory.support.AbstractBeanFactory.getBean(AbstractBeanFactory.java:199)
	at org.springframework.beans.factory.support.DefaultListableBeanFactory.preInstantiateSingletons(DefaultListableBeanFactory.java:967)
	at org.springframework.context.support.AbstractApplicationContext.finishBeanFactoryInitialization(AbstractApplicationContext.java:946)
	at org.springframework.context.support.AbstractApplicationContext.refresh(AbstractApplicationContext.java:616)
	at org.springframework.boot.SpringApplication.refresh(SpringApplication.java:753)
	at org.springframework.boot.SpringApplication.refreshContext(SpringApplication.java:455)
	at org.springframework.boot.SpringApplication.run(SpringApplication.java:323)
	at org.springframework.boot.test.context.SpringBootContextLoader.lambda$loadContext$3(SpringBootContextLoader.java:137)
	at org.springframework.util.function.ThrowingSupplier.get(ThrowingSupplier.java:58)
	at org.springframework.util.function.ThrowingSupplier.get(ThrowingSupplier.java:46)
	at org.springframework.boot.SpringApplication.withHook(SpringApplication.java:1442)
	at org.springframework.boot.test.context.SpringBootContextLoader$ContextLoaderHook.run(SpringBootContextLoader.java:552)
	at org.springframework.boot.test.context.SpringBootContextLoader.loadContext(SpringBootContextLoader.java:137)
	at org.springframework.boot.test.context.SpringBootContextLoader.loadContext(SpringBootContextLoader.java:108)
	at org.springframework.test.context.cache.DefaultCacheAwareContextLoaderDelegate.loadContextInternal(DefaultCacheAwareContextLoaderDelegate.java:225)
	at org.springframework.test.context.cache.DefaultCacheAwareContextLoaderDelegate.loadContext(DefaultCacheAwareContextLoaderDelegate.java:152)
	at org.springframework.test.context.support.DefaultTestContext.getApplicationContext(DefaultTestContext.java:130)
	at org.springframework.test.context.support.DependencyInjectionTestExecutionListener.injectDependencies(DependencyInjectionTestExecutionListener.java:141)
	at org.springframework.test.context.support.DependencyInjectionTestExecutionListener.prepareTestInstance(DependencyInjectionTestExecutionListener.java:97)
	at org.springframework.test.context.TestContextManager.prepareTestInstance(TestContextManager.java:247)
	at org.springframework.test.context.junit.jupiter.SpringExtension.postProcessTestInstance(SpringExtension.java:163)
	at org.junit.jupiter.engine.descriptor.ClassBasedTestDescriptor.lambda$invokeTestInstancePostProcessors$10(ClassBasedTestDescriptor.java:378)
	at org.junit.jupiter.engine.descriptor.ClassBasedTestDescriptor.executeAndMaskThrowable(ClassBasedTestDescriptor.java:383)
	at org.junit.jupiter.engine.descriptor.ClassBasedTestDescriptor.lambda$invokeTestInstancePostProcessors$11(ClassBasedTestDescriptor.java:378)
	at java.base/java.util.stream.ReferencePipeline$3$1.accept(ReferencePipeline.java:197)
	at java.base/java.util.stream.ReferencePipeline$2$1.accept(ReferencePipeline.java:179)
	at java.base/java.util.ArrayList$ArrayListSpliterator.forEachRemaining(ArrayList.java:1708)
	at java.base/java.util.stream.AbstractPipeline.copyInto(AbstractPipeline.java:509)
	at java.base/java.util.stream.AbstractPipeline.wrapAndCopyInto(AbstractPipeline.java:499)
	at java.base/java.util.stream.StreamSpliterators$WrappingSpliterator.forEachRemaining(StreamSpliterators.java:310)
	at java.base/java.util.stream.Streams$ConcatSpliterator.forEachRemaining(Streams.java:735)
	at java.base/java.util.stream.Streams$ConcatSpliterator.forEachRemaining(Streams.java:734)
	at java.base/java.util.stream.ReferencePipeline$Head.forEach(ReferencePipeline.java:762)
	at org.junit.jupiter.engine.descriptor.ClassBasedTestDescriptor.invokeTestInstancePostProcessors(ClassBasedTestDescriptor.java:377)
	at org.junit.jupiter.engine.descriptor.ClassBasedTestDescriptor.lambda$instantiateAndPostProcessTestInstance$6(ClassBasedTestDescriptor.java:290)
	at org.junit.platform.engine.support.hierarchical.ThrowableCollector.execute(ThrowableCollector.java:73)
	at org.junit.jupiter.engine.descriptor.ClassBasedTestDescriptor.instantiateAndPostProcessTestInstance(ClassBasedTestDescriptor.java:289)
	at org.junit.jupiter.engine.descriptor.ClassBasedTestDescriptor.lambda$testInstancesProvider$4(ClassBasedTestDescriptor.java:279)
	at java.base/java.util.Optional.orElseGet(Optional.java:364)
	at org.junit.jupiter.engine.descriptor.ClassBasedTestDescriptor.lambda$testInstancesProvider$5(ClassBasedTestDescriptor.java:278)
	at org.junit.jupiter.engine.execution.TestInstancesProvider.getTestInstances(TestInstancesProvider.java:31)
	at org.junit.jupiter.engine.descriptor.TestMethodTestDescriptor.lambda$prepare$0(TestMethodTestDescriptor.java:106)
	at org.junit.platform.engine.support.hierarchical.ThrowableCollector.execute(ThrowableCollector.java:73)
	at org.junit.jupiter.engine.descriptor.TestMethodTestDescriptor.prepare(TestMethodTestDescriptor.java:105)
	at org.junit.jupiter.engine.descriptor.TestMethodTestDescriptor.prepare(TestMethodTestDescriptor.java:69)
	at org.junit.platform.engine.support.hierarchical.NodeTestTask.lambda$prepare$2(NodeTestTask.java:123)
	at org.junit.platform.engine.support.hierarchical.ThrowableCollector.execute(ThrowableCollector.java:73)
	at org.junit.platform.engine.support.hierarchical.NodeTestTask.prepare(NodeTestTask.java:123)
	at org.junit.platform.engine.support.hierarchical.NodeTestTask.execute(NodeTestTask.java:90)
	at java.base/java.util.ArrayList.forEach(ArrayList.java:1596)
	at org.junit.platform.engine.support.hierarchical.SameThreadHierarchicalTestExecutorService.invokeAll(SameThreadHierarchicalTestExecutorService.java:41)
	at org.junit.platform.engine.support.hierarchical.NodeTestTask.lambda$executeRecursively$6(NodeTestTask.java:155)
	at org.junit.platform.engine.support.hierarchical.ThrowableCollector.execute(ThrowableCollector.java:73)
	at org.junit.platform.engine.support.hierarchical.NodeTestTask.lambda$executeRecursively$8(NodeTestTask.java:141)
	at org.junit.platform.engine.support.hierarchical.Node.around(Node.java:137)
	at org.junit.platform.engine.support.hierarchical.NodeTestTask.lambda$executeRecursively$9(NodeTestTask.java:139)
	at org.junit.platform.engine.support.hierarchical.ThrowableCollector.execute(ThrowableCollector.java:73)
	at org.junit.platform.engine.support.hierarchical.NodeTestTask.executeRecursively(NodeTestTask.java:138)
	at org.junit.platform.engine.support.hierarchical.NodeTestTask.execute(NodeTestTask.java:95)
	at java.base/java.util.ArrayList.forEach(ArrayList.java:1596)
	at org.junit.platform.engine.support.hierarchical.SameThreadHierarchicalTestExecutorService.invokeAll(SameThreadHierarchicalTestExecutorService.java:41)
	at org.junit.platform.engine.support.hierarchical.NodeTestTask.lambda$executeRecursively$6(NodeTestTask.java:155)
	at org.junit.platform.engine.support.hierarchical.ThrowableCollector.execute(ThrowableCollector.java:73)
	at org.junit.platform.engine.support.hierarchical.NodeTestTask.lambda$executeRecursively$8(NodeTestTask.java:141)
	at org.junit.platform.engine.support.hierarchical.Node.around(Node.java:137)
	at org.junit.platform.engine.support.hierarchical.NodeTestTask.lambda$executeRecursively$9(NodeTestTask.java:139)
	at org.junit.platform.engine.support.hierarchical.ThrowableCollector.execute(ThrowableCollector.java:73)
	at org.junit.platform.engine.support.hierarchical.NodeTestTask.executeRecursively(NodeTestTask.java:138)
	at org.junit.platform.engine.support.hierarchical.NodeTestTask.execute(NodeTestTask.java:95)
	at org.junit.platform.engine.support.hierarchical.SameThreadHierarchicalTestExecutorService.submit(SameThreadHierarchicalTestExecutorService.java:35)
	at org.junit.platform.engine.support.hierarchical.HierarchicalTestExecutor.execute(HierarchicalTestExecutor.java:57)
	at org.junit.platform.engine.support.hierarchical.HierarchicalTestEngine.execute(HierarchicalTestEngine.java:54)
	at org.junit.platform.launcher.core.EngineExecutionOrchestrator.execute(EngineExecutionOrchestrator.java:198)
	at org.junit.platform.launcher.core.EngineExecutionOrchestrator.execute(EngineExecutionOrchestrator.java:169)
	at org.junit.platform.launcher.core.EngineExecutionOrchestrator.execute(EngineExecutionOrchestrator.java:93)
	at org.junit.platform.launcher.core.EngineExecutionOrchestrator.lambda$execute$0(EngineExecutionOrchestrator.java:58)
	at org.junit.platform.launcher.core.EngineExecutionOrchestrator.withInterceptedStreams(EngineExecutionOrchestrator.java:141)
	at org.junit.platform.launcher.core.EngineExecutionOrchestrator.execute(EngineExecutionOrchestrator.java:57)
	at org.junit.platform.launcher.core.DefaultLauncher.execute(DefaultLauncher.java:103)
	at org.junit.platform.launcher.core.DefaultLauncher.execute(DefaultLauncher.java:85)
	at org.junit.platform.launcher.core.DelegatingLauncher.execute(DelegatingLauncher.java:47)
	at org.apache.maven.surefire.junitplatform.LazyLauncher.execute(LazyLauncher.java:56)
	at org.apache.maven.surefire.junitplatform.JUnitPlatformProvider.execute(JUnitPlatformProvider.java:184)
	at org.apache.maven.surefire.junitplatform.JUnitPlatformProvider.invokeAllTests(JUnitPlatformProvider.java:148)
	at org.apache.maven.surefire.junitplatform.JUnitPlatformProvider.invoke(JUnitPlatformProvider.java:122)
	at org.apache.maven.surefire.booter.ForkedBooter.runSuitesInProcess(ForkedBooter.java:385)
	at org.apache.maven.surefire.booter.ForkedBooter.execute(ForkedBooter.java:162)
	at org.apache.maven.surefire.booter.ForkedBooter.run(ForkedBooter.java:507)
	at org.apache.maven.surefire.booter.ForkedBooter.main(ForkedBooter.java:495)
2025-06-14 16:48:06 - HQL : SELECT a FROM Attendance a WHERE a.meeting.id = :meetingId
2025-06-14 16:48:06 - Encountered use of reserved word as identifier : =
2025-06-14 16:48:06 - Applying inferable type to SqmExpression [SqmNamedParameter(meetingId)] : null -> SqmBasicValuedSimplePath(org.frcpm.models.Attendance(a).meeting.id)
2025-06-14 16:48:06 - SqmStatement Tree :
    -> [select]
      -> [query-spec]
        -> [select]
          -> [selection]
            -> [root] - `org.frcpm.models.Attendance(a)`
            <- [root] - `org.frcpm.models.Attendance(a)`
          <- [selection]
        <- [select]
        -> [from]
          -> [root] - `org.frcpm.models.Attendance(a)`
          <- [root] - `org.frcpm.models.Attendance(a)`
        <- [from]
        -> [where]
          -> [EQUAL]
              -> [basic-path] - `org.frcpm.models.Attendance(a).meeting.id`
              :meetingId
          <- [EQUAL]
        <- [where]
      <- [query-spec]
    <- [select]

2025-06-14 16:48:06 - JDBC transaction marked for rollback-only (exception provided for stack trace)
java.lang.Exception: exception just for purpose of providing stack trace
	at org.hibernate.resource.transaction.backend.jdbc.internal.JdbcResourceLocalTransactionCoordinatorImpl$TransactionDriverControlImpl.markRollbackOnly(JdbcResourceLocalTransactionCoordinatorImpl.java:310)
	at org.hibernate.internal.AbstractSharedSessionContract.buildNamedQuery(AbstractSharedSessionContract.java:1051)
	at org.hibernate.internal.AbstractSharedSessionContract.createNamedQuery(AbstractSharedSessionContract.java:929)
	at org.hibernate.internal.AbstractSharedSessionContract.createNamedQuery(AbstractSharedSessionContract.java:132)
	at java.base/jdk.internal.reflect.DirectMethodHandleAccessor.invoke(DirectMethodHandleAccessor.java:103)
	at java.base/java.lang.reflect.Method.invoke(Method.java:580)
	at org.springframework.orm.jpa.ExtendedEntityManagerCreator$ExtendedEntityManagerInvocationHandler.invoke(ExtendedEntityManagerCreator.java:360)
	at jdk.proxy2/jdk.proxy2.$Proxy112.createNamedQuery(Unknown Source)
	at org.springframework.data.jpa.repository.query.NamedQuery.hasNamedQuery(NamedQuery.java:113)
	at org.springframework.data.jpa.repository.query.JpaQueryLookupStrategy$DeclaredQueryLookupStrategy.getCountQuery(JpaQueryLookupStrategy.java:204)
	at org.springframework.data.jpa.repository.query.JpaQueryLookupStrategy$DeclaredQueryLookupStrategy.resolveQuery(JpaQueryLookupStrategy.java:171)
	at org.springframework.data.jpa.repository.query.JpaQueryLookupStrategy$CreateIfNotFoundQueryLookupStrategy.resolveQuery(JpaQueryLookupStrategy.java:252)
	at org.springframework.data.jpa.repository.query.JpaQueryLookupStrategy$AbstractQueryLookupStrategy.resolveQuery(JpaQueryLookupStrategy.java:95)
	at org.springframework.data.repository.core.support.QueryExecutorMethodInterceptor.lookupQuery(QueryExecutorMethodInterceptor.java:111)
	at org.springframework.data.repository.core.support.QueryExecutorMethodInterceptor.mapMethodsToQuery(QueryExecutorMethodInterceptor.java:99)
	at org.springframework.data.repository.core.support.QueryExecutorMethodInterceptor.lambda$new$0(QueryExecutorMethodInterceptor.java:88)
	at java.base/java.util.Optional.map(Optional.java:260)
	at org.springframework.data.repository.core.support.QueryExecutorMethodInterceptor.<init>(QueryExecutorMethodInterceptor.java:88)
	at org.springframework.data.repository.core.support.RepositoryFactorySupport.getRepository(RepositoryFactorySupport.java:357)
	at org.springframework.data.repository.core.support.RepositoryFactoryBeanSupport.lambda$afterPropertiesSet$5(RepositoryFactoryBeanSupport.java:279)
	at org.springframework.data.util.Lazy.getNullable(Lazy.java:135)
	at org.springframework.data.util.Lazy.get(Lazy.java:113)
	at org.springframework.data.repository.core.support.RepositoryFactoryBeanSupport.afterPropertiesSet(RepositoryFactoryBeanSupport.java:285)
	at org.springframework.data.jpa.repository.support.JpaRepositoryFactoryBean.afterPropertiesSet(JpaRepositoryFactoryBean.java:132)
	at org.springframework.beans.factory.support.AbstractAutowireCapableBeanFactory.invokeInitMethods(AbstractAutowireCapableBeanFactory.java:1822)
	at org.springframework.beans.factory.support.AbstractAutowireCapableBeanFactory.initializeBean(AbstractAutowireCapableBeanFactory.java:1771)
	at org.springframework.beans.factory.support.AbstractAutowireCapableBeanFactory.doCreateBean(AbstractAutowireCapableBeanFactory.java:601)
	at org.springframework.beans.factory.support.AbstractAutowireCapableBeanFactory.createBean(AbstractAutowireCapableBeanFactory.java:523)
	at org.springframework.beans.factory.support.AbstractBeanFactory.lambda$doGetBean$0(AbstractBeanFactory.java:325)
	at org.springframework.beans.factory.support.DefaultSingletonBeanRegistry.getSingleton(DefaultSingletonBeanRegistry.java:234)
	at org.springframework.beans.factory.support.AbstractBeanFactory.doGetBean(AbstractBeanFactory.java:323)
	at org.springframework.beans.factory.support.AbstractBeanFactory.getBean(AbstractBeanFactory.java:199)
	at org.springframework.beans.factory.support.DefaultListableBeanFactory.preInstantiateSingletons(DefaultListableBeanFactory.java:967)
	at org.springframework.context.support.AbstractApplicationContext.finishBeanFactoryInitialization(AbstractApplicationContext.java:946)
	at org.springframework.context.support.AbstractApplicationContext.refresh(AbstractApplicationContext.java:616)
	at org.springframework.boot.SpringApplication.refresh(SpringApplication.java:753)
	at org.springframework.boot.SpringApplication.refreshContext(SpringApplication.java:455)
	at org.springframework.boot.SpringApplication.run(SpringApplication.java:323)
	at org.springframework.boot.test.context.SpringBootContextLoader.lambda$loadContext$3(SpringBootContextLoader.java:137)
	at org.springframework.util.function.ThrowingSupplier.get(ThrowingSupplier.java:58)
	at org.springframework.util.function.ThrowingSupplier.get(ThrowingSupplier.java:46)
	at org.springframework.boot.SpringApplication.withHook(SpringApplication.java:1442)
	at org.springframework.boot.test.context.SpringBootContextLoader$ContextLoaderHook.run(SpringBootContextLoader.java:552)
	at org.springframework.boot.test.context.SpringBootContextLoader.loadContext(SpringBootContextLoader.java:137)
	at org.springframework.boot.test.context.SpringBootContextLoader.loadContext(SpringBootContextLoader.java:108)
	at org.springframework.test.context.cache.DefaultCacheAwareContextLoaderDelegate.loadContextInternal(DefaultCacheAwareContextLoaderDelegate.java:225)
	at org.springframework.test.context.cache.DefaultCacheAwareContextLoaderDelegate.loadContext(DefaultCacheAwareContextLoaderDelegate.java:152)
	at org.springframework.test.context.support.DefaultTestContext.getApplicationContext(DefaultTestContext.java:130)
	at org.springframework.test.context.support.DependencyInjectionTestExecutionListener.injectDependencies(DependencyInjectionTestExecutionListener.java:141)
	at org.springframework.test.context.support.DependencyInjectionTestExecutionListener.prepareTestInstance(DependencyInjectionTestExecutionListener.java:97)
	at org.springframework.test.context.TestContextManager.prepareTestInstance(TestContextManager.java:247)
	at org.springframework.test.context.junit.jupiter.SpringExtension.postProcessTestInstance(SpringExtension.java:163)
	at org.junit.jupiter.engine.descriptor.ClassBasedTestDescriptor.lambda$invokeTestInstancePostProcessors$10(ClassBasedTestDescriptor.java:378)
	at org.junit.jupiter.engine.descriptor.ClassBasedTestDescriptor.executeAndMaskThrowable(ClassBasedTestDescriptor.java:383)
	at org.junit.jupiter.engine.descriptor.ClassBasedTestDescriptor.lambda$invokeTestInstancePostProcessors$11(ClassBasedTestDescriptor.java:378)
	at java.base/java.util.stream.ReferencePipeline$3$1.accept(ReferencePipeline.java:197)
	at java.base/java.util.stream.ReferencePipeline$2$1.accept(ReferencePipeline.java:179)
	at java.base/java.util.ArrayList$ArrayListSpliterator.forEachRemaining(ArrayList.java:1708)
	at java.base/java.util.stream.AbstractPipeline.copyInto(AbstractPipeline.java:509)
	at java.base/java.util.stream.AbstractPipeline.wrapAndCopyInto(AbstractPipeline.java:499)
	at java.base/java.util.stream.StreamSpliterators$WrappingSpliterator.forEachRemaining(StreamSpliterators.java:310)
	at java.base/java.util.stream.Streams$ConcatSpliterator.forEachRemaining(Streams.java:735)
	at java.base/java.util.stream.Streams$ConcatSpliterator.forEachRemaining(Streams.java:734)
	at java.base/java.util.stream.ReferencePipeline$Head.forEach(ReferencePipeline.java:762)
	at org.junit.jupiter.engine.descriptor.ClassBasedTestDescriptor.invokeTestInstancePostProcessors(ClassBasedTestDescriptor.java:377)
	at org.junit.jupiter.engine.descriptor.ClassBasedTestDescriptor.lambda$instantiateAndPostProcessTestInstance$6(ClassBasedTestDescriptor.java:290)
	at org.junit.platform.engine.support.hierarchical.ThrowableCollector.execute(ThrowableCollector.java:73)
	at org.junit.jupiter.engine.descriptor.ClassBasedTestDescriptor.instantiateAndPostProcessTestInstance(ClassBasedTestDescriptor.java:289)
	at org.junit.jupiter.engine.descriptor.ClassBasedTestDescriptor.lambda$testInstancesProvider$4(ClassBasedTestDescriptor.java:279)
	at java.base/java.util.Optional.orElseGet(Optional.java:364)
	at org.junit.jupiter.engine.descriptor.ClassBasedTestDescriptor.lambda$testInstancesProvider$5(ClassBasedTestDescriptor.java:278)
	at org.junit.jupiter.engine.execution.TestInstancesProvider.getTestInstances(TestInstancesProvider.java:31)
	at org.junit.jupiter.engine.descriptor.TestMethodTestDescriptor.lambda$prepare$0(TestMethodTestDescriptor.java:106)
	at org.junit.platform.engine.support.hierarchical.ThrowableCollector.execute(ThrowableCollector.java:73)
	at org.junit.jupiter.engine.descriptor.TestMethodTestDescriptor.prepare(TestMethodTestDescriptor.java:105)
	at org.junit.jupiter.engine.descriptor.TestMethodTestDescriptor.prepare(TestMethodTestDescriptor.java:69)
	at org.junit.platform.engine.support.hierarchical.NodeTestTask.lambda$prepare$2(NodeTestTask.java:123)
	at org.junit.platform.engine.support.hierarchical.ThrowableCollector.execute(ThrowableCollector.java:73)
	at org.junit.platform.engine.support.hierarchical.NodeTestTask.prepare(NodeTestTask.java:123)
	at org.junit.platform.engine.support.hierarchical.NodeTestTask.execute(NodeTestTask.java:90)
	at java.base/java.util.ArrayList.forEach(ArrayList.java:1596)
	at org.junit.platform.engine.support.hierarchical.SameThreadHierarchicalTestExecutorService.invokeAll(SameThreadHierarchicalTestExecutorService.java:41)
	at org.junit.platform.engine.support.hierarchical.NodeTestTask.lambda$executeRecursively$6(NodeTestTask.java:155)
	at org.junit.platform.engine.support.hierarchical.ThrowableCollector.execute(ThrowableCollector.java:73)
	at org.junit.platform.engine.support.hierarchical.NodeTestTask.lambda$executeRecursively$8(NodeTestTask.java:141)
	at org.junit.platform.engine.support.hierarchical.Node.around(Node.java:137)
	at org.junit.platform.engine.support.hierarchical.NodeTestTask.lambda$executeRecursively$9(NodeTestTask.java:139)
	at org.junit.platform.engine.support.hierarchical.ThrowableCollector.execute(ThrowableCollector.java:73)
	at org.junit.platform.engine.support.hierarchical.NodeTestTask.executeRecursively(NodeTestTask.java:138)
	at org.junit.platform.engine.support.hierarchical.NodeTestTask.execute(NodeTestTask.java:95)
	at java.base/java.util.ArrayList.forEach(ArrayList.java:1596)
	at org.junit.platform.engine.support.hierarchical.SameThreadHierarchicalTestExecutorService.invokeAll(SameThreadHierarchicalTestExecutorService.java:41)
	at org.junit.platform.engine.support.hierarchical.NodeTestTask.lambda$executeRecursively$6(NodeTestTask.java:155)
	at org.junit.platform.engine.support.hierarchical.ThrowableCollector.execute(ThrowableCollector.java:73)
	at org.junit.platform.engine.support.hierarchical.NodeTestTask.lambda$executeRecursively$8(NodeTestTask.java:141)
	at org.junit.platform.engine.support.hierarchical.Node.around(Node.java:137)
	at org.junit.platform.engine.support.hierarchical.NodeTestTask.lambda$executeRecursively$9(NodeTestTask.java:139)
	at org.junit.platform.engine.support.hierarchical.ThrowableCollector.execute(ThrowableCollector.java:73)
	at org.junit.platform.engine.support.hierarchical.NodeTestTask.executeRecursively(NodeTestTask.java:138)
	at org.junit.platform.engine.support.hierarchical.NodeTestTask.execute(NodeTestTask.java:95)
	at org.junit.platform.engine.support.hierarchical.SameThreadHierarchicalTestExecutorService.submit(SameThreadHierarchicalTestExecutorService.java:35)
	at org.junit.platform.engine.support.hierarchical.HierarchicalTestExecutor.execute(HierarchicalTestExecutor.java:57)
	at org.junit.platform.engine.support.hierarchical.HierarchicalTestEngine.execute(HierarchicalTestEngine.java:54)
	at org.junit.platform.launcher.core.EngineExecutionOrchestrator.execute(EngineExecutionOrchestrator.java:198)
	at org.junit.platform.launcher.core.EngineExecutionOrchestrator.execute(EngineExecutionOrchestrator.java:169)
	at org.junit.platform.launcher.core.EngineExecutionOrchestrator.execute(EngineExecutionOrchestrator.java:93)
	at org.junit.platform.launcher.core.EngineExecutionOrchestrator.lambda$execute$0(EngineExecutionOrchestrator.java:58)
	at org.junit.platform.launcher.core.EngineExecutionOrchestrator.withInterceptedStreams(EngineExecutionOrchestrator.java:141)
	at org.junit.platform.launcher.core.EngineExecutionOrchestrator.execute(EngineExecutionOrchestrator.java:57)
	at org.junit.platform.launcher.core.DefaultLauncher.execute(DefaultLauncher.java:103)
	at org.junit.platform.launcher.core.DefaultLauncher.execute(DefaultLauncher.java:85)
	at org.junit.platform.launcher.core.DelegatingLauncher.execute(DelegatingLauncher.java:47)
	at org.apache.maven.surefire.junitplatform.LazyLauncher.execute(LazyLauncher.java:56)
	at org.apache.maven.surefire.junitplatform.JUnitPlatformProvider.execute(JUnitPlatformProvider.java:184)
	at org.apache.maven.surefire.junitplatform.JUnitPlatformProvider.invokeAllTests(JUnitPlatformProvider.java:148)
	at org.apache.maven.surefire.junitplatform.JUnitPlatformProvider.invoke(JUnitPlatformProvider.java:122)
	at org.apache.maven.surefire.booter.ForkedBooter.runSuitesInProcess(ForkedBooter.java:385)
	at org.apache.maven.surefire.booter.ForkedBooter.execute(ForkedBooter.java:162)
	at org.apache.maven.surefire.booter.ForkedBooter.run(ForkedBooter.java:507)
	at org.apache.maven.surefire.booter.ForkedBooter.main(ForkedBooter.java:495)
2025-06-14 16:48:06 - HQL : SELECT a FROM Attendance a WHERE a.member.id = :memberId
2025-06-14 16:48:06 - Encountered use of reserved word as identifier : .
2025-06-14 16:48:06 - Encountered use of reserved word as identifier : =
2025-06-14 16:48:06 - Applying inferable type to SqmExpression [SqmNamedParameter(memberId)] : null -> SqmBasicValuedSimplePath(org.frcpm.models.Attendance(a).member.id)
2025-06-14 16:48:06 - SqmStatement Tree :
    -> [select]
      -> [query-spec]
        -> [select]
          -> [selection]
            -> [root] - `org.frcpm.models.Attendance(a)`
            <- [root] - `org.frcpm.models.Attendance(a)`
          <- [selection]
        <- [select]
        -> [from]
          -> [root] - `org.frcpm.models.Attendance(a)`
          <- [root] - `org.frcpm.models.Attendance(a)`
        <- [from]
        -> [where]
          -> [EQUAL]
              -> [basic-path] - `org.frcpm.models.Attendance(a).member.id`
              :memberId
          <- [EQUAL]
        <- [where]
      <- [query-spec]
    <- [select]

2025-06-14 16:48:06 - JDBC transaction marked for rollback-only (exception provided for stack trace)
java.lang.Exception: exception just for purpose of providing stack trace
	at org.hibernate.resource.transaction.backend.jdbc.internal.JdbcResourceLocalTransactionCoordinatorImpl$TransactionDriverControlImpl.markRollbackOnly(JdbcResourceLocalTransactionCoordinatorImpl.java:310)
	at org.hibernate.internal.AbstractSharedSessionContract.buildNamedQuery(AbstractSharedSessionContract.java:1051)
	at org.hibernate.internal.AbstractSharedSessionContract.createNamedQuery(AbstractSharedSessionContract.java:929)
	at org.hibernate.internal.AbstractSharedSessionContract.createNamedQuery(AbstractSharedSessionContract.java:132)
	at java.base/jdk.internal.reflect.DirectMethodHandleAccessor.invoke(DirectMethodHandleAccessor.java:103)
	at java.base/java.lang.reflect.Method.invoke(Method.java:580)
	at org.springframework.orm.jpa.ExtendedEntityManagerCreator$ExtendedEntityManagerInvocationHandler.invoke(ExtendedEntityManagerCreator.java:360)
	at jdk.proxy2/jdk.proxy2.$Proxy112.createNamedQuery(Unknown Source)
	at org.springframework.data.jpa.repository.query.NamedQuery.hasNamedQuery(NamedQuery.java:113)
	at org.springframework.data.jpa.repository.query.JpaQueryLookupStrategy$DeclaredQueryLookupStrategy.getCountQuery(JpaQueryLookupStrategy.java:204)
	at org.springframework.data.jpa.repository.query.JpaQueryLookupStrategy$DeclaredQueryLookupStrategy.resolveQuery(JpaQueryLookupStrategy.java:171)
	at org.springframework.data.jpa.repository.query.JpaQueryLookupStrategy$CreateIfNotFoundQueryLookupStrategy.resolveQuery(JpaQueryLookupStrategy.java:252)
	at org.springframework.data.jpa.repository.query.JpaQueryLookupStrategy$AbstractQueryLookupStrategy.resolveQuery(JpaQueryLookupStrategy.java:95)
	at org.springframework.data.repository.core.support.QueryExecutorMethodInterceptor.lookupQuery(QueryExecutorMethodInterceptor.java:111)
	at org.springframework.data.repository.core.support.QueryExecutorMethodInterceptor.mapMethodsToQuery(QueryExecutorMethodInterceptor.java:99)
	at org.springframework.data.repository.core.support.QueryExecutorMethodInterceptor.lambda$new$0(QueryExecutorMethodInterceptor.java:88)
	at java.base/java.util.Optional.map(Optional.java:260)
	at org.springframework.data.repository.core.support.QueryExecutorMethodInterceptor.<init>(QueryExecutorMethodInterceptor.java:88)
	at org.springframework.data.repository.core.support.RepositoryFactorySupport.getRepository(RepositoryFactorySupport.java:357)
	at org.springframework.data.repository.core.support.RepositoryFactoryBeanSupport.lambda$afterPropertiesSet$5(RepositoryFactoryBeanSupport.java:279)
	at org.springframework.data.util.Lazy.getNullable(Lazy.java:135)
	at org.springframework.data.util.Lazy.get(Lazy.java:113)
	at org.springframework.data.repository.core.support.RepositoryFactoryBeanSupport.afterPropertiesSet(RepositoryFactoryBeanSupport.java:285)
	at org.springframework.data.jpa.repository.support.JpaRepositoryFactoryBean.afterPropertiesSet(JpaRepositoryFactoryBean.java:132)
	at org.springframework.beans.factory.support.AbstractAutowireCapableBeanFactory.invokeInitMethods(AbstractAutowireCapableBeanFactory.java:1822)
	at org.springframework.beans.factory.support.AbstractAutowireCapableBeanFactory.initializeBean(AbstractAutowireCapableBeanFactory.java:1771)
	at org.springframework.beans.factory.support.AbstractAutowireCapableBeanFactory.doCreateBean(AbstractAutowireCapableBeanFactory.java:601)
	at org.springframework.beans.factory.support.AbstractAutowireCapableBeanFactory.createBean(AbstractAutowireCapableBeanFactory.java:523)
	at org.springframework.beans.factory.support.AbstractBeanFactory.lambda$doGetBean$0(AbstractBeanFactory.java:325)
	at org.springframework.beans.factory.support.DefaultSingletonBeanRegistry.getSingleton(DefaultSingletonBeanRegistry.java:234)
	at org.springframework.beans.factory.support.AbstractBeanFactory.doGetBean(AbstractBeanFactory.java:323)
	at org.springframework.beans.factory.support.AbstractBeanFactory.getBean(AbstractBeanFactory.java:199)
	at org.springframework.beans.factory.support.DefaultListableBeanFactory.preInstantiateSingletons(DefaultListableBeanFactory.java:967)
	at org.springframework.context.support.AbstractApplicationContext.finishBeanFactoryInitialization(AbstractApplicationContext.java:946)
	at org.springframework.context.support.AbstractApplicationContext.refresh(AbstractApplicationContext.java:616)
	at org.springframework.boot.SpringApplication.refresh(SpringApplication.java:753)
	at org.springframework.boot.SpringApplication.refreshContext(SpringApplication.java:455)
	at org.springframework.boot.SpringApplication.run(SpringApplication.java:323)
	at org.springframework.boot.test.context.SpringBootContextLoader.lambda$loadContext$3(SpringBootContextLoader.java:137)
	at org.springframework.util.function.ThrowingSupplier.get(ThrowingSupplier.java:58)
	at org.springframework.util.function.ThrowingSupplier.get(ThrowingSupplier.java:46)
	at org.springframework.boot.SpringApplication.withHook(SpringApplication.java:1442)
	at org.springframework.boot.test.context.SpringBootContextLoader$ContextLoaderHook.run(SpringBootContextLoader.java:552)
	at org.springframework.boot.test.context.SpringBootContextLoader.loadContext(SpringBootContextLoader.java:137)
	at org.springframework.boot.test.context.SpringBootContextLoader.loadContext(SpringBootContextLoader.java:108)
	at org.springframework.test.context.cache.DefaultCacheAwareContextLoaderDelegate.loadContextInternal(DefaultCacheAwareContextLoaderDelegate.java:225)
	at org.springframework.test.context.cache.DefaultCacheAwareContextLoaderDelegate.loadContext(DefaultCacheAwareContextLoaderDelegate.java:152)
	at org.springframework.test.context.support.DefaultTestContext.getApplicationContext(DefaultTestContext.java:130)
	at org.springframework.test.context.support.DependencyInjectionTestExecutionListener.injectDependencies(DependencyInjectionTestExecutionListener.java:141)
	at org.springframework.test.context.support.DependencyInjectionTestExecutionListener.prepareTestInstance(DependencyInjectionTestExecutionListener.java:97)
	at org.springframework.test.context.TestContextManager.prepareTestInstance(TestContextManager.java:247)
	at org.springframework.test.context.junit.jupiter.SpringExtension.postProcessTestInstance(SpringExtension.java:163)
	at org.junit.jupiter.engine.descriptor.ClassBasedTestDescriptor.lambda$invokeTestInstancePostProcessors$10(ClassBasedTestDescriptor.java:378)
	at org.junit.jupiter.engine.descriptor.ClassBasedTestDescriptor.executeAndMaskThrowable(ClassBasedTestDescriptor.java:383)
	at org.junit.jupiter.engine.descriptor.ClassBasedTestDescriptor.lambda$invokeTestInstancePostProcessors$11(ClassBasedTestDescriptor.java:378)
	at java.base/java.util.stream.ReferencePipeline$3$1.accept(ReferencePipeline.java:197)
	at java.base/java.util.stream.ReferencePipeline$2$1.accept(ReferencePipeline.java:179)
	at java.base/java.util.ArrayList$ArrayListSpliterator.forEachRemaining(ArrayList.java:1708)
	at java.base/java.util.stream.AbstractPipeline.copyInto(AbstractPipeline.java:509)
	at java.base/java.util.stream.AbstractPipeline.wrapAndCopyInto(AbstractPipeline.java:499)
	at java.base/java.util.stream.StreamSpliterators$WrappingSpliterator.forEachRemaining(StreamSpliterators.java:310)
	at java.base/java.util.stream.Streams$ConcatSpliterator.forEachRemaining(Streams.java:735)
	at java.base/java.util.stream.Streams$ConcatSpliterator.forEachRemaining(Streams.java:734)
	at java.base/java.util.stream.ReferencePipeline$Head.forEach(ReferencePipeline.java:762)
	at org.junit.jupiter.engine.descriptor.ClassBasedTestDescriptor.invokeTestInstancePostProcessors(ClassBasedTestDescriptor.java:377)
	at org.junit.jupiter.engine.descriptor.ClassBasedTestDescriptor.lambda$instantiateAndPostProcessTestInstance$6(ClassBasedTestDescriptor.java:290)
	at org.junit.platform.engine.support.hierarchical.ThrowableCollector.execute(ThrowableCollector.java:73)
	at org.junit.jupiter.engine.descriptor.ClassBasedTestDescriptor.instantiateAndPostProcessTestInstance(ClassBasedTestDescriptor.java:289)
	at org.junit.jupiter.engine.descriptor.ClassBasedTestDescriptor.lambda$testInstancesProvider$4(ClassBasedTestDescriptor.java:279)
	at java.base/java.util.Optional.orElseGet(Optional.java:364)
	at org.junit.jupiter.engine.descriptor.ClassBasedTestDescriptor.lambda$testInstancesProvider$5(ClassBasedTestDescriptor.java:278)
	at org.junit.jupiter.engine.execution.TestInstancesProvider.getTestInstances(TestInstancesProvider.java:31)
	at org.junit.jupiter.engine.descriptor.TestMethodTestDescriptor.lambda$prepare$0(TestMethodTestDescriptor.java:106)
	at org.junit.platform.engine.support.hierarchical.ThrowableCollector.execute(ThrowableCollector.java:73)
	at org.junit.jupiter.engine.descriptor.TestMethodTestDescriptor.prepare(TestMethodTestDescriptor.java:105)
	at org.junit.jupiter.engine.descriptor.TestMethodTestDescriptor.prepare(TestMethodTestDescriptor.java:69)
	at org.junit.platform.engine.support.hierarchical.NodeTestTask.lambda$prepare$2(NodeTestTask.java:123)
	at org.junit.platform.engine.support.hierarchical.ThrowableCollector.execute(ThrowableCollector.java:73)
	at org.junit.platform.engine.support.hierarchical.NodeTestTask.prepare(NodeTestTask.java:123)
	at org.junit.platform.engine.support.hierarchical.NodeTestTask.execute(NodeTestTask.java:90)
	at java.base/java.util.ArrayList.forEach(ArrayList.java:1596)
	at org.junit.platform.engine.support.hierarchical.SameThreadHierarchicalTestExecutorService.invokeAll(SameThreadHierarchicalTestExecutorService.java:41)
	at org.junit.platform.engine.support.hierarchical.NodeTestTask.lambda$executeRecursively$6(NodeTestTask.java:155)
	at org.junit.platform.engine.support.hierarchical.ThrowableCollector.execute(ThrowableCollector.java:73)
	at org.junit.platform.engine.support.hierarchical.NodeTestTask.lambda$executeRecursively$8(NodeTestTask.java:141)
	at org.junit.platform.engine.support.hierarchical.Node.around(Node.java:137)
	at org.junit.platform.engine.support.hierarchical.NodeTestTask.lambda$executeRecursively$9(NodeTestTask.java:139)
	at org.junit.platform.engine.support.hierarchical.ThrowableCollector.execute(ThrowableCollector.java:73)
	at org.junit.platform.engine.support.hierarchical.NodeTestTask.executeRecursively(NodeTestTask.java:138)
	at org.junit.platform.engine.support.hierarchical.NodeTestTask.execute(NodeTestTask.java:95)
	at java.base/java.util.ArrayList.forEach(ArrayList.java:1596)
	at org.junit.platform.engine.support.hierarchical.SameThreadHierarchicalTestExecutorService.invokeAll(SameThreadHierarchicalTestExecutorService.java:41)
	at org.junit.platform.engine.support.hierarchical.NodeTestTask.lambda$executeRecursively$6(NodeTestTask.java:155)
	at org.junit.platform.engine.support.hierarchical.ThrowableCollector.execute(ThrowableCollector.java:73)
	at org.junit.platform.engine.support.hierarchical.NodeTestTask.lambda$executeRecursively$8(NodeTestTask.java:141)
	at org.junit.platform.engine.support.hierarchical.Node.around(Node.java:137)
	at org.junit.platform.engine.support.hierarchical.NodeTestTask.lambda$executeRecursively$9(NodeTestTask.java:139)
	at org.junit.platform.engine.support.hierarchical.ThrowableCollector.execute(ThrowableCollector.java:73)
	at org.junit.platform.engine.support.hierarchical.NodeTestTask.executeRecursively(NodeTestTask.java:138)
	at org.junit.platform.engine.support.hierarchical.NodeTestTask.execute(NodeTestTask.java:95)
	at org.junit.platform.engine.support.hierarchical.SameThreadHierarchicalTestExecutorService.submit(SameThreadHierarchicalTestExecutorService.java:35)
	at org.junit.platform.engine.support.hierarchical.HierarchicalTestExecutor.execute(HierarchicalTestExecutor.java:57)
	at org.junit.platform.engine.support.hierarchical.HierarchicalTestEngine.execute(HierarchicalTestEngine.java:54)
	at org.junit.platform.launcher.core.EngineExecutionOrchestrator.execute(EngineExecutionOrchestrator.java:198)
	at org.junit.platform.launcher.core.EngineExecutionOrchestrator.execute(EngineExecutionOrchestrator.java:169)
	at org.junit.platform.launcher.core.EngineExecutionOrchestrator.execute(EngineExecutionOrchestrator.java:93)
	at org.junit.platform.launcher.core.EngineExecutionOrchestrator.lambda$execute$0(EngineExecutionOrchestrator.java:58)
	at org.junit.platform.launcher.core.EngineExecutionOrchestrator.withInterceptedStreams(EngineExecutionOrchestrator.java:141)
	at org.junit.platform.launcher.core.EngineExecutionOrchestrator.execute(EngineExecutionOrchestrator.java:57)
	at org.junit.platform.launcher.core.DefaultLauncher.execute(DefaultLauncher.java:103)
	at org.junit.platform.launcher.core.DefaultLauncher.execute(DefaultLauncher.java:85)
	at org.junit.platform.launcher.core.DelegatingLauncher.execute(DelegatingLauncher.java:47)
	at org.apache.maven.surefire.junitplatform.LazyLauncher.execute(LazyLauncher.java:56)
	at org.apache.maven.surefire.junitplatform.JUnitPlatformProvider.execute(JUnitPlatformProvider.java:184)
	at org.apache.maven.surefire.junitplatform.JUnitPlatformProvider.invokeAllTests(JUnitPlatformProvider.java:148)
	at org.apache.maven.surefire.junitplatform.JUnitPlatformProvider.invoke(JUnitPlatformProvider.java:122)
	at org.apache.maven.surefire.booter.ForkedBooter.runSuitesInProcess(ForkedBooter.java:385)
	at org.apache.maven.surefire.booter.ForkedBooter.execute(ForkedBooter.java:162)
	at org.apache.maven.surefire.booter.ForkedBooter.run(ForkedBooter.java:507)
	at org.apache.maven.surefire.booter.ForkedBooter.main(ForkedBooter.java:495)
2025-06-14 16:48:06 - HQL : SELECT a FROM Attendance a JOIN a.meeting m WHERE m.date BETWEEN :startDate AND :endDate ORDER BY m.date
2025-06-14 16:48:06 - Encountered use of reserved word as identifier : BETWEEN
2025-06-14 16:48:06 - Encountered use of reserved word as identifier : <EOF>
2025-06-14 16:48:06 - Applying inferable type to SqmExpression [SqmNamedParameter(startDate)] : null -> SqmBasicValuedSimplePath(org.frcpm.models.Attendance(a).meeting(m).date)
2025-06-14 16:48:06 - Applying inferable type to SqmExpression [SqmNamedParameter(endDate)] : null -> SqmBasicValuedSimplePath(org.frcpm.models.Attendance(a).meeting(m).date)
2025-06-14 16:48:06 - SqmStatement Tree :
    -> [select]
      -> [query-spec]
        -> [select]
          -> [selection]
            -> [root] - `org.frcpm.models.Attendance(a)`
              -> [joins]
                -> [attribute] - `org.frcpm.models.Attendance(a).meeting(m)`
                    [fetched = false]
                <- [attribute] - `org.frcpm.models.Attendance(a).meeting(m)`
              <- [joins]
            <- [root] - `org.frcpm.models.Attendance(a)`
          <- [selection]
        <- [select]
        -> [from]
          -> [root] - `org.frcpm.models.Attendance(a)`
            -> [joins]
              -> [attribute] - `org.frcpm.models.Attendance(a).meeting(m)`
                  [fetched = false]
              <- [attribute] - `org.frcpm.models.Attendance(a).meeting(m)`
            <- [joins]
          <- [root] - `org.frcpm.models.Attendance(a)`
        <- [from]
        -> [where]
          -> [is-between]
            -> [basic-path] - `org.frcpm.models.Attendance(a).meeting(m).date`
            :startDate
            :endDate
          <- [is-between]
        <- [where]
      <- [query-spec]
    <- [select]

2025-06-14 16:48:06 - JDBC transaction marked for rollback-only (exception provided for stack trace)
java.lang.Exception: exception just for purpose of providing stack trace
	at org.hibernate.resource.transaction.backend.jdbc.internal.JdbcResourceLocalTransactionCoordinatorImpl$TransactionDriverControlImpl.markRollbackOnly(JdbcResourceLocalTransactionCoordinatorImpl.java:310)
	at org.hibernate.internal.AbstractSharedSessionContract.buildNamedQuery(AbstractSharedSessionContract.java:1051)
	at org.hibernate.internal.AbstractSharedSessionContract.createNamedQuery(AbstractSharedSessionContract.java:929)
	at org.hibernate.internal.AbstractSharedSessionContract.createNamedQuery(AbstractSharedSessionContract.java:132)
	at java.base/jdk.internal.reflect.DirectMethodHandleAccessor.invoke(DirectMethodHandleAccessor.java:103)
	at java.base/java.lang.reflect.Method.invoke(Method.java:580)
	at org.springframework.orm.jpa.ExtendedEntityManagerCreator$ExtendedEntityManagerInvocationHandler.invoke(ExtendedEntityManagerCreator.java:360)
	at jdk.proxy2/jdk.proxy2.$Proxy112.createNamedQuery(Unknown Source)
	at org.springframework.data.jpa.repository.query.NamedQuery.hasNamedQuery(NamedQuery.java:113)
	at org.springframework.data.jpa.repository.query.JpaQueryLookupStrategy$DeclaredQueryLookupStrategy.getCountQuery(JpaQueryLookupStrategy.java:204)
	at org.springframework.data.jpa.repository.query.JpaQueryLookupStrategy$DeclaredQueryLookupStrategy.resolveQuery(JpaQueryLookupStrategy.java:171)
	at org.springframework.data.jpa.repository.query.JpaQueryLookupStrategy$CreateIfNotFoundQueryLookupStrategy.resolveQuery(JpaQueryLookupStrategy.java:252)
	at org.springframework.data.jpa.repository.query.JpaQueryLookupStrategy$AbstractQueryLookupStrategy.resolveQuery(JpaQueryLookupStrategy.java:95)
	at org.springframework.data.repository.core.support.QueryExecutorMethodInterceptor.lookupQuery(QueryExecutorMethodInterceptor.java:111)
	at org.springframework.data.repository.core.support.QueryExecutorMethodInterceptor.mapMethodsToQuery(QueryExecutorMethodInterceptor.java:99)
	at org.springframework.data.repository.core.support.QueryExecutorMethodInterceptor.lambda$new$0(QueryExecutorMethodInterceptor.java:88)
	at java.base/java.util.Optional.map(Optional.java:260)
	at org.springframework.data.repository.core.support.QueryExecutorMethodInterceptor.<init>(QueryExecutorMethodInterceptor.java:88)
	at org.springframework.data.repository.core.support.RepositoryFactorySupport.getRepository(RepositoryFactorySupport.java:357)
	at org.springframework.data.repository.core.support.RepositoryFactoryBeanSupport.lambda$afterPropertiesSet$5(RepositoryFactoryBeanSupport.java:279)
	at org.springframework.data.util.Lazy.getNullable(Lazy.java:135)
	at org.springframework.data.util.Lazy.get(Lazy.java:113)
	at org.springframework.data.repository.core.support.RepositoryFactoryBeanSupport.afterPropertiesSet(RepositoryFactoryBeanSupport.java:285)
	at org.springframework.data.jpa.repository.support.JpaRepositoryFactoryBean.afterPropertiesSet(JpaRepositoryFactoryBean.java:132)
	at org.springframework.beans.factory.support.AbstractAutowireCapableBeanFactory.invokeInitMethods(AbstractAutowireCapableBeanFactory.java:1822)
	at org.springframework.beans.factory.support.AbstractAutowireCapableBeanFactory.initializeBean(AbstractAutowireCapableBeanFactory.java:1771)
	at org.springframework.beans.factory.support.AbstractAutowireCapableBeanFactory.doCreateBean(AbstractAutowireCapableBeanFactory.java:601)
	at org.springframework.beans.factory.support.AbstractAutowireCapableBeanFactory.createBean(AbstractAutowireCapableBeanFactory.java:523)
	at org.springframework.beans.factory.support.AbstractBeanFactory.lambda$doGetBean$0(AbstractBeanFactory.java:325)
	at org.springframework.beans.factory.support.DefaultSingletonBeanRegistry.getSingleton(DefaultSingletonBeanRegistry.java:234)
	at org.springframework.beans.factory.support.AbstractBeanFactory.doGetBean(AbstractBeanFactory.java:323)
	at org.springframework.beans.factory.support.AbstractBeanFactory.getBean(AbstractBeanFactory.java:199)
	at org.springframework.beans.factory.support.DefaultListableBeanFactory.preInstantiateSingletons(DefaultListableBeanFactory.java:967)
	at org.springframework.context.support.AbstractApplicationContext.finishBeanFactoryInitialization(AbstractApplicationContext.java:946)
	at org.springframework.context.support.AbstractApplicationContext.refresh(AbstractApplicationContext.java:616)
	at org.springframework.boot.SpringApplication.refresh(SpringApplication.java:753)
	at org.springframework.boot.SpringApplication.refreshContext(SpringApplication.java:455)
	at org.springframework.boot.SpringApplication.run(SpringApplication.java:323)
	at org.springframework.boot.test.context.SpringBootContextLoader.lambda$loadContext$3(SpringBootContextLoader.java:137)
	at org.springframework.util.function.ThrowingSupplier.get(ThrowingSupplier.java:58)
	at org.springframework.util.function.ThrowingSupplier.get(ThrowingSupplier.java:46)
	at org.springframework.boot.SpringApplication.withHook(SpringApplication.java:1442)
	at org.springframework.boot.test.context.SpringBootContextLoader$ContextLoaderHook.run(SpringBootContextLoader.java:552)
	at org.springframework.boot.test.context.SpringBootContextLoader.loadContext(SpringBootContextLoader.java:137)
	at org.springframework.boot.test.context.SpringBootContextLoader.loadContext(SpringBootContextLoader.java:108)
	at org.springframework.test.context.cache.DefaultCacheAwareContextLoaderDelegate.loadContextInternal(DefaultCacheAwareContextLoaderDelegate.java:225)
	at org.springframework.test.context.cache.DefaultCacheAwareContextLoaderDelegate.loadContext(DefaultCacheAwareContextLoaderDelegate.java:152)
	at org.springframework.test.context.support.DefaultTestContext.getApplicationContext(DefaultTestContext.java:130)
	at org.springframework.test.context.support.DependencyInjectionTestExecutionListener.injectDependencies(DependencyInjectionTestExecutionListener.java:141)
	at org.springframework.test.context.support.DependencyInjectionTestExecutionListener.prepareTestInstance(DependencyInjectionTestExecutionListener.java:97)
	at org.springframework.test.context.TestContextManager.prepareTestInstance(TestContextManager.java:247)
	at org.springframework.test.context.junit.jupiter.SpringExtension.postProcessTestInstance(SpringExtension.java:163)
	at org.junit.jupiter.engine.descriptor.ClassBasedTestDescriptor.lambda$invokeTestInstancePostProcessors$10(ClassBasedTestDescriptor.java:378)
	at org.junit.jupiter.engine.descriptor.ClassBasedTestDescriptor.executeAndMaskThrowable(ClassBasedTestDescriptor.java:383)
	at org.junit.jupiter.engine.descriptor.ClassBasedTestDescriptor.lambda$invokeTestInstancePostProcessors$11(ClassBasedTestDescriptor.java:378)
	at java.base/java.util.stream.ReferencePipeline$3$1.accept(ReferencePipeline.java:197)
	at java.base/java.util.stream.ReferencePipeline$2$1.accept(ReferencePipeline.java:179)
	at java.base/java.util.ArrayList$ArrayListSpliterator.forEachRemaining(ArrayList.java:1708)
	at java.base/java.util.stream.AbstractPipeline.copyInto(AbstractPipeline.java:509)
	at java.base/java.util.stream.AbstractPipeline.wrapAndCopyInto(AbstractPipeline.java:499)
	at java.base/java.util.stream.StreamSpliterators$WrappingSpliterator.forEachRemaining(StreamSpliterators.java:310)
	at java.base/java.util.stream.Streams$ConcatSpliterator.forEachRemaining(Streams.java:735)
	at java.base/java.util.stream.Streams$ConcatSpliterator.forEachRemaining(Streams.java:734)
	at java.base/java.util.stream.ReferencePipeline$Head.forEach(ReferencePipeline.java:762)
	at org.junit.jupiter.engine.descriptor.ClassBasedTestDescriptor.invokeTestInstancePostProcessors(ClassBasedTestDescriptor.java:377)
	at org.junit.jupiter.engine.descriptor.ClassBasedTestDescriptor.lambda$instantiateAndPostProcessTestInstance$6(ClassBasedTestDescriptor.java:290)
	at org.junit.platform.engine.support.hierarchical.ThrowableCollector.execute(ThrowableCollector.java:73)
	at org.junit.jupiter.engine.descriptor.ClassBasedTestDescriptor.instantiateAndPostProcessTestInstance(ClassBasedTestDescriptor.java:289)
	at org.junit.jupiter.engine.descriptor.ClassBasedTestDescriptor.lambda$testInstancesProvider$4(ClassBasedTestDescriptor.java:279)
	at java.base/java.util.Optional.orElseGet(Optional.java:364)
	at org.junit.jupiter.engine.descriptor.ClassBasedTestDescriptor.lambda$testInstancesProvider$5(ClassBasedTestDescriptor.java:278)
	at org.junit.jupiter.engine.execution.TestInstancesProvider.getTestInstances(TestInstancesProvider.java:31)
	at org.junit.jupiter.engine.descriptor.TestMethodTestDescriptor.lambda$prepare$0(TestMethodTestDescriptor.java:106)
	at org.junit.platform.engine.support.hierarchical.ThrowableCollector.execute(ThrowableCollector.java:73)
	at org.junit.jupiter.engine.descriptor.TestMethodTestDescriptor.prepare(TestMethodTestDescriptor.java:105)
	at org.junit.jupiter.engine.descriptor.TestMethodTestDescriptor.prepare(TestMethodTestDescriptor.java:69)
	at org.junit.platform.engine.support.hierarchical.NodeTestTask.lambda$prepare$2(NodeTestTask.java:123)
	at org.junit.platform.engine.support.hierarchical.ThrowableCollector.execute(ThrowableCollector.java:73)
	at org.junit.platform.engine.support.hierarchical.NodeTestTask.prepare(NodeTestTask.java:123)
	at org.junit.platform.engine.support.hierarchical.NodeTestTask.execute(NodeTestTask.java:90)
	at java.base/java.util.ArrayList.forEach(ArrayList.java:1596)
	at org.junit.platform.engine.support.hierarchical.SameThreadHierarchicalTestExecutorService.invokeAll(SameThreadHierarchicalTestExecutorService.java:41)
	at org.junit.platform.engine.support.hierarchical.NodeTestTask.lambda$executeRecursively$6(NodeTestTask.java:155)
	at org.junit.platform.engine.support.hierarchical.ThrowableCollector.execute(ThrowableCollector.java:73)
	at org.junit.platform.engine.support.hierarchical.NodeTestTask.lambda$executeRecursively$8(NodeTestTask.java:141)
	at org.junit.platform.engine.support.hierarchical.Node.around(Node.java:137)
	at org.junit.platform.engine.support.hierarchical.NodeTestTask.lambda$executeRecursively$9(NodeTestTask.java:139)
	at org.junit.platform.engine.support.hierarchical.ThrowableCollector.execute(ThrowableCollector.java:73)
	at org.junit.platform.engine.support.hierarchical.NodeTestTask.executeRecursively(NodeTestTask.java:138)
	at org.junit.platform.engine.support.hierarchical.NodeTestTask.execute(NodeTestTask.java:95)
	at java.base/java.util.ArrayList.forEach(ArrayList.java:1596)
	at org.junit.platform.engine.support.hierarchical.SameThreadHierarchicalTestExecutorService.invokeAll(SameThreadHierarchicalTestExecutorService.java:41)
	at org.junit.platform.engine.support.hierarchical.NodeTestTask.lambda$executeRecursively$6(NodeTestTask.java:155)
	at org.junit.platform.engine.support.hierarchical.ThrowableCollector.execute(ThrowableCollector.java:73)
	at org.junit.platform.engine.support.hierarchical.NodeTestTask.lambda$executeRecursively$8(NodeTestTask.java:141)
	at org.junit.platform.engine.support.hierarchical.Node.around(Node.java:137)
	at org.junit.platform.engine.support.hierarchical.NodeTestTask.lambda$executeRecursively$9(NodeTestTask.java:139)
	at org.junit.platform.engine.support.hierarchical.ThrowableCollector.execute(ThrowableCollector.java:73)
	at org.junit.platform.engine.support.hierarchical.NodeTestTask.executeRecursively(NodeTestTask.java:138)
	at org.junit.platform.engine.support.hierarchical.NodeTestTask.execute(NodeTestTask.java:95)
	at org.junit.platform.engine.support.hierarchical.SameThreadHierarchicalTestExecutorService.submit(SameThreadHierarchicalTestExecutorService.java:35)
	at org.junit.platform.engine.support.hierarchical.HierarchicalTestExecutor.execute(HierarchicalTestExecutor.java:57)
	at org.junit.platform.engine.support.hierarchical.HierarchicalTestEngine.execute(HierarchicalTestEngine.java:54)
	at org.junit.platform.launcher.core.EngineExecutionOrchestrator.execute(EngineExecutionOrchestrator.java:198)
	at org.junit.platform.launcher.core.EngineExecutionOrchestrator.execute(EngineExecutionOrchestrator.java:169)
	at org.junit.platform.launcher.core.EngineExecutionOrchestrator.execute(EngineExecutionOrchestrator.java:93)
	at org.junit.platform.launcher.core.EngineExecutionOrchestrator.lambda$execute$0(EngineExecutionOrchestrator.java:58)
	at org.junit.platform.launcher.core.EngineExecutionOrchestrator.withInterceptedStreams(EngineExecutionOrchestrator.java:141)
	at org.junit.platform.launcher.core.EngineExecutionOrchestrator.execute(EngineExecutionOrchestrator.java:57)
	at org.junit.platform.launcher.core.DefaultLauncher.execute(DefaultLauncher.java:103)
	at org.junit.platform.launcher.core.DefaultLauncher.execute(DefaultLauncher.java:85)
	at org.junit.platform.launcher.core.DelegatingLauncher.execute(DelegatingLauncher.java:47)
	at org.apache.maven.surefire.junitplatform.LazyLauncher.execute(LazyLauncher.java:56)
	at org.apache.maven.surefire.junitplatform.JUnitPlatformProvider.execute(JUnitPlatformProvider.java:184)
	at org.apache.maven.surefire.junitplatform.JUnitPlatformProvider.invokeAllTests(JUnitPlatformProvider.java:148)
	at org.apache.maven.surefire.junitplatform.JUnitPlatformProvider.invoke(JUnitPlatformProvider.java:122)
	at org.apache.maven.surefire.booter.ForkedBooter.runSuitesInProcess(ForkedBooter.java:385)
	at org.apache.maven.surefire.booter.ForkedBooter.execute(ForkedBooter.java:162)
	at org.apache.maven.surefire.booter.ForkedBooter.run(ForkedBooter.java:507)
	at org.apache.maven.surefire.booter.ForkedBooter.main(ForkedBooter.java:495)
2025-06-14 16:48:06 - HQL : SELECT COUNT(a) FROM Attendance a WHERE a.member.id = :memberId AND a.present = :present
2025-06-14 16:48:06 - Encountered use of reserved word as identifier : (
2025-06-14 16:48:06 - Encountered use of reserved word as identifier : .
2025-06-14 16:48:06 - Encountered use of reserved word as identifier : =
2025-06-14 16:48:06 - Applying inferable type to SqmExpression [SqmNamedParameter(memberId)] : null -> SqmBasicValuedSimplePath(org.frcpm.models.Attendance(a).member.id)
2025-06-14 16:48:06 - Applying inferable type to SqmExpression [SqmNamedParameter(present)] : null -> SqmBasicValuedSimplePath(org.frcpm.models.Attendance(a).present)
2025-06-14 16:48:06 - SqmStatement Tree :
    -> [select]
      -> [query-spec]
        -> [select]
          -> [selection]
          <- [selection]
        <- [select]
        -> [from]
          -> [root] - `org.frcpm.models.Attendance(a)`
          <- [root] - `org.frcpm.models.Attendance(a)`
        <- [from]
        -> [where]
          -> [and]
            -> [EQUAL]
                -> [basic-path] - `org.frcpm.models.Attendance(a).member.id`
                :memberId
            <- [EQUAL]
            -> [EQUAL]
                -> [basic-path] - `org.frcpm.models.Attendance(a).present`
                :present
            <- [EQUAL]
          <- [and]
        <- [where]
      <- [query-spec]
    <- [select]

2025-06-14 16:48:06 - JDBC transaction marked for rollback-only (exception provided for stack trace)
java.lang.Exception: exception just for purpose of providing stack trace
	at org.hibernate.resource.transaction.backend.jdbc.internal.JdbcResourceLocalTransactionCoordinatorImpl$TransactionDriverControlImpl.markRollbackOnly(JdbcResourceLocalTransactionCoordinatorImpl.java:310)
	at org.hibernate.internal.AbstractSharedSessionContract.buildNamedQuery(AbstractSharedSessionContract.java:1051)
	at org.hibernate.internal.AbstractSharedSessionContract.createNamedQuery(AbstractSharedSessionContract.java:929)
	at org.hibernate.internal.AbstractSharedSessionContract.createNamedQuery(AbstractSharedSessionContract.java:132)
	at java.base/jdk.internal.reflect.DirectMethodHandleAccessor.invoke(DirectMethodHandleAccessor.java:103)
	at java.base/java.lang.reflect.Method.invoke(Method.java:580)
	at org.springframework.orm.jpa.ExtendedEntityManagerCreator$ExtendedEntityManagerInvocationHandler.invoke(ExtendedEntityManagerCreator.java:360)
	at jdk.proxy2/jdk.proxy2.$Proxy112.createNamedQuery(Unknown Source)
	at org.springframework.data.jpa.repository.query.NamedQuery.hasNamedQuery(NamedQuery.java:113)
	at org.springframework.data.jpa.repository.query.JpaQueryLookupStrategy$DeclaredQueryLookupStrategy.getCountQuery(JpaQueryLookupStrategy.java:204)
	at org.springframework.data.jpa.repository.query.JpaQueryLookupStrategy$DeclaredQueryLookupStrategy.resolveQuery(JpaQueryLookupStrategy.java:171)
	at org.springframework.data.jpa.repository.query.JpaQueryLookupStrategy$CreateIfNotFoundQueryLookupStrategy.resolveQuery(JpaQueryLookupStrategy.java:252)
	at org.springframework.data.jpa.repository.query.JpaQueryLookupStrategy$AbstractQueryLookupStrategy.resolveQuery(JpaQueryLookupStrategy.java:95)
	at org.springframework.data.repository.core.support.QueryExecutorMethodInterceptor.lookupQuery(QueryExecutorMethodInterceptor.java:111)
	at org.springframework.data.repository.core.support.QueryExecutorMethodInterceptor.mapMethodsToQuery(QueryExecutorMethodInterceptor.java:99)
	at org.springframework.data.repository.core.support.QueryExecutorMethodInterceptor.lambda$new$0(QueryExecutorMethodInterceptor.java:88)
	at java.base/java.util.Optional.map(Optional.java:260)
	at org.springframework.data.repository.core.support.QueryExecutorMethodInterceptor.<init>(QueryExecutorMethodInterceptor.java:88)
	at org.springframework.data.repository.core.support.RepositoryFactorySupport.getRepository(RepositoryFactorySupport.java:357)
	at org.springframework.data.repository.core.support.RepositoryFactoryBeanSupport.lambda$afterPropertiesSet$5(RepositoryFactoryBeanSupport.java:279)
	at org.springframework.data.util.Lazy.getNullable(Lazy.java:135)
	at org.springframework.data.util.Lazy.get(Lazy.java:113)
	at org.springframework.data.repository.core.support.RepositoryFactoryBeanSupport.afterPropertiesSet(RepositoryFactoryBeanSupport.java:285)
	at org.springframework.data.jpa.repository.support.JpaRepositoryFactoryBean.afterPropertiesSet(JpaRepositoryFactoryBean.java:132)
	at org.springframework.beans.factory.support.AbstractAutowireCapableBeanFactory.invokeInitMethods(AbstractAutowireCapableBeanFactory.java:1822)
	at org.springframework.beans.factory.support.AbstractAutowireCapableBeanFactory.initializeBean(AbstractAutowireCapableBeanFactory.java:1771)
	at org.springframework.beans.factory.support.AbstractAutowireCapableBeanFactory.doCreateBean(AbstractAutowireCapableBeanFactory.java:601)
	at org.springframework.beans.factory.support.AbstractAutowireCapableBeanFactory.createBean(AbstractAutowireCapableBeanFactory.java:523)
	at org.springframework.beans.factory.support.AbstractBeanFactory.lambda$doGetBean$0(AbstractBeanFactory.java:325)
	at org.springframework.beans.factory.support.DefaultSingletonBeanRegistry.getSingleton(DefaultSingletonBeanRegistry.java:234)
	at org.springframework.beans.factory.support.AbstractBeanFactory.doGetBean(AbstractBeanFactory.java:323)
	at org.springframework.beans.factory.support.AbstractBeanFactory.getBean(AbstractBeanFactory.java:199)
	at org.springframework.beans.factory.support.DefaultListableBeanFactory.preInstantiateSingletons(DefaultListableBeanFactory.java:967)
	at org.springframework.context.support.AbstractApplicationContext.finishBeanFactoryInitialization(AbstractApplicationContext.java:946)
	at org.springframework.context.support.AbstractApplicationContext.refresh(AbstractApplicationContext.java:616)
	at org.springframework.boot.SpringApplication.refresh(SpringApplication.java:753)
	at org.springframework.boot.SpringApplication.refreshContext(SpringApplication.java:455)
	at org.springframework.boot.SpringApplication.run(SpringApplication.java:323)
	at org.springframework.boot.test.context.SpringBootContextLoader.lambda$loadContext$3(SpringBootContextLoader.java:137)
	at org.springframework.util.function.ThrowingSupplier.get(ThrowingSupplier.java:58)
	at org.springframework.util.function.ThrowingSupplier.get(ThrowingSupplier.java:46)
	at org.springframework.boot.SpringApplication.withHook(SpringApplication.java:1442)
	at org.springframework.boot.test.context.SpringBootContextLoader$ContextLoaderHook.run(SpringBootContextLoader.java:552)
	at org.springframework.boot.test.context.SpringBootContextLoader.loadContext(SpringBootContextLoader.java:137)
	at org.springframework.boot.test.context.SpringBootContextLoader.loadContext(SpringBootContextLoader.java:108)
	at org.springframework.test.context.cache.DefaultCacheAwareContextLoaderDelegate.loadContextInternal(DefaultCacheAwareContextLoaderDelegate.java:225)
	at org.springframework.test.context.cache.DefaultCacheAwareContextLoaderDelegate.loadContext(DefaultCacheAwareContextLoaderDelegate.java:152)
	at org.springframework.test.context.support.DefaultTestContext.getApplicationContext(DefaultTestContext.java:130)
	at org.springframework.test.context.support.DependencyInjectionTestExecutionListener.injectDependencies(DependencyInjectionTestExecutionListener.java:141)
	at org.springframework.test.context.support.DependencyInjectionTestExecutionListener.prepareTestInstance(DependencyInjectionTestExecutionListener.java:97)
	at org.springframework.test.context.TestContextManager.prepareTestInstance(TestContextManager.java:247)
	at org.springframework.test.context.junit.jupiter.SpringExtension.postProcessTestInstance(SpringExtension.java:163)
	at org.junit.jupiter.engine.descriptor.ClassBasedTestDescriptor.lambda$invokeTestInstancePostProcessors$10(ClassBasedTestDescriptor.java:378)
	at org.junit.jupiter.engine.descriptor.ClassBasedTestDescriptor.executeAndMaskThrowable(ClassBasedTestDescriptor.java:383)
	at org.junit.jupiter.engine.descriptor.ClassBasedTestDescriptor.lambda$invokeTestInstancePostProcessors$11(ClassBasedTestDescriptor.java:378)
	at java.base/java.util.stream.ReferencePipeline$3$1.accept(ReferencePipeline.java:197)
	at java.base/java.util.stream.ReferencePipeline$2$1.accept(ReferencePipeline.java:179)
	at java.base/java.util.ArrayList$ArrayListSpliterator.forEachRemaining(ArrayList.java:1708)
	at java.base/java.util.stream.AbstractPipeline.copyInto(AbstractPipeline.java:509)
	at java.base/java.util.stream.AbstractPipeline.wrapAndCopyInto(AbstractPipeline.java:499)
	at java.base/java.util.stream.StreamSpliterators$WrappingSpliterator.forEachRemaining(StreamSpliterators.java:310)
	at java.base/java.util.stream.Streams$ConcatSpliterator.forEachRemaining(Streams.java:735)
	at java.base/java.util.stream.Streams$ConcatSpliterator.forEachRemaining(Streams.java:734)
	at java.base/java.util.stream.ReferencePipeline$Head.forEach(ReferencePipeline.java:762)
	at org.junit.jupiter.engine.descriptor.ClassBasedTestDescriptor.invokeTestInstancePostProcessors(ClassBasedTestDescriptor.java:377)
	at org.junit.jupiter.engine.descriptor.ClassBasedTestDescriptor.lambda$instantiateAndPostProcessTestInstance$6(ClassBasedTestDescriptor.java:290)
	at org.junit.platform.engine.support.hierarchical.ThrowableCollector.execute(ThrowableCollector.java:73)
	at org.junit.jupiter.engine.descriptor.ClassBasedTestDescriptor.instantiateAndPostProcessTestInstance(ClassBasedTestDescriptor.java:289)
	at org.junit.jupiter.engine.descriptor.ClassBasedTestDescriptor.lambda$testInstancesProvider$4(ClassBasedTestDescriptor.java:279)
	at java.base/java.util.Optional.orElseGet(Optional.java:364)
	at org.junit.jupiter.engine.descriptor.ClassBasedTestDescriptor.lambda$testInstancesProvider$5(ClassBasedTestDescriptor.java:278)
	at org.junit.jupiter.engine.execution.TestInstancesProvider.getTestInstances(TestInstancesProvider.java:31)
	at org.junit.jupiter.engine.descriptor.TestMethodTestDescriptor.lambda$prepare$0(TestMethodTestDescriptor.java:106)
	at org.junit.platform.engine.support.hierarchical.ThrowableCollector.execute(ThrowableCollector.java:73)
	at org.junit.jupiter.engine.descriptor.TestMethodTestDescriptor.prepare(TestMethodTestDescriptor.java:105)
	at org.junit.jupiter.engine.descriptor.TestMethodTestDescriptor.prepare(TestMethodTestDescriptor.java:69)
	at org.junit.platform.engine.support.hierarchical.NodeTestTask.lambda$prepare$2(NodeTestTask.java:123)
	at org.junit.platform.engine.support.hierarchical.ThrowableCollector.execute(ThrowableCollector.java:73)
	at org.junit.platform.engine.support.hierarchical.NodeTestTask.prepare(NodeTestTask.java:123)
	at org.junit.platform.engine.support.hierarchical.NodeTestTask.execute(NodeTestTask.java:90)
	at java.base/java.util.ArrayList.forEach(ArrayList.java:1596)
	at org.junit.platform.engine.support.hierarchical.SameThreadHierarchicalTestExecutorService.invokeAll(SameThreadHierarchicalTestExecutorService.java:41)
	at org.junit.platform.engine.support.hierarchical.NodeTestTask.lambda$executeRecursively$6(NodeTestTask.java:155)
	at org.junit.platform.engine.support.hierarchical.ThrowableCollector.execute(ThrowableCollector.java:73)
	at org.junit.platform.engine.support.hierarchical.NodeTestTask.lambda$executeRecursively$8(NodeTestTask.java:141)
	at org.junit.platform.engine.support.hierarchical.Node.around(Node.java:137)
	at org.junit.platform.engine.support.hierarchical.NodeTestTask.lambda$executeRecursively$9(NodeTestTask.java:139)
	at org.junit.platform.engine.support.hierarchical.ThrowableCollector.execute(ThrowableCollector.java:73)
	at org.junit.platform.engine.support.hierarchical.NodeTestTask.executeRecursively(NodeTestTask.java:138)
	at org.junit.platform.engine.support.hierarchical.NodeTestTask.execute(NodeTestTask.java:95)
	at java.base/java.util.ArrayList.forEach(ArrayList.java:1596)
	at org.junit.platform.engine.support.hierarchical.SameThreadHierarchicalTestExecutorService.invokeAll(SameThreadHierarchicalTestExecutorService.java:41)
	at org.junit.platform.engine.support.hierarchical.NodeTestTask.lambda$executeRecursively$6(NodeTestTask.java:155)
	at org.junit.platform.engine.support.hierarchical.ThrowableCollector.execute(ThrowableCollector.java:73)
	at org.junit.platform.engine.support.hierarchical.NodeTestTask.lambda$executeRecursively$8(NodeTestTask.java:141)
	at org.junit.platform.engine.support.hierarchical.Node.around(Node.java:137)
	at org.junit.platform.engine.support.hierarchical.NodeTestTask.lambda$executeRecursively$9(NodeTestTask.java:139)
	at org.junit.platform.engine.support.hierarchical.ThrowableCollector.execute(ThrowableCollector.java:73)
	at org.junit.platform.engine.support.hierarchical.NodeTestTask.executeRecursively(NodeTestTask.java:138)
	at org.junit.platform.engine.support.hierarchical.NodeTestTask.execute(NodeTestTask.java:95)
	at org.junit.platform.engine.support.hierarchical.SameThreadHierarchicalTestExecutorService.submit(SameThreadHierarchicalTestExecutorService.java:35)
	at org.junit.platform.engine.support.hierarchical.HierarchicalTestExecutor.execute(HierarchicalTestExecutor.java:57)
	at org.junit.platform.engine.support.hierarchical.HierarchicalTestEngine.execute(HierarchicalTestEngine.java:54)
	at org.junit.platform.launcher.core.EngineExecutionOrchestrator.execute(EngineExecutionOrchestrator.java:198)
	at org.junit.platform.launcher.core.EngineExecutionOrchestrator.execute(EngineExecutionOrchestrator.java:169)
	at org.junit.platform.launcher.core.EngineExecutionOrchestrator.execute(EngineExecutionOrchestrator.java:93)
	at org.junit.platform.launcher.core.EngineExecutionOrchestrator.lambda$execute$0(EngineExecutionOrchestrator.java:58)
	at org.junit.platform.launcher.core.EngineExecutionOrchestrator.withInterceptedStreams(EngineExecutionOrchestrator.java:141)
	at org.junit.platform.launcher.core.EngineExecutionOrchestrator.execute(EngineExecutionOrchestrator.java:57)
	at org.junit.platform.launcher.core.DefaultLauncher.execute(DefaultLauncher.java:103)
	at org.junit.platform.launcher.core.DefaultLauncher.execute(DefaultLauncher.java:85)
	at org.junit.platform.launcher.core.DelegatingLauncher.execute(DelegatingLauncher.java:47)
	at org.apache.maven.surefire.junitplatform.LazyLauncher.execute(LazyLauncher.java:56)
	at org.apache.maven.surefire.junitplatform.JUnitPlatformProvider.execute(JUnitPlatformProvider.java:184)
	at org.apache.maven.surefire.junitplatform.JUnitPlatformProvider.invokeAllTests(JUnitPlatformProvider.java:148)
	at org.apache.maven.surefire.junitplatform.JUnitPlatformProvider.invoke(JUnitPlatformProvider.java:122)
	at org.apache.maven.surefire.booter.ForkedBooter.runSuitesInProcess(ForkedBooter.java:385)
	at org.apache.maven.surefire.booter.ForkedBooter.execute(ForkedBooter.java:162)
	at org.apache.maven.surefire.booter.ForkedBooter.run(ForkedBooter.java:507)
	at org.apache.maven.surefire.booter.ForkedBooter.main(ForkedBooter.java:495)
2025-06-14 16:48:06 - HQL : SELECT a FROM Attendance a WHERE a.meeting.id = :meetingId AND a.member.id = :memberId
2025-06-14 16:48:06 - Encountered use of reserved word as identifier : =
2025-06-14 16:48:06 - Encountered use of reserved word as identifier : .
2025-06-14 16:48:06 - Encountered use of reserved word as identifier : =
2025-06-14 16:48:06 - Applying inferable type to SqmExpression [SqmNamedParameter(meetingId)] : null -> SqmBasicValuedSimplePath(org.frcpm.models.Attendance(a).meeting.id)
2025-06-14 16:48:06 - Applying inferable type to SqmExpression [SqmNamedParameter(memberId)] : null -> SqmBasicValuedSimplePath(org.frcpm.models.Attendance(a).member.id)
2025-06-14 16:48:06 - SqmStatement Tree :
    -> [select]
      -> [query-spec]
        -> [select]
          -> [selection]
            -> [root] - `org.frcpm.models.Attendance(a)`
            <- [root] - `org.frcpm.models.Attendance(a)`
          <- [selection]
        <- [select]
        -> [from]
          -> [root] - `org.frcpm.models.Attendance(a)`
          <- [root] - `org.frcpm.models.Attendance(a)`
        <- [from]
        -> [where]
          -> [and]
            -> [EQUAL]
                -> [basic-path] - `org.frcpm.models.Attendance(a).meeting.id`
                :meetingId
            <- [EQUAL]
            -> [EQUAL]
                -> [basic-path] - `org.frcpm.models.Attendance(a).member.id`
                :memberId
            <- [EQUAL]
          <- [and]
        <- [where]
      <- [query-spec]
    <- [select]

2025-06-14 16:48:06 - JDBC transaction marked for rollback-only (exception provided for stack trace)
java.lang.Exception: exception just for purpose of providing stack trace
	at org.hibernate.resource.transaction.backend.jdbc.internal.JdbcResourceLocalTransactionCoordinatorImpl$TransactionDriverControlImpl.markRollbackOnly(JdbcResourceLocalTransactionCoordinatorImpl.java:310)
	at org.hibernate.internal.AbstractSharedSessionContract.buildNamedQuery(AbstractSharedSessionContract.java:1051)
	at org.hibernate.internal.AbstractSharedSessionContract.createNamedQuery(AbstractSharedSessionContract.java:929)
	at org.hibernate.internal.AbstractSharedSessionContract.createNamedQuery(AbstractSharedSessionContract.java:132)
	at java.base/jdk.internal.reflect.DirectMethodHandleAccessor.invoke(DirectMethodHandleAccessor.java:103)
	at java.base/java.lang.reflect.Method.invoke(Method.java:580)
	at org.springframework.orm.jpa.ExtendedEntityManagerCreator$ExtendedEntityManagerInvocationHandler.invoke(ExtendedEntityManagerCreator.java:360)
	at jdk.proxy2/jdk.proxy2.$Proxy112.createNamedQuery(Unknown Source)
	at org.springframework.data.jpa.repository.query.NamedQuery.hasNamedQuery(NamedQuery.java:113)
	at org.springframework.data.jpa.repository.query.JpaQueryLookupStrategy$DeclaredQueryLookupStrategy.getCountQuery(JpaQueryLookupStrategy.java:204)
	at org.springframework.data.jpa.repository.query.JpaQueryLookupStrategy$DeclaredQueryLookupStrategy.resolveQuery(JpaQueryLookupStrategy.java:171)
	at org.springframework.data.jpa.repository.query.JpaQueryLookupStrategy$CreateIfNotFoundQueryLookupStrategy.resolveQuery(JpaQueryLookupStrategy.java:252)
	at org.springframework.data.jpa.repository.query.JpaQueryLookupStrategy$AbstractQueryLookupStrategy.resolveQuery(JpaQueryLookupStrategy.java:95)
	at org.springframework.data.repository.core.support.QueryExecutorMethodInterceptor.lookupQuery(QueryExecutorMethodInterceptor.java:111)
	at org.springframework.data.repository.core.support.QueryExecutorMethodInterceptor.mapMethodsToQuery(QueryExecutorMethodInterceptor.java:99)
	at org.springframework.data.repository.core.support.QueryExecutorMethodInterceptor.lambda$new$0(QueryExecutorMethodInterceptor.java:88)
	at java.base/java.util.Optional.map(Optional.java:260)
	at org.springframework.data.repository.core.support.QueryExecutorMethodInterceptor.<init>(QueryExecutorMethodInterceptor.java:88)
	at org.springframework.data.repository.core.support.RepositoryFactorySupport.getRepository(RepositoryFactorySupport.java:357)
	at org.springframework.data.repository.core.support.RepositoryFactoryBeanSupport.lambda$afterPropertiesSet$5(RepositoryFactoryBeanSupport.java:279)
	at org.springframework.data.util.Lazy.getNullable(Lazy.java:135)
	at org.springframework.data.util.Lazy.get(Lazy.java:113)
	at org.springframework.data.repository.core.support.RepositoryFactoryBeanSupport.afterPropertiesSet(RepositoryFactoryBeanSupport.java:285)
	at org.springframework.data.jpa.repository.support.JpaRepositoryFactoryBean.afterPropertiesSet(JpaRepositoryFactoryBean.java:132)
	at org.springframework.beans.factory.support.AbstractAutowireCapableBeanFactory.invokeInitMethods(AbstractAutowireCapableBeanFactory.java:1822)
	at org.springframework.beans.factory.support.AbstractAutowireCapableBeanFactory.initializeBean(AbstractAutowireCapableBeanFactory.java:1771)
	at org.springframework.beans.factory.support.AbstractAutowireCapableBeanFactory.doCreateBean(AbstractAutowireCapableBeanFactory.java:601)
	at org.springframework.beans.factory.support.AbstractAutowireCapableBeanFactory.createBean(AbstractAutowireCapableBeanFactory.java:523)
	at org.springframework.beans.factory.support.AbstractBeanFactory.lambda$doGetBean$0(AbstractBeanFactory.java:325)
	at org.springframework.beans.factory.support.DefaultSingletonBeanRegistry.getSingleton(DefaultSingletonBeanRegistry.java:234)
	at org.springframework.beans.factory.support.AbstractBeanFactory.doGetBean(AbstractBeanFactory.java:323)
	at org.springframework.beans.factory.support.AbstractBeanFactory.getBean(AbstractBeanFactory.java:199)
	at org.springframework.beans.factory.support.DefaultListableBeanFactory.preInstantiateSingletons(DefaultListableBeanFactory.java:967)
	at org.springframework.context.support.AbstractApplicationContext.finishBeanFactoryInitialization(AbstractApplicationContext.java:946)
	at org.springframework.context.support.AbstractApplicationContext.refresh(AbstractApplicationContext.java:616)
	at org.springframework.boot.SpringApplication.refresh(SpringApplication.java:753)
	at org.springframework.boot.SpringApplication.refreshContext(SpringApplication.java:455)
	at org.springframework.boot.SpringApplication.run(SpringApplication.java:323)
	at org.springframework.boot.test.context.SpringBootContextLoader.lambda$loadContext$3(SpringBootContextLoader.java:137)
	at org.springframework.util.function.ThrowingSupplier.get(ThrowingSupplier.java:58)
	at org.springframework.util.function.ThrowingSupplier.get(ThrowingSupplier.java:46)
	at org.springframework.boot.SpringApplication.withHook(SpringApplication.java:1442)
	at org.springframework.boot.test.context.SpringBootContextLoader$ContextLoaderHook.run(SpringBootContextLoader.java:552)
	at org.springframework.boot.test.context.SpringBootContextLoader.loadContext(SpringBootContextLoader.java:137)
	at org.springframework.boot.test.context.SpringBootContextLoader.loadContext(SpringBootContextLoader.java:108)
	at org.springframework.test.context.cache.DefaultCacheAwareContextLoaderDelegate.loadContextInternal(DefaultCacheAwareContextLoaderDelegate.java:225)
	at org.springframework.test.context.cache.DefaultCacheAwareContextLoaderDelegate.loadContext(DefaultCacheAwareContextLoaderDelegate.java:152)
	at org.springframework.test.context.support.DefaultTestContext.getApplicationContext(DefaultTestContext.java:130)
	at org.springframework.test.context.support.DependencyInjectionTestExecutionListener.injectDependencies(DependencyInjectionTestExecutionListener.java:141)
	at org.springframework.test.context.support.DependencyInjectionTestExecutionListener.prepareTestInstance(DependencyInjectionTestExecutionListener.java:97)
	at org.springframework.test.context.TestContextManager.prepareTestInstance(TestContextManager.java:247)
	at org.springframework.test.context.junit.jupiter.SpringExtension.postProcessTestInstance(SpringExtension.java:163)
	at org.junit.jupiter.engine.descriptor.ClassBasedTestDescriptor.lambda$invokeTestInstancePostProcessors$10(ClassBasedTestDescriptor.java:378)
	at org.junit.jupiter.engine.descriptor.ClassBasedTestDescriptor.executeAndMaskThrowable(ClassBasedTestDescriptor.java:383)
	at org.junit.jupiter.engine.descriptor.ClassBasedTestDescriptor.lambda$invokeTestInstancePostProcessors$11(ClassBasedTestDescriptor.java:378)
	at java.base/java.util.stream.ReferencePipeline$3$1.accept(ReferencePipeline.java:197)
	at java.base/java.util.stream.ReferencePipeline$2$1.accept(ReferencePipeline.java:179)
	at java.base/java.util.ArrayList$ArrayListSpliterator.forEachRemaining(ArrayList.java:1708)
	at java.base/java.util.stream.AbstractPipeline.copyInto(AbstractPipeline.java:509)
	at java.base/java.util.stream.AbstractPipeline.wrapAndCopyInto(AbstractPipeline.java:499)
	at java.base/java.util.stream.StreamSpliterators$WrappingSpliterator.forEachRemaining(StreamSpliterators.java:310)
	at java.base/java.util.stream.Streams$ConcatSpliterator.forEachRemaining(Streams.java:735)
	at java.base/java.util.stream.Streams$ConcatSpliterator.forEachRemaining(Streams.java:734)
	at java.base/java.util.stream.ReferencePipeline$Head.forEach(ReferencePipeline.java:762)
	at org.junit.jupiter.engine.descriptor.ClassBasedTestDescriptor.invokeTestInstancePostProcessors(ClassBasedTestDescriptor.java:377)
	at org.junit.jupiter.engine.descriptor.ClassBasedTestDescriptor.lambda$instantiateAndPostProcessTestInstance$6(ClassBasedTestDescriptor.java:290)
	at org.junit.platform.engine.support.hierarchical.ThrowableCollector.execute(ThrowableCollector.java:73)
	at org.junit.jupiter.engine.descriptor.ClassBasedTestDescriptor.instantiateAndPostProcessTestInstance(ClassBasedTestDescriptor.java:289)
	at org.junit.jupiter.engine.descriptor.ClassBasedTestDescriptor.lambda$testInstancesProvider$4(ClassBasedTestDescriptor.java:279)
	at java.base/java.util.Optional.orElseGet(Optional.java:364)
	at org.junit.jupiter.engine.descriptor.ClassBasedTestDescriptor.lambda$testInstancesProvider$5(ClassBasedTestDescriptor.java:278)
	at org.junit.jupiter.engine.execution.TestInstancesProvider.getTestInstances(TestInstancesProvider.java:31)
	at org.junit.jupiter.engine.descriptor.TestMethodTestDescriptor.lambda$prepare$0(TestMethodTestDescriptor.java:106)
	at org.junit.platform.engine.support.hierarchical.ThrowableCollector.execute(ThrowableCollector.java:73)
	at org.junit.jupiter.engine.descriptor.TestMethodTestDescriptor.prepare(TestMethodTestDescriptor.java:105)
	at org.junit.jupiter.engine.descriptor.TestMethodTestDescriptor.prepare(TestMethodTestDescriptor.java:69)
	at org.junit.platform.engine.support.hierarchical.NodeTestTask.lambda$prepare$2(NodeTestTask.java:123)
	at org.junit.platform.engine.support.hierarchical.ThrowableCollector.execute(ThrowableCollector.java:73)
	at org.junit.platform.engine.support.hierarchical.NodeTestTask.prepare(NodeTestTask.java:123)
	at org.junit.platform.engine.support.hierarchical.NodeTestTask.execute(NodeTestTask.java:90)
	at java.base/java.util.ArrayList.forEach(ArrayList.java:1596)
	at org.junit.platform.engine.support.hierarchical.SameThreadHierarchicalTestExecutorService.invokeAll(SameThreadHierarchicalTestExecutorService.java:41)
	at org.junit.platform.engine.support.hierarchical.NodeTestTask.lambda$executeRecursively$6(NodeTestTask.java:155)
	at org.junit.platform.engine.support.hierarchical.ThrowableCollector.execute(ThrowableCollector.java:73)
	at org.junit.platform.engine.support.hierarchical.NodeTestTask.lambda$executeRecursively$8(NodeTestTask.java:141)
	at org.junit.platform.engine.support.hierarchical.Node.around(Node.java:137)
	at org.junit.platform.engine.support.hierarchical.NodeTestTask.lambda$executeRecursively$9(NodeTestTask.java:139)
	at org.junit.platform.engine.support.hierarchical.ThrowableCollector.execute(ThrowableCollector.java:73)
	at org.junit.platform.engine.support.hierarchical.NodeTestTask.executeRecursively(NodeTestTask.java:138)
	at org.junit.platform.engine.support.hierarchical.NodeTestTask.execute(NodeTestTask.java:95)
	at java.base/java.util.ArrayList.forEach(ArrayList.java:1596)
	at org.junit.platform.engine.support.hierarchical.SameThreadHierarchicalTestExecutorService.invokeAll(SameThreadHierarchicalTestExecutorService.java:41)
	at org.junit.platform.engine.support.hierarchical.NodeTestTask.lambda$executeRecursively$6(NodeTestTask.java:155)
	at org.junit.platform.engine.support.hierarchical.ThrowableCollector.execute(ThrowableCollector.java:73)
	at org.junit.platform.engine.support.hierarchical.NodeTestTask.lambda$executeRecursively$8(NodeTestTask.java:141)
	at org.junit.platform.engine.support.hierarchical.Node.around(Node.java:137)
	at org.junit.platform.engine.support.hierarchical.NodeTestTask.lambda$executeRecursively$9(NodeTestTask.java:139)
	at org.junit.platform.engine.support.hierarchical.ThrowableCollector.execute(ThrowableCollector.java:73)
	at org.junit.platform.engine.support.hierarchical.NodeTestTask.executeRecursively(NodeTestTask.java:138)
	at org.junit.platform.engine.support.hierarchical.NodeTestTask.execute(NodeTestTask.java:95)
	at org.junit.platform.engine.support.hierarchical.SameThreadHierarchicalTestExecutorService.submit(SameThreadHierarchicalTestExecutorService.java:35)
	at org.junit.platform.engine.support.hierarchical.HierarchicalTestExecutor.execute(HierarchicalTestExecutor.java:57)
	at org.junit.platform.engine.support.hierarchical.HierarchicalTestEngine.execute(HierarchicalTestEngine.java:54)
	at org.junit.platform.launcher.core.EngineExecutionOrchestrator.execute(EngineExecutionOrchestrator.java:198)
	at org.junit.platform.launcher.core.EngineExecutionOrchestrator.execute(EngineExecutionOrchestrator.java:169)
	at org.junit.platform.launcher.core.EngineExecutionOrchestrator.execute(EngineExecutionOrchestrator.java:93)
	at org.junit.platform.launcher.core.EngineExecutionOrchestrator.lambda$execute$0(EngineExecutionOrchestrator.java:58)
	at org.junit.platform.launcher.core.EngineExecutionOrchestrator.withInterceptedStreams(EngineExecutionOrchestrator.java:141)
	at org.junit.platform.launcher.core.EngineExecutionOrchestrator.execute(EngineExecutionOrchestrator.java:57)
	at org.junit.platform.launcher.core.DefaultLauncher.execute(DefaultLauncher.java:103)
	at org.junit.platform.launcher.core.DefaultLauncher.execute(DefaultLauncher.java:85)
	at org.junit.platform.launcher.core.DelegatingLauncher.execute(DelegatingLauncher.java:47)
	at org.apache.maven.surefire.junitplatform.LazyLauncher.execute(LazyLauncher.java:56)
	at org.apache.maven.surefire.junitplatform.JUnitPlatformProvider.execute(JUnitPlatformProvider.java:184)
	at org.apache.maven.surefire.junitplatform.JUnitPlatformProvider.invokeAllTests(JUnitPlatformProvider.java:148)
	at org.apache.maven.surefire.junitplatform.JUnitPlatformProvider.invoke(JUnitPlatformProvider.java:122)
	at org.apache.maven.surefire.booter.ForkedBooter.runSuitesInProcess(ForkedBooter.java:385)
	at org.apache.maven.surefire.booter.ForkedBooter.execute(ForkedBooter.java:162)
	at org.apache.maven.surefire.booter.ForkedBooter.run(ForkedBooter.java:507)
	at org.apache.maven.surefire.booter.ForkedBooter.main(ForkedBooter.java:495)
2025-06-14 16:48:06 - HQL : SELECT a FROM Attendance a JOIN a.meeting m WHERE m.project.id = :projectId
2025-06-14 16:48:06 - Encountered use of reserved word as identifier : =
2025-06-14 16:48:06 - Applying inferable type to SqmExpression [SqmNamedParameter(projectId)] : null -> SqmBasicValuedSimplePath(org.frcpm.models.Attendance(a).meeting(m).project.id)
2025-06-14 16:48:06 - SqmStatement Tree :
    -> [select]
      -> [query-spec]
        -> [select]
          -> [selection]
            -> [root] - `org.frcpm.models.Attendance(a)`
              -> [joins]
                -> [attribute] - `org.frcpm.models.Attendance(a).meeting(m)`
                    [fetched = false]
                <- [attribute] - `org.frcpm.models.Attendance(a).meeting(m)`
              <- [joins]
            <- [root] - `org.frcpm.models.Attendance(a)`
          <- [selection]
        <- [select]
        -> [from]
          -> [root] - `org.frcpm.models.Attendance(a)`
            -> [joins]
              -> [attribute] - `org.frcpm.models.Attendance(a).meeting(m)`
                  [fetched = false]
              <- [attribute] - `org.frcpm.models.Attendance(a).meeting(m)`
            <- [joins]
          <- [root] - `org.frcpm.models.Attendance(a)`
        <- [from]
        -> [where]
          -> [EQUAL]
              -> [basic-path] - `org.frcpm.models.Attendance(a).meeting(m).project.id`
              :projectId
          <- [EQUAL]
        <- [where]
      <- [query-spec]
    <- [select]

2025-06-14 16:48:06 - JDBC transaction marked for rollback-only (exception provided for stack trace)
java.lang.Exception: exception just for purpose of providing stack trace
	at org.hibernate.resource.transaction.backend.jdbc.internal.JdbcResourceLocalTransactionCoordinatorImpl$TransactionDriverControlImpl.markRollbackOnly(JdbcResourceLocalTransactionCoordinatorImpl.java:310)
	at org.hibernate.internal.AbstractSharedSessionContract.buildNamedQuery(AbstractSharedSessionContract.java:1051)
	at org.hibernate.internal.AbstractSharedSessionContract.createNamedQuery(AbstractSharedSessionContract.java:929)
	at org.hibernate.internal.AbstractSharedSessionContract.createNamedQuery(AbstractSharedSessionContract.java:132)
	at java.base/jdk.internal.reflect.DirectMethodHandleAccessor.invoke(DirectMethodHandleAccessor.java:103)
	at java.base/java.lang.reflect.Method.invoke(Method.java:580)
	at org.springframework.orm.jpa.ExtendedEntityManagerCreator$ExtendedEntityManagerInvocationHandler.invoke(ExtendedEntityManagerCreator.java:360)
	at jdk.proxy2/jdk.proxy2.$Proxy112.createNamedQuery(Unknown Source)
	at org.springframework.data.jpa.repository.query.NamedQuery.hasNamedQuery(NamedQuery.java:113)
	at org.springframework.data.jpa.repository.query.NamedQuery.lookupFrom(NamedQuery.java:141)
	at org.springframework.data.jpa.repository.query.JpaQueryLookupStrategy$DeclaredQueryLookupStrategy.resolveQuery(JpaQueryLookupStrategy.java:180)
	at org.springframework.data.jpa.repository.query.JpaQueryLookupStrategy$CreateIfNotFoundQueryLookupStrategy.resolveQuery(JpaQueryLookupStrategy.java:252)
	at org.springframework.data.jpa.repository.query.JpaQueryLookupStrategy$AbstractQueryLookupStrategy.resolveQuery(JpaQueryLookupStrategy.java:95)
	at org.springframework.data.repository.core.support.QueryExecutorMethodInterceptor.lookupQuery(QueryExecutorMethodInterceptor.java:111)
	at org.springframework.data.repository.core.support.QueryExecutorMethodInterceptor.mapMethodsToQuery(QueryExecutorMethodInterceptor.java:99)
	at org.springframework.data.repository.core.support.QueryExecutorMethodInterceptor.lambda$new$0(QueryExecutorMethodInterceptor.java:88)
	at java.base/java.util.Optional.map(Optional.java:260)
	at org.springframework.data.repository.core.support.QueryExecutorMethodInterceptor.<init>(QueryExecutorMethodInterceptor.java:88)
	at org.springframework.data.repository.core.support.RepositoryFactorySupport.getRepository(RepositoryFactorySupport.java:357)
	at org.springframework.data.repository.core.support.RepositoryFactoryBeanSupport.lambda$afterPropertiesSet$5(RepositoryFactoryBeanSupport.java:279)
	at org.springframework.data.util.Lazy.getNullable(Lazy.java:135)
	at org.springframework.data.util.Lazy.get(Lazy.java:113)
	at org.springframework.data.repository.core.support.RepositoryFactoryBeanSupport.afterPropertiesSet(RepositoryFactoryBeanSupport.java:285)
	at org.springframework.data.jpa.repository.support.JpaRepositoryFactoryBean.afterPropertiesSet(JpaRepositoryFactoryBean.java:132)
	at org.springframework.beans.factory.support.AbstractAutowireCapableBeanFactory.invokeInitMethods(AbstractAutowireCapableBeanFactory.java:1822)
	at org.springframework.beans.factory.support.AbstractAutowireCapableBeanFactory.initializeBean(AbstractAutowireCapableBeanFactory.java:1771)
	at org.springframework.beans.factory.support.AbstractAutowireCapableBeanFactory.doCreateBean(AbstractAutowireCapableBeanFactory.java:601)
	at org.springframework.beans.factory.support.AbstractAutowireCapableBeanFactory.createBean(AbstractAutowireCapableBeanFactory.java:523)
	at org.springframework.beans.factory.support.AbstractBeanFactory.lambda$doGetBean$0(AbstractBeanFactory.java:325)
	at org.springframework.beans.factory.support.DefaultSingletonBeanRegistry.getSingleton(DefaultSingletonBeanRegistry.java:234)
	at org.springframework.beans.factory.support.AbstractBeanFactory.doGetBean(AbstractBeanFactory.java:323)
	at org.springframework.beans.factory.support.AbstractBeanFactory.getBean(AbstractBeanFactory.java:199)
	at org.springframework.beans.factory.support.DefaultListableBeanFactory.preInstantiateSingletons(DefaultListableBeanFactory.java:967)
	at org.springframework.context.support.AbstractApplicationContext.finishBeanFactoryInitialization(AbstractApplicationContext.java:946)
	at org.springframework.context.support.AbstractApplicationContext.refresh(AbstractApplicationContext.java:616)
	at org.springframework.boot.SpringApplication.refresh(SpringApplication.java:753)
	at org.springframework.boot.SpringApplication.refreshContext(SpringApplication.java:455)
	at org.springframework.boot.SpringApplication.run(SpringApplication.java:323)
	at org.springframework.boot.test.context.SpringBootContextLoader.lambda$loadContext$3(SpringBootContextLoader.java:137)
	at org.springframework.util.function.ThrowingSupplier.get(ThrowingSupplier.java:58)
	at org.springframework.util.function.ThrowingSupplier.get(ThrowingSupplier.java:46)
	at org.springframework.boot.SpringApplication.withHook(SpringApplication.java:1442)
	at org.springframework.boot.test.context.SpringBootContextLoader$ContextLoaderHook.run(SpringBootContextLoader.java:552)
	at org.springframework.boot.test.context.SpringBootContextLoader.loadContext(SpringBootContextLoader.java:137)
	at org.springframework.boot.test.context.SpringBootContextLoader.loadContext(SpringBootContextLoader.java:108)
	at org.springframework.test.context.cache.DefaultCacheAwareContextLoaderDelegate.loadContextInternal(DefaultCacheAwareContextLoaderDelegate.java:225)
	at org.springframework.test.context.cache.DefaultCacheAwareContextLoaderDelegate.loadContext(DefaultCacheAwareContextLoaderDelegate.java:152)
	at org.springframework.test.context.support.DefaultTestContext.getApplicationContext(DefaultTestContext.java:130)
	at org.springframework.test.context.support.DependencyInjectionTestExecutionListener.injectDependencies(DependencyInjectionTestExecutionListener.java:141)
	at org.springframework.test.context.support.DependencyInjectionTestExecutionListener.prepareTestInstance(DependencyInjectionTestExecutionListener.java:97)
	at org.springframework.test.context.TestContextManager.prepareTestInstance(TestContextManager.java:247)
	at org.springframework.test.context.junit.jupiter.SpringExtension.postProcessTestInstance(SpringExtension.java:163)
	at org.junit.jupiter.engine.descriptor.ClassBasedTestDescriptor.lambda$invokeTestInstancePostProcessors$10(ClassBasedTestDescriptor.java:378)
	at org.junit.jupiter.engine.descriptor.ClassBasedTestDescriptor.executeAndMaskThrowable(ClassBasedTestDescriptor.java:383)
	at org.junit.jupiter.engine.descriptor.ClassBasedTestDescriptor.lambda$invokeTestInstancePostProcessors$11(ClassBasedTestDescriptor.java:378)
	at java.base/java.util.stream.ReferencePipeline$3$1.accept(ReferencePipeline.java:197)
	at java.base/java.util.stream.ReferencePipeline$2$1.accept(ReferencePipeline.java:179)
	at java.base/java.util.ArrayList$ArrayListSpliterator.forEachRemaining(ArrayList.java:1708)
	at java.base/java.util.stream.AbstractPipeline.copyInto(AbstractPipeline.java:509)
	at java.base/java.util.stream.AbstractPipeline.wrapAndCopyInto(AbstractPipeline.java:499)
	at java.base/java.util.stream.StreamSpliterators$WrappingSpliterator.forEachRemaining(StreamSpliterators.java:310)
	at java.base/java.util.stream.Streams$ConcatSpliterator.forEachRemaining(Streams.java:735)
	at java.base/java.util.stream.Streams$ConcatSpliterator.forEachRemaining(Streams.java:734)
	at java.base/java.util.stream.ReferencePipeline$Head.forEach(ReferencePipeline.java:762)
	at org.junit.jupiter.engine.descriptor.ClassBasedTestDescriptor.invokeTestInstancePostProcessors(ClassBasedTestDescriptor.java:377)
	at org.junit.jupiter.engine.descriptor.ClassBasedTestDescriptor.lambda$instantiateAndPostProcessTestInstance$6(ClassBasedTestDescriptor.java:290)
	at org.junit.platform.engine.support.hierarchical.ThrowableCollector.execute(ThrowableCollector.java:73)
	at org.junit.jupiter.engine.descriptor.ClassBasedTestDescriptor.instantiateAndPostProcessTestInstance(ClassBasedTestDescriptor.java:289)
	at org.junit.jupiter.engine.descriptor.ClassBasedTestDescriptor.lambda$testInstancesProvider$4(ClassBasedTestDescriptor.java:279)
	at java.base/java.util.Optional.orElseGet(Optional.java:364)
	at org.junit.jupiter.engine.descriptor.ClassBasedTestDescriptor.lambda$testInstancesProvider$5(ClassBasedTestDescriptor.java:278)
	at org.junit.jupiter.engine.execution.TestInstancesProvider.getTestInstances(TestInstancesProvider.java:31)
	at org.junit.jupiter.engine.descriptor.TestMethodTestDescriptor.lambda$prepare$0(TestMethodTestDescriptor.java:106)
	at org.junit.platform.engine.support.hierarchical.ThrowableCollector.execute(ThrowableCollector.java:73)
	at org.junit.jupiter.engine.descriptor.TestMethodTestDescriptor.prepare(TestMethodTestDescriptor.java:105)
	at org.junit.jupiter.engine.descriptor.TestMethodTestDescriptor.prepare(TestMethodTestDescriptor.java:69)
	at org.junit.platform.engine.support.hierarchical.NodeTestTask.lambda$prepare$2(NodeTestTask.java:123)
	at org.junit.platform.engine.support.hierarchical.ThrowableCollector.execute(ThrowableCollector.java:73)
	at org.junit.platform.engine.support.hierarchical.NodeTestTask.prepare(NodeTestTask.java:123)
	at org.junit.platform.engine.support.hierarchical.NodeTestTask.execute(NodeTestTask.java:90)
	at java.base/java.util.ArrayList.forEach(ArrayList.java:1596)
	at org.junit.platform.engine.support.hierarchical.SameThreadHierarchicalTestExecutorService.invokeAll(SameThreadHierarchicalTestExecutorService.java:41)
	at org.junit.platform.engine.support.hierarchical.NodeTestTask.lambda$executeRecursively$6(NodeTestTask.java:155)
	at org.junit.platform.engine.support.hierarchical.ThrowableCollector.execute(ThrowableCollector.java:73)
	at org.junit.platform.engine.support.hierarchical.NodeTestTask.lambda$executeRecursively$8(NodeTestTask.java:141)
	at org.junit.platform.engine.support.hierarchical.Node.around(Node.java:137)
	at org.junit.platform.engine.support.hierarchical.NodeTestTask.lambda$executeRecursively$9(NodeTestTask.java:139)
	at org.junit.platform.engine.support.hierarchical.ThrowableCollector.execute(ThrowableCollector.java:73)
	at org.junit.platform.engine.support.hierarchical.NodeTestTask.executeRecursively(NodeTestTask.java:138)
	at org.junit.platform.engine.support.hierarchical.NodeTestTask.execute(NodeTestTask.java:95)
	at java.base/java.util.ArrayList.forEach(ArrayList.java:1596)
	at org.junit.platform.engine.support.hierarchical.SameThreadHierarchicalTestExecutorService.invokeAll(SameThreadHierarchicalTestExecutorService.java:41)
	at org.junit.platform.engine.support.hierarchical.NodeTestTask.lambda$executeRecursively$6(NodeTestTask.java:155)
	at org.junit.platform.engine.support.hierarchical.ThrowableCollector.execute(ThrowableCollector.java:73)
	at org.junit.platform.engine.support.hierarchical.NodeTestTask.lambda$executeRecursively$8(NodeTestTask.java:141)
	at org.junit.platform.engine.support.hierarchical.Node.around(Node.java:137)
	at org.junit.platform.engine.support.hierarchical.NodeTestTask.lambda$executeRecursively$9(NodeTestTask.java:139)
	at org.junit.platform.engine.support.hierarchical.ThrowableCollector.execute(ThrowableCollector.java:73)
	at org.junit.platform.engine.support.hierarchical.NodeTestTask.executeRecursively(NodeTestTask.java:138)
	at org.junit.platform.engine.support.hierarchical.NodeTestTask.execute(NodeTestTask.java:95)
	at org.junit.platform.engine.support.hierarchical.SameThreadHierarchicalTestExecutorService.submit(SameThreadHierarchicalTestExecutorService.java:35)
	at org.junit.platform.engine.support.hierarchical.HierarchicalTestExecutor.execute(HierarchicalTestExecutor.java:57)
	at org.junit.platform.engine.support.hierarchical.HierarchicalTestEngine.execute(HierarchicalTestEngine.java:54)
	at org.junit.platform.launcher.core.EngineExecutionOrchestrator.execute(EngineExecutionOrchestrator.java:198)
	at org.junit.platform.launcher.core.EngineExecutionOrchestrator.execute(EngineExecutionOrchestrator.java:169)
	at org.junit.platform.launcher.core.EngineExecutionOrchestrator.execute(EngineExecutionOrchestrator.java:93)
	at org.junit.platform.launcher.core.EngineExecutionOrchestrator.lambda$execute$0(EngineExecutionOrchestrator.java:58)
	at org.junit.platform.launcher.core.EngineExecutionOrchestrator.withInterceptedStreams(EngineExecutionOrchestrator.java:141)
	at org.junit.platform.launcher.core.EngineExecutionOrchestrator.execute(EngineExecutionOrchestrator.java:57)
	at org.junit.platform.launcher.core.DefaultLauncher.execute(DefaultLauncher.java:103)
	at org.junit.platform.launcher.core.DefaultLauncher.execute(DefaultLauncher.java:85)
	at org.junit.platform.launcher.core.DelegatingLauncher.execute(DelegatingLauncher.java:47)
	at org.apache.maven.surefire.junitplatform.LazyLauncher.execute(LazyLauncher.java:56)
	at org.apache.maven.surefire.junitplatform.JUnitPlatformProvider.execute(JUnitPlatformProvider.java:184)
	at org.apache.maven.surefire.junitplatform.JUnitPlatformProvider.invokeAllTests(JUnitPlatformProvider.java:148)
	at org.apache.maven.surefire.junitplatform.JUnitPlatformProvider.invoke(JUnitPlatformProvider.java:122)
	at org.apache.maven.surefire.booter.ForkedBooter.runSuitesInProcess(ForkedBooter.java:385)
	at org.apache.maven.surefire.booter.ForkedBooter.execute(ForkedBooter.java:162)
	at org.apache.maven.surefire.booter.ForkedBooter.run(ForkedBooter.java:507)
	at org.apache.maven.surefire.booter.ForkedBooter.main(ForkedBooter.java:495)
2025-06-14 16:48:06 - JDBC transaction marked for rollback-only (exception provided for stack trace)
java.lang.Exception: exception just for purpose of providing stack trace
	at org.hibernate.resource.transaction.backend.jdbc.internal.JdbcResourceLocalTransactionCoordinatorImpl$TransactionDriverControlImpl.markRollbackOnly(JdbcResourceLocalTransactionCoordinatorImpl.java:310)
	at org.hibernate.internal.AbstractSharedSessionContract.buildNamedQuery(AbstractSharedSessionContract.java:1051)
	at org.hibernate.internal.AbstractSharedSessionContract.createNamedQuery(AbstractSharedSessionContract.java:929)
	at org.hibernate.internal.AbstractSharedSessionContract.createNamedQuery(AbstractSharedSessionContract.java:132)
	at java.base/jdk.internal.reflect.DirectMethodHandleAccessor.invoke(DirectMethodHandleAccessor.java:103)
	at java.base/java.lang.reflect.Method.invoke(Method.java:580)
	at org.springframework.orm.jpa.ExtendedEntityManagerCreator$ExtendedEntityManagerInvocationHandler.invoke(ExtendedEntityManagerCreator.java:360)
	at jdk.proxy2/jdk.proxy2.$Proxy112.createNamedQuery(Unknown Source)
	at org.springframework.data.jpa.repository.query.NamedQuery.hasNamedQuery(NamedQuery.java:113)
	at org.springframework.data.jpa.repository.query.NamedQuery.lookupFrom(NamedQuery.java:141)
	at org.springframework.data.jpa.repository.query.JpaQueryLookupStrategy$DeclaredQueryLookupStrategy.resolveQuery(JpaQueryLookupStrategy.java:180)
	at org.springframework.data.jpa.repository.query.JpaQueryLookupStrategy$CreateIfNotFoundQueryLookupStrategy.resolveQuery(JpaQueryLookupStrategy.java:252)
	at org.springframework.data.jpa.repository.query.JpaQueryLookupStrategy$AbstractQueryLookupStrategy.resolveQuery(JpaQueryLookupStrategy.java:95)
	at org.springframework.data.repository.core.support.QueryExecutorMethodInterceptor.lookupQuery(QueryExecutorMethodInterceptor.java:111)
	at org.springframework.data.repository.core.support.QueryExecutorMethodInterceptor.mapMethodsToQuery(QueryExecutorMethodInterceptor.java:99)
	at org.springframework.data.repository.core.support.QueryExecutorMethodInterceptor.lambda$new$0(QueryExecutorMethodInterceptor.java:88)
	at java.base/java.util.Optional.map(Optional.java:260)
	at org.springframework.data.repository.core.support.QueryExecutorMethodInterceptor.<init>(QueryExecutorMethodInterceptor.java:88)
	at org.springframework.data.repository.core.support.RepositoryFactorySupport.getRepository(RepositoryFactorySupport.java:357)
	at org.springframework.data.repository.core.support.RepositoryFactoryBeanSupport.lambda$afterPropertiesSet$5(RepositoryFactoryBeanSupport.java:279)
	at org.springframework.data.util.Lazy.getNullable(Lazy.java:135)
	at org.springframework.data.util.Lazy.get(Lazy.java:113)
	at org.springframework.data.repository.core.support.RepositoryFactoryBeanSupport.afterPropertiesSet(RepositoryFactoryBeanSupport.java:285)
	at org.springframework.data.jpa.repository.support.JpaRepositoryFactoryBean.afterPropertiesSet(JpaRepositoryFactoryBean.java:132)
	at org.springframework.beans.factory.support.AbstractAutowireCapableBeanFactory.invokeInitMethods(AbstractAutowireCapableBeanFactory.java:1822)
	at org.springframework.beans.factory.support.AbstractAutowireCapableBeanFactory.initializeBean(AbstractAutowireCapableBeanFactory.java:1771)
	at org.springframework.beans.factory.support.AbstractAutowireCapableBeanFactory.doCreateBean(AbstractAutowireCapableBeanFactory.java:601)
	at org.springframework.beans.factory.support.AbstractAutowireCapableBeanFactory.createBean(AbstractAutowireCapableBeanFactory.java:523)
	at org.springframework.beans.factory.support.AbstractBeanFactory.lambda$doGetBean$0(AbstractBeanFactory.java:325)
	at org.springframework.beans.factory.support.DefaultSingletonBeanRegistry.getSingleton(DefaultSingletonBeanRegistry.java:234)
	at org.springframework.beans.factory.support.AbstractBeanFactory.doGetBean(AbstractBeanFactory.java:323)
	at org.springframework.beans.factory.support.AbstractBeanFactory.getBean(AbstractBeanFactory.java:199)
	at org.springframework.beans.factory.support.DefaultListableBeanFactory.preInstantiateSingletons(DefaultListableBeanFactory.java:967)
	at org.springframework.context.support.AbstractApplicationContext.finishBeanFactoryInitialization(AbstractApplicationContext.java:946)
	at org.springframework.context.support.AbstractApplicationContext.refresh(AbstractApplicationContext.java:616)
	at org.springframework.boot.SpringApplication.refresh(SpringApplication.java:753)
	at org.springframework.boot.SpringApplication.refreshContext(SpringApplication.java:455)
	at org.springframework.boot.SpringApplication.run(SpringApplication.java:323)
	at org.springframework.boot.test.context.SpringBootContextLoader.lambda$loadContext$3(SpringBootContextLoader.java:137)
	at org.springframework.util.function.ThrowingSupplier.get(ThrowingSupplier.java:58)
	at org.springframework.util.function.ThrowingSupplier.get(ThrowingSupplier.java:46)
	at org.springframework.boot.SpringApplication.withHook(SpringApplication.java:1442)
	at org.springframework.boot.test.context.SpringBootContextLoader$ContextLoaderHook.run(SpringBootContextLoader.java:552)
	at org.springframework.boot.test.context.SpringBootContextLoader.loadContext(SpringBootContextLoader.java:137)
	at org.springframework.boot.test.context.SpringBootContextLoader.loadContext(SpringBootContextLoader.java:108)
	at org.springframework.test.context.cache.DefaultCacheAwareContextLoaderDelegate.loadContextInternal(DefaultCacheAwareContextLoaderDelegate.java:225)
	at org.springframework.test.context.cache.DefaultCacheAwareContextLoaderDelegate.loadContext(DefaultCacheAwareContextLoaderDelegate.java:152)
	at org.springframework.test.context.support.DefaultTestContext.getApplicationContext(DefaultTestContext.java:130)
	at org.springframework.test.context.support.DependencyInjectionTestExecutionListener.injectDependencies(DependencyInjectionTestExecutionListener.java:141)
	at org.springframework.test.context.support.DependencyInjectionTestExecutionListener.prepareTestInstance(DependencyInjectionTestExecutionListener.java:97)
	at org.springframework.test.context.TestContextManager.prepareTestInstance(TestContextManager.java:247)
	at org.springframework.test.context.junit.jupiter.SpringExtension.postProcessTestInstance(SpringExtension.java:163)
	at org.junit.jupiter.engine.descriptor.ClassBasedTestDescriptor.lambda$invokeTestInstancePostProcessors$10(ClassBasedTestDescriptor.java:378)
	at org.junit.jupiter.engine.descriptor.ClassBasedTestDescriptor.executeAndMaskThrowable(ClassBasedTestDescriptor.java:383)
	at org.junit.jupiter.engine.descriptor.ClassBasedTestDescriptor.lambda$invokeTestInstancePostProcessors$11(ClassBasedTestDescriptor.java:378)
	at java.base/java.util.stream.ReferencePipeline$3$1.accept(ReferencePipeline.java:197)
	at java.base/java.util.stream.ReferencePipeline$2$1.accept(ReferencePipeline.java:179)
	at java.base/java.util.ArrayList$ArrayListSpliterator.forEachRemaining(ArrayList.java:1708)
	at java.base/java.util.stream.AbstractPipeline.copyInto(AbstractPipeline.java:509)
	at java.base/java.util.stream.AbstractPipeline.wrapAndCopyInto(AbstractPipeline.java:499)
	at java.base/java.util.stream.StreamSpliterators$WrappingSpliterator.forEachRemaining(StreamSpliterators.java:310)
	at java.base/java.util.stream.Streams$ConcatSpliterator.forEachRemaining(Streams.java:735)
	at java.base/java.util.stream.Streams$ConcatSpliterator.forEachRemaining(Streams.java:734)
	at java.base/java.util.stream.ReferencePipeline$Head.forEach(ReferencePipeline.java:762)
	at org.junit.jupiter.engine.descriptor.ClassBasedTestDescriptor.invokeTestInstancePostProcessors(ClassBasedTestDescriptor.java:377)
	at org.junit.jupiter.engine.descriptor.ClassBasedTestDescriptor.lambda$instantiateAndPostProcessTestInstance$6(ClassBasedTestDescriptor.java:290)
	at org.junit.platform.engine.support.hierarchical.ThrowableCollector.execute(ThrowableCollector.java:73)
	at org.junit.jupiter.engine.descriptor.ClassBasedTestDescriptor.instantiateAndPostProcessTestInstance(ClassBasedTestDescriptor.java:289)
	at org.junit.jupiter.engine.descriptor.ClassBasedTestDescriptor.lambda$testInstancesProvider$4(ClassBasedTestDescriptor.java:279)
	at java.base/java.util.Optional.orElseGet(Optional.java:364)
	at org.junit.jupiter.engine.descriptor.ClassBasedTestDescriptor.lambda$testInstancesProvider$5(ClassBasedTestDescriptor.java:278)
	at org.junit.jupiter.engine.execution.TestInstancesProvider.getTestInstances(TestInstancesProvider.java:31)
	at org.junit.jupiter.engine.descriptor.TestMethodTestDescriptor.lambda$prepare$0(TestMethodTestDescriptor.java:106)
	at org.junit.platform.engine.support.hierarchical.ThrowableCollector.execute(ThrowableCollector.java:73)
	at org.junit.jupiter.engine.descriptor.TestMethodTestDescriptor.prepare(TestMethodTestDescriptor.java:105)
	at org.junit.jupiter.engine.descriptor.TestMethodTestDescriptor.prepare(TestMethodTestDescriptor.java:69)
	at org.junit.platform.engine.support.hierarchical.NodeTestTask.lambda$prepare$2(NodeTestTask.java:123)
	at org.junit.platform.engine.support.hierarchical.ThrowableCollector.execute(ThrowableCollector.java:73)
	at org.junit.platform.engine.support.hierarchical.NodeTestTask.prepare(NodeTestTask.java:123)
	at org.junit.platform.engine.support.hierarchical.NodeTestTask.execute(NodeTestTask.java:90)
	at java.base/java.util.ArrayList.forEach(ArrayList.java:1596)
	at org.junit.platform.engine.support.hierarchical.SameThreadHierarchicalTestExecutorService.invokeAll(SameThreadHierarchicalTestExecutorService.java:41)
	at org.junit.platform.engine.support.hierarchical.NodeTestTask.lambda$executeRecursively$6(NodeTestTask.java:155)
	at org.junit.platform.engine.support.hierarchical.ThrowableCollector.execute(ThrowableCollector.java:73)
	at org.junit.platform.engine.support.hierarchical.NodeTestTask.lambda$executeRecursively$8(NodeTestTask.java:141)
	at org.junit.platform.engine.support.hierarchical.Node.around(Node.java:137)
	at org.junit.platform.engine.support.hierarchical.NodeTestTask.lambda$executeRecursively$9(NodeTestTask.java:139)
	at org.junit.platform.engine.support.hierarchical.ThrowableCollector.execute(ThrowableCollector.java:73)
	at org.junit.platform.engine.support.hierarchical.NodeTestTask.executeRecursively(NodeTestTask.java:138)
	at org.junit.platform.engine.support.hierarchical.NodeTestTask.execute(NodeTestTask.java:95)
	at java.base/java.util.ArrayList.forEach(ArrayList.java:1596)
	at org.junit.platform.engine.support.hierarchical.SameThreadHierarchicalTestExecutorService.invokeAll(SameThreadHierarchicalTestExecutorService.java:41)
	at org.junit.platform.engine.support.hierarchical.NodeTestTask.lambda$executeRecursively$6(NodeTestTask.java:155)
	at org.junit.platform.engine.support.hierarchical.ThrowableCollector.execute(ThrowableCollector.java:73)
	at org.junit.platform.engine.support.hierarchical.NodeTestTask.lambda$executeRecursively$8(NodeTestTask.java:141)
	at org.junit.platform.engine.support.hierarchical.Node.around(Node.java:137)
	at org.junit.platform.engine.support.hierarchical.NodeTestTask.lambda$executeRecursively$9(NodeTestTask.java:139)
	at org.junit.platform.engine.support.hierarchical.ThrowableCollector.execute(ThrowableCollector.java:73)
	at org.junit.platform.engine.support.hierarchical.NodeTestTask.executeRecursively(NodeTestTask.java:138)
	at org.junit.platform.engine.support.hierarchical.NodeTestTask.execute(NodeTestTask.java:95)
	at org.junit.platform.engine.support.hierarchical.SameThreadHierarchicalTestExecutorService.submit(SameThreadHierarchicalTestExecutorService.java:35)
	at org.junit.platform.engine.support.hierarchical.HierarchicalTestExecutor.execute(HierarchicalTestExecutor.java:57)
	at org.junit.platform.engine.support.hierarchical.HierarchicalTestEngine.execute(HierarchicalTestEngine.java:54)
	at org.junit.platform.launcher.core.EngineExecutionOrchestrator.execute(EngineExecutionOrchestrator.java:198)
	at org.junit.platform.launcher.core.EngineExecutionOrchestrator.execute(EngineExecutionOrchestrator.java:169)
	at org.junit.platform.launcher.core.EngineExecutionOrchestrator.execute(EngineExecutionOrchestrator.java:93)
	at org.junit.platform.launcher.core.EngineExecutionOrchestrator.lambda$execute$0(EngineExecutionOrchestrator.java:58)
	at org.junit.platform.launcher.core.EngineExecutionOrchestrator.withInterceptedStreams(EngineExecutionOrchestrator.java:141)
	at org.junit.platform.launcher.core.EngineExecutionOrchestrator.execute(EngineExecutionOrchestrator.java:57)
	at org.junit.platform.launcher.core.DefaultLauncher.execute(DefaultLauncher.java:103)
	at org.junit.platform.launcher.core.DefaultLauncher.execute(DefaultLauncher.java:85)
	at org.junit.platform.launcher.core.DelegatingLauncher.execute(DelegatingLauncher.java:47)
	at org.apache.maven.surefire.junitplatform.LazyLauncher.execute(LazyLauncher.java:56)
	at org.apache.maven.surefire.junitplatform.JUnitPlatformProvider.execute(JUnitPlatformProvider.java:184)
	at org.apache.maven.surefire.junitplatform.JUnitPlatformProvider.invokeAllTests(JUnitPlatformProvider.java:148)
	at org.apache.maven.surefire.junitplatform.JUnitPlatformProvider.invoke(JUnitPlatformProvider.java:122)
	at org.apache.maven.surefire.booter.ForkedBooter.runSuitesInProcess(ForkedBooter.java:385)
	at org.apache.maven.surefire.booter.ForkedBooter.execute(ForkedBooter.java:162)
	at org.apache.maven.surefire.booter.ForkedBooter.run(ForkedBooter.java:507)
	at org.apache.maven.surefire.booter.ForkedBooter.main(ForkedBooter.java:495)
2025-06-14 16:48:06 - JDBC transaction marked for rollback-only (exception provided for stack trace)
java.lang.Exception: exception just for purpose of providing stack trace
	at org.hibernate.resource.transaction.backend.jdbc.internal.JdbcResourceLocalTransactionCoordinatorImpl$TransactionDriverControlImpl.markRollbackOnly(JdbcResourceLocalTransactionCoordinatorImpl.java:310)
	at org.hibernate.internal.AbstractSharedSessionContract.buildNamedQuery(AbstractSharedSessionContract.java:1051)
	at org.hibernate.internal.AbstractSharedSessionContract.createNamedQuery(AbstractSharedSessionContract.java:929)
	at org.hibernate.internal.AbstractSharedSessionContract.createNamedQuery(AbstractSharedSessionContract.java:132)
	at java.base/jdk.internal.reflect.DirectMethodHandleAccessor.invoke(DirectMethodHandleAccessor.java:103)
	at java.base/java.lang.reflect.Method.invoke(Method.java:580)
	at org.springframework.orm.jpa.ExtendedEntityManagerCreator$ExtendedEntityManagerInvocationHandler.invoke(ExtendedEntityManagerCreator.java:360)
	at jdk.proxy2/jdk.proxy2.$Proxy112.createNamedQuery(Unknown Source)
	at org.springframework.data.jpa.repository.query.NamedQuery.hasNamedQuery(NamedQuery.java:113)
	at org.springframework.data.jpa.repository.query.JpaQueryLookupStrategy$DeclaredQueryLookupStrategy.getCountQuery(JpaQueryLookupStrategy.java:204)
	at org.springframework.data.jpa.repository.query.JpaQueryLookupStrategy$DeclaredQueryLookupStrategy.resolveQuery(JpaQueryLookupStrategy.java:171)
	at org.springframework.data.jpa.repository.query.JpaQueryLookupStrategy$CreateIfNotFoundQueryLookupStrategy.resolveQuery(JpaQueryLookupStrategy.java:252)
	at org.springframework.data.jpa.repository.query.JpaQueryLookupStrategy$AbstractQueryLookupStrategy.resolveQuery(JpaQueryLookupStrategy.java:95)
	at org.springframework.data.repository.core.support.QueryExecutorMethodInterceptor.lookupQuery(QueryExecutorMethodInterceptor.java:111)
	at org.springframework.data.repository.core.support.QueryExecutorMethodInterceptor.mapMethodsToQuery(QueryExecutorMethodInterceptor.java:99)
	at org.springframework.data.repository.core.support.QueryExecutorMethodInterceptor.lambda$new$0(QueryExecutorMethodInterceptor.java:88)
	at java.base/java.util.Optional.map(Optional.java:260)
	at org.springframework.data.repository.core.support.QueryExecutorMethodInterceptor.<init>(QueryExecutorMethodInterceptor.java:88)
	at org.springframework.data.repository.core.support.RepositoryFactorySupport.getRepository(RepositoryFactorySupport.java:357)
	at org.springframework.data.repository.core.support.RepositoryFactoryBeanSupport.lambda$afterPropertiesSet$5(RepositoryFactoryBeanSupport.java:279)
	at org.springframework.data.util.Lazy.getNullable(Lazy.java:135)
	at org.springframework.data.util.Lazy.get(Lazy.java:113)
	at org.springframework.data.repository.core.support.RepositoryFactoryBeanSupport.afterPropertiesSet(RepositoryFactoryBeanSupport.java:285)
	at org.springframework.data.jpa.repository.support.JpaRepositoryFactoryBean.afterPropertiesSet(JpaRepositoryFactoryBean.java:132)
	at org.springframework.beans.factory.support.AbstractAutowireCapableBeanFactory.invokeInitMethods(AbstractAutowireCapableBeanFactory.java:1822)
	at org.springframework.beans.factory.support.AbstractAutowireCapableBeanFactory.initializeBean(AbstractAutowireCapableBeanFactory.java:1771)
	at org.springframework.beans.factory.support.AbstractAutowireCapableBeanFactory.doCreateBean(AbstractAutowireCapableBeanFactory.java:601)
	at org.springframework.beans.factory.support.AbstractAutowireCapableBeanFactory.createBean(AbstractAutowireCapableBeanFactory.java:523)
	at org.springframework.beans.factory.support.AbstractBeanFactory.lambda$doGetBean$0(AbstractBeanFactory.java:325)
	at org.springframework.beans.factory.support.DefaultSingletonBeanRegistry.getSingleton(DefaultSingletonBeanRegistry.java:234)
	at org.springframework.beans.factory.support.AbstractBeanFactory.doGetBean(AbstractBeanFactory.java:323)
	at org.springframework.beans.factory.support.AbstractBeanFactory.getBean(AbstractBeanFactory.java:199)
	at org.springframework.beans.factory.support.DefaultListableBeanFactory.preInstantiateSingletons(DefaultListableBeanFactory.java:967)
	at org.springframework.context.support.AbstractApplicationContext.finishBeanFactoryInitialization(AbstractApplicationContext.java:946)
	at org.springframework.context.support.AbstractApplicationContext.refresh(AbstractApplicationContext.java:616)
	at org.springframework.boot.SpringApplication.refresh(SpringApplication.java:753)
	at org.springframework.boot.SpringApplication.refreshContext(SpringApplication.java:455)
	at org.springframework.boot.SpringApplication.run(SpringApplication.java:323)
	at org.springframework.boot.test.context.SpringBootContextLoader.lambda$loadContext$3(SpringBootContextLoader.java:137)
	at org.springframework.util.function.ThrowingSupplier.get(ThrowingSupplier.java:58)
	at org.springframework.util.function.ThrowingSupplier.get(ThrowingSupplier.java:46)
	at org.springframework.boot.SpringApplication.withHook(SpringApplication.java:1442)
	at org.springframework.boot.test.context.SpringBootContextLoader$ContextLoaderHook.run(SpringBootContextLoader.java:552)
	at org.springframework.boot.test.context.SpringBootContextLoader.loadContext(SpringBootContextLoader.java:137)
	at org.springframework.boot.test.context.SpringBootContextLoader.loadContext(SpringBootContextLoader.java:108)
	at org.springframework.test.context.cache.DefaultCacheAwareContextLoaderDelegate.loadContextInternal(DefaultCacheAwareContextLoaderDelegate.java:225)
	at org.springframework.test.context.cache.DefaultCacheAwareContextLoaderDelegate.loadContext(DefaultCacheAwareContextLoaderDelegate.java:152)
	at org.springframework.test.context.support.DefaultTestContext.getApplicationContext(DefaultTestContext.java:130)
	at org.springframework.test.context.support.DependencyInjectionTestExecutionListener.injectDependencies(DependencyInjectionTestExecutionListener.java:141)
	at org.springframework.test.context.support.DependencyInjectionTestExecutionListener.prepareTestInstance(DependencyInjectionTestExecutionListener.java:97)
	at org.springframework.test.context.TestContextManager.prepareTestInstance(TestContextManager.java:247)
	at org.springframework.test.context.junit.jupiter.SpringExtension.postProcessTestInstance(SpringExtension.java:163)
	at org.junit.jupiter.engine.descriptor.ClassBasedTestDescriptor.lambda$invokeTestInstancePostProcessors$10(ClassBasedTestDescriptor.java:378)
	at org.junit.jupiter.engine.descriptor.ClassBasedTestDescriptor.executeAndMaskThrowable(ClassBasedTestDescriptor.java:383)
	at org.junit.jupiter.engine.descriptor.ClassBasedTestDescriptor.lambda$invokeTestInstancePostProcessors$11(ClassBasedTestDescriptor.java:378)
	at java.base/java.util.stream.ReferencePipeline$3$1.accept(ReferencePipeline.java:197)
	at java.base/java.util.stream.ReferencePipeline$2$1.accept(ReferencePipeline.java:179)
	at java.base/java.util.ArrayList$ArrayListSpliterator.forEachRemaining(ArrayList.java:1708)
	at java.base/java.util.stream.AbstractPipeline.copyInto(AbstractPipeline.java:509)
	at java.base/java.util.stream.AbstractPipeline.wrapAndCopyInto(AbstractPipeline.java:499)
	at java.base/java.util.stream.StreamSpliterators$WrappingSpliterator.forEachRemaining(StreamSpliterators.java:310)
	at java.base/java.util.stream.Streams$ConcatSpliterator.forEachRemaining(Streams.java:735)
	at java.base/java.util.stream.Streams$ConcatSpliterator.forEachRemaining(Streams.java:734)
	at java.base/java.util.stream.ReferencePipeline$Head.forEach(ReferencePipeline.java:762)
	at org.junit.jupiter.engine.descriptor.ClassBasedTestDescriptor.invokeTestInstancePostProcessors(ClassBasedTestDescriptor.java:377)
	at org.junit.jupiter.engine.descriptor.ClassBasedTestDescriptor.lambda$instantiateAndPostProcessTestInstance$6(ClassBasedTestDescriptor.java:290)
	at org.junit.platform.engine.support.hierarchical.ThrowableCollector.execute(ThrowableCollector.java:73)
	at org.junit.jupiter.engine.descriptor.ClassBasedTestDescriptor.instantiateAndPostProcessTestInstance(ClassBasedTestDescriptor.java:289)
	at org.junit.jupiter.engine.descriptor.ClassBasedTestDescriptor.lambda$testInstancesProvider$4(ClassBasedTestDescriptor.java:279)
	at java.base/java.util.Optional.orElseGet(Optional.java:364)
	at org.junit.jupiter.engine.descriptor.ClassBasedTestDescriptor.lambda$testInstancesProvider$5(ClassBasedTestDescriptor.java:278)
	at org.junit.jupiter.engine.execution.TestInstancesProvider.getTestInstances(TestInstancesProvider.java:31)
	at org.junit.jupiter.engine.descriptor.TestMethodTestDescriptor.lambda$prepare$0(TestMethodTestDescriptor.java:106)
	at org.junit.platform.engine.support.hierarchical.ThrowableCollector.execute(ThrowableCollector.java:73)
	at org.junit.jupiter.engine.descriptor.TestMethodTestDescriptor.prepare(TestMethodTestDescriptor.java:105)
	at org.junit.jupiter.engine.descriptor.TestMethodTestDescriptor.prepare(TestMethodTestDescriptor.java:69)
	at org.junit.platform.engine.support.hierarchical.NodeTestTask.lambda$prepare$2(NodeTestTask.java:123)
	at org.junit.platform.engine.support.hierarchical.ThrowableCollector.execute(ThrowableCollector.java:73)
	at org.junit.platform.engine.support.hierarchical.NodeTestTask.prepare(NodeTestTask.java:123)
	at org.junit.platform.engine.support.hierarchical.NodeTestTask.execute(NodeTestTask.java:90)
	at java.base/java.util.ArrayList.forEach(ArrayList.java:1596)
	at org.junit.platform.engine.support.hierarchical.SameThreadHierarchicalTestExecutorService.invokeAll(SameThreadHierarchicalTestExecutorService.java:41)
	at org.junit.platform.engine.support.hierarchical.NodeTestTask.lambda$executeRecursively$6(NodeTestTask.java:155)
	at org.junit.platform.engine.support.hierarchical.ThrowableCollector.execute(ThrowableCollector.java:73)
	at org.junit.platform.engine.support.hierarchical.NodeTestTask.lambda$executeRecursively$8(NodeTestTask.java:141)
	at org.junit.platform.engine.support.hierarchical.Node.around(Node.java:137)
	at org.junit.platform.engine.support.hierarchical.NodeTestTask.lambda$executeRecursively$9(NodeTestTask.java:139)
	at org.junit.platform.engine.support.hierarchical.ThrowableCollector.execute(ThrowableCollector.java:73)
	at org.junit.platform.engine.support.hierarchical.NodeTestTask.executeRecursively(NodeTestTask.java:138)
	at org.junit.platform.engine.support.hierarchical.NodeTestTask.execute(NodeTestTask.java:95)
	at java.base/java.util.ArrayList.forEach(ArrayList.java:1596)
	at org.junit.platform.engine.support.hierarchical.SameThreadHierarchicalTestExecutorService.invokeAll(SameThreadHierarchicalTestExecutorService.java:41)
	at org.junit.platform.engine.support.hierarchical.NodeTestTask.lambda$executeRecursively$6(NodeTestTask.java:155)
	at org.junit.platform.engine.support.hierarchical.ThrowableCollector.execute(ThrowableCollector.java:73)
	at org.junit.platform.engine.support.hierarchical.NodeTestTask.lambda$executeRecursively$8(NodeTestTask.java:141)
	at org.junit.platform.engine.support.hierarchical.Node.around(Node.java:137)
	at org.junit.platform.engine.support.hierarchical.NodeTestTask.lambda$executeRecursively$9(NodeTestTask.java:139)
	at org.junit.platform.engine.support.hierarchical.ThrowableCollector.execute(ThrowableCollector.java:73)
	at org.junit.platform.engine.support.hierarchical.NodeTestTask.executeRecursively(NodeTestTask.java:138)
	at org.junit.platform.engine.support.hierarchical.NodeTestTask.execute(NodeTestTask.java:95)
	at org.junit.platform.engine.support.hierarchical.SameThreadHierarchicalTestExecutorService.submit(SameThreadHierarchicalTestExecutorService.java:35)
	at org.junit.platform.engine.support.hierarchical.HierarchicalTestExecutor.execute(HierarchicalTestExecutor.java:57)
	at org.junit.platform.engine.support.hierarchical.HierarchicalTestEngine.execute(HierarchicalTestEngine.java:54)
	at org.junit.platform.launcher.core.EngineExecutionOrchestrator.execute(EngineExecutionOrchestrator.java:198)
	at org.junit.platform.launcher.core.EngineExecutionOrchestrator.execute(EngineExecutionOrchestrator.java:169)
	at org.junit.platform.launcher.core.EngineExecutionOrchestrator.execute(EngineExecutionOrchestrator.java:93)
	at org.junit.platform.launcher.core.EngineExecutionOrchestrator.lambda$execute$0(EngineExecutionOrchestrator.java:58)
	at org.junit.platform.launcher.core.EngineExecutionOrchestrator.withInterceptedStreams(EngineExecutionOrchestrator.java:141)
	at org.junit.platform.launcher.core.EngineExecutionOrchestrator.execute(EngineExecutionOrchestrator.java:57)
	at org.junit.platform.launcher.core.DefaultLauncher.execute(DefaultLauncher.java:103)
	at org.junit.platform.launcher.core.DefaultLauncher.execute(DefaultLauncher.java:85)
	at org.junit.platform.launcher.core.DelegatingLauncher.execute(DelegatingLauncher.java:47)
	at org.apache.maven.surefire.junitplatform.LazyLauncher.execute(LazyLauncher.java:56)
	at org.apache.maven.surefire.junitplatform.JUnitPlatformProvider.execute(JUnitPlatformProvider.java:184)
	at org.apache.maven.surefire.junitplatform.JUnitPlatformProvider.invokeAllTests(JUnitPlatformProvider.java:148)
	at org.apache.maven.surefire.junitplatform.JUnitPlatformProvider.invoke(JUnitPlatformProvider.java:122)
	at org.apache.maven.surefire.booter.ForkedBooter.runSuitesInProcess(ForkedBooter.java:385)
	at org.apache.maven.surefire.booter.ForkedBooter.execute(ForkedBooter.java:162)
	at org.apache.maven.surefire.booter.ForkedBooter.run(ForkedBooter.java:507)
	at org.apache.maven.surefire.booter.ForkedBooter.main(ForkedBooter.java:495)
2025-06-14 16:48:06 - HQL : SELECT tm FROM TeamMember tm WHERE LOWER(tm.skills) LIKE LOWER(CONCAT('%', :skill, '%'))
2025-06-14 16:48:06 - SqmStatement Tree :
    -> [select]
      -> [query-spec]
        -> [select]
          -> [selection]
            -> [root] - `org.frcpm.models.TeamMember(tm)`
            <- [root] - `org.frcpm.models.TeamMember(tm)`
          <- [selection]
        <- [select]
        -> [from]
          -> [root] - `org.frcpm.models.TeamMember(tm)`
          <- [root] - `org.frcpm.models.TeamMember(tm)`
        <- [from]
        -> [where]
          -> [is-like]
          <- [is-like]
        <- [where]
      <- [query-spec]
    <- [select]

2025-06-14 16:48:06 - JDBC transaction marked for rollback-only (exception provided for stack trace)
java.lang.Exception: exception just for purpose of providing stack trace
	at org.hibernate.resource.transaction.backend.jdbc.internal.JdbcResourceLocalTransactionCoordinatorImpl$TransactionDriverControlImpl.markRollbackOnly(JdbcResourceLocalTransactionCoordinatorImpl.java:310)
	at org.hibernate.internal.AbstractSharedSessionContract.buildNamedQuery(AbstractSharedSessionContract.java:1051)
	at org.hibernate.internal.AbstractSharedSessionContract.createNamedQuery(AbstractSharedSessionContract.java:929)
	at org.hibernate.internal.AbstractSharedSessionContract.createNamedQuery(AbstractSharedSessionContract.java:132)
	at java.base/jdk.internal.reflect.DirectMethodHandleAccessor.invoke(DirectMethodHandleAccessor.java:103)
	at java.base/java.lang.reflect.Method.invoke(Method.java:580)
	at org.springframework.orm.jpa.ExtendedEntityManagerCreator$ExtendedEntityManagerInvocationHandler.invoke(ExtendedEntityManagerCreator.java:360)
	at jdk.proxy2/jdk.proxy2.$Proxy112.createNamedQuery(Unknown Source)
	at org.springframework.data.jpa.repository.query.NamedQuery.hasNamedQuery(NamedQuery.java:113)
	at org.springframework.data.jpa.repository.query.NamedQuery.lookupFrom(NamedQuery.java:141)
	at org.springframework.data.jpa.repository.query.JpaQueryLookupStrategy$DeclaredQueryLookupStrategy.resolveQuery(JpaQueryLookupStrategy.java:180)
	at org.springframework.data.jpa.repository.query.JpaQueryLookupStrategy$CreateIfNotFoundQueryLookupStrategy.resolveQuery(JpaQueryLookupStrategy.java:252)
	at org.springframework.data.jpa.repository.query.JpaQueryLookupStrategy$AbstractQueryLookupStrategy.resolveQuery(JpaQueryLookupStrategy.java:95)
	at org.springframework.data.repository.core.support.QueryExecutorMethodInterceptor.lookupQuery(QueryExecutorMethodInterceptor.java:111)
	at org.springframework.data.repository.core.support.QueryExecutorMethodInterceptor.mapMethodsToQuery(QueryExecutorMethodInterceptor.java:99)
	at org.springframework.data.repository.core.support.QueryExecutorMethodInterceptor.lambda$new$0(QueryExecutorMethodInterceptor.java:88)
	at java.base/java.util.Optional.map(Optional.java:260)
	at org.springframework.data.repository.core.support.QueryExecutorMethodInterceptor.<init>(QueryExecutorMethodInterceptor.java:88)
	at org.springframework.data.repository.core.support.RepositoryFactorySupport.getRepository(RepositoryFactorySupport.java:357)
	at org.springframework.data.repository.core.support.RepositoryFactoryBeanSupport.lambda$afterPropertiesSet$5(RepositoryFactoryBeanSupport.java:279)
	at org.springframework.data.util.Lazy.getNullable(Lazy.java:135)
	at org.springframework.data.util.Lazy.get(Lazy.java:113)
	at org.springframework.data.repository.core.support.RepositoryFactoryBeanSupport.afterPropertiesSet(RepositoryFactoryBeanSupport.java:285)
	at org.springframework.data.jpa.repository.support.JpaRepositoryFactoryBean.afterPropertiesSet(JpaRepositoryFactoryBean.java:132)
	at org.springframework.beans.factory.support.AbstractAutowireCapableBeanFactory.invokeInitMethods(AbstractAutowireCapableBeanFactory.java:1822)
	at org.springframework.beans.factory.support.AbstractAutowireCapableBeanFactory.initializeBean(AbstractAutowireCapableBeanFactory.java:1771)
	at org.springframework.beans.factory.support.AbstractAutowireCapableBeanFactory.doCreateBean(AbstractAutowireCapableBeanFactory.java:601)
	at org.springframework.beans.factory.support.AbstractAutowireCapableBeanFactory.createBean(AbstractAutowireCapableBeanFactory.java:523)
	at org.springframework.beans.factory.support.AbstractBeanFactory.lambda$doGetBean$0(AbstractBeanFactory.java:325)
	at org.springframework.beans.factory.support.DefaultSingletonBeanRegistry.getSingleton(DefaultSingletonBeanRegistry.java:234)
	at org.springframework.beans.factory.support.AbstractBeanFactory.doGetBean(AbstractBeanFactory.java:323)
	at org.springframework.beans.factory.support.AbstractBeanFactory.getBean(AbstractBeanFactory.java:199)
	at org.springframework.beans.factory.support.DefaultListableBeanFactory.preInstantiateSingletons(DefaultListableBeanFactory.java:967)
	at org.springframework.context.support.AbstractApplicationContext.finishBeanFactoryInitialization(AbstractApplicationContext.java:946)
	at org.springframework.context.support.AbstractApplicationContext.refresh(AbstractApplicationContext.java:616)
	at org.springframework.boot.SpringApplication.refresh(SpringApplication.java:753)
	at org.springframework.boot.SpringApplication.refreshContext(SpringApplication.java:455)
	at org.springframework.boot.SpringApplication.run(SpringApplication.java:323)
	at org.springframework.boot.test.context.SpringBootContextLoader.lambda$loadContext$3(SpringBootContextLoader.java:137)
	at org.springframework.util.function.ThrowingSupplier.get(ThrowingSupplier.java:58)
	at org.springframework.util.function.ThrowingSupplier.get(ThrowingSupplier.java:46)
	at org.springframework.boot.SpringApplication.withHook(SpringApplication.java:1442)
	at org.springframework.boot.test.context.SpringBootContextLoader$ContextLoaderHook.run(SpringBootContextLoader.java:552)
	at org.springframework.boot.test.context.SpringBootContextLoader.loadContext(SpringBootContextLoader.java:137)
	at org.springframework.boot.test.context.SpringBootContextLoader.loadContext(SpringBootContextLoader.java:108)
	at org.springframework.test.context.cache.DefaultCacheAwareContextLoaderDelegate.loadContextInternal(DefaultCacheAwareContextLoaderDelegate.java:225)
	at org.springframework.test.context.cache.DefaultCacheAwareContextLoaderDelegate.loadContext(DefaultCacheAwareContextLoaderDelegate.java:152)
	at org.springframework.test.context.support.DefaultTestContext.getApplicationContext(DefaultTestContext.java:130)
	at org.springframework.test.context.support.DependencyInjectionTestExecutionListener.injectDependencies(DependencyInjectionTestExecutionListener.java:141)
	at org.springframework.test.context.support.DependencyInjectionTestExecutionListener.prepareTestInstance(DependencyInjectionTestExecutionListener.java:97)
	at org.springframework.test.context.TestContextManager.prepareTestInstance(TestContextManager.java:247)
	at org.springframework.test.context.junit.jupiter.SpringExtension.postProcessTestInstance(SpringExtension.java:163)
	at org.junit.jupiter.engine.descriptor.ClassBasedTestDescriptor.lambda$invokeTestInstancePostProcessors$10(ClassBasedTestDescriptor.java:378)
	at org.junit.jupiter.engine.descriptor.ClassBasedTestDescriptor.executeAndMaskThrowable(ClassBasedTestDescriptor.java:383)
	at org.junit.jupiter.engine.descriptor.ClassBasedTestDescriptor.lambda$invokeTestInstancePostProcessors$11(ClassBasedTestDescriptor.java:378)
	at java.base/java.util.stream.ReferencePipeline$3$1.accept(ReferencePipeline.java:197)
	at java.base/java.util.stream.ReferencePipeline$2$1.accept(ReferencePipeline.java:179)
	at java.base/java.util.ArrayList$ArrayListSpliterator.forEachRemaining(ArrayList.java:1708)
	at java.base/java.util.stream.AbstractPipeline.copyInto(AbstractPipeline.java:509)
	at java.base/java.util.stream.AbstractPipeline.wrapAndCopyInto(AbstractPipeline.java:499)
	at java.base/java.util.stream.StreamSpliterators$WrappingSpliterator.forEachRemaining(StreamSpliterators.java:310)
	at java.base/java.util.stream.Streams$ConcatSpliterator.forEachRemaining(Streams.java:735)
	at java.base/java.util.stream.Streams$ConcatSpliterator.forEachRemaining(Streams.java:734)
	at java.base/java.util.stream.ReferencePipeline$Head.forEach(ReferencePipeline.java:762)
	at org.junit.jupiter.engine.descriptor.ClassBasedTestDescriptor.invokeTestInstancePostProcessors(ClassBasedTestDescriptor.java:377)
	at org.junit.jupiter.engine.descriptor.ClassBasedTestDescriptor.lambda$instantiateAndPostProcessTestInstance$6(ClassBasedTestDescriptor.java:290)
	at org.junit.platform.engine.support.hierarchical.ThrowableCollector.execute(ThrowableCollector.java:73)
	at org.junit.jupiter.engine.descriptor.ClassBasedTestDescriptor.instantiateAndPostProcessTestInstance(ClassBasedTestDescriptor.java:289)
	at org.junit.jupiter.engine.descriptor.ClassBasedTestDescriptor.lambda$testInstancesProvider$4(ClassBasedTestDescriptor.java:279)
	at java.base/java.util.Optional.orElseGet(Optional.java:364)
	at org.junit.jupiter.engine.descriptor.ClassBasedTestDescriptor.lambda$testInstancesProvider$5(ClassBasedTestDescriptor.java:278)
	at org.junit.jupiter.engine.execution.TestInstancesProvider.getTestInstances(TestInstancesProvider.java:31)
	at org.junit.jupiter.engine.descriptor.TestMethodTestDescriptor.lambda$prepare$0(TestMethodTestDescriptor.java:106)
	at org.junit.platform.engine.support.hierarchical.ThrowableCollector.execute(ThrowableCollector.java:73)
	at org.junit.jupiter.engine.descriptor.TestMethodTestDescriptor.prepare(TestMethodTestDescriptor.java:105)
	at org.junit.jupiter.engine.descriptor.TestMethodTestDescriptor.prepare(TestMethodTestDescriptor.java:69)
	at org.junit.platform.engine.support.hierarchical.NodeTestTask.lambda$prepare$2(NodeTestTask.java:123)
	at org.junit.platform.engine.support.hierarchical.ThrowableCollector.execute(ThrowableCollector.java:73)
	at org.junit.platform.engine.support.hierarchical.NodeTestTask.prepare(NodeTestTask.java:123)
	at org.junit.platform.engine.support.hierarchical.NodeTestTask.execute(NodeTestTask.java:90)
	at java.base/java.util.ArrayList.forEach(ArrayList.java:1596)
	at org.junit.platform.engine.support.hierarchical.SameThreadHierarchicalTestExecutorService.invokeAll(SameThreadHierarchicalTestExecutorService.java:41)
	at org.junit.platform.engine.support.hierarchical.NodeTestTask.lambda$executeRecursively$6(NodeTestTask.java:155)
	at org.junit.platform.engine.support.hierarchical.ThrowableCollector.execute(ThrowableCollector.java:73)
	at org.junit.platform.engine.support.hierarchical.NodeTestTask.lambda$executeRecursively$8(NodeTestTask.java:141)
	at org.junit.platform.engine.support.hierarchical.Node.around(Node.java:137)
	at org.junit.platform.engine.support.hierarchical.NodeTestTask.lambda$executeRecursively$9(NodeTestTask.java:139)
	at org.junit.platform.engine.support.hierarchical.ThrowableCollector.execute(ThrowableCollector.java:73)
	at org.junit.platform.engine.support.hierarchical.NodeTestTask.executeRecursively(NodeTestTask.java:138)
	at org.junit.platform.engine.support.hierarchical.NodeTestTask.execute(NodeTestTask.java:95)
	at java.base/java.util.ArrayList.forEach(ArrayList.java:1596)
	at org.junit.platform.engine.support.hierarchical.SameThreadHierarchicalTestExecutorService.invokeAll(SameThreadHierarchicalTestExecutorService.java:41)
	at org.junit.platform.engine.support.hierarchical.NodeTestTask.lambda$executeRecursively$6(NodeTestTask.java:155)
	at org.junit.platform.engine.support.hierarchical.ThrowableCollector.execute(ThrowableCollector.java:73)
	at org.junit.platform.engine.support.hierarchical.NodeTestTask.lambda$executeRecursively$8(NodeTestTask.java:141)
	at org.junit.platform.engine.support.hierarchical.Node.around(Node.java:137)
	at org.junit.platform.engine.support.hierarchical.NodeTestTask.lambda$executeRecursively$9(NodeTestTask.java:139)
	at org.junit.platform.engine.support.hierarchical.ThrowableCollector.execute(ThrowableCollector.java:73)
	at org.junit.platform.engine.support.hierarchical.NodeTestTask.executeRecursively(NodeTestTask.java:138)
	at org.junit.platform.engine.support.hierarchical.NodeTestTask.execute(NodeTestTask.java:95)
	at org.junit.platform.engine.support.hierarchical.SameThreadHierarchicalTestExecutorService.submit(SameThreadHierarchicalTestExecutorService.java:35)
	at org.junit.platform.engine.support.hierarchical.HierarchicalTestExecutor.execute(HierarchicalTestExecutor.java:57)
	at org.junit.platform.engine.support.hierarchical.HierarchicalTestEngine.execute(HierarchicalTestEngine.java:54)
	at org.junit.platform.launcher.core.EngineExecutionOrchestrator.execute(EngineExecutionOrchestrator.java:198)
	at org.junit.platform.launcher.core.EngineExecutionOrchestrator.execute(EngineExecutionOrchestrator.java:169)
	at org.junit.platform.launcher.core.EngineExecutionOrchestrator.execute(EngineExecutionOrchestrator.java:93)
	at org.junit.platform.launcher.core.EngineExecutionOrchestrator.lambda$execute$0(EngineExecutionOrchestrator.java:58)
	at org.junit.platform.launcher.core.EngineExecutionOrchestrator.withInterceptedStreams(EngineExecutionOrchestrator.java:141)
	at org.junit.platform.launcher.core.EngineExecutionOrchestrator.execute(EngineExecutionOrchestrator.java:57)
	at org.junit.platform.launcher.core.DefaultLauncher.execute(DefaultLauncher.java:103)
	at org.junit.platform.launcher.core.DefaultLauncher.execute(DefaultLauncher.java:85)
	at org.junit.platform.launcher.core.DelegatingLauncher.execute(DelegatingLauncher.java:47)
	at org.apache.maven.surefire.junitplatform.LazyLauncher.execute(LazyLauncher.java:56)
	at org.apache.maven.surefire.junitplatform.JUnitPlatformProvider.execute(JUnitPlatformProvider.java:184)
	at org.apache.maven.surefire.junitplatform.JUnitPlatformProvider.invokeAllTests(JUnitPlatformProvider.java:148)
	at org.apache.maven.surefire.junitplatform.JUnitPlatformProvider.invoke(JUnitPlatformProvider.java:122)
	at org.apache.maven.surefire.booter.ForkedBooter.runSuitesInProcess(ForkedBooter.java:385)
	at org.apache.maven.surefire.booter.ForkedBooter.execute(ForkedBooter.java:162)
	at org.apache.maven.surefire.booter.ForkedBooter.run(ForkedBooter.java:507)
	at org.apache.maven.surefire.booter.ForkedBooter.main(ForkedBooter.java:495)
2025-06-14 16:48:06 - JDBC transaction marked for rollback-only (exception provided for stack trace)
java.lang.Exception: exception just for purpose of providing stack trace
	at org.hibernate.resource.transaction.backend.jdbc.internal.JdbcResourceLocalTransactionCoordinatorImpl$TransactionDriverControlImpl.markRollbackOnly(JdbcResourceLocalTransactionCoordinatorImpl.java:310)
	at org.hibernate.internal.AbstractSharedSessionContract.buildNamedQuery(AbstractSharedSessionContract.java:1051)
	at org.hibernate.internal.AbstractSharedSessionContract.createNamedQuery(AbstractSharedSessionContract.java:929)
	at org.hibernate.internal.AbstractSharedSessionContract.createNamedQuery(AbstractSharedSessionContract.java:132)
	at java.base/jdk.internal.reflect.DirectMethodHandleAccessor.invoke(DirectMethodHandleAccessor.java:103)
	at java.base/java.lang.reflect.Method.invoke(Method.java:580)
	at org.springframework.orm.jpa.ExtendedEntityManagerCreator$ExtendedEntityManagerInvocationHandler.invoke(ExtendedEntityManagerCreator.java:360)
	at jdk.proxy2/jdk.proxy2.$Proxy112.createNamedQuery(Unknown Source)
	at org.springframework.data.jpa.repository.query.NamedQuery.hasNamedQuery(NamedQuery.java:113)
	at org.springframework.data.jpa.repository.query.NamedQuery.lookupFrom(NamedQuery.java:141)
	at org.springframework.data.jpa.repository.query.JpaQueryLookupStrategy$DeclaredQueryLookupStrategy.resolveQuery(JpaQueryLookupStrategy.java:180)
	at org.springframework.data.jpa.repository.query.JpaQueryLookupStrategy$CreateIfNotFoundQueryLookupStrategy.resolveQuery(JpaQueryLookupStrategy.java:252)
	at org.springframework.data.jpa.repository.query.JpaQueryLookupStrategy$AbstractQueryLookupStrategy.resolveQuery(JpaQueryLookupStrategy.java:95)
	at org.springframework.data.repository.core.support.QueryExecutorMethodInterceptor.lookupQuery(QueryExecutorMethodInterceptor.java:111)
	at org.springframework.data.repository.core.support.QueryExecutorMethodInterceptor.mapMethodsToQuery(QueryExecutorMethodInterceptor.java:99)
	at org.springframework.data.repository.core.support.QueryExecutorMethodInterceptor.lambda$new$0(QueryExecutorMethodInterceptor.java:88)
	at java.base/java.util.Optional.map(Optional.java:260)
	at org.springframework.data.repository.core.support.QueryExecutorMethodInterceptor.<init>(QueryExecutorMethodInterceptor.java:88)
	at org.springframework.data.repository.core.support.RepositoryFactorySupport.getRepository(RepositoryFactorySupport.java:357)
	at org.springframework.data.repository.core.support.RepositoryFactoryBeanSupport.lambda$afterPropertiesSet$5(RepositoryFactoryBeanSupport.java:279)
	at org.springframework.data.util.Lazy.getNullable(Lazy.java:135)
	at org.springframework.data.util.Lazy.get(Lazy.java:113)
	at org.springframework.data.repository.core.support.RepositoryFactoryBeanSupport.afterPropertiesSet(RepositoryFactoryBeanSupport.java:285)
	at org.springframework.data.jpa.repository.support.JpaRepositoryFactoryBean.afterPropertiesSet(JpaRepositoryFactoryBean.java:132)
	at org.springframework.beans.factory.support.AbstractAutowireCapableBeanFactory.invokeInitMethods(AbstractAutowireCapableBeanFactory.java:1822)
	at org.springframework.beans.factory.support.AbstractAutowireCapableBeanFactory.initializeBean(AbstractAutowireCapableBeanFactory.java:1771)
	at org.springframework.beans.factory.support.AbstractAutowireCapableBeanFactory.doCreateBean(AbstractAutowireCapableBeanFactory.java:601)
	at org.springframework.beans.factory.support.AbstractAutowireCapableBeanFactory.createBean(AbstractAutowireCapableBeanFactory.java:523)
	at org.springframework.beans.factory.support.AbstractBeanFactory.lambda$doGetBean$0(AbstractBeanFactory.java:325)
	at org.springframework.beans.factory.support.DefaultSingletonBeanRegistry.getSingleton(DefaultSingletonBeanRegistry.java:234)
	at org.springframework.beans.factory.support.AbstractBeanFactory.doGetBean(AbstractBeanFactory.java:323)
	at org.springframework.beans.factory.support.AbstractBeanFactory.getBean(AbstractBeanFactory.java:199)
	at org.springframework.beans.factory.support.DefaultListableBeanFactory.preInstantiateSingletons(DefaultListableBeanFactory.java:967)
	at org.springframework.context.support.AbstractApplicationContext.finishBeanFactoryInitialization(AbstractApplicationContext.java:946)
	at org.springframework.context.support.AbstractApplicationContext.refresh(AbstractApplicationContext.java:616)
	at org.springframework.boot.SpringApplication.refresh(SpringApplication.java:753)
	at org.springframework.boot.SpringApplication.refreshContext(SpringApplication.java:455)
	at org.springframework.boot.SpringApplication.run(SpringApplication.java:323)
	at org.springframework.boot.test.context.SpringBootContextLoader.lambda$loadContext$3(SpringBootContextLoader.java:137)
	at org.springframework.util.function.ThrowingSupplier.get(ThrowingSupplier.java:58)
	at org.springframework.util.function.ThrowingSupplier.get(ThrowingSupplier.java:46)
	at org.springframework.boot.SpringApplication.withHook(SpringApplication.java:1442)
	at org.springframework.boot.test.context.SpringBootContextLoader$ContextLoaderHook.run(SpringBootContextLoader.java:552)
	at org.springframework.boot.test.context.SpringBootContextLoader.loadContext(SpringBootContextLoader.java:137)
	at org.springframework.boot.test.context.SpringBootContextLoader.loadContext(SpringBootContextLoader.java:108)
	at org.springframework.test.context.cache.DefaultCacheAwareContextLoaderDelegate.loadContextInternal(DefaultCacheAwareContextLoaderDelegate.java:225)
	at org.springframework.test.context.cache.DefaultCacheAwareContextLoaderDelegate.loadContext(DefaultCacheAwareContextLoaderDelegate.java:152)
	at org.springframework.test.context.support.DefaultTestContext.getApplicationContext(DefaultTestContext.java:130)
	at org.springframework.test.context.support.DependencyInjectionTestExecutionListener.injectDependencies(DependencyInjectionTestExecutionListener.java:141)
	at org.springframework.test.context.support.DependencyInjectionTestExecutionListener.prepareTestInstance(DependencyInjectionTestExecutionListener.java:97)
	at org.springframework.test.context.TestContextManager.prepareTestInstance(TestContextManager.java:247)
	at org.springframework.test.context.junit.jupiter.SpringExtension.postProcessTestInstance(SpringExtension.java:163)
	at org.junit.jupiter.engine.descriptor.ClassBasedTestDescriptor.lambda$invokeTestInstancePostProcessors$10(ClassBasedTestDescriptor.java:378)
	at org.junit.jupiter.engine.descriptor.ClassBasedTestDescriptor.executeAndMaskThrowable(ClassBasedTestDescriptor.java:383)
	at org.junit.jupiter.engine.descriptor.ClassBasedTestDescriptor.lambda$invokeTestInstancePostProcessors$11(ClassBasedTestDescriptor.java:378)
	at java.base/java.util.stream.ReferencePipeline$3$1.accept(ReferencePipeline.java:197)
	at java.base/java.util.stream.ReferencePipeline$2$1.accept(ReferencePipeline.java:179)
	at java.base/java.util.ArrayList$ArrayListSpliterator.forEachRemaining(ArrayList.java:1708)
	at java.base/java.util.stream.AbstractPipeline.copyInto(AbstractPipeline.java:509)
	at java.base/java.util.stream.AbstractPipeline.wrapAndCopyInto(AbstractPipeline.java:499)
	at java.base/java.util.stream.StreamSpliterators$WrappingSpliterator.forEachRemaining(StreamSpliterators.java:310)
	at java.base/java.util.stream.Streams$ConcatSpliterator.forEachRemaining(Streams.java:735)
	at java.base/java.util.stream.Streams$ConcatSpliterator.forEachRemaining(Streams.java:734)
	at java.base/java.util.stream.ReferencePipeline$Head.forEach(ReferencePipeline.java:762)
	at org.junit.jupiter.engine.descriptor.ClassBasedTestDescriptor.invokeTestInstancePostProcessors(ClassBasedTestDescriptor.java:377)
	at org.junit.jupiter.engine.descriptor.ClassBasedTestDescriptor.lambda$instantiateAndPostProcessTestInstance$6(ClassBasedTestDescriptor.java:290)
	at org.junit.platform.engine.support.hierarchical.ThrowableCollector.execute(ThrowableCollector.java:73)
	at org.junit.jupiter.engine.descriptor.ClassBasedTestDescriptor.instantiateAndPostProcessTestInstance(ClassBasedTestDescriptor.java:289)
	at org.junit.jupiter.engine.descriptor.ClassBasedTestDescriptor.lambda$testInstancesProvider$4(ClassBasedTestDescriptor.java:279)
	at java.base/java.util.Optional.orElseGet(Optional.java:364)
	at org.junit.jupiter.engine.descriptor.ClassBasedTestDescriptor.lambda$testInstancesProvider$5(ClassBasedTestDescriptor.java:278)
	at org.junit.jupiter.engine.execution.TestInstancesProvider.getTestInstances(TestInstancesProvider.java:31)
	at org.junit.jupiter.engine.descriptor.TestMethodTestDescriptor.lambda$prepare$0(TestMethodTestDescriptor.java:106)
	at org.junit.platform.engine.support.hierarchical.ThrowableCollector.execute(ThrowableCollector.java:73)
	at org.junit.jupiter.engine.descriptor.TestMethodTestDescriptor.prepare(TestMethodTestDescriptor.java:105)
	at org.junit.jupiter.engine.descriptor.TestMethodTestDescriptor.prepare(TestMethodTestDescriptor.java:69)
	at org.junit.platform.engine.support.hierarchical.NodeTestTask.lambda$prepare$2(NodeTestTask.java:123)
	at org.junit.platform.engine.support.hierarchical.ThrowableCollector.execute(ThrowableCollector.java:73)
	at org.junit.platform.engine.support.hierarchical.NodeTestTask.prepare(NodeTestTask.java:123)
	at org.junit.platform.engine.support.hierarchical.NodeTestTask.execute(NodeTestTask.java:90)
	at java.base/java.util.ArrayList.forEach(ArrayList.java:1596)
	at org.junit.platform.engine.support.hierarchical.SameThreadHierarchicalTestExecutorService.invokeAll(SameThreadHierarchicalTestExecutorService.java:41)
	at org.junit.platform.engine.support.hierarchical.NodeTestTask.lambda$executeRecursively$6(NodeTestTask.java:155)
	at org.junit.platform.engine.support.hierarchical.ThrowableCollector.execute(ThrowableCollector.java:73)
	at org.junit.platform.engine.support.hierarchical.NodeTestTask.lambda$executeRecursively$8(NodeTestTask.java:141)
	at org.junit.platform.engine.support.hierarchical.Node.around(Node.java:137)
	at org.junit.platform.engine.support.hierarchical.NodeTestTask.lambda$executeRecursively$9(NodeTestTask.java:139)
	at org.junit.platform.engine.support.hierarchical.ThrowableCollector.execute(ThrowableCollector.java:73)
	at org.junit.platform.engine.support.hierarchical.NodeTestTask.executeRecursively(NodeTestTask.java:138)
	at org.junit.platform.engine.support.hierarchical.NodeTestTask.execute(NodeTestTask.java:95)
	at java.base/java.util.ArrayList.forEach(ArrayList.java:1596)
	at org.junit.platform.engine.support.hierarchical.SameThreadHierarchicalTestExecutorService.invokeAll(SameThreadHierarchicalTestExecutorService.java:41)
	at org.junit.platform.engine.support.hierarchical.NodeTestTask.lambda$executeRecursively$6(NodeTestTask.java:155)
	at org.junit.platform.engine.support.hierarchical.ThrowableCollector.execute(ThrowableCollector.java:73)
	at org.junit.platform.engine.support.hierarchical.NodeTestTask.lambda$executeRecursively$8(NodeTestTask.java:141)
	at org.junit.platform.engine.support.hierarchical.Node.around(Node.java:137)
	at org.junit.platform.engine.support.hierarchical.NodeTestTask.lambda$executeRecursively$9(NodeTestTask.java:139)
	at org.junit.platform.engine.support.hierarchical.ThrowableCollector.execute(ThrowableCollector.java:73)
	at org.junit.platform.engine.support.hierarchical.NodeTestTask.executeRecursively(NodeTestTask.java:138)
	at org.junit.platform.engine.support.hierarchical.NodeTestTask.execute(NodeTestTask.java:95)
	at org.junit.platform.engine.support.hierarchical.SameThreadHierarchicalTestExecutorService.submit(SameThreadHierarchicalTestExecutorService.java:35)
	at org.junit.platform.engine.support.hierarchical.HierarchicalTestExecutor.execute(HierarchicalTestExecutor.java:57)
	at org.junit.platform.engine.support.hierarchical.HierarchicalTestEngine.execute(HierarchicalTestEngine.java:54)
	at org.junit.platform.launcher.core.EngineExecutionOrchestrator.execute(EngineExecutionOrchestrator.java:198)
	at org.junit.platform.launcher.core.EngineExecutionOrchestrator.execute(EngineExecutionOrchestrator.java:169)
	at org.junit.platform.launcher.core.EngineExecutionOrchestrator.execute(EngineExecutionOrchestrator.java:93)
	at org.junit.platform.launcher.core.EngineExecutionOrchestrator.lambda$execute$0(EngineExecutionOrchestrator.java:58)
	at org.junit.platform.launcher.core.EngineExecutionOrchestrator.withInterceptedStreams(EngineExecutionOrchestrator.java:141)
	at org.junit.platform.launcher.core.EngineExecutionOrchestrator.execute(EngineExecutionOrchestrator.java:57)
	at org.junit.platform.launcher.core.DefaultLauncher.execute(DefaultLauncher.java:103)
	at org.junit.platform.launcher.core.DefaultLauncher.execute(DefaultLauncher.java:85)
	at org.junit.platform.launcher.core.DelegatingLauncher.execute(DelegatingLauncher.java:47)
	at org.apache.maven.surefire.junitplatform.LazyLauncher.execute(LazyLauncher.java:56)
	at org.apache.maven.surefire.junitplatform.JUnitPlatformProvider.execute(JUnitPlatformProvider.java:184)
	at org.apache.maven.surefire.junitplatform.JUnitPlatformProvider.invokeAllTests(JUnitPlatformProvider.java:148)
	at org.apache.maven.surefire.junitplatform.JUnitPlatformProvider.invoke(JUnitPlatformProvider.java:122)
	at org.apache.maven.surefire.booter.ForkedBooter.runSuitesInProcess(ForkedBooter.java:385)
	at org.apache.maven.surefire.booter.ForkedBooter.execute(ForkedBooter.java:162)
	at org.apache.maven.surefire.booter.ForkedBooter.run(ForkedBooter.java:507)
	at org.apache.maven.surefire.booter.ForkedBooter.main(ForkedBooter.java:495)
2025-06-14 16:48:06 - Exception encountered during context initialization - cancelling refresh attempt: org.springframework.beans.factory.BeanCreationException: Error creating bean with name 'teamMemberRepository' defined in org.frcpm.repositories.spring.TeamMemberRepository defined in @EnableJpaRepositories declared on FrcProjectManagementApplication: Could not create query for public abstract java.util.List org.frcpm.repositories.spring.TeamMemberRepository.findByIsLeaderTrue(); Reason: Failed to create query for method public abstract java.util.List org.frcpm.repositories.spring.TeamMemberRepository.findByIsLeaderTrue(); No property 'isLeader' found for type 'TeamMember'
2025-06-14 16:48:06 - HHH000031: Closing
2025-06-14 16:48:06 - HHH000477: Starting delayed evictData of schema as part of SessionFactory shut-down'
Hibernate: 
    drop table if exists attendances cascade 
Hibernate: 
    drop table if exists components cascade 
Hibernate: 
    drop table if exists meetings cascade 
Hibernate: 
    drop table if exists milestones cascade 
Hibernate: 
    drop table if exists projects cascade 
Hibernate: 
    drop table if exists subsystems cascade 
Hibernate: 
    drop table if exists subteams cascade 
Hibernate: 
    drop table if exists task_assignments cascade 
Hibernate: 
    drop table if exists task_components cascade 
Hibernate: 
    drop table if exists task_dependencies cascade 
Hibernate: 
    drop table if exists tasks cascade 
Hibernate: 
    drop table if exists team_members cascade 
2025-06-14 16:48:06 - Un-scoping TypeConfiguration [org.hibernate.type.spi.TypeConfiguration$Scope@2778f3d1] from SessionFactory [org.hibernate.internal.SessionFactoryImpl@5a69b3cf]
2025-06-14 16:48:06 - Implicitly destroying ServiceRegistry on de-registration of all child ServiceRegistries
2025-06-14 16:48:06 - Implicitly destroying Boot-strap registry on de-registration of all child ServiceRegistries
2025-06-14 16:48:06 - Application run failed
org.springframework.beans.factory.BeanCreationException: Error creating bean with name 'teamMemberRepository' defined in org.frcpm.repositories.spring.TeamMemberRepository defined in @EnableJpaRepositories declared on FrcProjectManagementApplication: Could not create query for public abstract java.util.List org.frcpm.repositories.spring.TeamMemberRepository.findByIsLeaderTrue(); Reason: Failed to create query for method public abstract java.util.List org.frcpm.repositories.spring.TeamMemberRepository.findByIsLeaderTrue(); No property 'isLeader' found for type 'TeamMember'
	at org.springframework.beans.factory.support.AbstractAutowireCapableBeanFactory.initializeBean(AbstractAutowireCapableBeanFactory.java:1775)
	at org.springframework.beans.factory.support.AbstractAutowireCapableBeanFactory.doCreateBean(AbstractAutowireCapableBeanFactory.java:601)
	at org.springframework.beans.factory.support.AbstractAutowireCapableBeanFactory.createBean(AbstractAutowireCapableBeanFactory.java:523)
	at org.springframework.beans.factory.support.AbstractBeanFactory.lambda$doGetBean$0(AbstractBeanFactory.java:325)
	at org.springframework.beans.factory.support.DefaultSingletonBeanRegistry.getSingleton(DefaultSingletonBeanRegistry.java:234)
	at org.springframework.beans.factory.support.AbstractBeanFactory.doGetBean(AbstractBeanFactory.java:323)
	at org.springframework.beans.factory.support.AbstractBeanFactory.getBean(AbstractBeanFactory.java:199)
	at org.springframework.beans.factory.support.DefaultListableBeanFactory.preInstantiateSingletons(DefaultListableBeanFactory.java:967)
	at org.springframework.context.support.AbstractApplicationContext.finishBeanFactoryInitialization(AbstractApplicationContext.java:946)
	at org.springframework.context.support.AbstractApplicationContext.refresh(AbstractApplicationContext.java:616)
	at org.springframework.boot.SpringApplication.refresh(SpringApplication.java:753)
	at org.springframework.boot.SpringApplication.refreshContext(SpringApplication.java:455)
	at org.springframework.boot.SpringApplication.run(SpringApplication.java:323)
	at org.springframework.boot.test.context.SpringBootContextLoader.lambda$loadContext$3(SpringBootContextLoader.java:137)
	at org.springframework.util.function.ThrowingSupplier.get(ThrowingSupplier.java:58)
	at org.springframework.util.function.ThrowingSupplier.get(ThrowingSupplier.java:46)
	at org.springframework.boot.SpringApplication.withHook(SpringApplication.java:1442)
	at org.springframework.boot.test.context.SpringBootContextLoader$ContextLoaderHook.run(SpringBootContextLoader.java:552)
	at org.springframework.boot.test.context.SpringBootContextLoader.loadContext(SpringBootContextLoader.java:137)
	at org.springframework.boot.test.context.SpringBootContextLoader.loadContext(SpringBootContextLoader.java:108)
	at org.springframework.test.context.cache.DefaultCacheAwareContextLoaderDelegate.loadContextInternal(DefaultCacheAwareContextLoaderDelegate.java:225)
	at org.springframework.test.context.cache.DefaultCacheAwareContextLoaderDelegate.loadContext(DefaultCacheAwareContextLoaderDelegate.java:152)
	at org.springframework.test.context.support.DefaultTestContext.getApplicationContext(DefaultTestContext.java:130)
	at org.springframework.test.context.support.DependencyInjectionTestExecutionListener.injectDependencies(DependencyInjectionTestExecutionListener.java:141)
	at org.springframework.test.context.support.DependencyInjectionTestExecutionListener.prepareTestInstance(DependencyInjectionTestExecutionListener.java:97)
	at org.springframework.test.context.TestContextManager.prepareTestInstance(TestContextManager.java:247)
	at org.springframework.test.context.junit.jupiter.SpringExtension.postProcessTestInstance(SpringExtension.java:163)
	at org.junit.jupiter.engine.descriptor.ClassBasedTestDescriptor.lambda$invokeTestInstancePostProcessors$10(ClassBasedTestDescriptor.java:378)
	at org.junit.jupiter.engine.descriptor.ClassBasedTestDescriptor.executeAndMaskThrowable(ClassBasedTestDescriptor.java:383)
	at org.junit.jupiter.engine.descriptor.ClassBasedTestDescriptor.lambda$invokeTestInstancePostProcessors$11(ClassBasedTestDescriptor.java:378)
	at java.base/java.util.stream.ReferencePipeline$3$1.accept(ReferencePipeline.java:197)
	at java.base/java.util.stream.ReferencePipeline$2$1.accept(ReferencePipeline.java:179)
	at java.base/java.util.ArrayList$ArrayListSpliterator.forEachRemaining(ArrayList.java:1708)
	at java.base/java.util.stream.AbstractPipeline.copyInto(AbstractPipeline.java:509)
	at java.base/java.util.stream.AbstractPipeline.wrapAndCopyInto(AbstractPipeline.java:499)
	at java.base/java.util.stream.StreamSpliterators$WrappingSpliterator.forEachRemaining(StreamSpliterators.java:310)
	at java.base/java.util.stream.Streams$ConcatSpliterator.forEachRemaining(Streams.java:735)
	at java.base/java.util.stream.Streams$ConcatSpliterator.forEachRemaining(Streams.java:734)
	at java.base/java.util.stream.ReferencePipeline$Head.forEach(ReferencePipeline.java:762)
	at org.junit.jupiter.engine.descriptor.ClassBasedTestDescriptor.invokeTestInstancePostProcessors(ClassBasedTestDescriptor.java:377)
	at org.junit.jupiter.engine.descriptor.ClassBasedTestDescriptor.lambda$instantiateAndPostProcessTestInstance$6(ClassBasedTestDescriptor.java:290)
	at org.junit.platform.engine.support.hierarchical.ThrowableCollector.execute(ThrowableCollector.java:73)
	at org.junit.jupiter.engine.descriptor.ClassBasedTestDescriptor.instantiateAndPostProcessTestInstance(ClassBasedTestDescriptor.java:289)
	at org.junit.jupiter.engine.descriptor.ClassBasedTestDescriptor.lambda$testInstancesProvider$4(ClassBasedTestDescriptor.java:279)
	at java.base/java.util.Optional.orElseGet(Optional.java:364)
	at org.junit.jupiter.engine.descriptor.ClassBasedTestDescriptor.lambda$testInstancesProvider$5(ClassBasedTestDescriptor.java:278)
	at org.junit.jupiter.engine.execution.TestInstancesProvider.getTestInstances(TestInstancesProvider.java:31)
	at org.junit.jupiter.engine.descriptor.TestMethodTestDescriptor.lambda$prepare$0(TestMethodTestDescriptor.java:106)
	at org.junit.platform.engine.support.hierarchical.ThrowableCollector.execute(ThrowableCollector.java:73)
	at org.junit.jupiter.engine.descriptor.TestMethodTestDescriptor.prepare(TestMethodTestDescriptor.java:105)
	at org.junit.jupiter.engine.descriptor.TestMethodTestDescriptor.prepare(TestMethodTestDescriptor.java:69)
	at org.junit.platform.engine.support.hierarchical.NodeTestTask.lambda$prepare$2(NodeTestTask.java:123)
	at org.junit.platform.engine.support.hierarchical.ThrowableCollector.execute(ThrowableCollector.java:73)
	at org.junit.platform.engine.support.hierarchical.NodeTestTask.prepare(NodeTestTask.java:123)
	at org.junit.platform.engine.support.hierarchical.NodeTestTask.execute(NodeTestTask.java:90)
	at java.base/java.util.ArrayList.forEach(ArrayList.java:1596)
	at org.junit.platform.engine.support.hierarchical.SameThreadHierarchicalTestExecutorService.invokeAll(SameThreadHierarchicalTestExecutorService.java:41)
	at org.junit.platform.engine.support.hierarchical.NodeTestTask.lambda$executeRecursively$6(NodeTestTask.java:155)
	at org.junit.platform.engine.support.hierarchical.ThrowableCollector.execute(ThrowableCollector.java:73)
	at org.junit.platform.engine.support.hierarchical.NodeTestTask.lambda$executeRecursively$8(NodeTestTask.java:141)
	at org.junit.platform.engine.support.hierarchical.Node.around(Node.java:137)
	at org.junit.platform.engine.support.hierarchical.NodeTestTask.lambda$executeRecursively$9(NodeTestTask.java:139)
	at org.junit.platform.engine.support.hierarchical.ThrowableCollector.execute(ThrowableCollector.java:73)
	at org.junit.platform.engine.support.hierarchical.NodeTestTask.executeRecursively(NodeTestTask.java:138)
	at org.junit.platform.engine.support.hierarchical.NodeTestTask.execute(NodeTestTask.java:95)
	at java.base/java.util.ArrayList.forEach(ArrayList.java:1596)
	at org.junit.platform.engine.support.hierarchical.SameThreadHierarchicalTestExecutorService.invokeAll(SameThreadHierarchicalTestExecutorService.java:41)
	at org.junit.platform.engine.support.hierarchical.NodeTestTask.lambda$executeRecursively$6(NodeTestTask.java:155)
	at org.junit.platform.engine.support.hierarchical.ThrowableCollector.execute(ThrowableCollector.java:73)
	at org.junit.platform.engine.support.hierarchical.NodeTestTask.lambda$executeRecursively$8(NodeTestTask.java:141)
	at org.junit.platform.engine.support.hierarchical.Node.around(Node.java:137)
	at org.junit.platform.engine.support.hierarchical.NodeTestTask.lambda$executeRecursively$9(NodeTestTask.java:139)
	at org.junit.platform.engine.support.hierarchical.ThrowableCollector.execute(ThrowableCollector.java:73)
	at org.junit.platform.engine.support.hierarchical.NodeTestTask.executeRecursively(NodeTestTask.java:138)
	at org.junit.platform.engine.support.hierarchical.NodeTestTask.execute(NodeTestTask.java:95)
	at org.junit.platform.engine.support.hierarchical.SameThreadHierarchicalTestExecutorService.submit(SameThreadHierarchicalTestExecutorService.java:35)
	at org.junit.platform.engine.support.hierarchical.HierarchicalTestExecutor.execute(HierarchicalTestExecutor.java:57)
	at org.junit.platform.engine.support.hierarchical.HierarchicalTestEngine.execute(HierarchicalTestEngine.java:54)
	at org.junit.platform.launcher.core.EngineExecutionOrchestrator.execute(EngineExecutionOrchestrator.java:198)
	at org.junit.platform.launcher.core.EngineExecutionOrchestrator.execute(EngineExecutionOrchestrator.java:169)
	at org.junit.platform.launcher.core.EngineExecutionOrchestrator.execute(EngineExecutionOrchestrator.java:93)
	at org.junit.platform.launcher.core.EngineExecutionOrchestrator.lambda$execute$0(EngineExecutionOrchestrator.java:58)
	at org.junit.platform.launcher.core.EngineExecutionOrchestrator.withInterceptedStreams(EngineExecutionOrchestrator.java:141)
	at org.junit.platform.launcher.core.EngineExecutionOrchestrator.execute(EngineExecutionOrchestrator.java:57)
	at org.junit.platform.launcher.core.DefaultLauncher.execute(DefaultLauncher.java:103)
	at org.junit.platform.launcher.core.DefaultLauncher.execute(DefaultLauncher.java:85)
	at org.junit.platform.launcher.core.DelegatingLauncher.execute(DelegatingLauncher.java:47)
	at org.apache.maven.surefire.junitplatform.LazyLauncher.execute(LazyLauncher.java:56)
	at org.apache.maven.surefire.junitplatform.JUnitPlatformProvider.execute(JUnitPlatformProvider.java:184)
	at org.apache.maven.surefire.junitplatform.JUnitPlatformProvider.invokeAllTests(JUnitPlatformProvider.java:148)
mvn : 
At line:1 char:1
+ mvn test -Dtest="AttendanceRepositoryIntegrationTest" -X > test-outpu ...
+ ~~~~~~~~~~~~~~~~~~~~~~~~~~~~~~~~~~~~~~~~~~~~~~~~~~~~~~~~~~~~~~~~~~~~~
    + CategoryInfo          : NotSpecified: (:String) [], RemoteException
    + FullyQualifiedErrorId : NativeCommandError
 


============================
	at org.apache.maven.surefire.junitplatform.JUnitPlatformProvider.invoke(JUnitPlatformProvider.java:122)
	at org.apache.maven.surefire.booter.ForkedBooter.runSuitesInProcess(ForkedBooter.java:385)
	at org.apache.maven.surefire.booter.ForkedBooter.execute(ForkedBooter.java:162)
	at org.apache.maven.surefire.booter.ForkedBooter.run(ForkedBooter.java:507)
	at org.apache.maven.surefire.booter.ForkedBooter.main(ForkedBooter.java:495)
Caused by: org.springframework.data.repository.query.QueryCreationException: Could not create query for public abstract java.util.List org.frcpm.repositories.spring.TeamMemberRepository.findByIsLeaderTrue(); Reason: Failed to create query for method public abstract java.util.List org.frcpm.repositories.spring.TeamMemberRepository.findByIsLeaderTrue(); No property 'isLeader' found for type 'TeamMember'
	at org.springframework.data.repository.query.QueryCreationException.create(QueryCreationException.java:101)
	at org.springframework.data.repository.core.support.QueryExecutorMethodInterceptor.lookupQuery(QueryExecutorMethodInterceptor.java:115)
	at org.springframework.data.repository.core.support.QueryExecutorMethodInterceptor.mapMethodsToQuery(QueryExecutorMethodInterceptor.java:99)
	at org.springframework.data.repository.core.support.QueryExecutorMethodInterceptor.lambda$new$0(QueryExecutorMethodInterceptor.java:88)
	at java.base/java.util.Optional.map(Optional.java:260)
	at org.springframework.data.repository.core.support.QueryExecutorMethodInterceptor.<init>(QueryExecutorMethodInterceptor.java:88)
	at org.springframework.data.repository.core.support.RepositoryFactorySupport.getRepository(RepositoryFactorySupport.java:357)
	at org.springframework.data.repository.core.support.RepositoryFactoryBeanSupport.lambda$afterPropertiesSet$5(RepositoryFactoryBeanSupport.java:279)
	at org.springframework.data.util.Lazy.getNullable(Lazy.java:135)
	at org.springframework.data.util.Lazy.get(Lazy.java:113)
	at org.springframework.data.repository.core.support.RepositoryFactoryBeanSupport.afterPropertiesSet(RepositoryFactoryBeanSupport.java:285)
	at org.springframework.data.jpa.repository.support.JpaRepositoryFactoryBean.afterPropertiesSet(JpaRepositoryFactoryBean.java:132)
	at org.springframework.beans.factory.support.AbstractAutowireCapableBeanFactory.invokeInitMethods(AbstractAutowireCapableBeanFactory.java:1822)
	at org.springframework.beans.factory.support.AbstractAutowireCapableBeanFactory.initializeBean(AbstractAutowireCapableBeanFactory.java:1771)
	... 94 common frames omitted
Caused by: java.lang.IllegalArgumentException: Failed to create query for method public abstract java.util.List org.frcpm.repositories.spring.TeamMemberRepository.findByIsLeaderTrue(); No property 'isLeader' found for type 'TeamMember'
	at org.springframework.data.jpa.repository.query.PartTreeJpaQuery.<init>(PartTreeJpaQuery.java:107)
	at org.springframework.data.jpa.repository.query.JpaQueryLookupStrategy$CreateQueryLookupStrategy.resolveQuery(JpaQueryLookupStrategy.java:124)
	at org.springframework.data.jpa.repository.query.JpaQueryLookupStrategy$CreateIfNotFoundQueryLookupStrategy.resolveQuery(JpaQueryLookupStrategy.java:258)
	at org.springframework.data.jpa.repository.query.JpaQueryLookupStrategy$AbstractQueryLookupStrategy.resolveQuery(JpaQueryLookupStrategy.java:95)
	at org.springframework.data.repository.core.support.QueryExecutorMethodInterceptor.lookupQuery(QueryExecutorMethodInterceptor.java:111)
	... 106 common frames omitted
Caused by: org.springframework.data.mapping.PropertyReferenceException: No property 'isLeader' found for type 'TeamMember'
	at org.springframework.data.mapping.PropertyPath.<init>(PropertyPath.java:90)
	at org.springframework.data.mapping.PropertyPath.create(PropertyPath.java:443)
	at org.springframework.data.mapping.PropertyPath.create(PropertyPath.java:419)
	at org.springframework.data.mapping.PropertyPath.lambda$from$0(PropertyPath.java:372)
	at java.base/java.util.concurrent.ConcurrentMap.computeIfAbsent(ConcurrentMap.java:330)
	at org.springframework.data.mapping.PropertyPath.from(PropertyPath.java:354)
	at org.springframework.data.mapping.PropertyPath.from(PropertyPath.java:332)
	at org.springframework.data.repository.query.parser.Part.<init>(Part.java:81)
	at org.springframework.data.repository.query.parser.PartTree$OrPart.lambda$new$0(PartTree.java:259)
	at java.base/java.util.stream.ReferencePipeline$3$1.accept(ReferencePipeline.java:197)
	at java.base/java.util.stream.ReferencePipeline$2$1.accept(ReferencePipeline.java:179)
	at java.base/java.util.Spliterators$ArraySpliterator.forEachRemaining(Spliterators.java:1024)
	at java.base/java.util.stream.AbstractPipeline.copyInto(AbstractPipeline.java:509)
	at java.base/java.util.stream.AbstractPipeline.wrapAndCopyInto(AbstractPipeline.java:499)
	at java.base/java.util.stream.ReduceOps$ReduceOp.evaluateSequential(ReduceOps.java:921)
	at java.base/java.util.stream.AbstractPipeline.evaluate(AbstractPipeline.java:234)
	at java.base/java.util.stream.ReferencePipeline.collect(ReferencePipeline.java:682)
	at org.springframework.data.repository.query.parser.PartTree$OrPart.<init>(PartTree.java:260)
CONDITIONS EVALUATION REPORT
============================


Positive matches:
-----------------

    None


Negative matches:
-----------------

    None


Exclusions:
-----------

    None


Unconditional classes:
----------------------

    None



	at org.springframework.data.repository.query.parser.PartTree$Predicate.lambda$new$0(PartTree.java:389)
	at java.base/java.util.stream.ReferencePipeline$3$1.accept(ReferencePipeline.java:197)
	at java.base/java.util.stream.ReferencePipeline$2$1.accept(ReferencePipeline.java:179)
	at java.base/java.util.Spliterators$ArraySpliterator.forEachRemaining(Spliterators.java:1024)
	at java.base/java.util.stream.AbstractPipeline.copyInto(AbstractPipeline.java:509)
	at java.base/java.util.stream.AbstractPipeline.wrapAndCopyInto(AbstractPipeline.java:499)
	at java.base/java.util.stream.ReduceOps$ReduceOp.evaluateSequential(ReduceOps.java:921)
	at java.base/java.util.stream.AbstractPipeline.evaluate(AbstractPipeline.java:234)
	at java.base/java.util.stream.ReferencePipeline.collect(ReferencePipeline.java:682)
	at org.springframework.data.repository.query.parser.PartTree$Predicate.<init>(PartTree.java:390)
	at org.springframework.data.repository.query.parser.PartTree.<init>(PartTree.java:103)
	at org.springframework.data.jpa.repository.query.PartTreeJpaQuery.<init>(PartTreeJpaQuery.java:100)
	... 110 common frames omitted
2025-06-14 16:48:06 - Caught exception while allowing TestExecutionListener [org.springframework.test.context.support.DependencyInjectionTestExecutionListener] to prepare test instance [org.frcpm.repositories.AttendanceRepositoryIntegrationTest@1ba84d52]
java.lang.IllegalStateException: Failed to load ApplicationContext for [MergedContextConfiguration@50ba10de testClass = org.frcpm.repositories.AttendanceRepositoryIntegrationTest, locations = [], classes = [org.frcpm.FrcProjectManagementApplication], contextInitializerClasses = [], activeProfiles = ["test"], propertySourceDescriptors = [], propertySourceProperties = ["org.springframework.boot.test.autoconfigure.orm.jpa.DataJpaTestContextBootstrapper=true"], contextCustomizers = [[ImportsContextCustomizer@518e9141 key = [org.springframework.boot.autoconfigure.transaction.TransactionAutoConfiguration, org.springframework.boot.autoconfigure.data.jpa.JpaRepositoriesAutoConfiguration, org.springframework.boot.test.autoconfigure.orm.jpa.TestEntityManagerAutoConfiguration, org.springframework.boot.autoconfigure.cache.CacheAutoConfiguration, org.springframework.boot.autoconfigure.orm.jpa.HibernateJpaAutoConfiguration, org.springframework.boot.autoconfigure.sql.init.SqlInitializationAutoConfiguration, org.springframework.boot.test.autoconfigure.jdbc.TestDatabaseAutoConfiguration, org.springframework.boot.autoconfigure.flyway.FlywayAutoConfiguration, org.springframework.boot.autoconfigure.jdbc.DataSourceTransactionManagerAutoConfiguration, org.springframework.boot.autoconfigure.liquibase.LiquibaseAutoConfiguration, org.springframework.boot.autoconfigure.jdbc.JdbcClientAutoConfiguration, org.springframework.boot.autoconfigure.jdbc.DataSourceAutoConfiguration, org.springframework.boot.autoconfigure.jdbc.JdbcTemplateAutoConfiguration]], org.springframework.boot.test.context.filter.ExcludeFilterContextCustomizer@6304101a, org.springframework.boot.test.json.DuplicateJsonObjectContextCustomizerFactory$DuplicateJsonObjectContextCustomizer@df6620a, org.springframework.boot.test.mock.mockito.MockitoContextCustomizer@0, org.springframework.boot.test.autoconfigure.OverrideAutoConfigurationContextCustomizerFactory$DisableAutoConfigurationContextCustomizer@40317ba2, org.springframework.boot.test.autoconfigure.actuate.observability.ObservabilityContextCustomizerFactory$DisableObservabilityContextCustomizer@1f, org.springframework.boot.test.autoconfigure.filter.TypeExcludeFiltersContextCustomizer@34be3d80, org.springframework.boot.test.autoconfigure.properties.PropertyMappingContextCustomizer@df5ba06e, org.springframework.boot.test.autoconfigure.web.servlet.WebDriverContextCustomizer@571c5681, org.springframework.boot.test.context.SpringBootTestAnnotation@6287f1ab], contextLoader = org.springframework.boot.test.context.SpringBootContextLoader, parent = null]
	at org.springframework.test.context.cache.DefaultCacheAwareContextLoaderDelegate.loadContext(DefaultCacheAwareContextLoaderDelegate.java:180)
	at org.springframework.test.context.support.DefaultTestContext.getApplicationContext(DefaultTestContext.java:130)
	at org.springframework.test.context.support.DependencyInjectionTestExecutionListener.injectDependencies(DependencyInjectionTestExecutionListener.java:141)
	at org.springframework.test.context.support.DependencyInjectionTestExecutionListener.prepareTestInstance(DependencyInjectionTestExecutionListener.java:97)
	at org.springframework.test.context.TestContextManager.prepareTestInstance(TestContextManager.java:247)
	at org.springframework.test.context.junit.jupiter.SpringExtension.postProcessTestInstance(SpringExtension.java:163)
	at org.junit.jupiter.engine.descriptor.ClassBasedTestDescriptor.lambda$invokeTestInstancePostProcessors$10(ClassBasedTestDescriptor.java:378)
	at org.junit.jupiter.engine.descriptor.ClassBasedTestDescriptor.executeAndMaskThrowable(ClassBasedTestDescriptor.java:383)
	at org.junit.jupiter.engine.descriptor.ClassBasedTestDescriptor.lambda$invokeTestInstancePostProcessors$11(ClassBasedTestDescriptor.java:378)
	at java.base/java.util.stream.ReferencePipeline$3$1.accept(ReferencePipeline.java:197)
	at java.base/java.util.stream.ReferencePipeline$2$1.accept(ReferencePipeline.java:179)
	at java.base/java.util.ArrayList$ArrayListSpliterator.forEachRemaining(ArrayList.java:1708)
	at java.base/java.util.stream.AbstractPipeline.copyInto(AbstractPipeline.java:509)
	at java.base/java.util.stream.AbstractPipeline.wrapAndCopyInto(AbstractPipeline.java:499)
	at java.base/java.util.stream.StreamSpliterators$WrappingSpliterator.forEachRemaining(StreamSpliterators.java:310)
	at java.base/java.util.stream.Streams$ConcatSpliterator.forEachRemaining(Streams.java:735)
	at java.base/java.util.stream.Streams$ConcatSpliterator.forEachRemaining(Streams.java:734)
	at java.base/java.util.stream.ReferencePipeline$Head.forEach(ReferencePipeline.java:762)
	at org.junit.jupiter.engine.descriptor.ClassBasedTestDescriptor.invokeTestInstancePostProcessors(ClassBasedTestDescriptor.java:377)
	at org.junit.jupiter.engine.descriptor.ClassBasedTestDescriptor.lambda$instantiateAndPostProcessTestInstance$6(ClassBasedTestDescriptor.java:290)
	at org.junit.platform.engine.support.hierarchical.ThrowableCollector.execute(ThrowableCollector.java:73)
	at org.junit.jupiter.engine.descriptor.ClassBasedTestDescriptor.instantiateAndPostProcessTestInstance(ClassBasedTestDescriptor.java:289)
	at org.junit.jupiter.engine.descriptor.ClassBasedTestDescriptor.lambda$testInstancesProvider$4(ClassBasedTestDescriptor.java:279)
	at java.base/java.util.Optional.orElseGet(Optional.java:364)
	at org.junit.jupiter.engine.descriptor.ClassBasedTestDescriptor.lambda$testInstancesProvider$5(ClassBasedTestDescriptor.java:278)
	at org.junit.jupiter.engine.execution.TestInstancesProvider.getTestInstances(TestInstancesProvider.java:31)
	at org.junit.jupiter.engine.descriptor.TestMethodTestDescriptor.lambda$prepare$0(TestMethodTestDescriptor.java:106)
	at org.junit.platform.engine.support.hierarchical.ThrowableCollector.execute(ThrowableCollector.java:73)
	at org.junit.jupiter.engine.descriptor.TestMethodTestDescriptor.prepare(TestMethodTestDescriptor.java:105)
	at org.junit.jupiter.engine.descriptor.TestMethodTestDescriptor.prepare(TestMethodTestDescriptor.java:69)
	at org.junit.platform.engine.support.hierarchical.NodeTestTask.lambda$prepare$2(NodeTestTask.java:123)
	at org.junit.platform.engine.support.hierarchical.ThrowableCollector.execute(ThrowableCollector.java:73)
	at org.junit.platform.engine.support.hierarchical.NodeTestTask.prepare(NodeTestTask.java:123)
	at org.junit.platform.engine.support.hierarchical.NodeTestTask.execute(NodeTestTask.java:90)
	at java.base/java.util.ArrayList.forEach(ArrayList.java:1596)
	at org.junit.platform.engine.support.hierarchical.SameThreadHierarchicalTestExecutorService.invokeAll(SameThreadHierarchicalTestExecutorService.java:41)
	at org.junit.platform.engine.support.hierarchical.NodeTestTask.lambda$executeRecursively$6(NodeTestTask.java:155)
	at org.junit.platform.engine.support.hierarchical.ThrowableCollector.execute(ThrowableCollector.java:73)
	at org.junit.platform.engine.support.hierarchical.NodeTestTask.lambda$executeRecursively$8(NodeTestTask.java:141)
	at org.junit.platform.engine.support.hierarchical.Node.around(Node.java:137)
	at org.junit.platform.engine.support.hierarchical.NodeTestTask.lambda$executeRecursively$9(NodeTestTask.java:139)
	at org.junit.platform.engine.support.hierarchical.ThrowableCollector.execute(ThrowableCollector.java:73)
	at org.junit.platform.engine.support.hierarchical.NodeTestTask.executeRecursively(NodeTestTask.java:138)
	at org.junit.platform.engine.support.hierarchical.NodeTestTask.execute(NodeTestTask.java:95)
	at java.base/java.util.ArrayList.forEach(ArrayList.java:1596)
	at org.junit.platform.engine.support.hierarchical.SameThreadHierarchicalTestExecutorService.invokeAll(SameThreadHierarchicalTestExecutorService.java:41)
	at org.junit.platform.engine.support.hierarchical.NodeTestTask.lambda$executeRecursively$6(NodeTestTask.java:155)
	at org.junit.platform.engine.support.hierarchical.ThrowableCollector.execute(ThrowableCollector.java:73)
	at org.junit.platform.engine.support.hierarchical.NodeTestTask.lambda$executeRecursively$8(NodeTestTask.java:141)
	at org.junit.platform.engine.support.hierarchical.Node.around(Node.java:137)
	at org.junit.platform.engine.support.hierarchical.NodeTestTask.lambda$executeRecursively$9(NodeTestTask.java:139)
	at org.junit.platform.engine.support.hierarchical.ThrowableCollector.execute(ThrowableCollector.java:73)
	at org.junit.platform.engine.support.hierarchical.NodeTestTask.executeRecursively(NodeTestTask.java:138)
	at org.junit.platform.engine.support.hierarchical.NodeTestTask.execute(NodeTestTask.java:95)
	at org.junit.platform.engine.support.hierarchical.SameThreadHierarchicalTestExecutorService.submit(SameThreadHierarchicalTestExecutorService.java:35)
	at org.junit.platform.engine.support.hierarchical.HierarchicalTestExecutor.execute(HierarchicalTestExecutor.java:57)
	at org.junit.platform.engine.support.hierarchical.HierarchicalTestEngine.execute(HierarchicalTestEngine.java:54)
	at org.junit.platform.launcher.core.EngineExecutionOrchestrator.execute(EngineExecutionOrchestrator.java:198)
	at org.junit.platform.launcher.core.EngineExecutionOrchestrator.execute(EngineExecutionOrchestrator.java:169)
	at org.junit.platform.launcher.core.EngineExecutionOrchestrator.execute(EngineExecutionOrchestrator.java:93)
	at org.junit.platform.launcher.core.EngineExecutionOrchestrator.lambda$execute$0(EngineExecutionOrchestrator.java:58)
	at org.junit.platform.launcher.core.EngineExecutionOrchestrator.withInterceptedStreams(EngineExecutionOrchestrator.java:141)
	at org.junit.platform.launcher.core.EngineExecutionOrchestrator.execute(EngineExecutionOrchestrator.java:57)
	at org.junit.platform.launcher.core.DefaultLauncher.execute(DefaultLauncher.java:103)
	at org.junit.platform.launcher.core.DefaultLauncher.execute(DefaultLauncher.java:85)
	at org.junit.platform.launcher.core.DelegatingLauncher.execute(DelegatingLauncher.java:47)
	at org.apache.maven.surefire.junitplatform.LazyLauncher.execute(LazyLauncher.java:56)
	at org.apache.maven.surefire.junitplatform.JUnitPlatformProvider.execute(JUnitPlatformProvider.java:184)
	at org.apache.maven.surefire.junitplatform.JUnitPlatformProvider.invokeAllTests(JUnitPlatformProvider.java:148)
	at org.apache.maven.surefire.junitplatform.JUnitPlatformProvider.invoke(JUnitPlatformProvider.java:122)
	at org.apache.maven.surefire.booter.ForkedBooter.runSuitesInProcess(ForkedBooter.java:385)
	at org.apache.maven.surefire.booter.ForkedBooter.execute(ForkedBooter.java:162)
	at org.apache.maven.surefire.booter.ForkedBooter.run(ForkedBooter.java:507)
	at org.apache.maven.surefire.booter.ForkedBooter.main(ForkedBooter.java:495)
Caused by: org.springframework.beans.factory.BeanCreationException: Error creating bean with name 'teamMemberRepository' defined in org.frcpm.repositories.spring.TeamMemberRepository defined in @EnableJpaRepositories declared on FrcProjectManagementApplication: Could not create query for public abstract java.util.List org.frcpm.repositories.spring.TeamMemberRepository.findByIsLeaderTrue(); Reason: Failed to create query for method public abstract java.util.List org.frcpm.repositories.spring.TeamMemberRepository.findByIsLeaderTrue(); No property 'isLeader' found for type 'TeamMember'
	at org.springframework.beans.factory.support.AbstractAutowireCapableBeanFactory.initializeBean(AbstractAutowireCapableBeanFactory.java:1775)
	at org.springframework.beans.factory.support.AbstractAutowireCapableBeanFactory.doCreateBean(AbstractAutowireCapableBeanFactory.java:601)
	at org.springframework.beans.factory.support.AbstractAutowireCapableBeanFactory.createBean(AbstractAutowireCapableBeanFactory.java:523)
	at org.springframework.beans.factory.support.AbstractBeanFactory.lambda$doGetBean$0(AbstractBeanFactory.java:325)
	at org.springframework.beans.factory.support.DefaultSingletonBeanRegistry.getSingleton(DefaultSingletonBeanRegistry.java:234)
	at org.springframework.beans.factory.support.AbstractBeanFactory.doGetBean(AbstractBeanFactory.java:323)
	at org.springframework.beans.factory.support.AbstractBeanFactory.getBean(AbstractBeanFactory.java:199)
	at org.springframework.beans.factory.support.DefaultListableBeanFactory.preInstantiateSingletons(DefaultListableBeanFactory.java:967)
	at org.springframework.context.support.AbstractApplicationContext.finishBeanFactoryInitialization(AbstractApplicationContext.java:946)
	at org.springframework.context.support.AbstractApplicationContext.refresh(AbstractApplicationContext.java:616)
	at org.springframework.boot.SpringApplication.refresh(SpringApplication.java:753)
	at org.springframework.boot.SpringApplication.refreshContext(SpringApplication.java:455)
	at org.springframework.boot.SpringApplication.run(SpringApplication.java:323)
	at org.springframework.boot.test.context.SpringBootContextLoader.lambda$loadContext$3(SpringBootContextLoader.java:137)
	at org.springframework.util.function.ThrowingSupplier.get(ThrowingSupplier.java:58)
	at org.springframework.util.function.ThrowingSupplier.get(ThrowingSupplier.java:46)
	at org.springframework.boot.SpringApplication.withHook(SpringApplication.java:1442)
	at org.springframework.boot.test.context.SpringBootContextLoader$ContextLoaderHook.run(SpringBootContextLoader.java:552)
	at org.springframework.boot.test.context.SpringBootContextLoader.loadContext(SpringBootContextLoader.java:137)
	at org.springframework.boot.test.context.SpringBootContextLoader.loadContext(SpringBootContextLoader.java:108)
	at org.springframework.test.context.cache.DefaultCacheAwareContextLoaderDelegate.loadContextInternal(DefaultCacheAwareContextLoaderDelegate.java:225)
	at org.springframework.test.context.cache.DefaultCacheAwareContextLoaderDelegate.loadContext(DefaultCacheAwareContextLoaderDelegate.java:152)
	... 73 common frames omitted
Caused by: org.springframework.data.repository.query.QueryCreationException: Could not create query for public abstract java.util.List org.frcpm.repositories.spring.TeamMemberRepository.findByIsLeaderTrue(); Reason: Failed to create query for method public abstract java.util.List org.frcpm.repositories.spring.TeamMemberRepository.findByIsLeaderTrue(); No property 'isLeader' found for type 'TeamMember'
	at org.springframework.data.repository.query.QueryCreationException.create(QueryCreationException.java:101)
	at org.springframework.data.repository.core.support.QueryExecutorMethodInterceptor.lookupQuery(QueryExecutorMethodInterceptor.java:115)
	at org.springframework.data.repository.core.support.QueryExecutorMethodInterceptor.mapMethodsToQuery(QueryExecutorMethodInterceptor.java:99)
	at org.springframework.data.repository.core.support.QueryExecutorMethodInterceptor.lambda$new$0(QueryExecutorMethodInterceptor.java:88)
	at java.base/java.util.Optional.map(Optional.java:260)
	at org.springframework.data.repository.core.support.QueryExecutorMethodInterceptor.<init>(QueryExecutorMethodInterceptor.java:88)
	at org.springframework.data.repository.core.support.RepositoryFactorySupport.getRepository(RepositoryFactorySupport.java:357)
	at org.springframework.data.repository.core.support.RepositoryFactoryBeanSupport.lambda$afterPropertiesSet$5(RepositoryFactoryBeanSupport.java:279)
	at org.springframework.data.util.Lazy.getNullable(Lazy.java:135)
	at org.springframework.data.util.Lazy.get(Lazy.java:113)
	at org.springframework.data.repository.core.support.RepositoryFactoryBeanSupport.afterPropertiesSet(RepositoryFactoryBeanSupport.java:285)
	at org.springframework.data.jpa.repository.support.JpaRepositoryFactoryBean.afterPropertiesSet(JpaRepositoryFactoryBean.java:132)
	at org.springframework.beans.factory.support.AbstractAutowireCapableBeanFactory.invokeInitMethods(AbstractAutowireCapableBeanFactory.java:1822)
	at org.springframework.beans.factory.support.AbstractAutowireCapableBeanFactory.initializeBean(AbstractAutowireCapableBeanFactory.java:1771)
	... 94 common frames omitted
Caused by: java.lang.IllegalArgumentException: Failed to create query for method public abstract java.util.List org.frcpm.repositories.spring.TeamMemberRepository.findByIsLeaderTrue(); No property 'isLeader' found for type 'TeamMember'
	at org.springframework.data.jpa.repository.query.PartTreeJpaQuery.<init>(PartTreeJpaQuery.java:107)
	at org.springframework.data.jpa.repository.query.JpaQueryLookupStrategy$CreateQueryLookupStrategy.resolveQuery(JpaQueryLookupStrategy.java:124)
	at org.springframework.data.jpa.repository.query.JpaQueryLookupStrategy$CreateIfNotFoundQueryLookupStrategy.resolveQuery(JpaQueryLookupStrategy.java:258)
	at org.springframework.data.jpa.repository.query.JpaQueryLookupStrategy$AbstractQueryLookupStrategy.resolveQuery(JpaQueryLookupStrategy.java:95)
	at org.springframework.data.repository.core.support.QueryExecutorMethodInterceptor.lookupQuery(QueryExecutorMethodInterceptor.java:111)
	... 106 common frames omitted
Caused by: org.springframework.data.mapping.PropertyReferenceException: No property 'isLeader' found for type 'TeamMember'
	at org.springframework.data.mapping.PropertyPath.<init>(PropertyPath.java:90)
	at org.springframework.data.mapping.PropertyPath.create(PropertyPath.java:443)
	at org.springframework.data.mapping.PropertyPath.create(PropertyPath.java:419)
	at org.springframework.data.mapping.PropertyPath.lambda$from$0(PropertyPath.java:372)
	at java.base/java.util.concurrent.ConcurrentMap.computeIfAbsent(ConcurrentMap.java:330)
	at org.springframework.data.mapping.PropertyPath.from(PropertyPath.java:354)
	at org.springframework.data.mapping.PropertyPath.from(PropertyPath.java:332)
	at org.springframework.data.repository.query.parser.Part.<init>(Part.java:81)
	at org.springframework.data.repository.query.parser.PartTree$OrPart.lambda$new$0(PartTree.java:259)
	at java.base/java.util.stream.ReferencePipeline$3$1.accept(ReferencePipeline.java:197)
	at java.base/java.util.stream.ReferencePipeline$2$1.accept(ReferencePipeline.java:179)
	at java.base/java.util.Spliterators$ArraySpliterator.forEachRemaining(Spliterators.java:1024)
	at java.base/java.util.stream.AbstractPipeline.copyInto(AbstractPipeline.java:509)
	at java.base/java.util.stream.AbstractPipeline.wrapAndCopyInto(AbstractPipeline.java:499)
	at java.base/java.util.stream.ReduceOps$ReduceOp.evaluateSequential(ReduceOps.java:921)
	at java.base/java.util.stream.AbstractPipeline.evaluate(AbstractPipeline.java:234)
	at java.base/java.util.stream.ReferencePipeline.collect(ReferencePipeline.java:682)
	at org.springframework.data.repository.query.parser.PartTree$OrPart.<init>(PartTree.java:260)
	at org.springframework.data.repository.query.parser.PartTree$Predicate.lambda$new$0(PartTree.java:389)
	at java.base/java.util.stream.ReferencePipeline$3$1.accept(ReferencePipeline.java:197)
	at java.base/java.util.stream.ReferencePipeline$2$1.accept(ReferencePipeline.java:179)
	at java.base/java.util.Spliterators$ArraySpliterator.forEachRemaining(Spliterators.java:1024)
	at java.base/java.util.stream.AbstractPipeline.copyInto(AbstractPipeline.java:509)
	at java.base/java.util.stream.AbstractPipeline.wrapAndCopyInto(AbstractPipeline.java:499)
	at java.base/java.util.stream.ReduceOps$ReduceOp.evaluateSequential(ReduceOps.java:921)
	at java.base/java.util.stream.AbstractPipeline.evaluate(AbstractPipeline.java:234)
	at java.base/java.util.stream.ReferencePipeline.collect(ReferencePipeline.java:682)
	at org.springframework.data.repository.query.parser.PartTree$Predicate.<init>(PartTree.java:390)
	at org.springframework.data.repository.query.parser.PartTree.<init>(PartTree.java:103)
	at org.springframework.data.jpa.repository.query.PartTreeJpaQuery.<init>(PartTreeJpaQuery.java:100)
	... 110 common frames omitted
2025-06-14 16:48:06 - Caught exception while allowing TestExecutionListener [org.springframework.test.context.support.DependencyInjectionTestExecutionListener] to prepare test instance [org.frcpm.repositories.AttendanceRepositoryIntegrationTest@255eadf5]
java.lang.IllegalStateException: ApplicationContext failure threshold (1) exceeded: skipping repeated attempt to load context for [MergedContextConfiguration@50ba10de testClass = org.frcpm.repositories.AttendanceRepositoryIntegrationTest, locations = [], classes = [org.frcpm.FrcProjectManagementApplication], contextInitializerClasses = [], activeProfiles = ["test"], propertySourceDescriptors = [], propertySourceProperties = ["org.springframework.boot.test.autoconfigure.orm.jpa.DataJpaTestContextBootstrapper=true"], contextCustomizers = [[ImportsContextCustomizer@518e9141 key = [org.springframework.boot.autoconfigure.transaction.TransactionAutoConfiguration, org.springframework.boot.autoconfigure.data.jpa.JpaRepositoriesAutoConfiguration, org.springframework.boot.test.autoconfigure.orm.jpa.TestEntityManagerAutoConfiguration, org.springframework.boot.autoconfigure.cache.CacheAutoConfiguration, org.springframework.boot.autoconfigure.orm.jpa.HibernateJpaAutoConfiguration, org.springframework.boot.autoconfigure.sql.init.SqlInitializationAutoConfiguration, org.springframework.boot.test.autoconfigure.jdbc.TestDatabaseAutoConfiguration, org.springframework.boot.autoconfigure.flyway.FlywayAutoConfiguration, org.springframework.boot.autoconfigure.jdbc.DataSourceTransactionManagerAutoConfiguration, org.springframework.boot.autoconfigure.liquibase.LiquibaseAutoConfiguration, org.springframework.boot.autoconfigure.jdbc.JdbcClientAutoConfiguration, org.springframework.boot.autoconfigure.jdbc.DataSourceAutoConfiguration, org.springframework.boot.autoconfigure.jdbc.JdbcTemplateAutoConfiguration]], org.springframework.boot.test.context.filter.ExcludeFilterContextCustomizer@6304101a, org.springframework.boot.test.json.DuplicateJsonObjectContextCustomizerFactory$DuplicateJsonObjectContextCustomizer@df6620a, org.springframework.boot.test.mock.mockito.MockitoContextCustomizer@0, org.springframework.boot.test.autoconfigure.OverrideAutoConfigurationContextCustomizerFactory$DisableAutoConfigurationContextCustomizer@40317ba2, org.springframework.boot.test.autoconfigure.actuate.observability.ObservabilityContextCustomizerFactory$DisableObservabilityContextCustomizer@1f, org.springframework.boot.test.autoconfigure.filter.TypeExcludeFiltersContextCustomizer@34be3d80, org.springframework.boot.test.autoconfigure.properties.PropertyMappingContextCustomizer@df5ba06e, org.springframework.boot.test.autoconfigure.web.servlet.WebDriverContextCustomizer@571c5681, org.springframework.boot.test.context.SpringBootTestAnnotation@6287f1ab], contextLoader = org.springframework.boot.test.context.SpringBootContextLoader, parent = null]
	at org.springframework.test.context.cache.DefaultCacheAwareContextLoaderDelegate.loadContext(DefaultCacheAwareContextLoaderDelegate.java:145)
	at org.springframework.test.context.support.DefaultTestContext.getApplicationContext(DefaultTestContext.java:130)
	at org.springframework.test.context.support.DependencyInjectionTestExecutionListener.injectDependencies(DependencyInjectionTestExecutionListener.java:141)
	at org.springframework.test.context.support.DependencyInjectionTestExecutionListener.prepareTestInstance(DependencyInjectionTestExecutionListener.java:97)
	at org.springframework.test.context.TestContextManager.prepareTestInstance(TestContextManager.java:247)
	at org.springframework.test.context.junit.jupiter.SpringExtension.postProcessTestInstance(SpringExtension.java:163)
	at org.junit.jupiter.engine.descriptor.ClassBasedTestDescriptor.lambda$invokeTestInstancePostProcessors$10(ClassBasedTestDescriptor.java:378)
	at org.junit.jupiter.engine.descriptor.ClassBasedTestDescriptor.executeAndMaskThrowable(ClassBasedTestDescriptor.java:383)
	at org.junit.jupiter.engine.descriptor.ClassBasedTestDescriptor.lambda$invokeTestInstancePostProcessors$11(ClassBasedTestDescriptor.java:378)
	at java.base/java.util.stream.ReferencePipeline$3$1.accept(ReferencePipeline.java:197)
	at java.base/java.util.stream.ReferencePipeline$2$1.accept(ReferencePipeline.java:179)
	at java.base/java.util.ArrayList$ArrayListSpliterator.forEachRemaining(ArrayList.java:1708)
	at java.base/java.util.stream.AbstractPipeline.copyInto(AbstractPipeline.java:509)
	at java.base/java.util.stream.AbstractPipeline.wrapAndCopyInto(AbstractPipeline.java:499)
	at java.base/java.util.stream.StreamSpliterators$WrappingSpliterator.forEachRemaining(StreamSpliterators.java:310)
	at java.base/java.util.stream.Streams$ConcatSpliterator.forEachRemaining(Streams.java:735)
	at java.base/java.util.stream.Streams$ConcatSpliterator.forEachRemaining(Streams.java:734)
	at java.base/java.util.stream.ReferencePipeline$Head.forEach(ReferencePipeline.java:762)
	at org.junit.jupiter.engine.descriptor.ClassBasedTestDescriptor.invokeTestInstancePostProcessors(ClassBasedTestDescriptor.java:377)
	at org.junit.jupiter.engine.descriptor.ClassBasedTestDescriptor.lambda$instantiateAndPostProcessTestInstance$6(ClassBasedTestDescriptor.java:290)
	at org.junit.platform.engine.support.hierarchical.ThrowableCollector.execute(ThrowableCollector.java:73)
	at org.junit.jupiter.engine.descriptor.ClassBasedTestDescriptor.instantiateAndPostProcessTestInstance(ClassBasedTestDescriptor.java:289)
	at org.junit.jupiter.engine.descriptor.ClassBasedTestDescriptor.lambda$testInstancesProvider$4(ClassBasedTestDescriptor.java:279)
	at java.base/java.util.Optional.orElseGet(Optional.java:364)
	at org.junit.jupiter.engine.descriptor.ClassBasedTestDescriptor.lambda$testInstancesProvider$5(ClassBasedTestDescriptor.java:278)
	at org.junit.jupiter.engine.execution.TestInstancesProvider.getTestInstances(TestInstancesProvider.java:31)
	at org.junit.jupiter.engine.descriptor.TestMethodTestDescriptor.lambda$prepare$0(TestMethodTestDescriptor.java:106)
	at org.junit.platform.engine.support.hierarchical.ThrowableCollector.execute(ThrowableCollector.java:73)
	at org.junit.jupiter.engine.descriptor.TestMethodTestDescriptor.prepare(TestMethodTestDescriptor.java:105)
	at org.junit.jupiter.engine.descriptor.TestMethodTestDescriptor.prepare(TestMethodTestDescriptor.java:69)
	at org.junit.platform.engine.support.hierarchical.NodeTestTask.lambda$prepare$2(NodeTestTask.java:123)
	at org.junit.platform.engine.support.hierarchical.ThrowableCollector.execute(ThrowableCollector.java:73)
	at org.junit.platform.engine.support.hierarchical.NodeTestTask.prepare(NodeTestTask.java:123)
	at org.junit.platform.engine.support.hierarchical.NodeTestTask.execute(NodeTestTask.java:90)
	at java.base/java.util.ArrayList.forEach(ArrayList.java:1596)
	at org.junit.platform.engine.support.hierarchical.SameThreadHierarchicalTestExecutorService.invokeAll(SameThreadHierarchicalTestExecutorService.java:41)
	at org.junit.platform.engine.support.hierarchical.NodeTestTask.lambda$executeRecursively$6(NodeTestTask.java:155)
	at org.junit.platform.engine.support.hierarchical.ThrowableCollector.execute(ThrowableCollector.java:73)
	at org.junit.platform.engine.support.hierarchical.NodeTestTask.lambda$executeRecursively$8(NodeTestTask.java:141)
	at org.junit.platform.engine.support.hierarchical.Node.around(Node.java:137)
	at org.junit.platform.engine.support.hierarchical.NodeTestTask.lambda$executeRecursively$9(NodeTestTask.java:139)
	at org.junit.platform.engine.support.hierarchical.ThrowableCollector.execute(ThrowableCollector.java:73)
	at org.junit.platform.engine.support.hierarchical.NodeTestTask.executeRecursively(NodeTestTask.java:138)
	at org.junit.platform.engine.support.hierarchical.NodeTestTask.execute(NodeTestTask.java:95)
	at java.base/java.util.ArrayList.forEach(ArrayList.java:1596)
	at org.junit.platform.engine.support.hierarchical.SameThreadHierarchicalTestExecutorService.invokeAll(SameThreadHierarchicalTestExecutorService.java:41)
	at org.junit.platform.engine.support.hierarchical.NodeTestTask.lambda$executeRecursively$6(NodeTestTask.java:155)
	at org.junit.platform.engine.support.hierarchical.ThrowableCollector.execute(ThrowableCollector.java:73)
	at org.junit.platform.engine.support.hierarchical.NodeTestTask.lambda$executeRecursively$8(NodeTestTask.java:141)
	at org.junit.platform.engine.support.hierarchical.Node.around(Node.java:137)
	at org.junit.platform.engine.support.hierarchical.NodeTestTask.lambda$executeRecursively$9(NodeTestTask.java:139)
	at org.junit.platform.engine.support.hierarchical.ThrowableCollector.execute(ThrowableCollector.java:73)
	at org.junit.platform.engine.support.hierarchical.NodeTestTask.executeRecursively(NodeTestTask.java:138)
	at org.junit.platform.engine.support.hierarchical.NodeTestTask.execute(NodeTestTask.java:95)
	at org.junit.platform.engine.support.hierarchical.SameThreadHierarchicalTestExecutorService.submit(SameThreadHierarchicalTestExecutorService.java:35)
	at org.junit.platform.engine.support.hierarchical.HierarchicalTestExecutor.execute(HierarchicalTestExecutor.java:57)
	at org.junit.platform.engine.support.hierarchical.HierarchicalTestEngine.execute(HierarchicalTestEngine.java:54)
	at org.junit.platform.launcher.core.EngineExecutionOrchestrator.execute(EngineExecutionOrchestrator.java:198)
	at org.junit.platform.launcher.core.EngineExecutionOrchestrator.execute(EngineExecutionOrchestrator.java:169)
	at org.junit.platform.launcher.core.EngineExecutionOrchestrator.execute(EngineExecutionOrchestrator.java:93)
	at org.junit.platform.launcher.core.EngineExecutionOrchestrator.lambda$execute$0(EngineExecutionOrchestrator.java:58)
	at org.junit.platform.launcher.core.EngineExecutionOrchestrator.withInterceptedStreams(EngineExecutionOrchestrator.java:141)
	at org.junit.platform.launcher.core.EngineExecutionOrchestrator.execute(EngineExecutionOrchestrator.java:57)
	at org.junit.platform.launcher.core.DefaultLauncher.execute(DefaultLauncher.java:103)
	at org.junit.platform.launcher.core.DefaultLauncher.execute(DefaultLauncher.java:85)
	at org.junit.platform.launcher.core.DelegatingLauncher.execute(DelegatingLauncher.java:47)
	at org.apache.maven.surefire.junitplatform.LazyLauncher.execute(LazyLauncher.java:56)
	at org.apache.maven.surefire.junitplatform.JUnitPlatformProvider.execute(JUnitPlatformProvider.java:184)
	at org.apache.maven.surefire.junitplatform.JUnitPlatformProvider.invokeAllTests(JUnitPlatformProvider.java:148)
	at org.apache.maven.surefire.junitplatform.JUnitPlatformProvider.invoke(JUnitPlatformProvider.java:122)
	at org.apache.maven.surefire.booter.ForkedBooter.runSuitesInProcess(ForkedBooter.java:385)
	at org.apache.maven.surefire.booter.ForkedBooter.execute(ForkedBooter.java:162)
	at org.apache.maven.surefire.booter.ForkedBooter.run(ForkedBooter.java:507)
	at org.apache.maven.surefire.booter.ForkedBooter.main(ForkedBooter.java:495)
2025-06-14 16:48:06 - Caught exception while allowing TestExecutionListener [org.springframework.test.context.support.DependencyInjectionTestExecutionListener] to prepare test instance [org.frcpm.repositories.AttendanceRepositoryIntegrationTest@74af4b0]
java.lang.IllegalStateException: ApplicationContext failure threshold (1) exceeded: skipping repeated attempt to load context for [MergedContextConfiguration@50ba10de testClass = org.frcpm.repositories.AttendanceRepositoryIntegrationTest, locations = [], classes = [org.frcpm.FrcProjectManagementApplication], contextInitializerClasses = [], activeProfiles = ["test"], propertySourceDescriptors = [], propertySourceProperties = ["org.springframework.boot.test.autoconfigure.orm.jpa.DataJpaTestContextBootstrapper=true"], contextCustomizers = [[ImportsContextCustomizer@518e9141 key = [org.springframework.boot.autoconfigure.transaction.TransactionAutoConfiguration, org.springframework.boot.autoconfigure.data.jpa.JpaRepositoriesAutoConfiguration, org.springframework.boot.test.autoconfigure.orm.jpa.TestEntityManagerAutoConfiguration, org.springframework.boot.autoconfigure.cache.CacheAutoConfiguration, org.springframework.boot.autoconfigure.orm.jpa.HibernateJpaAutoConfiguration, org.springframework.boot.autoconfigure.sql.init.SqlInitializationAutoConfiguration, org.springframework.boot.test.autoconfigure.jdbc.TestDatabaseAutoConfiguration, org.springframework.boot.autoconfigure.flyway.FlywayAutoConfiguration, org.springframework.boot.autoconfigure.jdbc.DataSourceTransactionManagerAutoConfiguration, org.springframework.boot.autoconfigure.liquibase.LiquibaseAutoConfiguration, org.springframework.boot.autoconfigure.jdbc.JdbcClientAutoConfiguration, org.springframework.boot.autoconfigure.jdbc.DataSourceAutoConfiguration, org.springframework.boot.autoconfigure.jdbc.JdbcTemplateAutoConfiguration]], org.springframework.boot.test.context.filter.ExcludeFilterContextCustomizer@6304101a, org.springframework.boot.test.json.DuplicateJsonObjectContextCustomizerFactory$DuplicateJsonObjectContextCustomizer@df6620a, org.springframework.boot.test.mock.mockito.MockitoContextCustomizer@0, org.springframework.boot.test.autoconfigure.OverrideAutoConfigurationContextCustomizerFactory$DisableAutoConfigurationContextCustomizer@40317ba2, org.springframework.boot.test.autoconfigure.actuate.observability.ObservabilityContextCustomizerFactory$DisableObservabilityContextCustomizer@1f, org.springframework.boot.test.autoconfigure.filter.TypeExcludeFiltersContextCustomizer@34be3d80, org.springframework.boot.test.autoconfigure.properties.PropertyMappingContextCustomizer@df5ba06e, org.springframework.boot.test.autoconfigure.web.servlet.WebDriverContextCustomizer@571c5681, org.springframework.boot.test.context.SpringBootTestAnnotation@6287f1ab], contextLoader = org.springframework.boot.test.context.SpringBootContextLoader, parent = null]
	at org.springframework.test.context.cache.DefaultCacheAwareContextLoaderDelegate.loadContext(DefaultCacheAwareContextLoaderDelegate.java:145)
	at org.springframework.test.context.support.DefaultTestContext.getApplicationContext(DefaultTestContext.java:130)
	at org.springframework.test.context.support.DependencyInjectionTestExecutionListener.injectDependencies(DependencyInjectionTestExecutionListener.java:141)
	at org.springframework.test.context.support.DependencyInjectionTestExecutionListener.prepareTestInstance(DependencyInjectionTestExecutionListener.java:97)
	at org.springframework.test.context.TestContextManager.prepareTestInstance(TestContextManager.java:247)
	at org.springframework.test.context.junit.jupiter.SpringExtension.postProcessTestInstance(SpringExtension.java:163)
	at org.junit.jupiter.engine.descriptor.ClassBasedTestDescriptor.lambda$invokeTestInstancePostProcessors$10(ClassBasedTestDescriptor.java:378)
	at org.junit.jupiter.engine.descriptor.ClassBasedTestDescriptor.executeAndMaskThrowable(ClassBasedTestDescriptor.java:383)
	at org.junit.jupiter.engine.descriptor.ClassBasedTestDescriptor.lambda$invokeTestInstancePostProcessors$11(ClassBasedTestDescriptor.java:378)
	at java.base/java.util.stream.ReferencePipeline$3$1.accept(ReferencePipeline.java:197)
	at java.base/java.util.stream.ReferencePipeline$2$1.accept(ReferencePipeline.java:179)
	at java.base/java.util.ArrayList$ArrayListSpliterator.forEachRemaining(ArrayList.java:1708)
	at java.base/java.util.stream.AbstractPipeline.copyInto(AbstractPipeline.java:509)
	at java.base/java.util.stream.AbstractPipeline.wrapAndCopyInto(AbstractPipeline.java:499)
	at java.base/java.util.stream.StreamSpliterators$WrappingSpliterator.forEachRemaining(StreamSpliterators.java:310)
	at java.base/java.util.stream.Streams$ConcatSpliterator.forEachRemaining(Streams.java:735)
	at java.base/java.util.stream.Streams$ConcatSpliterator.forEachRemaining(Streams.java:734)
	at java.base/java.util.stream.ReferencePipeline$Head.forEach(ReferencePipeline.java:762)
	at org.junit.jupiter.engine.descriptor.ClassBasedTestDescriptor.invokeTestInstancePostProcessors(ClassBasedTestDescriptor.java:377)
	at org.junit.jupiter.engine.descriptor.ClassBasedTestDescriptor.lambda$instantiateAndPostProcessTestInstance$6(ClassBasedTestDescriptor.java:290)
	at org.junit.platform.engine.support.hierarchical.ThrowableCollector.execute(ThrowableCollector.java:73)
	at org.junit.jupiter.engine.descriptor.ClassBasedTestDescriptor.instantiateAndPostProcessTestInstance(ClassBasedTestDescriptor.java:289)
	at org.junit.jupiter.engine.descriptor.ClassBasedTestDescriptor.lambda$testInstancesProvider$4(ClassBasedTestDescriptor.java:279)
	at java.base/java.util.Optional.orElseGet(Optional.java:364)
	at org.junit.jupiter.engine.descriptor.ClassBasedTestDescriptor.lambda$testInstancesProvider$5(ClassBasedTestDescriptor.java:278)
	at org.junit.jupiter.engine.execution.TestInstancesProvider.getTestInstances(TestInstancesProvider.java:31)
	at org.junit.jupiter.engine.descriptor.TestMethodTestDescriptor.lambda$prepare$0(TestMethodTestDescriptor.java:106)
	at org.junit.platform.engine.support.hierarchical.ThrowableCollector.execute(ThrowableCollector.java:73)
	at org.junit.jupiter.engine.descriptor.TestMethodTestDescriptor.prepare(TestMethodTestDescriptor.java:105)
	at org.junit.jupiter.engine.descriptor.TestMethodTestDescriptor.prepare(TestMethodTestDescriptor.java:69)
	at org.junit.platform.engine.support.hierarchical.NodeTestTask.lambda$prepare$2(NodeTestTask.java:123)
	at org.junit.platform.engine.support.hierarchical.ThrowableCollector.execute(ThrowableCollector.java:73)
	at org.junit.platform.engine.support.hierarchical.NodeTestTask.prepare(NodeTestTask.java:123)
	at org.junit.platform.engine.support.hierarchical.NodeTestTask.execute(NodeTestTask.java:90)
	at java.base/java.util.ArrayList.forEach(ArrayList.java:1596)
	at org.junit.platform.engine.support.hierarchical.SameThreadHierarchicalTestExecutorService.invokeAll(SameThreadHierarchicalTestExecutorService.java:41)
	at org.junit.platform.engine.support.hierarchical.NodeTestTask.lambda$executeRecursively$6(NodeTestTask.java:155)
	at org.junit.platform.engine.support.hierarchical.ThrowableCollector.execute(ThrowableCollector.java:73)
	at org.junit.platform.engine.support.hierarchical.NodeTestTask.lambda$executeRecursively$8(NodeTestTask.java:141)
	at org.junit.platform.engine.support.hierarchical.Node.around(Node.java:137)
	at org.junit.platform.engine.support.hierarchical.NodeTestTask.lambda$executeRecursively$9(NodeTestTask.java:139)
	at org.junit.platform.engine.support.hierarchical.ThrowableCollector.execute(ThrowableCollector.java:73)
	at org.junit.platform.engine.support.hierarchical.NodeTestTask.executeRecursively(NodeTestTask.java:138)
	at org.junit.platform.engine.support.hierarchical.NodeTestTask.execute(NodeTestTask.java:95)
	at java.base/java.util.ArrayList.forEach(ArrayList.java:1596)
	at org.junit.platform.engine.support.hierarchical.SameThreadHierarchicalTestExecutorService.invokeAll(SameThreadHierarchicalTestExecutorService.java:41)
	at org.junit.platform.engine.support.hierarchical.NodeTestTask.lambda$executeRecursively$6(NodeTestTask.java:155)
	at org.junit.platform.engine.support.hierarchical.ThrowableCollector.execute(ThrowableCollector.java:73)
	at org.junit.platform.engine.support.hierarchical.NodeTestTask.lambda$executeRecursively$8(NodeTestTask.java:141)
	at org.junit.platform.engine.support.hierarchical.Node.around(Node.java:137)
	at org.junit.platform.engine.support.hierarchical.NodeTestTask.lambda$executeRecursively$9(NodeTestTask.java:139)
	at org.junit.platform.engine.support.hierarchical.ThrowableCollector.execute(ThrowableCollector.java:73)
	at org.junit.platform.engine.support.hierarchical.NodeTestTask.executeRecursively(NodeTestTask.java:138)
	at org.junit.platform.engine.support.hierarchical.NodeTestTask.execute(NodeTestTask.java:95)
	at org.junit.platform.engine.support.hierarchical.SameThreadHierarchicalTestExecutorService.submit(SameThreadHierarchicalTestExecutorService.java:35)
	at org.junit.platform.engine.support.hierarchical.HierarchicalTestExecutor.execute(HierarchicalTestExecutor.java:57)
	at org.junit.platform.engine.support.hierarchical.HierarchicalTestEngine.execute(HierarchicalTestEngine.java:54)
	at org.junit.platform.launcher.core.EngineExecutionOrchestrator.execute(EngineExecutionOrchestrator.java:198)
	at org.junit.platform.launcher.core.EngineExecutionOrchestrator.execute(EngineExecutionOrchestrator.java:169)
	at org.junit.platform.launcher.core.EngineExecutionOrchestrator.execute(EngineExecutionOrchestrator.java:93)
	at org.junit.platform.launcher.core.EngineExecutionOrchestrator.lambda$execute$0(EngineExecutionOrchestrator.java:58)
	at org.junit.platform.launcher.core.EngineExecutionOrchestrator.withInterceptedStreams(EngineExecutionOrchestrator.java:141)
	at org.junit.platform.launcher.core.EngineExecutionOrchestrator.execute(EngineExecutionOrchestrator.java:57)
	at org.junit.platform.launcher.core.DefaultLauncher.execute(DefaultLauncher.java:103)
	at org.junit.platform.launcher.core.DefaultLauncher.execute(DefaultLauncher.java:85)
	at org.junit.platform.launcher.core.DelegatingLauncher.execute(DelegatingLauncher.java:47)
	at org.apache.maven.surefire.junitplatform.LazyLauncher.execute(LazyLauncher.java:56)
	at org.apache.maven.surefire.junitplatform.JUnitPlatformProvider.execute(JUnitPlatformProvider.java:184)
	at org.apache.maven.surefire.junitplatform.JUnitPlatformProvider.invokeAllTests(JUnitPlatformProvider.java:148)
	at org.apache.maven.surefire.junitplatform.JUnitPlatformProvider.invoke(JUnitPlatformProvider.java:122)
	at org.apache.maven.surefire.booter.ForkedBooter.runSuitesInProcess(ForkedBooter.java:385)
	at org.apache.maven.surefire.booter.ForkedBooter.execute(ForkedBooter.java:162)
	at org.apache.maven.surefire.booter.ForkedBooter.run(ForkedBooter.java:507)
	at org.apache.maven.surefire.booter.ForkedBooter.main(ForkedBooter.java:495)
2025-06-14 16:48:06 - Caught exception while allowing TestExecutionListener [org.springframework.test.context.support.DependencyInjectionTestExecutionListener] to prepare test instance [org.frcpm.repositories.AttendanceRepositoryIntegrationTest@bf3aa52]
java.lang.IllegalStateException: ApplicationContext failure threshold (1) exceeded: skipping repeated attempt to load context for [MergedContextConfiguration@50ba10de testClass = org.frcpm.repositories.AttendanceRepositoryIntegrationTest, locations = [], classes = [org.frcpm.FrcProjectManagementApplication], contextInitializerClasses = [], activeProfiles = ["test"], propertySourceDescriptors = [], propertySourceProperties = ["org.springframework.boot.test.autoconfigure.orm.jpa.DataJpaTestContextBootstrapper=true"], contextCustomizers = [[ImportsContextCustomizer@518e9141 key = [org.springframework.boot.autoconfigure.transaction.TransactionAutoConfiguration, org.springframework.boot.autoconfigure.data.jpa.JpaRepositoriesAutoConfiguration, org.springframework.boot.test.autoconfigure.orm.jpa.TestEntityManagerAutoConfiguration, org.springframework.boot.autoconfigure.cache.CacheAutoConfiguration, org.springframework.boot.autoconfigure.orm.jpa.HibernateJpaAutoConfiguration, org.springframework.boot.autoconfigure.sql.init.SqlInitializationAutoConfiguration, org.springframework.boot.test.autoconfigure.jdbc.TestDatabaseAutoConfiguration, org.springframework.boot.autoconfigure.flyway.FlywayAutoConfiguration, org.springframework.boot.autoconfigure.jdbc.DataSourceTransactionManagerAutoConfiguration, org.springframework.boot.autoconfigure.liquibase.LiquibaseAutoConfiguration, org.springframework.boot.autoconfigure.jdbc.JdbcClientAutoConfiguration, org.springframework.boot.autoconfigure.jdbc.DataSourceAutoConfiguration, org.springframework.boot.autoconfigure.jdbc.JdbcTemplateAutoConfiguration]], org.springframework.boot.test.context.filter.ExcludeFilterContextCustomizer@6304101a, org.springframework.boot.test.json.DuplicateJsonObjectContextCustomizerFactory$DuplicateJsonObjectContextCustomizer@df6620a, org.springframework.boot.test.mock.mockito.MockitoContextCustomizer@0, org.springframework.boot.test.autoconfigure.OverrideAutoConfigurationContextCustomizerFactory$DisableAutoConfigurationContextCustomizer@40317ba2, org.springframework.boot.test.autoconfigure.actuate.observability.ObservabilityContextCustomizerFactory$DisableObservabilityContextCustomizer@1f, org.springframework.boot.test.autoconfigure.filter.TypeExcludeFiltersContextCustomizer@34be3d80, org.springframework.boot.test.autoconfigure.properties.PropertyMappingContextCustomizer@df5ba06e, org.springframework.boot.test.autoconfigure.web.servlet.WebDriverContextCustomizer@571c5681, org.springframework.boot.test.context.SpringBootTestAnnotation@6287f1ab], contextLoader = org.springframework.boot.test.context.SpringBootContextLoader, parent = null]
	at org.springframework.test.context.cache.DefaultCacheAwareContextLoaderDelegate.loadContext(DefaultCacheAwareContextLoaderDelegate.java:145)
	at org.springframework.test.context.support.DefaultTestContext.getApplicationContext(DefaultTestContext.java:130)
	at org.springframework.test.context.support.DependencyInjectionTestExecutionListener.injectDependencies(DependencyInjectionTestExecutionListener.java:141)
	at org.springframework.test.context.support.DependencyInjectionTestExecutionListener.prepareTestInstance(DependencyInjectionTestExecutionListener.java:97)
	at org.springframework.test.context.TestContextManager.prepareTestInstance(TestContextManager.java:247)
	at org.springframework.test.context.junit.jupiter.SpringExtension.postProcessTestInstance(SpringExtension.java:163)
	at org.junit.jupiter.engine.descriptor.ClassBasedTestDescriptor.lambda$invokeTestInstancePostProcessors$10(ClassBasedTestDescriptor.java:378)
	at org.junit.jupiter.engine.descriptor.ClassBasedTestDescriptor.executeAndMaskThrowable(ClassBasedTestDescriptor.java:383)
	at org.junit.jupiter.engine.descriptor.ClassBasedTestDescriptor.lambda$invokeTestInstancePostProcessors$11(ClassBasedTestDescriptor.java:378)
	at java.base/java.util.stream.ReferencePipeline$3$1.accept(ReferencePipeline.java:197)
	at java.base/java.util.stream.ReferencePipeline$2$1.accept(ReferencePipeline.java:179)
	at java.base/java.util.ArrayList$ArrayListSpliterator.forEachRemaining(ArrayList.java:1708)
	at java.base/java.util.stream.AbstractPipeline.copyInto(AbstractPipeline.java:509)
	at java.base/java.util.stream.AbstractPipeline.wrapAndCopyInto(AbstractPipeline.java:499)
	at java.base/java.util.stream.StreamSpliterators$WrappingSpliterator.forEachRemaining(StreamSpliterators.java:310)
	at java.base/java.util.stream.Streams$ConcatSpliterator.forEachRemaining(Streams.java:735)
	at java.base/java.util.stream.Streams$ConcatSpliterator.forEachRemaining(Streams.java:734)
	at java.base/java.util.stream.ReferencePipeline$Head.forEach(ReferencePipeline.java:762)
	at org.junit.jupiter.engine.descriptor.ClassBasedTestDescriptor.invokeTestInstancePostProcessors(ClassBasedTestDescriptor.java:377)
	at org.junit.jupiter.engine.descriptor.ClassBasedTestDescriptor.lambda$instantiateAndPostProcessTestInstance$6(ClassBasedTestDescriptor.java:290)
	at org.junit.platform.engine.support.hierarchical.ThrowableCollector.execute(ThrowableCollector.java:73)
	at org.junit.jupiter.engine.descriptor.ClassBasedTestDescriptor.instantiateAndPostProcessTestInstance(ClassBasedTestDescriptor.java:289)
	at org.junit.jupiter.engine.descriptor.ClassBasedTestDescriptor.lambda$testInstancesProvider$4(ClassBasedTestDescriptor.java:279)
	at java.base/java.util.Optional.orElseGet(Optional.java:364)
	at org.junit.jupiter.engine.descriptor.ClassBasedTestDescriptor.lambda$testInstancesProvider$5(ClassBasedTestDescriptor.java:278)
	at org.junit.jupiter.engine.execution.TestInstancesProvider.getTestInstances(TestInstancesProvider.java:31)
	at org.junit.jupiter.engine.descriptor.TestMethodTestDescriptor.lambda$prepare$0(TestMethodTestDescriptor.java:106)
	at org.junit.platform.engine.support.hierarchical.ThrowableCollector.execute(ThrowableCollector.java:73)
	at org.junit.jupiter.engine.descriptor.TestMethodTestDescriptor.prepare(TestMethodTestDescriptor.java:105)
	at org.junit.jupiter.engine.descriptor.TestMethodTestDescriptor.prepare(TestMethodTestDescriptor.java:69)
	at org.junit.platform.engine.support.hierarchical.NodeTestTask.lambda$prepare$2(NodeTestTask.java:123)
	at org.junit.platform.engine.support.hierarchical.ThrowableCollector.execute(ThrowableCollector.java:73)
	at org.junit.platform.engine.support.hierarchical.NodeTestTask.prepare(NodeTestTask.java:123)
	at org.junit.platform.engine.support.hierarchical.NodeTestTask.execute(NodeTestTask.java:90)
	at java.base/java.util.ArrayList.forEach(ArrayList.java:1596)
	at org.junit.platform.engine.support.hierarchical.SameThreadHierarchicalTestExecutorService.invokeAll(SameThreadHierarchicalTestExecutorService.java:41)
	at org.junit.platform.engine.support.hierarchical.NodeTestTask.lambda$executeRecursively$6(NodeTestTask.java:155)
	at org.junit.platform.engine.support.hierarchical.ThrowableCollector.execute(ThrowableCollector.java:73)
	at org.junit.platform.engine.support.hierarchical.NodeTestTask.lambda$executeRecursively$8(NodeTestTask.java:141)
	at org.junit.platform.engine.support.hierarchical.Node.around(Node.java:137)
	at org.junit.platform.engine.support.hierarchical.NodeTestTask.lambda$executeRecursively$9(NodeTestTask.java:139)
	at org.junit.platform.engine.support.hierarchical.ThrowableCollector.execute(ThrowableCollector.java:73)
	at org.junit.platform.engine.support.hierarchical.NodeTestTask.executeRecursively(NodeTestTask.java:138)
	at org.junit.platform.engine.support.hierarchical.NodeTestTask.execute(NodeTestTask.java:95)
	at java.base/java.util.ArrayList.forEach(ArrayList.java:1596)
	at org.junit.platform.engine.support.hierarchical.SameThreadHierarchicalTestExecutorService.invokeAll(SameThreadHierarchicalTestExecutorService.java:41)
	at org.junit.platform.engine.support.hierarchical.NodeTestTask.lambda$executeRecursively$6(NodeTestTask.java:155)
	at org.junit.platform.engine.support.hierarchical.ThrowableCollector.execute(ThrowableCollector.java:73)
	at org.junit.platform.engine.support.hierarchical.NodeTestTask.lambda$executeRecursively$8(NodeTestTask.java:141)
	at org.junit.platform.engine.support.hierarchical.Node.around(Node.java:137)
	at org.junit.platform.engine.support.hierarchical.NodeTestTask.lambda$executeRecursively$9(NodeTestTask.java:139)
	at org.junit.platform.engine.support.hierarchical.ThrowableCollector.execute(ThrowableCollector.java:73)
	at org.junit.platform.engine.support.hierarchical.NodeTestTask.executeRecursively(NodeTestTask.java:138)
	at org.junit.platform.engine.support.hierarchical.NodeTestTask.execute(NodeTestTask.java:95)
	at org.junit.platform.engine.support.hierarchical.SameThreadHierarchicalTestExecutorService.submit(SameThreadHierarchicalTestExecutorService.java:35)
	at org.junit.platform.engine.support.hierarchical.HierarchicalTestExecutor.execute(HierarchicalTestExecutor.java:57)
	at org.junit.platform.engine.support.hierarchical.HierarchicalTestEngine.execute(HierarchicalTestEngine.java:54)
	at org.junit.platform.launcher.core.EngineExecutionOrchestrator.execute(EngineExecutionOrchestrator.java:198)
	at org.junit.platform.launcher.core.EngineExecutionOrchestrator.execute(EngineExecutionOrchestrator.java:169)
	at org.junit.platform.launcher.core.EngineExecutionOrchestrator.execute(EngineExecutionOrchestrator.java:93)
	at org.junit.platform.launcher.core.EngineExecutionOrchestrator.lambda$execute$0(EngineExecutionOrchestrator.java:58)
	at org.junit.platform.launcher.core.EngineExecutionOrchestrator.withInterceptedStreams(EngineExecutionOrchestrator.java:141)
	at org.junit.platform.launcher.core.EngineExecutionOrchestrator.execute(EngineExecutionOrchestrator.java:57)
	at org.junit.platform.launcher.core.DefaultLauncher.execute(DefaultLauncher.java:103)
	at org.junit.platform.launcher.core.DefaultLauncher.execute(DefaultLauncher.java:85)
	at org.junit.platform.launcher.core.DelegatingLauncher.execute(DelegatingLauncher.java:47)
	at org.apache.maven.surefire.junitplatform.LazyLauncher.execute(LazyLauncher.java:56)
	at org.apache.maven.surefire.junitplatform.JUnitPlatformProvider.execute(JUnitPlatformProvider.java:184)
	at org.apache.maven.surefire.junitplatform.JUnitPlatformProvider.invokeAllTests(JUnitPlatformProvider.java:148)
	at org.apache.maven.surefire.junitplatform.JUnitPlatformProvider.invoke(JUnitPlatformProvider.java:122)
	at org.apache.maven.surefire.booter.ForkedBooter.runSuitesInProcess(ForkedBooter.java:385)
	at org.apache.maven.surefire.booter.ForkedBooter.execute(ForkedBooter.java:162)
	at org.apache.maven.surefire.booter.ForkedBooter.run(ForkedBooter.java:507)
	at org.apache.maven.surefire.booter.ForkedBooter.main(ForkedBooter.java:495)
2025-06-14 16:48:06 - Caught exception while allowing TestExecutionListener [org.springframework.test.context.support.DependencyInjectionTestExecutionListener] to prepare test instance [org.frcpm.repositories.AttendanceRepositoryIntegrationTest@1504db11]
java.lang.IllegalStateException: ApplicationContext failure threshold (1) exceeded: skipping repeated attempt to load context for [MergedContextConfiguration@50ba10de testClass = org.frcpm.repositories.AttendanceRepositoryIntegrationTest, locations = [], classes = [org.frcpm.FrcProjectManagementApplication], contextInitializerClasses = [], activeProfiles = ["test"], propertySourceDescriptors = [], propertySourceProperties = ["org.springframework.boot.test.autoconfigure.orm.jpa.DataJpaTestContextBootstrapper=true"], contextCustomizers = [[ImportsContextCustomizer@518e9141 key = [org.springframework.boot.autoconfigure.transaction.TransactionAutoConfiguration, org.springframework.boot.autoconfigure.data.jpa.JpaRepositoriesAutoConfiguration, org.springframework.boot.test.autoconfigure.orm.jpa.TestEntityManagerAutoConfiguration, org.springframework.boot.autoconfigure.cache.CacheAutoConfiguration, org.springframework.boot.autoconfigure.orm.jpa.HibernateJpaAutoConfiguration, org.springframework.boot.autoconfigure.sql.init.SqlInitializationAutoConfiguration, org.springframework.boot.test.autoconfigure.jdbc.TestDatabaseAutoConfiguration, org.springframework.boot.autoconfigure.flyway.FlywayAutoConfiguration, org.springframework.boot.autoconfigure.jdbc.DataSourceTransactionManagerAutoConfiguration, org.springframework.boot.autoconfigure.liquibase.LiquibaseAutoConfiguration, org.springframework.boot.autoconfigure.jdbc.JdbcClientAutoConfiguration, org.springframework.boot.autoconfigure.jdbc.DataSourceAutoConfiguration, org.springframework.boot.autoconfigure.jdbc.JdbcTemplateAutoConfiguration]], org.springframework.boot.test.context.filter.ExcludeFilterContextCustomizer@6304101a, org.springframework.boot.test.json.DuplicateJsonObjectContextCustomizerFactory$DuplicateJsonObjectContextCustomizer@df6620a, org.springframework.boot.test.mock.mockito.MockitoContextCustomizer@0, org.springframework.boot.test.autoconfigure.OverrideAutoConfigurationContextCustomizerFactory$DisableAutoConfigurationContextCustomizer@40317ba2, org.springframework.boot.test.autoconfigure.actuate.observability.ObservabilityContextCustomizerFactory$DisableObservabilityContextCustomizer@1f, org.springframework.boot.test.autoconfigure.filter.TypeExcludeFiltersContextCustomizer@34be3d80, org.springframework.boot.test.autoconfigure.properties.PropertyMappingContextCustomizer@df5ba06e, org.springframework.boot.test.autoconfigure.web.servlet.WebDriverContextCustomizer@571c5681, org.springframework.boot.test.context.SpringBootTestAnnotation@6287f1ab], contextLoader = org.springframework.boot.test.context.SpringBootContextLoader, parent = null]
	at org.springframework.test.context.cache.DefaultCacheAwareContextLoaderDelegate.loadContext(DefaultCacheAwareContextLoaderDelegate.java:145)
	at org.springframework.test.context.support.DefaultTestContext.getApplicationContext(DefaultTestContext.java:130)
	at org.springframework.test.context.support.DependencyInjectionTestExecutionListener.injectDependencies(DependencyInjectionTestExecutionListener.java:141)
	at org.springframework.test.context.support.DependencyInjectionTestExecutionListener.prepareTestInstance(DependencyInjectionTestExecutionListener.java:97)
	at org.springframework.test.context.TestContextManager.prepareTestInstance(TestContextManager.java:247)
	at org.springframework.test.context.junit.jupiter.SpringExtension.postProcessTestInstance(SpringExtension.java:163)
	at org.junit.jupiter.engine.descriptor.ClassBasedTestDescriptor.lambda$invokeTestInstancePostProcessors$10(ClassBasedTestDescriptor.java:378)
	at org.junit.jupiter.engine.descriptor.ClassBasedTestDescriptor.executeAndMaskThrowable(ClassBasedTestDescriptor.java:383)
	at org.junit.jupiter.engine.descriptor.ClassBasedTestDescriptor.lambda$invokeTestInstancePostProcessors$11(ClassBasedTestDescriptor.java:378)
	at java.base/java.util.stream.ReferencePipeline$3$1.accept(ReferencePipeline.java:197)
	at java.base/java.util.stream.ReferencePipeline$2$1.accept(ReferencePipeline.java:179)
	at java.base/java.util.ArrayList$ArrayListSpliterator.forEachRemaining(ArrayList.java:1708)
	at java.base/java.util.stream.AbstractPipeline.copyInto(AbstractPipeline.java:509)
	at java.base/java.util.stream.AbstractPipeline.wrapAndCopyInto(AbstractPipeline.java:499)
	at java.base/java.util.stream.StreamSpliterators$WrappingSpliterator.forEachRemaining(StreamSpliterators.java:310)
	at java.base/java.util.stream.Streams$ConcatSpliterator.forEachRemaining(Streams.java:735)
	at java.base/java.util.stream.Streams$ConcatSpliterator.forEachRemaining(Streams.java:734)
	at java.base/java.util.stream.ReferencePipeline$Head.forEach(ReferencePipeline.java:762)
	at org.junit.jupiter.engine.descriptor.ClassBasedTestDescriptor.invokeTestInstancePostProcessors(ClassBasedTestDescriptor.java:377)
	at org.junit.jupiter.engine.descriptor.ClassBasedTestDescriptor.lambda$instantiateAndPostProcessTestInstance$6(ClassBasedTestDescriptor.java:290)
	at org.junit.platform.engine.support.hierarchical.ThrowableCollector.execute(ThrowableCollector.java:73)
	at org.junit.jupiter.engine.descriptor.ClassBasedTestDescriptor.instantiateAndPostProcessTestInstance(ClassBasedTestDescriptor.java:289)
	at org.junit.jupiter.engine.descriptor.ClassBasedTestDescriptor.lambda$testInstancesProvider$4(ClassBasedTestDescriptor.java:279)
	at java.base/java.util.Optional.orElseGet(Optional.java:364)
	at org.junit.jupiter.engine.descriptor.ClassBasedTestDescriptor.lambda$testInstancesProvider$5(ClassBasedTestDescriptor.java:278)
	at org.junit.jupiter.engine.execution.TestInstancesProvider.getTestInstances(TestInstancesProvider.java:31)
	at org.junit.jupiter.engine.descriptor.TestMethodTestDescriptor.lambda$prepare$0(TestMethodTestDescriptor.java:106)
	at org.junit.platform.engine.support.hierarchical.ThrowableCollector.execute(ThrowableCollector.java:73)
	at org.junit.jupiter.engine.descriptor.TestMethodTestDescriptor.prepare(TestMethodTestDescriptor.java:105)
	at org.junit.jupiter.engine.descriptor.TestMethodTestDescriptor.prepare(TestMethodTestDescriptor.java:69)
	at org.junit.platform.engine.support.hierarchical.NodeTestTask.lambda$prepare$2(NodeTestTask.java:123)
	at org.junit.platform.engine.support.hierarchical.ThrowableCollector.execute(ThrowableCollector.java:73)
	at org.junit.platform.engine.support.hierarchical.NodeTestTask.prepare(NodeTestTask.java:123)
	at org.junit.platform.engine.support.hierarchical.NodeTestTask.execute(NodeTestTask.java:90)
	at java.base/java.util.ArrayList.forEach(ArrayList.java:1596)
	at org.junit.platform.engine.support.hierarchical.SameThreadHierarchicalTestExecutorService.invokeAll(SameThreadHierarchicalTestExecutorService.java:41)
	at org.junit.platform.engine.support.hierarchical.NodeTestTask.lambda$executeRecursively$6(NodeTestTask.java:155)
	at org.junit.platform.engine.support.hierarchical.ThrowableCollector.execute(ThrowableCollector.java:73)
	at org.junit.platform.engine.support.hierarchical.NodeTestTask.lambda$executeRecursively$8(NodeTestTask.java:141)
	at org.junit.platform.engine.support.hierarchical.Node.around(Node.java:137)
	at org.junit.platform.engine.support.hierarchical.NodeTestTask.lambda$executeRecursively$9(NodeTestTask.java:139)
	at org.junit.platform.engine.support.hierarchical.ThrowableCollector.execute(ThrowableCollector.java:73)
	at org.junit.platform.engine.support.hierarchical.NodeTestTask.executeRecursively(NodeTestTask.java:138)
	at org.junit.platform.engine.support.hierarchical.NodeTestTask.execute(NodeTestTask.java:95)
	at java.base/java.util.ArrayList.forEach(ArrayList.java:1596)
	at org.junit.platform.engine.support.hierarchical.SameThreadHierarchicalTestExecutorService.invokeAll(SameThreadHierarchicalTestExecutorService.java:41)
	at org.junit.platform.engine.support.hierarchical.NodeTestTask.lambda$executeRecursively$6(NodeTestTask.java:155)
	at org.junit.platform.engine.support.hierarchical.ThrowableCollector.execute(ThrowableCollector.java:73)
	at org.junit.platform.engine.support.hierarchical.NodeTestTask.lambda$executeRecursively$8(NodeTestTask.java:141)
	at org.junit.platform.engine.support.hierarchical.Node.around(Node.java:137)
	at org.junit.platform.engine.support.hierarchical.NodeTestTask.lambda$executeRecursively$9(NodeTestTask.java:139)
	at org.junit.platform.engine.support.hierarchical.ThrowableCollector.execute(ThrowableCollector.java:73)
	at org.junit.platform.engine.support.hierarchical.NodeTestTask.executeRecursively(NodeTestTask.java:138)
	at org.junit.platform.engine.support.hierarchical.NodeTestTask.execute(NodeTestTask.java:95)
	at org.junit.platform.engine.support.hierarchical.SameThreadHierarchicalTestExecutorService.submit(SameThreadHierarchicalTestExecutorService.java:35)
	at org.junit.platform.engine.support.hierarchical.HierarchicalTestExecutor.execute(HierarchicalTestExecutor.java:57)
	at org.junit.platform.engine.support.hierarchical.HierarchicalTestEngine.execute(HierarchicalTestEngine.java:54)
	at org.junit.platform.launcher.core.EngineExecutionOrchestrator.execute(EngineExecutionOrchestrator.java:198)
	at org.junit.platform.launcher.core.EngineExecutionOrchestrator.execute(EngineExecutionOrchestrator.java:169)
	at org.junit.platform.launcher.core.EngineExecutionOrchestrator.execute(EngineExecutionOrchestrator.java:93)
	at org.junit.platform.launcher.core.EngineExecutionOrchestrator.lambda$execute$0(EngineExecutionOrchestrator.java:58)
	at org.junit.platform.launcher.core.EngineExecutionOrchestrator.withInterceptedStreams(EngineExecutionOrchestrator.java:141)
	at org.junit.platform.launcher.core.EngineExecutionOrchestrator.execute(EngineExecutionOrchestrator.java:57)
	at org.junit.platform.launcher.core.DefaultLauncher.execute(DefaultLauncher.java:103)
	at org.junit.platform.launcher.core.DefaultLauncher.execute(DefaultLauncher.java:85)
	at org.junit.platform.launcher.core.DelegatingLauncher.execute(DelegatingLauncher.java:47)
	at org.apache.maven.surefire.junitplatform.LazyLauncher.execute(LazyLauncher.java:56)
	at org.apache.maven.surefire.junitplatform.JUnitPlatformProvider.execute(JUnitPlatformProvider.java:184)
	at org.apache.maven.surefire.junitplatform.JUnitPlatformProvider.invokeAllTests(JUnitPlatformProvider.java:148)
	at org.apache.maven.surefire.junitplatform.JUnitPlatformProvider.invoke(JUnitPlatformProvider.java:122)
	at org.apache.maven.surefire.booter.ForkedBooter.runSuitesInProcess(ForkedBooter.java:385)
	at org.apache.maven.surefire.booter.ForkedBooter.execute(ForkedBooter.java:162)
	at org.apache.maven.surefire.booter.ForkedBooter.run(ForkedBooter.java:507)
	at org.apache.maven.surefire.booter.ForkedBooter.main(ForkedBooter.java:495)
2025-06-14 16:48:06 - Caught exception while allowing TestExecutionListener [org.springframework.test.context.support.DependencyInjectionTestExecutionListener] to prepare test instance [org.frcpm.repositories.AttendanceRepositoryIntegrationTest@4cc070c2]
java.lang.IllegalStateException: ApplicationContext failure threshold (1) exceeded: skipping repeated attempt to load context for [MergedContextConfiguration@50ba10de testClass = org.frcpm.repositories.AttendanceRepositoryIntegrationTest, locations = [], classes = [org.frcpm.FrcProjectManagementApplication], contextInitializerClasses = [], activeProfiles = ["test"], propertySourceDescriptors = [], propertySourceProperties = ["org.springframework.boot.test.autoconfigure.orm.jpa.DataJpaTestContextBootstrapper=true"], contextCustomizers = [[ImportsContextCustomizer@518e9141 key = [org.springframework.boot.autoconfigure.transaction.TransactionAutoConfiguration, org.springframework.boot.autoconfigure.data.jpa.JpaRepositoriesAutoConfiguration, org.springframework.boot.test.autoconfigure.orm.jpa.TestEntityManagerAutoConfiguration, org.springframework.boot.autoconfigure.cache.CacheAutoConfiguration, org.springframework.boot.autoconfigure.orm.jpa.HibernateJpaAutoConfiguration, org.springframework.boot.autoconfigure.sql.init.SqlInitializationAutoConfiguration, org.springframework.boot.test.autoconfigure.jdbc.TestDatabaseAutoConfiguration, org.springframework.boot.autoconfigure.flyway.FlywayAutoConfiguration, org.springframework.boot.autoconfigure.jdbc.DataSourceTransactionManagerAutoConfiguration, org.springframework.boot.autoconfigure.liquibase.LiquibaseAutoConfiguration, org.springframework.boot.autoconfigure.jdbc.JdbcClientAutoConfiguration, org.springframework.boot.autoconfigure.jdbc.DataSourceAutoConfiguration, org.springframework.boot.autoconfigure.jdbc.JdbcTemplateAutoConfiguration]], org.springframework.boot.test.context.filter.ExcludeFilterContextCustomizer@6304101a, org.springframework.boot.test.json.DuplicateJsonObjectContextCustomizerFactory$DuplicateJsonObjectContextCustomizer@df6620a, org.springframework.boot.test.mock.mockito.MockitoContextCustomizer@0, org.springframework.boot.test.autoconfigure.OverrideAutoConfigurationContextCustomizerFactory$DisableAutoConfigurationContextCustomizer@40317ba2, org.springframework.boot.test.autoconfigure.actuate.observability.ObservabilityContextCustomizerFactory$DisableObservabilityContextCustomizer@1f, org.springframework.boot.test.autoconfigure.filter.TypeExcludeFiltersContextCustomizer@34be3d80, org.springframework.boot.test.autoconfigure.properties.PropertyMappingContextCustomizer@df5ba06e, org.springframework.boot.test.autoconfigure.web.servlet.WebDriverContextCustomizer@571c5681, org.springframework.boot.test.context.SpringBootTestAnnotation@6287f1ab], contextLoader = org.springframework.boot.test.context.SpringBootContextLoader, parent = null]
	at org.springframework.test.context.cache.DefaultCacheAwareContextLoaderDelegate.loadContext(DefaultCacheAwareContextLoaderDelegate.java:145)
	at org.springframework.test.context.support.DefaultTestContext.getApplicationContext(DefaultTestContext.java:130)
	at org.springframework.test.context.support.DependencyInjectionTestExecutionListener.injectDependencies(DependencyInjectionTestExecutionListener.java:141)
	at org.springframework.test.context.support.DependencyInjectionTestExecutionListener.prepareTestInstance(DependencyInjectionTestExecutionListener.java:97)
	at org.springframework.test.context.TestContextManager.prepareTestInstance(TestContextManager.java:247)
	at org.springframework.test.context.junit.jupiter.SpringExtension.postProcessTestInstance(SpringExtension.java:163)
	at org.junit.jupiter.engine.descriptor.ClassBasedTestDescriptor.lambda$invokeTestInstancePostProcessors$10(ClassBasedTestDescriptor.java:378)
	at org.junit.jupiter.engine.descriptor.ClassBasedTestDescriptor.executeAndMaskThrowable(ClassBasedTestDescriptor.java:383)
	at org.junit.jupiter.engine.descriptor.ClassBasedTestDescriptor.lambda$invokeTestInstancePostProcessors$11(ClassBasedTestDescriptor.java:378)
	at java.base/java.util.stream.ReferencePipeline$3$1.accept(ReferencePipeline.java:197)
	at java.base/java.util.stream.ReferencePipeline$2$1.accept(ReferencePipeline.java:179)
	at java.base/java.util.ArrayList$ArrayListSpliterator.forEachRemaining(ArrayList.java:1708)
	at java.base/java.util.stream.AbstractPipeline.copyInto(AbstractPipeline.java:509)
	at java.base/java.util.stream.AbstractPipeline.wrapAndCopyInto(AbstractPipeline.java:499)
	at java.base/java.util.stream.StreamSpliterators$WrappingSpliterator.forEachRemaining(StreamSpliterators.java:310)
	at java.base/java.util.stream.Streams$ConcatSpliterator.forEachRemaining(Streams.java:735)
	at java.base/java.util.stream.Streams$ConcatSpliterator.forEachRemaining(Streams.java:734)
	at java.base/java.util.stream.ReferencePipeline$Head.forEach(ReferencePipeline.java:762)
	at org.junit.jupiter.engine.descriptor.ClassBasedTestDescriptor.invokeTestInstancePostProcessors(ClassBasedTestDescriptor.java:377)
	at org.junit.jupiter.engine.descriptor.ClassBasedTestDescriptor.lambda$instantiateAndPostProcessTestInstance$6(ClassBasedTestDescriptor.java:290)
	at org.junit.platform.engine.support.hierarchical.ThrowableCollector.execute(ThrowableCollector.java:73)
	at org.junit.jupiter.engine.descriptor.ClassBasedTestDescriptor.instantiateAndPostProcessTestInstance(ClassBasedTestDescriptor.java:289)
	at org.junit.jupiter.engine.descriptor.ClassBasedTestDescriptor.lambda$testInstancesProvider$4(ClassBasedTestDescriptor.java:279)
	at java.base/java.util.Optional.orElseGet(Optional.java:364)
	at org.junit.jupiter.engine.descriptor.ClassBasedTestDescriptor.lambda$testInstancesProvider$5(ClassBasedTestDescriptor.java:278)
	at org.junit.jupiter.engine.execution.TestInstancesProvider.getTestInstances(TestInstancesProvider.java:31)
	at org.junit.jupiter.engine.descriptor.TestMethodTestDescriptor.lambda$prepare$0(TestMethodTestDescriptor.java:106)
	at org.junit.platform.engine.support.hierarchical.ThrowableCollector.execute(ThrowableCollector.java:73)
	at org.junit.jupiter.engine.descriptor.TestMethodTestDescriptor.prepare(TestMethodTestDescriptor.java:105)
	at org.junit.jupiter.engine.descriptor.TestMethodTestDescriptor.prepare(TestMethodTestDescriptor.java:69)
	at org.junit.platform.engine.support.hierarchical.NodeTestTask.lambda$prepare$2(NodeTestTask.java:123)
	at org.junit.platform.engine.support.hierarchical.ThrowableCollector.execute(ThrowableCollector.java:73)
	at org.junit.platform.engine.support.hierarchical.NodeTestTask.prepare(NodeTestTask.java:123)
	at org.junit.platform.engine.support.hierarchical.NodeTestTask.execute(NodeTestTask.java:90)
	at java.base/java.util.ArrayList.forEach(ArrayList.java:1596)
	at org.junit.platform.engine.support.hierarchical.SameThreadHierarchicalTestExecutorService.invokeAll(SameThreadHierarchicalTestExecutorService.java:41)
	at org.junit.platform.engine.support.hierarchical.NodeTestTask.lambda$executeRecursively$6(NodeTestTask.java:155)
	at org.junit.platform.engine.support.hierarchical.ThrowableCollector.execute(ThrowableCollector.java:73)
	at org.junit.platform.engine.support.hierarchical.NodeTestTask.lambda$executeRecursively$8(NodeTestTask.java:141)
	at org.junit.platform.engine.support.hierarchical.Node.around(Node.java:137)
	at org.junit.platform.engine.support.hierarchical.NodeTestTask.lambda$executeRecursively$9(NodeTestTask.java:139)
	at org.junit.platform.engine.support.hierarchical.ThrowableCollector.execute(ThrowableCollector.java:73)
	at org.junit.platform.engine.support.hierarchical.NodeTestTask.executeRecursively(NodeTestTask.java:138)
	at org.junit.platform.engine.support.hierarchical.NodeTestTask.execute(NodeTestTask.java:95)
	at java.base/java.util.ArrayList.forEach(ArrayList.java:1596)
	at org.junit.platform.engine.support.hierarchical.SameThreadHierarchicalTestExecutorService.invokeAll(SameThreadHierarchicalTestExecutorService.java:41)
	at org.junit.platform.engine.support.hierarchical.NodeTestTask.lambda$executeRecursively$6(NodeTestTask.java:155)
	at org.junit.platform.engine.support.hierarchical.ThrowableCollector.execute(ThrowableCollector.java:73)
	at org.junit.platform.engine.support.hierarchical.NodeTestTask.lambda$executeRecursively$8(NodeTestTask.java:141)
	at org.junit.platform.engine.support.hierarchical.Node.around(Node.java:137)
	at org.junit.platform.engine.support.hierarchical.NodeTestTask.lambda$executeRecursively$9(NodeTestTask.java:139)
	at org.junit.platform.engine.support.hierarchical.ThrowableCollector.execute(ThrowableCollector.java:73)
	at org.junit.platform.engine.support.hierarchical.NodeTestTask.executeRecursively(NodeTestTask.java:138)
	at org.junit.platform.engine.support.hierarchical.NodeTestTask.execute(NodeTestTask.java:95)
	at org.junit.platform.engine.support.hierarchical.SameThreadHierarchicalTestExecutorService.submit(SameThreadHierarchicalTestExecutorService.java:35)
	at org.junit.platform.engine.support.hierarchical.HierarchicalTestExecutor.execute(HierarchicalTestExecutor.java:57)
	at org.junit.platform.engine.support.hierarchical.HierarchicalTestEngine.execute(HierarchicalTestEngine.java:54)
	at org.junit.platform.launcher.core.EngineExecutionOrchestrator.execute(EngineExecutionOrchestrator.java:198)
	at org.junit.platform.launcher.core.EngineExecutionOrchestrator.execute(EngineExecutionOrchestrator.java:169)
	at org.junit.platform.launcher.core.EngineExecutionOrchestrator.execute(EngineExecutionOrchestrator.java:93)
	at org.junit.platform.launcher.core.EngineExecutionOrchestrator.lambda$execute$0(EngineExecutionOrchestrator.java:58)
	at org.junit.platform.launcher.core.EngineExecutionOrchestrator.withInterceptedStreams(EngineExecutionOrchestrator.java:141)
	at org.junit.platform.launcher.core.EngineExecutionOrchestrator.execute(EngineExecutionOrchestrator.java:57)
	at org.junit.platform.launcher.core.DefaultLauncher.execute(DefaultLauncher.java:103)
	at org.junit.platform.launcher.core.DefaultLauncher.execute(DefaultLauncher.java:85)
	at org.junit.platform.launcher.core.DelegatingLauncher.execute(DelegatingLauncher.java:47)
	at org.apache.maven.surefire.junitplatform.LazyLauncher.execute(LazyLauncher.java:56)
	at org.apache.maven.surefire.junitplatform.JUnitPlatformProvider.execute(JUnitPlatformProvider.java:184)
	at org.apache.maven.surefire.junitplatform.JUnitPlatformProvider.invokeAllTests(JUnitPlatformProvider.java:148)
	at org.apache.maven.surefire.junitplatform.JUnitPlatformProvider.invoke(JUnitPlatformProvider.java:122)
	at org.apache.maven.surefire.booter.ForkedBooter.runSuitesInProcess(ForkedBooter.java:385)
	at org.apache.maven.surefire.booter.ForkedBooter.execute(ForkedBooter.java:162)
	at org.apache.maven.surefire.booter.ForkedBooter.run(ForkedBooter.java:507)
	at org.apache.maven.surefire.booter.ForkedBooter.main(ForkedBooter.java:495)
2025-06-14 16:48:06 - Caught exception while allowing TestExecutionListener [org.springframework.test.context.support.DependencyInjectionTestExecutionListener] to prepare test instance [org.frcpm.repositories.AttendanceRepositoryIntegrationTest@60c8cc46]
java.lang.IllegalStateException: ApplicationContext failure threshold (1) exceeded: skipping repeated attempt to load context for [MergedContextConfiguration@50ba10de testClass = org.frcpm.repositories.AttendanceRepositoryIntegrationTest, locations = [], classes = [org.frcpm.FrcProjectManagementApplication], contextInitializerClasses = [], activeProfiles = ["test"], propertySourceDescriptors = [], propertySourceProperties = ["org.springframework.boot.test.autoconfigure.orm.jpa.DataJpaTestContextBootstrapper=true"], contextCustomizers = [[ImportsContextCustomizer@518e9141 key = [org.springframework.boot.autoconfigure.transaction.TransactionAutoConfiguration, org.springframework.boot.autoconfigure.data.jpa.JpaRepositoriesAutoConfiguration, org.springframework.boot.test.autoconfigure.orm.jpa.TestEntityManagerAutoConfiguration, org.springframework.boot.autoconfigure.cache.CacheAutoConfiguration, org.springframework.boot.autoconfigure.orm.jpa.HibernateJpaAutoConfiguration, org.springframework.boot.autoconfigure.sql.init.SqlInitializationAutoConfiguration, org.springframework.boot.test.autoconfigure.jdbc.TestDatabaseAutoConfiguration, org.springframework.boot.autoconfigure.flyway.FlywayAutoConfiguration, org.springframework.boot.autoconfigure.jdbc.DataSourceTransactionManagerAutoConfiguration, org.springframework.boot.autoconfigure.liquibase.LiquibaseAutoConfiguration, org.springframework.boot.autoconfigure.jdbc.JdbcClientAutoConfiguration, org.springframework.boot.autoconfigure.jdbc.DataSourceAutoConfiguration, org.springframework.boot.autoconfigure.jdbc.JdbcTemplateAutoConfiguration]], org.springframework.boot.test.context.filter.ExcludeFilterContextCustomizer@6304101a, org.springframework.boot.test.json.DuplicateJsonObjectContextCustomizerFactory$DuplicateJsonObjectContextCustomizer@df6620a, org.springframework.boot.test.mock.mockito.MockitoContextCustomizer@0, org.springframework.boot.test.autoconfigure.OverrideAutoConfigurationContextCustomizerFactory$DisableAutoConfigurationContextCustomizer@40317ba2, org.springframework.boot.test.autoconfigure.actuate.observability.ObservabilityContextCustomizerFactory$DisableObservabilityContextCustomizer@1f, org.springframework.boot.test.autoconfigure.filter.TypeExcludeFiltersContextCustomizer@34be3d80, org.springframework.boot.test.autoconfigure.properties.PropertyMappingContextCustomizer@df5ba06e, org.springframework.boot.test.autoconfigure.web.servlet.WebDriverContextCustomizer@571c5681, org.springframework.boot.test.context.SpringBootTestAnnotation@6287f1ab], contextLoader = org.springframework.boot.test.context.SpringBootContextLoader, parent = null]
	at org.springframework.test.context.cache.DefaultCacheAwareContextLoaderDelegate.loadContext(DefaultCacheAwareContextLoaderDelegate.java:145)
	at org.springframework.test.context.support.DefaultTestContext.getApplicationContext(DefaultTestContext.java:130)
	at org.springframework.test.context.support.DependencyInjectionTestExecutionListener.injectDependencies(DependencyInjectionTestExecutionListener.java:141)
	at org.springframework.test.context.support.DependencyInjectionTestExecutionListener.prepareTestInstance(DependencyInjectionTestExecutionListener.java:97)
	at org.springframework.test.context.TestContextManager.prepareTestInstance(TestContextManager.java:247)
	at org.springframework.test.context.junit.jupiter.SpringExtension.postProcessTestInstance(SpringExtension.java:163)
	at org.junit.jupiter.engine.descriptor.ClassBasedTestDescriptor.lambda$invokeTestInstancePostProcessors$10(ClassBasedTestDescriptor.java:378)
	at org.junit.jupiter.engine.descriptor.ClassBasedTestDescriptor.executeAndMaskThrowable(ClassBasedTestDescriptor.java:383)
	at org.junit.jupiter.engine.descriptor.ClassBasedTestDescriptor.lambda$invokeTestInstancePostProcessors$11(ClassBasedTestDescriptor.java:378)
	at java.base/java.util.stream.ReferencePipeline$3$1.accept(ReferencePipeline.java:197)
	at java.base/java.util.stream.ReferencePipeline$2$1.accept(ReferencePipeline.java:179)
	at java.base/java.util.ArrayList$ArrayListSpliterator.forEachRemaining(ArrayList.java:1708)
	at java.base/java.util.stream.AbstractPipeline.copyInto(AbstractPipeline.java:509)
	at java.base/java.util.stream.AbstractPipeline.wrapAndCopyInto(AbstractPipeline.java:499)
	at java.base/java.util.stream.StreamSpliterators$WrappingSpliterator.forEachRemaining(StreamSpliterators.java:310)
	at java.base/java.util.stream.Streams$ConcatSpliterator.forEachRemaining(Streams.java:735)
	at java.base/java.util.stream.Streams$ConcatSpliterator.forEachRemaining(Streams.java:734)
	at java.base/java.util.stream.ReferencePipeline$Head.forEach(ReferencePipeline.java:762)
	at org.junit.jupiter.engine.descriptor.ClassBasedTestDescriptor.invokeTestInstancePostProcessors(ClassBasedTestDescriptor.java:377)
	at org.junit.jupiter.engine.descriptor.ClassBasedTestDescriptor.lambda$instantiateAndPostProcessTestInstance$6(ClassBasedTestDescriptor.java:290)
	at org.junit.platform.engine.support.hierarchical.ThrowableCollector.execute(ThrowableCollector.java:73)
	at org.junit.jupiter.engine.descriptor.ClassBasedTestDescriptor.instantiateAndPostProcessTestInstance(ClassBasedTestDescriptor.java:289)
	at org.junit.jupiter.engine.descriptor.ClassBasedTestDescriptor.lambda$testInstancesProvider$4(ClassBasedTestDescriptor.java:279)
	at java.base/java.util.Optional.orElseGet(Optional.java:364)
	at org.junit.jupiter.engine.descriptor.ClassBasedTestDescriptor.lambda$testInstancesProvider$5(ClassBasedTestDescriptor.java:278)
	at org.junit.jupiter.engine.execution.TestInstancesProvider.getTestInstances(TestInstancesProvider.java:31)
	at org.junit.jupiter.engine.descriptor.TestMethodTestDescriptor.lambda$prepare$0(TestMethodTestDescriptor.java:106)
	at org.junit.platform.engine.support.hierarchical.ThrowableCollector.execute(ThrowableCollector.java:73)
	at org.junit.jupiter.engine.descriptor.TestMethodTestDescriptor.prepare(TestMethodTestDescriptor.java:105)
	at org.junit.jupiter.engine.descriptor.TestMethodTestDescriptor.prepare(TestMethodTestDescriptor.java:69)
	at org.junit.platform.engine.support.hierarchical.NodeTestTask.lambda$prepare$2(NodeTestTask.java:123)
	at org.junit.platform.engine.support.hierarchical.ThrowableCollector.execute(ThrowableCollector.java:73)
	at org.junit.platform.engine.support.hierarchical.NodeTestTask.prepare(NodeTestTask.java:123)
	at org.junit.platform.engine.support.hierarchical.NodeTestTask.execute(NodeTestTask.java:90)
	at java.base/java.util.ArrayList.forEach(ArrayList.java:1596)
	at org.junit.platform.engine.support.hierarchical.SameThreadHierarchicalTestExecutorService.invokeAll(SameThreadHierarchicalTestExecutorService.java:41)
	at org.junit.platform.engine.support.hierarchical.NodeTestTask.lambda$executeRecursively$6(NodeTestTask.java:155)
	at org.junit.platform.engine.support.hierarchical.ThrowableCollector.execute(ThrowableCollector.java:73)
	at org.junit.platform.engine.support.hierarchical.NodeTestTask.lambda$executeRecursively$8(NodeTestTask.java:141)
	at org.junit.platform.engine.support.hierarchical.Node.around(Node.java:137)
	at org.junit.platform.engine.support.hierarchical.NodeTestTask.lambda$executeRecursively$9(NodeTestTask.java:139)
	at org.junit.platform.engine.support.hierarchical.ThrowableCollector.execute(ThrowableCollector.java:73)
	at org.junit.platform.engine.support.hierarchical.NodeTestTask.executeRecursively(NodeTestTask.java:138)
	at org.junit.platform.engine.support.hierarchical.NodeTestTask.execute(NodeTestTask.java:95)
	at java.base/java.util.ArrayList.forEach(ArrayList.java:1596)
	at org.junit.platform.engine.support.hierarchical.SameThreadHierarchicalTestExecutorService.invokeAll(SameThreadHierarchicalTestExecutorService.java:41)
	at org.junit.platform.engine.support.hierarchical.NodeTestTask.lambda$executeRecursively$6(NodeTestTask.java:155)
	at org.junit.platform.engine.support.hierarchical.ThrowableCollector.execute(ThrowableCollector.java:73)
	at org.junit.platform.engine.support.hierarchical.NodeTestTask.lambda$executeRecursively$8(NodeTestTask.java:141)
	at org.junit.platform.engine.support.hierarchical.Node.around(Node.java:137)
	at org.junit.platform.engine.support.hierarchical.NodeTestTask.lambda$executeRecursively$9(NodeTestTask.java:139)
	at org.junit.platform.engine.support.hierarchical.ThrowableCollector.execute(ThrowableCollector.java:73)
	at org.junit.platform.engine.support.hierarchical.NodeTestTask.executeRecursively(NodeTestTask.java:138)
	at org.junit.platform.engine.support.hierarchical.NodeTestTask.execute(NodeTestTask.java:95)
	at org.junit.platform.engine.support.hierarchical.SameThreadHierarchicalTestExecutorService.submit(SameThreadHierarchicalTestExecutorService.java:35)
	at org.junit.platform.engine.support.hierarchical.HierarchicalTestExecutor.execute(HierarchicalTestExecutor.java:57)
	at org.junit.platform.engine.support.hierarchical.HierarchicalTestEngine.execute(HierarchicalTestEngine.java:54)
	at org.junit.platform.launcher.core.EngineExecutionOrchestrator.execute(EngineExecutionOrchestrator.java:198)
	at org.junit.platform.launcher.core.EngineExecutionOrchestrator.execute(EngineExecutionOrchestrator.java:169)
	at org.junit.platform.launcher.core.EngineExecutionOrchestrator.execute(EngineExecutionOrchestrator.java:93)
	at org.junit.platform.launcher.core.EngineExecutionOrchestrator.lambda$execute$0(EngineExecutionOrchestrator.java:58)
	at org.junit.platform.launcher.core.EngineExecutionOrchestrator.withInterceptedStreams(EngineExecutionOrchestrator.java:141)
	at org.junit.platform.launcher.core.EngineExecutionOrchestrator.execute(EngineExecutionOrchestrator.java:57)
	at org.junit.platform.launcher.core.DefaultLauncher.execute(DefaultLauncher.java:103)
	at org.junit.platform.launcher.core.DefaultLauncher.execute(DefaultLauncher.java:85)
	at org.junit.platform.launcher.core.DelegatingLauncher.execute(DelegatingLauncher.java:47)
	at org.apache.maven.surefire.junitplatform.LazyLauncher.execute(LazyLauncher.java:56)
	at org.apache.maven.surefire.junitplatform.JUnitPlatformProvider.execute(JUnitPlatformProvider.java:184)
	at org.apache.maven.surefire.junitplatform.JUnitPlatformProvider.invokeAllTests(JUnitPlatformProvider.java:148)
	at org.apache.maven.surefire.junitplatform.JUnitPlatformProvider.invoke(JUnitPlatformProvider.java:122)
	at org.apache.maven.surefire.booter.ForkedBooter.runSuitesInProcess(ForkedBooter.java:385)
	at org.apache.maven.surefire.booter.ForkedBooter.execute(ForkedBooter.java:162)
	at org.apache.maven.surefire.booter.ForkedBooter.run(ForkedBooter.java:507)
	at org.apache.maven.surefire.booter.ForkedBooter.main(ForkedBooter.java:495)
2025-06-14 16:48:06 - Caught exception while allowing TestExecutionListener [org.springframework.test.context.support.DependencyInjectionTestExecutionListener] to prepare test instance [org.frcpm.repositories.AttendanceRepositoryIntegrationTest@4a544672]
java.lang.IllegalStateException: ApplicationContext failure threshold (1) exceeded: skipping repeated attempt to load context for [MergedContextConfiguration@50ba10de testClass = org.frcpm.repositories.AttendanceRepositoryIntegrationTest, locations = [], classes = [org.frcpm.FrcProjectManagementApplication], contextInitializerClasses = [], activeProfiles = ["test"], propertySourceDescriptors = [], propertySourceProperties = ["org.springframework.boot.test.autoconfigure.orm.jpa.DataJpaTestContextBootstrapper=true"], contextCustomizers = [[ImportsContextCustomizer@518e9141 key = [org.springframework.boot.autoconfigure.transaction.TransactionAutoConfiguration, org.springframework.boot.autoconfigure.data.jpa.JpaRepositoriesAutoConfiguration, org.springframework.boot.test.autoconfigure.orm.jpa.TestEntityManagerAutoConfiguration, org.springframework.boot.autoconfigure.cache.CacheAutoConfiguration, org.springframework.boot.autoconfigure.orm.jpa.HibernateJpaAutoConfiguration, org.springframework.boot.autoconfigure.sql.init.SqlInitializationAutoConfiguration, org.springframework.boot.test.autoconfigure.jdbc.TestDatabaseAutoConfiguration, org.springframework.boot.autoconfigure.flyway.FlywayAutoConfiguration, org.springframework.boot.autoconfigure.jdbc.DataSourceTransactionManagerAutoConfiguration, org.springframework.boot.autoconfigure.liquibase.LiquibaseAutoConfiguration, org.springframework.boot.autoconfigure.jdbc.JdbcClientAutoConfiguration, org.springframework.boot.autoconfigure.jdbc.DataSourceAutoConfiguration, org.springframework.boot.autoconfigure.jdbc.JdbcTemplateAutoConfiguration]], org.springframework.boot.test.context.filter.ExcludeFilterContextCustomizer@6304101a, org.springframework.boot.test.json.DuplicateJsonObjectContextCustomizerFactory$DuplicateJsonObjectContextCustomizer@df6620a, org.springframework.boot.test.mock.mockito.MockitoContextCustomizer@0, org.springframework.boot.test.autoconfigure.OverrideAutoConfigurationContextCustomizerFactory$DisableAutoConfigurationContextCustomizer@40317ba2, org.springframework.boot.test.autoconfigure.actuate.observability.ObservabilityContextCustomizerFactory$DisableObservabilityContextCustomizer@1f, org.springframework.boot.test.autoconfigure.filter.TypeExcludeFiltersContextCustomizer@34be3d80, org.springframework.boot.test.autoconfigure.properties.PropertyMappingContextCustomizer@df5ba06e, org.springframework.boot.test.autoconfigure.web.servlet.WebDriverContextCustomizer@571c5681, org.springframework.boot.test.context.SpringBootTestAnnotation@6287f1ab], contextLoader = org.springframework.boot.test.context.SpringBootContextLoader, parent = null]
	at org.springframework.test.context.cache.DefaultCacheAwareContextLoaderDelegate.loadContext(DefaultCacheAwareContextLoaderDelegate.java:145)
	at org.springframework.test.context.support.DefaultTestContext.getApplicationContext(DefaultTestContext.java:130)
	at org.springframework.test.context.support.DependencyInjectionTestExecutionListener.injectDependencies(DependencyInjectionTestExecutionListener.java:141)
	at org.springframework.test.context.support.DependencyInjectionTestExecutionListener.prepareTestInstance(DependencyInjectionTestExecutionListener.java:97)
	at org.springframework.test.context.TestContextManager.prepareTestInstance(TestContextManager.java:247)
	at org.springframework.test.context.junit.jupiter.SpringExtension.postProcessTestInstance(SpringExtension.java:163)
	at org.junit.jupiter.engine.descriptor.ClassBasedTestDescriptor.lambda$invokeTestInstancePostProcessors$10(ClassBasedTestDescriptor.java:378)
	at org.junit.jupiter.engine.descriptor.ClassBasedTestDescriptor.executeAndMaskThrowable(ClassBasedTestDescriptor.java:383)
	at org.junit.jupiter.engine.descriptor.ClassBasedTestDescriptor.lambda$invokeTestInstancePostProcessors$11(ClassBasedTestDescriptor.java:378)
	at java.base/java.util.stream.ReferencePipeline$3$1.accept(ReferencePipeline.java:197)
	at java.base/java.util.stream.ReferencePipeline$2$1.accept(ReferencePipeline.java:179)
	at java.base/java.util.ArrayList$ArrayListSpliterator.forEachRemaining(ArrayList.java:1708)
	at java.base/java.util.stream.AbstractPipeline.copyInto(AbstractPipeline.java:509)
	at java.base/java.util.stream.AbstractPipeline.wrapAndCopyInto(AbstractPipeline.java:499)
	at java.base/java.util.stream.StreamSpliterators$WrappingSpliterator.forEachRemaining(StreamSpliterators.java:310)
	at java.base/java.util.stream.Streams$ConcatSpliterator.forEachRemaining(Streams.java:735)
	at java.base/java.util.stream.Streams$ConcatSpliterator.forEachRemaining(Streams.java:734)
	at java.base/java.util.stream.ReferencePipeline$Head.forEach(ReferencePipeline.java:762)
	at org.junit.jupiter.engine.descriptor.ClassBasedTestDescriptor.invokeTestInstancePostProcessors(ClassBasedTestDescriptor.java:377)
	at org.junit.jupiter.engine.descriptor.ClassBasedTestDescriptor.lambda$instantiateAndPostProcessTestInstance$6(ClassBasedTestDescriptor.java:290)
	at org.junit.platform.engine.support.hierarchical.ThrowableCollector.execute(ThrowableCollector.java:73)
	at org.junit.jupiter.engine.descriptor.ClassBasedTestDescriptor.instantiateAndPostProcessTestInstance(ClassBasedTestDescriptor.java:289)
	at org.junit.jupiter.engine.descriptor.ClassBasedTestDescriptor.lambda$testInstancesProvider$4(ClassBasedTestDescriptor.java:279)
	at java.base/java.util.Optional.orElseGet(Optional.java:364)
	at org.junit.jupiter.engine.descriptor.ClassBasedTestDescriptor.lambda$testInstancesProvider$5(ClassBasedTestDescriptor.java:278)
	at org.junit.jupiter.engine.execution.TestInstancesProvider.getTestInstances(TestInstancesProvider.java:31)
	at org.junit.jupiter.engine.descriptor.TestMethodTestDescriptor.lambda$prepare$0(TestMethodTestDescriptor.java:106)
	at org.junit.platform.engine.support.hierarchical.ThrowableCollector.execute(ThrowableCollector.java:73)
	at org.junit.jupiter.engine.descriptor.TestMethodTestDescriptor.prepare(TestMethodTestDescriptor.java:105)
	at org.junit.jupiter.engine.descriptor.TestMethodTestDescriptor.prepare(TestMethodTestDescriptor.java:69)
	at org.junit.platform.engine.support.hierarchical.NodeTestTask.lambda$prepare$2(NodeTestTask.java:123)
	at org.junit.platform.engine.support.hierarchical.ThrowableCollector.execute(ThrowableCollector.java:73)
	at org.junit.platform.engine.support.hierarchical.NodeTestTask.prepare(NodeTestTask.java:123)
	at org.junit.platform.engine.support.hierarchical.NodeTestTask.execute(NodeTestTask.java:90)
	at java.base/java.util.ArrayList.forEach(ArrayList.java:1596)
	at org.junit.platform.engine.support.hierarchical.SameThreadHierarchicalTestExecutorService.invokeAll(SameThreadHierarchicalTestExecutorService.java:41)
	at org.junit.platform.engine.support.hierarchical.NodeTestTask.lambda$executeRecursively$6(NodeTestTask.java:155)
	at org.junit.platform.engine.support.hierarchical.ThrowableCollector.execute(ThrowableCollector.java:73)
	at org.junit.platform.engine.support.hierarchical.NodeTestTask.lambda$executeRecursively$8(NodeTestTask.java:141)
	at org.junit.platform.engine.support.hierarchical.Node.around(Node.java:137)
	at org.junit.platform.engine.support.hierarchical.NodeTestTask.lambda$executeRecursively$9(NodeTestTask.java:139)
	at org.junit.platform.engine.support.hierarchical.ThrowableCollector.execute(ThrowableCollector.java:73)
	at org.junit.platform.engine.support.hierarchical.NodeTestTask.executeRecursively(NodeTestTask.java:138)
	at org.junit.platform.engine.support.hierarchical.NodeTestTask.execute(NodeTestTask.java:95)
	at java.base/java.util.ArrayList.forEach(ArrayList.java:1596)
	at org.junit.platform.engine.support.hierarchical.SameThreadHierarchicalTestExecutorService.invokeAll(SameThreadHierarchicalTestExecutorService.java:41)
	at org.junit.platform.engine.support.hierarchical.NodeTestTask.lambda$executeRecursively$6(NodeTestTask.java:155)
	at org.junit.platform.engine.support.hierarchical.ThrowableCollector.execute(ThrowableCollector.java:73)
	at org.junit.platform.engine.support.hierarchical.NodeTestTask.lambda$executeRecursively$8(NodeTestTask.java:141)
	at org.junit.platform.engine.support.hierarchical.Node.around(Node.java:137)
	at org.junit.platform.engine.support.hierarchical.NodeTestTask.lambda$executeRecursively$9(NodeTestTask.java:139)
	at org.junit.platform.engine.support.hierarchical.ThrowableCollector.execute(ThrowableCollector.java:73)
	at org.junit.platform.engine.support.hierarchical.NodeTestTask.executeRecursively(NodeTestTask.java:138)
	at org.junit.platform.engine.support.hierarchical.NodeTestTask.execute(NodeTestTask.java:95)
	at org.junit.platform.engine.support.hierarchical.SameThreadHierarchicalTestExecutorService.submit(SameThreadHierarchicalTestExecutorService.java:35)
	at org.junit.platform.engine.support.hierarchical.HierarchicalTestExecutor.execute(HierarchicalTestExecutor.java:57)
	at org.junit.platform.engine.support.hierarchical.HierarchicalTestEngine.execute(HierarchicalTestEngine.java:54)
	at org.junit.platform.launcher.core.EngineExecutionOrchestrator.execute(EngineExecutionOrchestrator.java:198)
	at org.junit.platform.launcher.core.EngineExecutionOrchestrator.execute(EngineExecutionOrchestrator.java:169)
	at org.junit.platform.launcher.core.EngineExecutionOrchestrator.execute(EngineExecutionOrchestrator.java:93)
	at org.junit.platform.launcher.core.EngineExecutionOrchestrator.lambda$execute$0(EngineExecutionOrchestrator.java:58)
	at org.junit.platform.launcher.core.EngineExecutionOrchestrator.withInterceptedStreams(EngineExecutionOrchestrator.java:141)
	at org.junit.platform.launcher.core.EngineExecutionOrchestrator.execute(EngineExecutionOrchestrator.java:57)
	at org.junit.platform.launcher.core.DefaultLauncher.execute(DefaultLauncher.java:103)
	at org.junit.platform.launcher.core.DefaultLauncher.execute(DefaultLauncher.java:85)
	at org.junit.platform.launcher.core.DelegatingLauncher.execute(DelegatingLauncher.java:47)
	at org.apache.maven.surefire.junitplatform.LazyLauncher.execute(LazyLauncher.java:56)
	at org.apache.maven.surefire.junitplatform.JUnitPlatformProvider.execute(JUnitPlatformProvider.java:184)
	at org.apache.maven.surefire.junitplatform.JUnitPlatformProvider.invokeAllTests(JUnitPlatformProvider.java:148)
	at org.apache.maven.surefire.junitplatform.JUnitPlatformProvider.invoke(JUnitPlatformProvider.java:122)
	at org.apache.maven.surefire.booter.ForkedBooter.runSuitesInProcess(ForkedBooter.java:385)
	at org.apache.maven.surefire.booter.ForkedBooter.execute(ForkedBooter.java:162)
	at org.apache.maven.surefire.booter.ForkedBooter.run(ForkedBooter.java:507)
	at org.apache.maven.surefire.booter.ForkedBooter.main(ForkedBooter.java:495)
2025-06-14 16:48:06 - Caught exception while allowing TestExecutionListener [org.springframework.test.context.support.DependencyInjectionTestExecutionListener] to prepare test instance [org.frcpm.repositories.AttendanceRepositoryIntegrationTest@5dd3841]
java.lang.IllegalStateException: ApplicationContext failure threshold (1) exceeded: skipping repeated attempt to load context for [MergedContextConfiguration@50ba10de testClass = org.frcpm.repositories.AttendanceRepositoryIntegrationTest, locations = [], classes = [org.frcpm.FrcProjectManagementApplication], contextInitializerClasses = [], activeProfiles = ["test"], propertySourceDescriptors = [], propertySourceProperties = ["org.springframework.boot.test.autoconfigure.orm.jpa.DataJpaTestContextBootstrapper=true"], contextCustomizers = [[ImportsContextCustomizer@518e9141 key = [org.springframework.boot.autoconfigure.transaction.TransactionAutoConfiguration, org.springframework.boot.autoconfigure.data.jpa.JpaRepositoriesAutoConfiguration, org.springframework.boot.test.autoconfigure.orm.jpa.TestEntityManagerAutoConfiguration, org.springframework.boot.autoconfigure.cache.CacheAutoConfiguration, org.springframework.boot.autoconfigure.orm.jpa.HibernateJpaAutoConfiguration, org.springframework.boot.autoconfigure.sql.init.SqlInitializationAutoConfiguration, org.springframework.boot.test.autoconfigure.jdbc.TestDatabaseAutoConfiguration, org.springframework.boot.autoconfigure.flyway.FlywayAutoConfiguration, org.springframework.boot.autoconfigure.jdbc.DataSourceTransactionManagerAutoConfiguration, org.springframework.boot.autoconfigure.liquibase.LiquibaseAutoConfiguration, org.springframework.boot.autoconfigure.jdbc.JdbcClientAutoConfiguration, org.springframework.boot.autoconfigure.jdbc.DataSourceAutoConfiguration, org.springframework.boot.autoconfigure.jdbc.JdbcTemplateAutoConfiguration]], org.springframework.boot.test.context.filter.ExcludeFilterContextCustomizer@6304101a, org.springframework.boot.test.json.DuplicateJsonObjectContextCustomizerFactory$DuplicateJsonObjectContextCustomizer@df6620a, org.springframework.boot.test.mock.mockito.MockitoContextCustomizer@0, org.springframework.boot.test.autoconfigure.OverrideAutoConfigurationContextCustomizerFactory$DisableAutoConfigurationContextCustomizer@40317ba2, org.springframework.boot.test.autoconfigure.actuate.observability.ObservabilityContextCustomizerFactory$DisableObservabilityContextCustomizer@1f, org.springframework.boot.test.autoconfigure.filter.TypeExcludeFiltersContextCustomizer@34be3d80, org.springframework.boot.test.autoconfigure.properties.PropertyMappingContextCustomizer@df5ba06e, org.springframework.boot.test.autoconfigure.web.servlet.WebDriverContextCustomizer@571c5681, org.springframework.boot.test.context.SpringBootTestAnnotation@6287f1ab], contextLoader = org.springframework.boot.test.context.SpringBootContextLoader, parent = null]
	at org.springframework.test.context.cache.DefaultCacheAwareContextLoaderDelegate.loadContext(DefaultCacheAwareContextLoaderDelegate.java:145)
	at org.springframework.test.context.support.DefaultTestContext.getApplicationContext(DefaultTestContext.java:130)
	at org.springframework.test.context.support.DependencyInjectionTestExecutionListener.injectDependencies(DependencyInjectionTestExecutionListener.java:141)
	at org.springframework.test.context.support.DependencyInjectionTestExecutionListener.prepareTestInstance(DependencyInjectionTestExecutionListener.java:97)
	at org.springframework.test.context.TestContextManager.prepareTestInstance(TestContextManager.java:247)
	at org.springframework.test.context.junit.jupiter.SpringExtension.postProcessTestInstance(SpringExtension.java:163)
	at org.junit.jupiter.engine.descriptor.ClassBasedTestDescriptor.lambda$invokeTestInstancePostProcessors$10(ClassBasedTestDescriptor.java:378)
	at org.junit.jupiter.engine.descriptor.ClassBasedTestDescriptor.executeAndMaskThrowable(ClassBasedTestDescriptor.java:383)
	at org.junit.jupiter.engine.descriptor.ClassBasedTestDescriptor.lambda$invokeTestInstancePostProcessors$11(ClassBasedTestDescriptor.java:378)
	at java.base/java.util.stream.ReferencePipeline$3$1.accept(ReferencePipeline.java:197)
	at java.base/java.util.stream.ReferencePipeline$2$1.accept(ReferencePipeline.java:179)
	at java.base/java.util.ArrayList$ArrayListSpliterator.forEachRemaining(ArrayList.java:1708)
	at java.base/java.util.stream.AbstractPipeline.copyInto(AbstractPipeline.java:509)
	at java.base/java.util.stream.AbstractPipeline.wrapAndCopyInto(AbstractPipeline.java:499)
	at java.base/java.util.stream.StreamSpliterators$WrappingSpliterator.forEachRemaining(StreamSpliterators.java:310)
	at java.base/java.util.stream.Streams$ConcatSpliterator.forEachRemaining(Streams.java:735)
	at java.base/java.util.stream.Streams$ConcatSpliterator.forEachRemaining(Streams.java:734)
	at java.base/java.util.stream.ReferencePipeline$Head.forEach(ReferencePipeline.java:762)
	at org.junit.jupiter.engine.descriptor.ClassBasedTestDescriptor.invokeTestInstancePostProcessors(ClassBasedTestDescriptor.java:377)
	at org.junit.jupiter.engine.descriptor.ClassBasedTestDescriptor.lambda$instantiateAndPostProcessTestInstance$6(ClassBasedTestDescriptor.java:290)
	at org.junit.platform.engine.support.hierarchical.ThrowableCollector.execute(ThrowableCollector.java:73)
	at org.junit.jupiter.engine.descriptor.ClassBasedTestDescriptor.instantiateAndPostProcessTestInstance(ClassBasedTestDescriptor.java:289)
	at org.junit.jupiter.engine.descriptor.ClassBasedTestDescriptor.lambda$testInstancesProvider$4(ClassBasedTestDescriptor.java:279)
	at java.base/java.util.Optional.orElseGet(Optional.java:364)
	at org.junit.jupiter.engine.descriptor.ClassBasedTestDescriptor.lambda$testInstancesProvider$5(ClassBasedTestDescriptor.java:278)
	at org.junit.jupiter.engine.execution.TestInstancesProvider.getTestInstances(TestInstancesProvider.java:31)
	at org.junit.jupiter.engine.descriptor.TestMethodTestDescriptor.lambda$prepare$0(TestMethodTestDescriptor.java:106)
	at org.junit.platform.engine.support.hierarchical.ThrowableCollector.execute(ThrowableCollector.java:73)
	at org.junit.jupiter.engine.descriptor.TestMethodTestDescriptor.prepare(TestMethodTestDescriptor.java:105)
	at org.junit.jupiter.engine.descriptor.TestMethodTestDescriptor.prepare(TestMethodTestDescriptor.java:69)
	at org.junit.platform.engine.support.hierarchical.NodeTestTask.lambda$prepare$2(NodeTestTask.java:123)
	at org.junit.platform.engine.support.hierarchical.ThrowableCollector.execute(ThrowableCollector.java:73)
	at org.junit.platform.engine.support.hierarchical.NodeTestTask.prepare(NodeTestTask.java:123)
	at org.junit.platform.engine.support.hierarchical.NodeTestTask.execute(NodeTestTask.java:90)
	at java.base/java.util.ArrayList.forEach(ArrayList.java:1596)
	at org.junit.platform.engine.support.hierarchical.SameThreadHierarchicalTestExecutorService.invokeAll(SameThreadHierarchicalTestExecutorService.java:41)
	at org.junit.platform.engine.support.hierarchical.NodeTestTask.lambda$executeRecursively$6(NodeTestTask.java:155)
	at org.junit.platform.engine.support.hierarchical.ThrowableCollector.execute(ThrowableCollector.java:73)
	at org.junit.platform.engine.support.hierarchical.NodeTestTask.lambda$executeRecursively$8(NodeTestTask.java:141)
	at org.junit.platform.engine.support.hierarchical.Node.around(Node.java:137)
	at org.junit.platform.engine.support.hierarchical.NodeTestTask.lambda$executeRecursively$9(NodeTestTask.java:139)
	at org.junit.platform.engine.support.hierarchical.ThrowableCollector.execute(ThrowableCollector.java:73)
	at org.junit.platform.engine.support.hierarchical.NodeTestTask.executeRecursively(NodeTestTask.java:138)
	at org.junit.platform.engine.support.hierarchical.NodeTestTask.execute(NodeTestTask.java:95)
	at java.base/java.util.ArrayList.forEach(ArrayList.java:1596)
	at org.junit.platform.engine.support.hierarchical.SameThreadHierarchicalTestExecutorService.invokeAll(SameThreadHierarchicalTestExecutorService.java:41)
	at org.junit.platform.engine.support.hierarchical.NodeTestTask.lambda$executeRecursively$6(NodeTestTask.java:155)
	at org.junit.platform.engine.support.hierarchical.ThrowableCollector.execute(ThrowableCollector.java:73)
	at org.junit.platform.engine.support.hierarchical.NodeTestTask.lambda$executeRecursively$8(NodeTestTask.java:141)
	at org.junit.platform.engine.support.hierarchical.Node.around(Node.java:137)
	at org.junit.platform.engine.support.hierarchical.NodeTestTask.lambda$executeRecursively$9(NodeTestTask.java:139)
	at org.junit.platform.engine.support.hierarchical.ThrowableCollector.execute(ThrowableCollector.java:73)
	at org.junit.platform.engine.support.hierarchical.NodeTestTask.executeRecursively(NodeTestTask.java:138)
	at org.junit.platform.engine.support.hierarchical.NodeTestTask.execute(NodeTestTask.java:95)
	at org.junit.platform.engine.support.hierarchical.SameThreadHierarchicalTestExecutorService.submit(SameThreadHierarchicalTestExecutorService.java:35)
	at org.junit.platform.engine.support.hierarchical.HierarchicalTestExecutor.execute(HierarchicalTestExecutor.java:57)
	at org.junit.platform.engine.support.hierarchical.HierarchicalTestEngine.execute(HierarchicalTestEngine.java:54)
	at org.junit.platform.launcher.core.EngineExecutionOrchestrator.execute(EngineExecutionOrchestrator.java:198)
	at org.junit.platform.launcher.core.EngineExecutionOrchestrator.execute(EngineExecutionOrchestrator.java:169)
	at org.junit.platform.launcher.core.EngineExecutionOrchestrator.execute(EngineExecutionOrchestrator.java:93)
	at org.junit.platform.launcher.core.EngineExecutionOrchestrator.lambda$execute$0(EngineExecutionOrchestrator.java:58)
	at org.junit.platform.launcher.core.EngineExecutionOrchestrator.withInterceptedStreams(EngineExecutionOrchestrator.java:141)
	at org.junit.platform.launcher.core.EngineExecutionOrchestrator.execute(EngineExecutionOrchestrator.java:57)
	at org.junit.platform.launcher.core.DefaultLauncher.execute(DefaultLauncher.java:103)
	at org.junit.platform.launcher.core.DefaultLauncher.execute(DefaultLauncher.java:85)
	at org.junit.platform.launcher.core.DelegatingLauncher.execute(DelegatingLauncher.java:47)
	at org.apache.maven.surefire.junitplatform.LazyLauncher.execute(LazyLauncher.java:56)
	at org.apache.maven.surefire.junitplatform.JUnitPlatformProvider.execute(JUnitPlatformProvider.java:184)
	at org.apache.maven.surefire.junitplatform.JUnitPlatformProvider.invokeAllTests(JUnitPlatformProvider.java:148)
	at org.apache.maven.surefire.junitplatform.JUnitPlatformProvider.invoke(JUnitPlatformProvider.java:122)
	at org.apache.maven.surefire.booter.ForkedBooter.runSuitesInProcess(ForkedBooter.java:385)
	at org.apache.maven.surefire.booter.ForkedBooter.execute(ForkedBooter.java:162)
	at org.apache.maven.surefire.booter.ForkedBooter.run(ForkedBooter.java:507)
	at org.apache.maven.surefire.booter.ForkedBooter.main(ForkedBooter.java:495)
2025-06-14 16:48:06 - Caught exception while allowing TestExecutionListener [org.springframework.test.context.support.DependencyInjectionTestExecutionListener] to prepare test instance [org.frcpm.repositories.AttendanceRepositoryIntegrationTest@3e272f0]
java.lang.IllegalStateException: ApplicationContext failure threshold (1) exceeded: skipping repeated attempt to load context for [MergedContextConfiguration@50ba10de testClass = org.frcpm.repositories.AttendanceRepositoryIntegrationTest, locations = [], classes = [org.frcpm.FrcProjectManagementApplication], contextInitializerClasses = [], activeProfiles = ["test"], propertySourceDescriptors = [], propertySourceProperties = ["org.springframework.boot.test.autoconfigure.orm.jpa.DataJpaTestContextBootstrapper=true"], contextCustomizers = [[ImportsContextCustomizer@518e9141 key = [org.springframework.boot.autoconfigure.transaction.TransactionAutoConfiguration, org.springframework.boot.autoconfigure.data.jpa.JpaRepositoriesAutoConfiguration, org.springframework.boot.test.autoconfigure.orm.jpa.TestEntityManagerAutoConfiguration, org.springframework.boot.autoconfigure.cache.CacheAutoConfiguration, org.springframework.boot.autoconfigure.orm.jpa.HibernateJpaAutoConfiguration, org.springframework.boot.autoconfigure.sql.init.SqlInitializationAutoConfiguration, org.springframework.boot.test.autoconfigure.jdbc.TestDatabaseAutoConfiguration, org.springframework.boot.autoconfigure.flyway.FlywayAutoConfiguration, org.springframework.boot.autoconfigure.jdbc.DataSourceTransactionManagerAutoConfiguration, org.springframework.boot.autoconfigure.liquibase.LiquibaseAutoConfiguration, org.springframework.boot.autoconfigure.jdbc.JdbcClientAutoConfiguration, org.springframework.boot.autoconfigure.jdbc.DataSourceAutoConfiguration, org.springframework.boot.autoconfigure.jdbc.JdbcTemplateAutoConfiguration]], org.springframework.boot.test.context.filter.ExcludeFilterContextCustomizer@6304101a, org.springframework.boot.test.json.DuplicateJsonObjectContextCustomizerFactory$DuplicateJsonObjectContextCustomizer@df6620a, org.springframework.boot.test.mock.mockito.MockitoContextCustomizer@0, org.springframework.boot.test.autoconfigure.OverrideAutoConfigurationContextCustomizerFactory$DisableAutoConfigurationContextCustomizer@40317ba2, org.springframework.boot.test.autoconfigure.actuate.observability.ObservabilityContextCustomizerFactory$DisableObservabilityContextCustomizer@1f, org.springframework.boot.test.autoconfigure.filter.TypeExcludeFiltersContextCustomizer@34be3d80, org.springframework.boot.test.autoconfigure.properties.PropertyMappingContextCustomizer@df5ba06e, org.springframework.boot.test.autoconfigure.web.servlet.WebDriverContextCustomizer@571c5681, org.springframework.boot.test.context.SpringBootTestAnnotation@6287f1ab], contextLoader = org.springframework.boot.test.context.SpringBootContextLoader, parent = null]
	at org.springframework.test.context.cache.DefaultCacheAwareContextLoaderDelegate.loadContext(DefaultCacheAwareContextLoaderDelegate.java:145)
	at org.springframework.test.context.support.DefaultTestContext.getApplicationContext(DefaultTestContext.java:130)
	at org.springframework.test.context.support.DependencyInjectionTestExecutionListener.injectDependencies(DependencyInjectionTestExecutionListener.java:141)
	at org.springframework.test.context.support.DependencyInjectionTestExecutionListener.prepareTestInstance(DependencyInjectionTestExecutionListener.java:97)
	at org.springframework.test.context.TestContextManager.prepareTestInstance(TestContextManager.java:247)
	at org.springframework.test.context.junit.jupiter.SpringExtension.postProcessTestInstance(SpringExtension.java:163)
	at org.junit.jupiter.engine.descriptor.ClassBasedTestDescriptor.lambda$invokeTestInstancePostProcessors$10(ClassBasedTestDescriptor.java:378)
	at org.junit.jupiter.engine.descriptor.ClassBasedTestDescriptor.executeAndMaskThrowable(ClassBasedTestDescriptor.java:383)
	at org.junit.jupiter.engine.descriptor.ClassBasedTestDescriptor.lambda$invokeTestInstancePostProcessors$11(ClassBasedTestDescriptor.java:378)
	at java.base/java.util.stream.ReferencePipeline$3$1.accept(ReferencePipeline.java:197)
	at java.base/java.util.stream.ReferencePipeline$2$1.accept(ReferencePipeline.java:179)
	at java.base/java.util.ArrayList$ArrayListSpliterator.forEachRemaining(ArrayList.java:1708)
	at java.base/java.util.stream.AbstractPipeline.copyInto(AbstractPipeline.java:509)
	at java.base/java.util.stream.AbstractPipeline.wrapAndCopyInto(AbstractPipeline.java:499)
	at java.base/java.util.stream.StreamSpliterators$WrappingSpliterator.forEachRemaining(StreamSpliterators.java:310)
	at java.base/java.util.stream.Streams$ConcatSpliterator.forEachRemaining(Streams.java:735)
	at java.base/java.util.stream.Streams$ConcatSpliterator.forEachRemaining(Streams.java:734)
	at java.base/java.util.stream.ReferencePipeline$Head.forEach(ReferencePipeline.java:762)
	at org.junit.jupiter.engine.descriptor.ClassBasedTestDescriptor.invokeTestInstancePostProcessors(ClassBasedTestDescriptor.java:377)
	at org.junit.jupiter.engine.descriptor.ClassBasedTestDescriptor.lambda$instantiateAndPostProcessTestInstance$6(ClassBasedTestDescriptor.java:290)
	at org.junit.platform.engine.support.hierarchical.ThrowableCollector.execute(ThrowableCollector.java:73)
	at org.junit.jupiter.engine.descriptor.ClassBasedTestDescriptor.instantiateAndPostProcessTestInstance(ClassBasedTestDescriptor.java:289)
	at org.junit.jupiter.engine.descriptor.ClassBasedTestDescriptor.lambda$testInstancesProvider$4(ClassBasedTestDescriptor.java:279)
	at java.base/java.util.Optional.orElseGet(Optional.java:364)
	at org.junit.jupiter.engine.descriptor.ClassBasedTestDescriptor.lambda$testInstancesProvider$5(ClassBasedTestDescriptor.java:278)
	at org.junit.jupiter.engine.execution.TestInstancesProvider.getTestInstances(TestInstancesProvider.java:31)
	at org.junit.jupiter.engine.descriptor.TestMethodTestDescriptor.lambda$prepare$0(TestMethodTestDescriptor.java:106)
	at org.junit.platform.engine.support.hierarchical.ThrowableCollector.execute(ThrowableCollector.java:73)
	at org.junit.jupiter.engine.descriptor.TestMethodTestDescriptor.prepare(TestMethodTestDescriptor.java:105)
	at org.junit.jupiter.engine.descriptor.TestMethodTestDescriptor.prepare(TestMethodTestDescriptor.java:69)
	at org.junit.platform.engine.support.hierarchical.NodeTestTask.lambda$prepare$2(NodeTestTask.java:123)
	at org.junit.platform.engine.support.hierarchical.ThrowableCollector.execute(ThrowableCollector.java:73)
	at org.junit.platform.engine.support.hierarchical.NodeTestTask.prepare(NodeTestTask.java:123)
	at org.junit.platform.engine.support.hierarchical.NodeTestTask.execute(NodeTestTask.java:90)
	at java.base/java.util.ArrayList.forEach(ArrayList.java:1596)
	at org.junit.platform.engine.support.hierarchical.SameThreadHierarchicalTestExecutorService.invokeAll(SameThreadHierarchicalTestExecutorService.java:41)
	at org.junit.platform.engine.support.hierarchical.NodeTestTask.lambda$executeRecursively$6(NodeTestTask.java:155)
	at org.junit.platform.engine.support.hierarchical.ThrowableCollector.execute(ThrowableCollector.java:73)
	at org.junit.platform.engine.support.hierarchical.NodeTestTask.lambda$executeRecursively$8(NodeTestTask.java:141)
	at org.junit.platform.engine.support.hierarchical.Node.around(Node.java:137)
	at org.junit.platform.engine.support.hierarchical.NodeTestTask.lambda$executeRecursively$9(NodeTestTask.java:139)
	at org.junit.platform.engine.support.hierarchical.ThrowableCollector.execute(ThrowableCollector.java:73)
	at org.junit.platform.engine.support.hierarchical.NodeTestTask.executeRecursively(NodeTestTask.java:138)
	at org.junit.platform.engine.support.hierarchical.NodeTestTask.execute(NodeTestTask.java:95)
	at java.base/java.util.ArrayList.forEach(ArrayList.java:1596)
	at org.junit.platform.engine.support.hierarchical.SameThreadHierarchicalTestExecutorService.invokeAll(SameThreadHierarchicalTestExecutorService.java:41)
	at org.junit.platform.engine.support.hierarchical.NodeTestTask.lambda$executeRecursively$6(NodeTestTask.java:155)
	at org.junit.platform.engine.support.hierarchical.ThrowableCollector.execute(ThrowableCollector.java:73)
	at org.junit.platform.engine.support.hierarchical.NodeTestTask.lambda$executeRecursively$8(NodeTestTask.java:141)
	at org.junit.platform.engine.support.hierarchical.Node.around(Node.java:137)
	at org.junit.platform.engine.support.hierarchical.NodeTestTask.lambda$executeRecursively$9(NodeTestTask.java:139)
	at org.junit.platform.engine.support.hierarchical.ThrowableCollector.execute(ThrowableCollector.java:73)
	at org.junit.platform.engine.support.hierarchical.NodeTestTask.executeRecursively(NodeTestTask.java:138)
	at org.junit.platform.engine.support.hierarchical.NodeTestTask.execute(NodeTestTask.java:95)
	at org.junit.platform.engine.support.hierarchical.SameThreadHierarchicalTestExecutorService.submit(SameThreadHierarchicalTestExecutorService.java:35)
	at org.junit.platform.engine.support.hierarchical.HierarchicalTestExecutor.execute(HierarchicalTestExecutor.java:57)
	at org.junit.platform.engine.support.hierarchical.HierarchicalTestEngine.execute(HierarchicalTestEngine.java:54)
	at org.junit.platform.launcher.core.EngineExecutionOrchestrator.execute(EngineExecutionOrchestrator.java:198)
	at org.junit.platform.launcher.core.EngineExecutionOrchestrator.execute(EngineExecutionOrchestrator.java:169)
	at org.junit.platform.launcher.core.EngineExecutionOrchestrator.execute(EngineExecutionOrchestrator.java:93)
	at org.junit.platform.launcher.core.EngineExecutionOrchestrator.lambda$execute$0(EngineExecutionOrchestrator.java:58)
	at org.junit.platform.launcher.core.EngineExecutionOrchestrator.withInterceptedStreams(EngineExecutionOrchestrator.java:141)
	at org.junit.platform.launcher.core.EngineExecutionOrchestrator.execute(EngineExecutionOrchestrator.java:57)
	at org.junit.platform.launcher.core.DefaultLauncher.execute(DefaultLauncher.java:103)
	at org.junit.platform.launcher.core.DefaultLauncher.execute(DefaultLauncher.java:85)
	at org.junit.platform.launcher.core.DelegatingLauncher.execute(DelegatingLauncher.java:47)
	at org.apache.maven.surefire.junitplatform.LazyLauncher.execute(LazyLauncher.java:56)
	at org.apache.maven.surefire.junitplatform.JUnitPlatformProvider.execute(JUnitPlatformProvider.java:184)
	at org.apache.maven.surefire.junitplatform.JUnitPlatformProvider.invokeAllTests(JUnitPlatformProvider.java:148)
	at org.apache.maven.surefire.junitplatform.JUnitPlatformProvider.invoke(JUnitPlatformProvider.java:122)
	at org.apache.maven.surefire.booter.ForkedBooter.runSuitesInProcess(ForkedBooter.java:385)
	at org.apache.maven.surefire.booter.ForkedBooter.execute(ForkedBooter.java:162)
	at org.apache.maven.surefire.booter.ForkedBooter.run(ForkedBooter.java:507)
	at org.apache.maven.surefire.booter.ForkedBooter.main(ForkedBooter.java:495)
2025-06-14 16:48:06 - Caught exception while allowing TestExecutionListener [org.springframework.test.context.support.DependencyInjectionTestExecutionListener] to prepare test instance [org.frcpm.repositories.AttendanceRepositoryIntegrationTest@47bcaf67]
java.lang.IllegalStateException: ApplicationContext failure threshold (1) exceeded: skipping repeated attempt to load context for [MergedContextConfiguration@50ba10de testClass = org.frcpm.repositories.AttendanceRepositoryIntegrationTest, locations = [], classes = [org.frcpm.FrcProjectManagementApplication], contextInitializerClasses = [], activeProfiles = ["test"], propertySourceDescriptors = [], propertySourceProperties = ["org.springframework.boot.test.autoconfigure.orm.jpa.DataJpaTestContextBootstrapper=true"], contextCustomizers = [[ImportsContextCustomizer@518e9141 key = [org.springframework.boot.autoconfigure.transaction.TransactionAutoConfiguration, org.springframework.boot.autoconfigure.data.jpa.JpaRepositoriesAutoConfiguration, org.springframework.boot.test.autoconfigure.orm.jpa.TestEntityManagerAutoConfiguration, org.springframework.boot.autoconfigure.cache.CacheAutoConfiguration, org.springframework.boot.autoconfigure.orm.jpa.HibernateJpaAutoConfiguration, org.springframework.boot.autoconfigure.sql.init.SqlInitializationAutoConfiguration, org.springframework.boot.test.autoconfigure.jdbc.TestDatabaseAutoConfiguration, org.springframework.boot.autoconfigure.flyway.FlywayAutoConfiguration, org.springframework.boot.autoconfigure.jdbc.DataSourceTransactionManagerAutoConfiguration, org.springframework.boot.autoconfigure.liquibase.LiquibaseAutoConfiguration, org.springframework.boot.autoconfigure.jdbc.JdbcClientAutoConfiguration, org.springframework.boot.autoconfigure.jdbc.DataSourceAutoConfiguration, org.springframework.boot.autoconfigure.jdbc.JdbcTemplateAutoConfiguration]], org.springframework.boot.test.context.filter.ExcludeFilterContextCustomizer@6304101a, org.springframework.boot.test.json.DuplicateJsonObjectContextCustomizerFactory$DuplicateJsonObjectContextCustomizer@df6620a, org.springframework.boot.test.mock.mockito.MockitoContextCustomizer@0, org.springframework.boot.test.autoconfigure.OverrideAutoConfigurationContextCustomizerFactory$DisableAutoConfigurationContextCustomizer@40317ba2, org.springframework.boot.test.autoconfigure.actuate.observability.ObservabilityContextCustomizerFactory$DisableObservabilityContextCustomizer@1f, org.springframework.boot.test.autoconfigure.filter.TypeExcludeFiltersContextCustomizer@34be3d80, org.springframework.boot.test.autoconfigure.properties.PropertyMappingContextCustomizer@df5ba06e, org.springframework.boot.test.autoconfigure.web.servlet.WebDriverContextCustomizer@571c5681, org.springframework.boot.test.context.SpringBootTestAnnotation@6287f1ab], contextLoader = org.springframework.boot.test.context.SpringBootContextLoader, parent = null]
	at org.springframework.test.context.cache.DefaultCacheAwareContextLoaderDelegate.loadContext(DefaultCacheAwareContextLoaderDelegate.java:145)
	at org.springframework.test.context.support.DefaultTestContext.getApplicationContext(DefaultTestContext.java:130)
	at org.springframework.test.context.support.DependencyInjectionTestExecutionListener.injectDependencies(DependencyInjectionTestExecutionListener.java:141)
	at org.springframework.test.context.support.DependencyInjectionTestExecutionListener.prepareTestInstance(DependencyInjectionTestExecutionListener.java:97)
	at org.springframework.test.context.TestContextManager.prepareTestInstance(TestContextManager.java:247)
	at org.springframework.test.context.junit.jupiter.SpringExtension.postProcessTestInstance(SpringExtension.java:163)
	at org.junit.jupiter.engine.descriptor.ClassBasedTestDescriptor.lambda$invokeTestInstancePostProcessors$10(ClassBasedTestDescriptor.java:378)
	at org.junit.jupiter.engine.descriptor.ClassBasedTestDescriptor.executeAndMaskThrowable(ClassBasedTestDescriptor.java:383)
	at org.junit.jupiter.engine.descriptor.ClassBasedTestDescriptor.lambda$invokeTestInstancePostProcessors$11(ClassBasedTestDescriptor.java:378)
	at java.base/java.util.stream.ReferencePipeline$3$1.accept(ReferencePipeline.java:197)
	at java.base/java.util.stream.ReferencePipeline$2$1.accept(ReferencePipeline.java:179)
	at java.base/java.util.ArrayList$ArrayListSpliterator.forEachRemaining(ArrayList.java:1708)
	at java.base/java.util.stream.AbstractPipeline.copyInto(AbstractPipeline.java:509)
	at java.base/java.util.stream.AbstractPipeline.wrapAndCopyInto(AbstractPipeline.java:499)
	at java.base/java.util.stream.StreamSpliterators$WrappingSpliterator.forEachRemaining(StreamSpliterators.java:310)
	at java.base/java.util.stream.Streams$ConcatSpliterator.forEachRemaining(Streams.java:735)
	at java.base/java.util.stream.Streams$ConcatSpliterator.forEachRemaining(Streams.java:734)
	at java.base/java.util.stream.ReferencePipeline$Head.forEach(ReferencePipeline.java:762)
	at org.junit.jupiter.engine.descriptor.ClassBasedTestDescriptor.invokeTestInstancePostProcessors(ClassBasedTestDescriptor.java:377)
	at org.junit.jupiter.engine.descriptor.ClassBasedTestDescriptor.lambda$instantiateAndPostProcessTestInstance$6(ClassBasedTestDescriptor.java:290)
	at org.junit.platform.engine.support.hierarchical.ThrowableCollector.execute(ThrowableCollector.java:73)
	at org.junit.jupiter.engine.descriptor.ClassBasedTestDescriptor.instantiateAndPostProcessTestInstance(ClassBasedTestDescriptor.java:289)
	at org.junit.jupiter.engine.descriptor.ClassBasedTestDescriptor.lambda$testInstancesProvider$4(ClassBasedTestDescriptor.java:279)
	at java.base/java.util.Optional.orElseGet(Optional.java:364)
	at org.junit.jupiter.engine.descriptor.ClassBasedTestDescriptor.lambda$testInstancesProvider$5(ClassBasedTestDescriptor.java:278)
	at org.junit.jupiter.engine.execution.TestInstancesProvider.getTestInstances(TestInstancesProvider.java:31)
	at org.junit.jupiter.engine.descriptor.TestMethodTestDescriptor.lambda$prepare$0(TestMethodTestDescriptor.java:106)
	at org.junit.platform.engine.support.hierarchical.ThrowableCollector.execute(ThrowableCollector.java:73)
	at org.junit.jupiter.engine.descriptor.TestMethodTestDescriptor.prepare(TestMethodTestDescriptor.java:105)
	at org.junit.jupiter.engine.descriptor.TestMethodTestDescriptor.prepare(TestMethodTestDescriptor.java:69)
	at org.junit.platform.engine.support.hierarchical.NodeTestTask.lambda$prepare$2(NodeTestTask.java:123)
	at org.junit.platform.engine.support.hierarchical.ThrowableCollector.execute(ThrowableCollector.java:73)
	at org.junit.platform.engine.support.hierarchical.NodeTestTask.prepare(NodeTestTask.java:123)
	at org.junit.platform.engine.support.hierarchical.NodeTestTask.execute(NodeTestTask.java:90)
	at java.base/java.util.ArrayList.forEach(ArrayList.java:1596)
	at org.junit.platform.engine.support.hierarchical.SameThreadHierarchicalTestExecutorService.invokeAll(SameThreadHierarchicalTestExecutorService.java:41)
	at org.junit.platform.engine.support.hierarchical.NodeTestTask.lambda$executeRecursively$6(NodeTestTask.java:155)
	at org.junit.platform.engine.support.hierarchical.ThrowableCollector.execute(ThrowableCollector.java:73)
	at org.junit.platform.engine.support.hierarchical.NodeTestTask.lambda$executeRecursively$8(NodeTestTask.java:141)
	at org.junit.platform.engine.support.hierarchical.Node.around(Node.java:137)
	at org.junit.platform.engine.support.hierarchical.NodeTestTask.lambda$executeRecursively$9(NodeTestTask.java:139)
	at org.junit.platform.engine.support.hierarchical.ThrowableCollector.execute(ThrowableCollector.java:73)
	at org.junit.platform.engine.support.hierarchical.NodeTestTask.executeRecursively(NodeTestTask.java:138)
	at org.junit.platform.engine.support.hierarchical.NodeTestTask.execute(NodeTestTask.java:95)
	at java.base/java.util.ArrayList.forEach(ArrayList.java:1596)
	at org.junit.platform.engine.support.hierarchical.SameThreadHierarchicalTestExecutorService.invokeAll(SameThreadHierarchicalTestExecutorService.java:41)
	at org.junit.platform.engine.support.hierarchical.NodeTestTask.lambda$executeRecursively$6(NodeTestTask.java:155)
	at org.junit.platform.engine.support.hierarchical.ThrowableCollector.execute(ThrowableCollector.java:73)
	at org.junit.platform.engine.support.hierarchical.NodeTestTask.lambda$executeRecursively$8(NodeTestTask.java:141)
	at org.junit.platform.engine.support.hierarchical.Node.around(Node.java:137)
	at org.junit.platform.engine.support.hierarchical.NodeTestTask.lambda$executeRecursively$9(NodeTestTask.java:139)
	at org.junit.platform.engine.support.hierarchical.ThrowableCollector.execute(ThrowableCollector.java:73)
	at org.junit.platform.engine.support.hierarchical.NodeTestTask.executeRecursively(NodeTestTask.java:138)
	at org.junit.platform.engine.support.hierarchical.NodeTestTask.execute(NodeTestTask.java:95)
	at org.junit.platform.engine.support.hierarchical.SameThreadHierarchicalTestExecutorService.submit(SameThreadHierarchicalTestExecutorService.java:35)
	at org.junit.platform.engine.support.hierarchical.HierarchicalTestExecutor.execute(HierarchicalTestExecutor.java:57)
	at org.junit.platform.engine.support.hierarchical.HierarchicalTestEngine.execute(HierarchicalTestEngine.java:54)
	at org.junit.platform.launcher.core.EngineExecutionOrchestrator.execute(EngineExecutionOrchestrator.java:198)
	at org.junit.platform.launcher.core.EngineExecutionOrchestrator.execute(EngineExecutionOrchestrator.java:169)
	at org.junit.platform.launcher.core.EngineExecutionOrchestrator.execute(EngineExecutionOrchestrator.java:93)
	at org.junit.platform.launcher.core.EngineExecutionOrchestrator.lambda$execute$0(EngineExecutionOrchestrator.java:58)
	at org.junit.platform.launcher.core.EngineExecutionOrchestrator.withInterceptedStreams(EngineExecutionOrchestrator.java:141)
	at org.junit.platform.launcher.core.EngineExecutionOrchestrator.execute(EngineExecutionOrchestrator.java:57)
	at org.junit.platform.launcher.core.DefaultLauncher.execute(DefaultLauncher.java:103)
	at org.junit.platform.launcher.core.DefaultLauncher.execute(DefaultLauncher.java:85)
	at org.junit.platform.launcher.core.DelegatingLauncher.execute(DelegatingLauncher.java:47)
	at org.apache.maven.surefire.junitplatform.LazyLauncher.execute(LazyLauncher.java:56)
	at org.apache.maven.surefire.junitplatform.JUnitPlatformProvider.execute(JUnitPlatformProvider.java:184)
	at org.apache.maven.surefire.junitplatform.JUnitPlatformProvider.invokeAllTests(JUnitPlatformProvider.java:148)
	at org.apache.maven.surefire.junitplatform.JUnitPlatformProvider.invoke(JUnitPlatformProvider.java:122)
	at org.apache.maven.surefire.booter.ForkedBooter.runSuitesInProcess(ForkedBooter.java:385)
	at org.apache.maven.surefire.booter.ForkedBooter.execute(ForkedBooter.java:162)
	at org.apache.maven.surefire.booter.ForkedBooter.run(ForkedBooter.java:507)
	at org.apache.maven.surefire.booter.ForkedBooter.main(ForkedBooter.java:495)
2025-06-14 16:48:06 - Caught exception while allowing TestExecutionListener [org.springframework.test.context.support.DependencyInjectionTestExecutionListener] to prepare test instance [org.frcpm.repositories.AttendanceRepositoryIntegrationTest@524032f9]
java.lang.IllegalStateException: ApplicationContext failure threshold (1) exceeded: skipping repeated attempt to load context for [MergedContextConfiguration@50ba10de testClass = org.frcpm.repositories.AttendanceRepositoryIntegrationTest, locations = [], classes = [org.frcpm.FrcProjectManagementApplication], contextInitializerClasses = [], activeProfiles = ["test"], propertySourceDescriptors = [], propertySourceProperties = ["org.springframework.boot.test.autoconfigure.orm.jpa.DataJpaTestContextBootstrapper=true"], contextCustomizers = [[ImportsContextCustomizer@518e9141 key = [org.springframework.boot.autoconfigure.transaction.TransactionAutoConfiguration, org.springframework.boot.autoconfigure.data.jpa.JpaRepositoriesAutoConfiguration, org.springframework.boot.test.autoconfigure.orm.jpa.TestEntityManagerAutoConfiguration, org.springframework.boot.autoconfigure.cache.CacheAutoConfiguration, org.springframework.boot.autoconfigure.orm.jpa.HibernateJpaAutoConfiguration, org.springframework.boot.autoconfigure.sql.init.SqlInitializationAutoConfiguration, org.springframework.boot.test.autoconfigure.jdbc.TestDatabaseAutoConfiguration, org.springframework.boot.autoconfigure.flyway.FlywayAutoConfiguration, org.springframework.boot.autoconfigure.jdbc.DataSourceTransactionManagerAutoConfiguration, org.springframework.boot.autoconfigure.liquibase.LiquibaseAutoConfiguration, org.springframework.boot.autoconfigure.jdbc.JdbcClientAutoConfiguration, org.springframework.boot.autoconfigure.jdbc.DataSourceAutoConfiguration, org.springframework.boot.autoconfigure.jdbc.JdbcTemplateAutoConfiguration]], org.springframework.boot.test.context.filter.ExcludeFilterContextCustomizer@6304101a, org.springframework.boot.test.json.DuplicateJsonObjectContextCustomizerFactory$DuplicateJsonObjectContextCustomizer@df6620a, org.springframework.boot.test.mock.mockito.MockitoContextCustomizer@0, org.springframework.boot.test.autoconfigure.OverrideAutoConfigurationContextCustomizerFactory$DisableAutoConfigurationContextCustomizer@40317ba2, org.springframework.boot.test.autoconfigure.actuate.observability.ObservabilityContextCustomizerFactory$DisableObservabilityContextCustomizer@1f, org.springframework.boot.test.autoconfigure.filter.TypeExcludeFiltersContextCustomizer@34be3d80, org.springframework.boot.test.autoconfigure.properties.PropertyMappingContextCustomizer@df5ba06e, org.springframework.boot.test.autoconfigure.web.servlet.WebDriverContextCustomizer@571c5681, org.springframework.boot.test.context.SpringBootTestAnnotation@6287f1ab], contextLoader = org.springframework.boot.test.context.SpringBootContextLoader, parent = null]
	at org.springframework.test.context.cache.DefaultCacheAwareContextLoaderDelegate.loadContext(DefaultCacheAwareContextLoaderDelegate.java:145)
	at org.springframework.test.context.support.DefaultTestContext.getApplicationContext(DefaultTestContext.java:130)
	at org.springframework.test.context.support.DependencyInjectionTestExecutionListener.injectDependencies(DependencyInjectionTestExecutionListener.java:141)
	at org.springframework.test.context.support.DependencyInjectionTestExecutionListener.prepareTestInstance(DependencyInjectionTestExecutionListener.java:97)
	at org.springframework.test.context.TestContextManager.prepareTestInstance(TestContextManager.java:247)
	at org.springframework.test.context.junit.jupiter.SpringExtension.postProcessTestInstance(SpringExtension.java:163)
	at org.junit.jupiter.engine.descriptor.ClassBasedTestDescriptor.lambda$invokeTestInstancePostProcessors$10(ClassBasedTestDescriptor.java:378)
	at org.junit.jupiter.engine.descriptor.ClassBasedTestDescriptor.executeAndMaskThrowable(ClassBasedTestDescriptor.java:383)
	at org.junit.jupiter.engine.descriptor.ClassBasedTestDescriptor.lambda$invokeTestInstancePostProcessors$11(ClassBasedTestDescriptor.java:378)
	at java.base/java.util.stream.ReferencePipeline$3$1.accept(ReferencePipeline.java:197)
	at java.base/java.util.stream.ReferencePipeline$2$1.accept(ReferencePipeline.java:179)
	at java.base/java.util.ArrayList$ArrayListSpliterator.forEachRemaining(ArrayList.java:1708)
	at java.base/java.util.stream.AbstractPipeline.copyInto(AbstractPipeline.java:509)
	at java.base/java.util.stream.AbstractPipeline.wrapAndCopyInto(AbstractPipeline.java:499)
	at java.base/java.util.stream.StreamSpliterators$WrappingSpliterator.forEachRemaining(StreamSpliterators.java:310)
	at java.base/java.util.stream.Streams$ConcatSpliterator.forEachRemaining(Streams.java:735)
	at java.base/java.util.stream.Streams$ConcatSpliterator.forEachRemaining(Streams.java:734)
	at java.base/java.util.stream.ReferencePipeline$Head.forEach(ReferencePipeline.java:762)
	at org.junit.jupiter.engine.descriptor.ClassBasedTestDescriptor.invokeTestInstancePostProcessors(ClassBasedTestDescriptor.java:377)
	at org.junit.jupiter.engine.descriptor.ClassBasedTestDescriptor.lambda$instantiateAndPostProcessTestInstance$6(ClassBasedTestDescriptor.java:290)
	at org.junit.platform.engine.support.hierarchical.ThrowableCollector.execute(ThrowableCollector.java:73)
	at org.junit.jupiter.engine.descriptor.ClassBasedTestDescriptor.instantiateAndPostProcessTestInstance(ClassBasedTestDescriptor.java:289)
	at org.junit.jupiter.engine.descriptor.ClassBasedTestDescriptor.lambda$testInstancesProvider$4(ClassBasedTestDescriptor.java:279)
	at java.base/java.util.Optional.orElseGet(Optional.java:364)
	at org.junit.jupiter.engine.descriptor.ClassBasedTestDescriptor.lambda$testInstancesProvider$5(ClassBasedTestDescriptor.java:278)
	at org.junit.jupiter.engine.execution.TestInstancesProvider.getTestInstances(TestInstancesProvider.java:31)
	at org.junit.jupiter.engine.descriptor.TestMethodTestDescriptor.lambda$prepare$0(TestMethodTestDescriptor.java:106)
	at org.junit.platform.engine.support.hierarchical.ThrowableCollector.execute(ThrowableCollector.java:73)
	at org.junit.jupiter.engine.descriptor.TestMethodTestDescriptor.prepare(TestMethodTestDescriptor.java:105)
	at org.junit.jupiter.engine.descriptor.TestMethodTestDescriptor.prepare(TestMethodTestDescriptor.java:69)
	at org.junit.platform.engine.support.hierarchical.NodeTestTask.lambda$prepare$2(NodeTestTask.java:123)
	at org.junit.platform.engine.support.hierarchical.ThrowableCollector.execute(ThrowableCollector.java:73)
	at org.junit.platform.engine.support.hierarchical.NodeTestTask.prepare(NodeTestTask.java:123)
	at org.junit.platform.engine.support.hierarchical.NodeTestTask.execute(NodeTestTask.java:90)
	at java.base/java.util.ArrayList.forEach(ArrayList.java:1596)
	at org.junit.platform.engine.support.hierarchical.SameThreadHierarchicalTestExecutorService.invokeAll(SameThreadHierarchicalTestExecutorService.java:41)
	at org.junit.platform.engine.support.hierarchical.NodeTestTask.lambda$executeRecursively$6(NodeTestTask.java:155)
	at org.junit.platform.engine.support.hierarchical.ThrowableCollector.execute(ThrowableCollector.java:73)
	at org.junit.platform.engine.support.hierarchical.NodeTestTask.lambda$executeRecursively$8(NodeTestTask.java:141)
	at org.junit.platform.engine.support.hierarchical.Node.around(Node.java:137)
	at org.junit.platform.engine.support.hierarchical.NodeTestTask.lambda$executeRecursively$9(NodeTestTask.java:139)
	at org.junit.platform.engine.support.hierarchical.ThrowableCollector.execute(ThrowableCollector.java:73)
	at org.junit.platform.engine.support.hierarchical.NodeTestTask.executeRecursively(NodeTestTask.java:138)
	at org.junit.platform.engine.support.hierarchical.NodeTestTask.execute(NodeTestTask.java:95)
	at java.base/java.util.ArrayList.forEach(ArrayList.java:1596)
	at org.junit.platform.engine.support.hierarchical.SameThreadHierarchicalTestExecutorService.invokeAll(SameThreadHierarchicalTestExecutorService.java:41)
	at org.junit.platform.engine.support.hierarchical.NodeTestTask.lambda$executeRecursively$6(NodeTestTask.java:155)
	at org.junit.platform.engine.support.hierarchical.ThrowableCollector.execute(ThrowableCollector.java:73)
	at org.junit.platform.engine.support.hierarchical.NodeTestTask.lambda$executeRecursively$8(NodeTestTask.java:141)
	at org.junit.platform.engine.support.hierarchical.Node.around(Node.java:137)
	at org.junit.platform.engine.support.hierarchical.NodeTestTask.lambda$executeRecursively$9(NodeTestTask.java:139)
	at org.junit.platform.engine.support.hierarchical.ThrowableCollector.execute(ThrowableCollector.java:73)
	at org.junit.platform.engine.support.hierarchical.NodeTestTask.executeRecursively(NodeTestTask.java:138)
	at org.junit.platform.engine.support.hierarchical.NodeTestTask.execute(NodeTestTask.java:95)
	at org.junit.platform.engine.support.hierarchical.SameThreadHierarchicalTestExecutorService.submit(SameThreadHierarchicalTestExecutorService.java:35)
	at org.junit.platform.engine.support.hierarchical.HierarchicalTestExecutor.execute(HierarchicalTestExecutor.java:57)
	at org.junit.platform.engine.support.hierarchical.HierarchicalTestEngine.execute(HierarchicalTestEngine.java:54)
	at org.junit.platform.launcher.core.EngineExecutionOrchestrator.execute(EngineExecutionOrchestrator.java:198)
	at org.junit.platform.launcher.core.EngineExecutionOrchestrator.execute(EngineExecutionOrchestrator.java:169)
	at org.junit.platform.launcher.core.EngineExecutionOrchestrator.execute(EngineExecutionOrchestrator.java:93)
	at org.junit.platform.launcher.core.EngineExecutionOrchestrator.lambda$execute$0(EngineExecutionOrchestrator.java:58)
	at org.junit.platform.launcher.core.EngineExecutionOrchestrator.withInterceptedStreams(EngineExecutionOrchestrator.java:141)
	at org.junit.platform.launcher.core.EngineExecutionOrchestrator.execute(EngineExecutionOrchestrator.java:57)
	at org.junit.platform.launcher.core.DefaultLauncher.execute(DefaultLauncher.java:103)
	at org.junit.platform.launcher.core.DefaultLauncher.execute(DefaultLauncher.java:85)
	at org.junit.platform.launcher.core.DelegatingLauncher.execute(DelegatingLauncher.java:47)
	at org.apache.maven.surefire.junitplatform.LazyLauncher.execute(LazyLauncher.java:56)
	at org.apache.maven.surefire.junitplatform.JUnitPlatformProvider.execute(JUnitPlatformProvider.java:184)
	at org.apache.maven.surefire.junitplatform.JUnitPlatformProvider.invokeAllTests(JUnitPlatformProvider.java:148)
	at org.apache.maven.surefire.junitplatform.JUnitPlatformProvider.invoke(JUnitPlatformProvider.java:122)
	at org.apache.maven.surefire.booter.ForkedBooter.runSuitesInProcess(ForkedBooter.java:385)
	at org.apache.maven.surefire.booter.ForkedBooter.execute(ForkedBooter.java:162)
	at org.apache.maven.surefire.booter.ForkedBooter.run(ForkedBooter.java:507)
	at org.apache.maven.surefire.booter.ForkedBooter.main(ForkedBooter.java:495)
2025-06-14 16:48:06 - Caught exception while allowing TestExecutionListener [org.springframework.test.context.support.DependencyInjectionTestExecutionListener] to prepare test instance [org.frcpm.repositories.AttendanceRepositoryIntegrationTest@2796716d]
java.lang.IllegalStateException: ApplicationContext failure threshold (1) exceeded: skipping repeated attempt to load context for [MergedContextConfiguration@50ba10de testClass = org.frcpm.repositories.AttendanceRepositoryIntegrationTest, locations = [], classes = [org.frcpm.FrcProjectManagementApplication], contextInitializerClasses = [], activeProfiles = ["test"], propertySourceDescriptors = [], propertySourceProperties = ["org.springframework.boot.test.autoconfigure.orm.jpa.DataJpaTestContextBootstrapper=true"], contextCustomizers = [[ImportsContextCustomizer@518e9141 key = [org.springframework.boot.autoconfigure.transaction.TransactionAutoConfiguration, org.springframework.boot.autoconfigure.data.jpa.JpaRepositoriesAutoConfiguration, org.springframework.boot.test.autoconfigure.orm.jpa.TestEntityManagerAutoConfiguration, org.springframework.boot.autoconfigure.cache.CacheAutoConfiguration, org.springframework.boot.autoconfigure.orm.jpa.HibernateJpaAutoConfiguration, org.springframework.boot.autoconfigure.sql.init.SqlInitializationAutoConfiguration, org.springframework.boot.test.autoconfigure.jdbc.TestDatabaseAutoConfiguration, org.springframework.boot.autoconfigure.flyway.FlywayAutoConfiguration, org.springframework.boot.autoconfigure.jdbc.DataSourceTransactionManagerAutoConfiguration, org.springframework.boot.autoconfigure.liquibase.LiquibaseAutoConfiguration, org.springframework.boot.autoconfigure.jdbc.JdbcClientAutoConfiguration, org.springframework.boot.autoconfigure.jdbc.DataSourceAutoConfiguration, org.springframework.boot.autoconfigure.jdbc.JdbcTemplateAutoConfiguration]], org.springframework.boot.test.context.filter.ExcludeFilterContextCustomizer@6304101a, org.springframework.boot.test.json.DuplicateJsonObjectContextCustomizerFactory$DuplicateJsonObjectContextCustomizer@df6620a, org.springframework.boot.test.mock.mockito.MockitoContextCustomizer@0, org.springframework.boot.test.autoconfigure.OverrideAutoConfigurationContextCustomizerFactory$DisableAutoConfigurationContextCustomizer@40317ba2, org.springframework.boot.test.autoconfigure.actuate.observability.ObservabilityContextCustomizerFactory$DisableObservabilityContextCustomizer@1f, org.springframework.boot.test.autoconfigure.filter.TypeExcludeFiltersContextCustomizer@34be3d80, org.springframework.boot.test.autoconfigure.properties.PropertyMappingContextCustomizer@df5ba06e, org.springframework.boot.test.autoconfigure.web.servlet.WebDriverContextCustomizer@571c5681, org.springframework.boot.test.context.SpringBootTestAnnotation@6287f1ab], contextLoader = org.springframework.boot.test.context.SpringBootContextLoader, parent = null]
	at org.springframework.test.context.cache.DefaultCacheAwareContextLoaderDelegate.loadContext(DefaultCacheAwareContextLoaderDelegate.java:145)
	at org.springframework.test.context.support.DefaultTestContext.getApplicationContext(DefaultTestContext.java:130)
	at org.springframework.test.context.support.DependencyInjectionTestExecutionListener.injectDependencies(DependencyInjectionTestExecutionListener.java:141)
	at org.springframework.test.context.support.DependencyInjectionTestExecutionListener.prepareTestInstance(DependencyInjectionTestExecutionListener.java:97)
	at org.springframework.test.context.TestContextManager.prepareTestInstance(TestContextManager.java:247)
	at org.springframework.test.context.junit.jupiter.SpringExtension.postProcessTestInstance(SpringExtension.java:163)
	at org.junit.jupiter.engine.descriptor.ClassBasedTestDescriptor.lambda$invokeTestInstancePostProcessors$10(ClassBasedTestDescriptor.java:378)
	at org.junit.jupiter.engine.descriptor.ClassBasedTestDescriptor.executeAndMaskThrowable(ClassBasedTestDescriptor.java:383)
	at org.junit.jupiter.engine.descriptor.ClassBasedTestDescriptor.lambda$invokeTestInstancePostProcessors$11(ClassBasedTestDescriptor.java:378)
	at java.base/java.util.stream.ReferencePipeline$3$1.accept(ReferencePipeline.java:197)
	at java.base/java.util.stream.ReferencePipeline$2$1.accept(ReferencePipeline.java:179)
	at java.base/java.util.ArrayList$ArrayListSpliterator.forEachRemaining(ArrayList.java:1708)
	at java.base/java.util.stream.AbstractPipeline.copyInto(AbstractPipeline.java:509)
	at java.base/java.util.stream.AbstractPipeline.wrapAndCopyInto(AbstractPipeline.java:499)
	at java.base/java.util.stream.StreamSpliterators$WrappingSpliterator.forEachRemaining(StreamSpliterators.java:310)
	at java.base/java.util.stream.Streams$ConcatSpliterator.forEachRemaining(Streams.java:735)
	at java.base/java.util.stream.Streams$ConcatSpliterator.forEachRemaining(Streams.java:734)
	at java.base/java.util.stream.ReferencePipeline$Head.forEach(ReferencePipeline.java:762)
	at org.junit.jupiter.engine.descriptor.ClassBasedTestDescriptor.invokeTestInstancePostProcessors(ClassBasedTestDescriptor.java:377)
	at org.junit.jupiter.engine.descriptor.ClassBasedTestDescriptor.lambda$instantiateAndPostProcessTestInstance$6(ClassBasedTestDescriptor.java:290)
	at org.junit.platform.engine.support.hierarchical.ThrowableCollector.execute(ThrowableCollector.java:73)
	at org.junit.jupiter.engine.descriptor.ClassBasedTestDescriptor.instantiateAndPostProcessTestInstance(ClassBasedTestDescriptor.java:289)
	at org.junit.jupiter.engine.descriptor.ClassBasedTestDescriptor.lambda$testInstancesProvider$4(ClassBasedTestDescriptor.java:279)
	at java.base/java.util.Optional.orElseGet(Optional.java:364)
	at org.junit.jupiter.engine.descriptor.ClassBasedTestDescriptor.lambda$testInstancesProvider$5(ClassBasedTestDescriptor.java:278)
	at org.junit.jupiter.engine.execution.TestInstancesProvider.getTestInstances(TestInstancesProvider.java:31)
	at org.junit.jupiter.engine.descriptor.TestMethodTestDescriptor.lambda$prepare$0(TestMethodTestDescriptor.java:106)
	at org.junit.platform.engine.support.hierarchical.ThrowableCollector.execute(ThrowableCollector.java:73)
	at org.junit.jupiter.engine.descriptor.TestMethodTestDescriptor.prepare(TestMethodTestDescriptor.java:105)
	at org.junit.jupiter.engine.descriptor.TestMethodTestDescriptor.prepare(TestMethodTestDescriptor.java:69)
	at org.junit.platform.engine.support.hierarchical.NodeTestTask.lambda$prepare$2(NodeTestTask.java:123)
	at org.junit.platform.engine.support.hierarchical.ThrowableCollector.execute(ThrowableCollector.java:73)
	at org.junit.platform.engine.support.hierarchical.NodeTestTask.prepare(NodeTestTask.java:123)
	at org.junit.platform.engine.support.hierarchical.NodeTestTask.execute(NodeTestTask.java:90)
	at java.base/java.util.ArrayList.forEach(ArrayList.java:1596)
	at org.junit.platform.engine.support.hierarchical.SameThreadHierarchicalTestExecutorService.invokeAll(SameThreadHierarchicalTestExecutorService.java:41)
	at org.junit.platform.engine.support.hierarchical.NodeTestTask.lambda$executeRecursively$6(NodeTestTask.java:155)
	at org.junit.platform.engine.support.hierarchical.ThrowableCollector.execute(ThrowableCollector.java:73)
	at org.junit.platform.engine.support.hierarchical.NodeTestTask.lambda$executeRecursively$8(NodeTestTask.java:141)
	at org.junit.platform.engine.support.hierarchical.Node.around(Node.java:137)
	at org.junit.platform.engine.support.hierarchical.NodeTestTask.lambda$executeRecursively$9(NodeTestTask.java:139)
	at org.junit.platform.engine.support.hierarchical.ThrowableCollector.execute(ThrowableCollector.java:73)
	at org.junit.platform.engine.support.hierarchical.NodeTestTask.executeRecursively(NodeTestTask.java:138)
	at org.junit.platform.engine.support.hierarchical.NodeTestTask.execute(NodeTestTask.java:95)
	at java.base/java.util.ArrayList.forEach(ArrayList.java:1596)
	at org.junit.platform.engine.support.hierarchical.SameThreadHierarchicalTestExecutorService.invokeAll(SameThreadHierarchicalTestExecutorService.java:41)
	at org.junit.platform.engine.support.hierarchical.NodeTestTask.lambda$executeRecursively$6(NodeTestTask.java:155)
	at org.junit.platform.engine.support.hierarchical.ThrowableCollector.execute(ThrowableCollector.java:73)
	at org.junit.platform.engine.support.hierarchical.NodeTestTask.lambda$executeRecursively$8(NodeTestTask.java:141)
	at org.junit.platform.engine.support.hierarchical.Node.around(Node.java:137)
	at org.junit.platform.engine.support.hierarchical.NodeTestTask.lambda$executeRecursively$9(NodeTestTask.java:139)
	at org.junit.platform.engine.support.hierarchical.ThrowableCollector.execute(ThrowableCollector.java:73)
	at org.junit.platform.engine.support.hierarchical.NodeTestTask.executeRecursively(NodeTestTask.java:138)
	at org.junit.platform.engine.support.hierarchical.NodeTestTask.execute(NodeTestTask.java:95)
	at org.junit.platform.engine.support.hierarchical.SameThreadHierarchicalTestExecutorService.submit(SameThreadHierarchicalTestExecutorService.java:35)
	at org.junit.platform.engine.support.hierarchical.HierarchicalTestExecutor.execute(HierarchicalTestExecutor.java:57)
	at org.junit.platform.engine.support.hierarchical.HierarchicalTestEngine.execute(HierarchicalTestEngine.java:54)
	at org.junit.platform.launcher.core.EngineExecutionOrchestrator.execute(EngineExecutionOrchestrator.java:198)
	at org.junit.platform.launcher.core.EngineExecutionOrchestrator.execute(EngineExecutionOrchestrator.java:169)
	at org.junit.platform.launcher.core.EngineExecutionOrchestrator.execute(EngineExecutionOrchestrator.java:93)
	at org.junit.platform.launcher.core.EngineExecutionOrchestrator.lambda$execute$0(EngineExecutionOrchestrator.java:58)
	at org.junit.platform.launcher.core.EngineExecutionOrchestrator.withInterceptedStreams(EngineExecutionOrchestrator.java:141)
	at org.junit.platform.launcher.core.EngineExecutionOrchestrator.execute(EngineExecutionOrchestrator.java:57)
	at org.junit.platform.launcher.core.DefaultLauncher.execute(DefaultLauncher.java:103)
	at org.junit.platform.launcher.core.DefaultLauncher.execute(DefaultLauncher.java:85)
	at org.junit.platform.launcher.core.DelegatingLauncher.execute(DelegatingLauncher.java:47)
	at org.apache.maven.surefire.junitplatform.LazyLauncher.execute(LazyLauncher.java:56)
	at org.apache.maven.surefire.junitplatform.JUnitPlatformProvider.execute(JUnitPlatformProvider.java:184)
	at org.apache.maven.surefire.junitplatform.JUnitPlatformProvider.invokeAllTests(JUnitPlatformProvider.java:148)
	at org.apache.maven.surefire.junitplatform.JUnitPlatformProvider.invoke(JUnitPlatformProvider.java:122)
	at org.apache.maven.surefire.booter.ForkedBooter.runSuitesInProcess(ForkedBooter.java:385)
	at org.apache.maven.surefire.booter.ForkedBooter.execute(ForkedBooter.java:162)
	at org.apache.maven.surefire.booter.ForkedBooter.run(ForkedBooter.java:507)
	at org.apache.maven.surefire.booter.ForkedBooter.main(ForkedBooter.java:495)
2025-06-14 16:48:06 - Caught exception while allowing TestExecutionListener [org.springframework.test.context.support.DependencyInjectionTestExecutionListener] to prepare test instance [org.frcpm.repositories.AttendanceRepositoryIntegrationTest@1bb5dce0]
java.lang.IllegalStateException: ApplicationContext failure threshold (1) exceeded: skipping repeated attempt to load context for [MergedContextConfiguration@50ba10de testClass = org.frcpm.repositories.AttendanceRepositoryIntegrationTest, locations = [], classes = [org.frcpm.FrcProjectManagementApplication], contextInitializerClasses = [], activeProfiles = ["test"], propertySourceDescriptors = [], propertySourceProperties = ["org.springframework.boot.test.autoconfigure.orm.jpa.DataJpaTestContextBootstrapper=true"], contextCustomizers = [[ImportsContextCustomizer@518e9141 key = [org.springframework.boot.autoconfigure.transaction.TransactionAutoConfiguration, org.springframework.boot.autoconfigure.data.jpa.JpaRepositoriesAutoConfiguration, org.springframework.boot.test.autoconfigure.orm.jpa.TestEntityManagerAutoConfiguration, org.springframework.boot.autoconfigure.cache.CacheAutoConfiguration, org.springframework.boot.autoconfigure.orm.jpa.HibernateJpaAutoConfiguration, org.springframework.boot.autoconfigure.sql.init.SqlInitializationAutoConfiguration, org.springframework.boot.test.autoconfigure.jdbc.TestDatabaseAutoConfiguration, org.springframework.boot.autoconfigure.flyway.FlywayAutoConfiguration, org.springframework.boot.autoconfigure.jdbc.DataSourceTransactionManagerAutoConfiguration, org.springframework.boot.autoconfigure.liquibase.LiquibaseAutoConfiguration, org.springframework.boot.autoconfigure.jdbc.JdbcClientAutoConfiguration, org.springframework.boot.autoconfigure.jdbc.DataSourceAutoConfiguration, org.springframework.boot.autoconfigure.jdbc.JdbcTemplateAutoConfiguration]], org.springframework.boot.test.context.filter.ExcludeFilterContextCustomizer@6304101a, org.springframework.boot.test.json.DuplicateJsonObjectContextCustomizerFactory$DuplicateJsonObjectContextCustomizer@df6620a, org.springframework.boot.test.mock.mockito.MockitoContextCustomizer@0, org.springframework.boot.test.autoconfigure.OverrideAutoConfigurationContextCustomizerFactory$DisableAutoConfigurationContextCustomizer@40317ba2, org.springframework.boot.test.autoconfigure.actuate.observability.ObservabilityContextCustomizerFactory$DisableObservabilityContextCustomizer@1f, org.springframework.boot.test.autoconfigure.filter.TypeExcludeFiltersContextCustomizer@34be3d80, org.springframework.boot.test.autoconfigure.properties.PropertyMappingContextCustomizer@df5ba06e, org.springframework.boot.test.autoconfigure.web.servlet.WebDriverContextCustomizer@571c5681, org.springframework.boot.test.context.SpringBootTestAnnotation@6287f1ab], contextLoader = org.springframework.boot.test.context.SpringBootContextLoader, parent = null]
	at org.springframework.test.context.cache.DefaultCacheAwareContextLoaderDelegate.loadContext(DefaultCacheAwareContextLoaderDelegate.java:145)
	at org.springframework.test.context.support.DefaultTestContext.getApplicationContext(DefaultTestContext.java:130)
	at org.springframework.test.context.support.DependencyInjectionTestExecutionListener.injectDependencies(DependencyInjectionTestExecutionListener.java:141)
	at org.springframework.test.context.support.DependencyInjectionTestExecutionListener.prepareTestInstance(DependencyInjectionTestExecutionListener.java:97)
	at org.springframework.test.context.TestContextManager.prepareTestInstance(TestContextManager.java:247)
	at org.springframework.test.context.junit.jupiter.SpringExtension.postProcessTestInstance(SpringExtension.java:163)
	at org.junit.jupiter.engine.descriptor.ClassBasedTestDescriptor.lambda$invokeTestInstancePostProcessors$10(ClassBasedTestDescriptor.java:378)
	at org.junit.jupiter.engine.descriptor.ClassBasedTestDescriptor.executeAndMaskThrowable(ClassBasedTestDescriptor.java:383)
	at org.junit.jupiter.engine.descriptor.ClassBasedTestDescriptor.lambda$invokeTestInstancePostProcessors$11(ClassBasedTestDescriptor.java:378)
	at java.base/java.util.stream.ReferencePipeline$3$1.accept(ReferencePipeline.java:197)
	at java.base/java.util.stream.ReferencePipeline$2$1.accept(ReferencePipeline.java:179)
	at java.base/java.util.ArrayList$ArrayListSpliterator.forEachRemaining(ArrayList.java:1708)
	at java.base/java.util.stream.AbstractPipeline.copyInto(AbstractPipeline.java:509)
	at java.base/java.util.stream.AbstractPipeline.wrapAndCopyInto(AbstractPipeline.java:499)
	at java.base/java.util.stream.StreamSpliterators$WrappingSpliterator.forEachRemaining(StreamSpliterators.java:310)
	at java.base/java.util.stream.Streams$ConcatSpliterator.forEachRemaining(Streams.java:735)
	at java.base/java.util.stream.Streams$ConcatSpliterator.forEachRemaining(Streams.java:734)
	at java.base/java.util.stream.ReferencePipeline$Head.forEach(ReferencePipeline.java:762)
	at org.junit.jupiter.engine.descriptor.ClassBasedTestDescriptor.invokeTestInstancePostProcessors(ClassBasedTestDescriptor.java:377)
	at org.junit.jupiter.engine.descriptor.ClassBasedTestDescriptor.lambda$instantiateAndPostProcessTestInstance$6(ClassBasedTestDescriptor.java:290)
	at org.junit.platform.engine.support.hierarchical.ThrowableCollector.execute(ThrowableCollector.java:73)
	at org.junit.jupiter.engine.descriptor.ClassBasedTestDescriptor.instantiateAndPostProcessTestInstance(ClassBasedTestDescriptor.java:289)
	at org.junit.jupiter.engine.descriptor.ClassBasedTestDescriptor.lambda$testInstancesProvider$4(ClassBasedTestDescriptor.java:279)
	at java.base/java.util.Optional.orElseGet(Optional.java:364)
	at org.junit.jupiter.engine.descriptor.ClassBasedTestDescriptor.lambda$testInstancesProvider$5(ClassBasedTestDescriptor.java:278)
	at org.junit.jupiter.engine.execution.TestInstancesProvider.getTestInstances(TestInstancesProvider.java:31)
	at org.junit.jupiter.engine.descriptor.TestMethodTestDescriptor.lambda$prepare$0(TestMethodTestDescriptor.java:106)
	at org.junit.platform.engine.support.hierarchical.ThrowableCollector.execute(ThrowableCollector.java:73)
	at org.junit.jupiter.engine.descriptor.TestMethodTestDescriptor.prepare(TestMethodTestDescriptor.java:105)
	at org.junit.jupiter.engine.descriptor.TestMethodTestDescriptor.prepare(TestMethodTestDescriptor.java:69)
	at org.junit.platform.engine.support.hierarchical.NodeTestTask.lambda$prepare$2(NodeTestTask.java:123)
	at org.junit.platform.engine.support.hierarchical.ThrowableCollector.execute(ThrowableCollector.java:73)
	at org.junit.platform.engine.support.hierarchical.NodeTestTask.prepare(NodeTestTask.java:123)
	at org.junit.platform.engine.support.hierarchical.NodeTestTask.execute(NodeTestTask.java:90)
	at java.base/java.util.ArrayList.forEach(ArrayList.java:1596)
	at org.junit.platform.engine.support.hierarchical.SameThreadHierarchicalTestExecutorService.invokeAll(SameThreadHierarchicalTestExecutorService.java:41)
	at org.junit.platform.engine.support.hierarchical.NodeTestTask.lambda$executeRecursively$6(NodeTestTask.java:155)
	at org.junit.platform.engine.support.hierarchical.ThrowableCollector.execute(ThrowableCollector.java:73)
	at org.junit.platform.engine.support.hierarchical.NodeTestTask.lambda$executeRecursively$8(NodeTestTask.java:141)
	at org.junit.platform.engine.support.hierarchical.Node.around(Node.java:137)
	at org.junit.platform.engine.support.hierarchical.NodeTestTask.lambda$executeRecursively$9(NodeTestTask.java:139)
	at org.junit.platform.engine.support.hierarchical.ThrowableCollector.execute(ThrowableCollector.java:73)
	at org.junit.platform.engine.support.hierarchical.NodeTestTask.executeRecursively(NodeTestTask.java:138)
	at org.junit.platform.engine.support.hierarchical.NodeTestTask.execute(NodeTestTask.java:95)
	at java.base/java.util.ArrayList.forEach(ArrayList.java:1596)
	at org.junit.platform.engine.support.hierarchical.SameThreadHierarchicalTestExecutorService.invokeAll(SameThreadHierarchicalTestExecutorService.java:41)
	at org.junit.platform.engine.support.hierarchical.NodeTestTask.lambda$executeRecursively$6(NodeTestTask.java:155)
	at org.junit.platform.engine.support.hierarchical.ThrowableCollector.execute(ThrowableCollector.java:73)
	at org.junit.platform.engine.support.hierarchical.NodeTestTask.lambda$executeRecursively$8(NodeTestTask.java:141)
	at org.junit.platform.engine.support.hierarchical.Node.around(Node.java:137)
	at org.junit.platform.engine.support.hierarchical.NodeTestTask.lambda$executeRecursively$9(NodeTestTask.java:139)
	at org.junit.platform.engine.support.hierarchical.ThrowableCollector.execute(ThrowableCollector.java:73)
	at org.junit.platform.engine.support.hierarchical.NodeTestTask.executeRecursively(NodeTestTask.java:138)
	at org.junit.platform.engine.support.hierarchical.NodeTestTask.execute(NodeTestTask.java:95)
	at org.junit.platform.engine.support.hierarchical.SameThreadHierarchicalTestExecutorService.submit(SameThreadHierarchicalTestExecutorService.java:35)
	at org.junit.platform.engine.support.hierarchical.HierarchicalTestExecutor.execute(HierarchicalTestExecutor.java:57)
	at org.junit.platform.engine.support.hierarchical.HierarchicalTestEngine.execute(HierarchicalTestEngine.java:54)
	at org.junit.platform.launcher.core.EngineExecutionOrchestrator.execute(EngineExecutionOrchestrator.java:198)
	at org.junit.platform.launcher.core.EngineExecutionOrchestrator.execute(EngineExecutionOrchestrator.java:169)
	at org.junit.platform.launcher.core.EngineExecutionOrchestrator.execute(EngineExecutionOrchestrator.java:93)
	at org.junit.platform.launcher.core.EngineExecutionOrchestrator.lambda$execute$0(EngineExecutionOrchestrator.java:58)
	at org.junit.platform.launcher.core.EngineExecutionOrchestrator.withInterceptedStreams(EngineExecutionOrchestrator.java:141)
	at org.junit.platform.launcher.core.EngineExecutionOrchestrator.execute(EngineExecutionOrchestrator.java:57)
	at org.junit.platform.launcher.core.DefaultLauncher.execute(DefaultLauncher.java:103)
	at org.junit.platform.launcher.core.DefaultLauncher.execute(DefaultLauncher.java:85)
	at org.junit.platform.launcher.core.DelegatingLauncher.execute(DelegatingLauncher.java:47)
	at org.apache.maven.surefire.junitplatform.LazyLauncher.execute(LazyLauncher.java:56)
	at org.apache.maven.surefire.junitplatform.JUnitPlatformProvider.execute(JUnitPlatformProvider.java:184)
	at org.apache.maven.surefire.junitplatform.JUnitPlatformProvider.invokeAllTests(JUnitPlatformProvider.java:148)
	at org.apache.maven.surefire.junitplatform.JUnitPlatformProvider.invoke(JUnitPlatformProvider.java:122)
	at org.apache.maven.surefire.booter.ForkedBooter.runSuitesInProcess(ForkedBooter.java:385)
	at org.apache.maven.surefire.booter.ForkedBooter.execute(ForkedBooter.java:162)
	at org.apache.maven.surefire.booter.ForkedBooter.run(ForkedBooter.java:507)
	at org.apache.maven.surefire.booter.ForkedBooter.main(ForkedBooter.java:495)
2025-06-14 16:48:06 - Caught exception while allowing TestExecutionListener [org.springframework.test.context.support.DependencyInjectionTestExecutionListener] to prepare test instance [org.frcpm.repositories.AttendanceRepositoryIntegrationTest@135a8812]
java.lang.IllegalStateException: ApplicationContext failure threshold (1) exceeded: skipping repeated attempt to load context for [MergedContextConfiguration@50ba10de testClass = org.frcpm.repositories.AttendanceRepositoryIntegrationTest, locations = [], classes = [org.frcpm.FrcProjectManagementApplication], contextInitializerClasses = [], activeProfiles = ["test"], propertySourceDescriptors = [], propertySourceProperties = ["org.springframework.boot.test.autoconfigure.orm.jpa.DataJpaTestContextBootstrapper=true"], contextCustomizers = [[ImportsContextCustomizer@518e9141 key = [org.springframework.boot.autoconfigure.transaction.TransactionAutoConfiguration, org.springframework.boot.autoconfigure.data.jpa.JpaRepositoriesAutoConfiguration, org.springframework.boot.test.autoconfigure.orm.jpa.TestEntityManagerAutoConfiguration, org.springframework.boot.autoconfigure.cache.CacheAutoConfiguration, org.springframework.boot.autoconfigure.orm.jpa.HibernateJpaAutoConfiguration, org.springframework.boot.autoconfigure.sql.init.SqlInitializationAutoConfiguration, org.springframework.boot.test.autoconfigure.jdbc.TestDatabaseAutoConfiguration, org.springframework.boot.autoconfigure.flyway.FlywayAutoConfiguration, org.springframework.boot.autoconfigure.jdbc.DataSourceTransactionManagerAutoConfiguration, org.springframework.boot.autoconfigure.liquibase.LiquibaseAutoConfiguration, org.springframework.boot.autoconfigure.jdbc.JdbcClientAutoConfiguration, org.springframework.boot.autoconfigure.jdbc.DataSourceAutoConfiguration, org.springframework.boot.autoconfigure.jdbc.JdbcTemplateAutoConfiguration]], org.springframework.boot.test.context.filter.ExcludeFilterContextCustomizer@6304101a, org.springframework.boot.test.json.DuplicateJsonObjectContextCustomizerFactory$DuplicateJsonObjectContextCustomizer@df6620a, org.springframework.boot.test.mock.mockito.MockitoContextCustomizer@0, org.springframework.boot.test.autoconfigure.OverrideAutoConfigurationContextCustomizerFactory$DisableAutoConfigurationContextCustomizer@40317ba2, org.springframework.boot.test.autoconfigure.actuate.observability.ObservabilityContextCustomizerFactory$DisableObservabilityContextCustomizer@1f, org.springframework.boot.test.autoconfigure.filter.TypeExcludeFiltersContextCustomizer@34be3d80, org.springframework.boot.test.autoconfigure.properties.PropertyMappingContextCustomizer@df5ba06e, org.springframework.boot.test.autoconfigure.web.servlet.WebDriverContextCustomizer@571c5681, org.springframework.boot.test.context.SpringBootTestAnnotation@6287f1ab], contextLoader = org.springframework.boot.test.context.SpringBootContextLoader, parent = null]
	at org.springframework.test.context.cache.DefaultCacheAwareContextLoaderDelegate.loadContext(DefaultCacheAwareContextLoaderDelegate.java:145)
	at org.springframework.test.context.support.DefaultTestContext.getApplicationContext(DefaultTestContext.java:130)
	at org.springframework.test.context.support.DependencyInjectionTestExecutionListener.injectDependencies(DependencyInjectionTestExecutionListener.java:141)
	at org.springframework.test.context.support.DependencyInjectionTestExecutionListener.prepareTestInstance(DependencyInjectionTestExecutionListener.java:97)
	at org.springframework.test.context.TestContextManager.prepareTestInstance(TestContextManager.java:247)
	at org.springframework.test.context.junit.jupiter.SpringExtension.postProcessTestInstance(SpringExtension.java:163)
	at org.junit.jupiter.engine.descriptor.ClassBasedTestDescriptor.lambda$invokeTestInstancePostProcessors$10(ClassBasedTestDescriptor.java:378)
	at org.junit.jupiter.engine.descriptor.ClassBasedTestDescriptor.executeAndMaskThrowable(ClassBasedTestDescriptor.java:383)
	at org.junit.jupiter.engine.descriptor.ClassBasedTestDescriptor.lambda$invokeTestInstancePostProcessors$11(ClassBasedTestDescriptor.java:378)
	at java.base/java.util.stream.ReferencePipeline$3$1.accept(ReferencePipeline.java:197)
	at java.base/java.util.stream.ReferencePipeline$2$1.accept(ReferencePipeline.java:179)
	at java.base/java.util.ArrayList$ArrayListSpliterator.forEachRemaining(ArrayList.java:1708)
	at java.base/java.util.stream.AbstractPipeline.copyInto(AbstractPipeline.java:509)
	at java.base/java.util.stream.AbstractPipeline.wrapAndCopyInto(AbstractPipeline.java:499)
	at java.base/java.util.stream.StreamSpliterators$WrappingSpliterator.forEachRemaining(StreamSpliterators.java:310)
	at java.base/java.util.stream.Streams$ConcatSpliterator.forEachRemaining(Streams.java:735)
	at java.base/java.util.stream.Streams$ConcatSpliterator.forEachRemaining(Streams.java:734)
	at java.base/java.util.stream.ReferencePipeline$Head.forEach(ReferencePipeline.java:762)
	at org.junit.jupiter.engine.descriptor.ClassBasedTestDescriptor.invokeTestInstancePostProcessors(ClassBasedTestDescriptor.java:377)
	at org.junit.jupiter.engine.descriptor.ClassBasedTestDescriptor.lambda$instantiateAndPostProcessTestInstance$6(ClassBasedTestDescriptor.java:290)
	at org.junit.platform.engine.support.hierarchical.ThrowableCollector.execute(ThrowableCollector.java:73)
	at org.junit.jupiter.engine.descriptor.ClassBasedTestDescriptor.instantiateAndPostProcessTestInstance(ClassBasedTestDescriptor.java:289)
	at org.junit.jupiter.engine.descriptor.ClassBasedTestDescriptor.lambda$testInstancesProvider$4(ClassBasedTestDescriptor.java:279)
	at java.base/java.util.Optional.orElseGet(Optional.java:364)
	at org.junit.jupiter.engine.descriptor.ClassBasedTestDescriptor.lambda$testInstancesProvider$5(ClassBasedTestDescriptor.java:278)
	at org.junit.jupiter.engine.execution.TestInstancesProvider.getTestInstances(TestInstancesProvider.java:31)
	at org.junit.jupiter.engine.descriptor.TestMethodTestDescriptor.lambda$prepare$0(TestMethodTestDescriptor.java:106)
	at org.junit.platform.engine.support.hierarchical.ThrowableCollector.execute(ThrowableCollector.java:73)
	at org.junit.jupiter.engine.descriptor.TestMethodTestDescriptor.prepare(TestMethodTestDescriptor.java:105)
	at org.junit.jupiter.engine.descriptor.TestMethodTestDescriptor.prepare(TestMethodTestDescriptor.java:69)
	at org.junit.platform.engine.support.hierarchical.NodeTestTask.lambda$prepare$2(NodeTestTask.java:123)
	at org.junit.platform.engine.support.hierarchical.ThrowableCollector.execute(ThrowableCollector.java:73)
	at org.junit.platform.engine.support.hierarchical.NodeTestTask.prepare(NodeTestTask.java:123)
	at org.junit.platform.engine.support.hierarchical.NodeTestTask.execute(NodeTestTask.java:90)
	at java.base/java.util.ArrayList.forEach(ArrayList.java:1596)
	at org.junit.platform.engine.support.hierarchical.SameThreadHierarchicalTestExecutorService.invokeAll(SameThreadHierarchicalTestExecutorService.java:41)
	at org.junit.platform.engine.support.hierarchical.NodeTestTask.lambda$executeRecursively$6(NodeTestTask.java:155)
	at org.junit.platform.engine.support.hierarchical.ThrowableCollector.execute(ThrowableCollector.java:73)
	at org.junit.platform.engine.support.hierarchical.NodeTestTask.lambda$executeRecursively$8(NodeTestTask.java:141)
	at org.junit.platform.engine.support.hierarchical.Node.around(Node.java:137)
	at org.junit.platform.engine.support.hierarchical.NodeTestTask.lambda$executeRecursively$9(NodeTestTask.java:139)
	at org.junit.platform.engine.support.hierarchical.ThrowableCollector.execute(ThrowableCollector.java:73)
	at org.junit.platform.engine.support.hierarchical.NodeTestTask.executeRecursively(NodeTestTask.java:138)
	at org.junit.platform.engine.support.hierarchical.NodeTestTask.execute(NodeTestTask.java:95)
	at java.base/java.util.ArrayList.forEach(ArrayList.java:1596)
	at org.junit.platform.engine.support.hierarchical.SameThreadHierarchicalTestExecutorService.invokeAll(SameThreadHierarchicalTestExecutorService.java:41)
	at org.junit.platform.engine.support.hierarchical.NodeTestTask.lambda$executeRecursively$6(NodeTestTask.java:155)
	at org.junit.platform.engine.support.hierarchical.ThrowableCollector.execute(ThrowableCollector.java:73)
	at org.junit.platform.engine.support.hierarchical.NodeTestTask.lambda$executeRecursively$8(NodeTestTask.java:141)
	at org.junit.platform.engine.support.hierarchical.Node.around(Node.java:137)
	at org.junit.platform.engine.support.hierarchical.NodeTestTask.lambda$executeRecursively$9(NodeTestTask.java:139)
	at org.junit.platform.engine.support.hierarchical.ThrowableCollector.execute(ThrowableCollector.java:73)
	at org.junit.platform.engine.support.hierarchical.NodeTestTask.executeRecursively(NodeTestTask.java:138)
	at org.junit.platform.engine.support.hierarchical.NodeTestTask.execute(NodeTestTask.java:95)
	at org.junit.platform.engine.support.hierarchical.SameThreadHierarchicalTestExecutorService.submit(SameThreadHierarchicalTestExecutorService.java:35)
	at org.junit.platform.engine.support.hierarchical.HierarchicalTestExecutor.execute(HierarchicalTestExecutor.java:57)
	at org.junit.platform.engine.support.hierarchical.HierarchicalTestEngine.execute(HierarchicalTestEngine.java:54)
	at org.junit.platform.launcher.core.EngineExecutionOrchestrator.execute(EngineExecutionOrchestrator.java:198)
	at org.junit.platform.launcher.core.EngineExecutionOrchestrator.execute(EngineExecutionOrchestrator.java:169)
	at org.junit.platform.launcher.core.EngineExecutionOrchestrator.execute(EngineExecutionOrchestrator.java:93)
	at org.junit.platform.launcher.core.EngineExecutionOrchestrator.lambda$execute$0(EngineExecutionOrchestrator.java:58)
	at org.junit.platform.launcher.core.EngineExecutionOrchestrator.withInterceptedStreams(EngineExecutionOrchestrator.java:141)
	at org.junit.platform.launcher.core.EngineExecutionOrchestrator.execute(EngineExecutionOrchestrator.java:57)
	at org.junit.platform.launcher.core.DefaultLauncher.execute(DefaultLauncher.java:103)
	at org.junit.platform.launcher.core.DefaultLauncher.execute(DefaultLauncher.java:85)
	at org.junit.platform.launcher.core.DelegatingLauncher.execute(DelegatingLauncher.java:47)
	at org.apache.maven.surefire.junitplatform.LazyLauncher.execute(LazyLauncher.java:56)
	at org.apache.maven.surefire.junitplatform.JUnitPlatformProvider.execute(JUnitPlatformProvider.java:184)
	at org.apache.maven.surefire.junitplatform.JUnitPlatformProvider.invokeAllTests(JUnitPlatformProvider.java:148)
	at org.apache.maven.surefire.junitplatform.JUnitPlatformProvider.invoke(JUnitPlatformProvider.java:122)
	at org.apache.maven.surefire.booter.ForkedBooter.runSuitesInProcess(ForkedBooter.java:385)
	at org.apache.maven.surefire.booter.ForkedBooter.execute(ForkedBooter.java:162)
	at org.apache.maven.surefire.booter.ForkedBooter.run(ForkedBooter.java:507)
	at org.apache.maven.surefire.booter.ForkedBooter.main(ForkedBooter.java:495)
2025-06-14 16:48:06 - Caught exception while allowing TestExecutionListener [org.springframework.test.context.support.DependencyInjectionTestExecutionListener] to prepare test instance [org.frcpm.repositories.AttendanceRepositoryIntegrationTest@618c387d]
java.lang.IllegalStateException: ApplicationContext failure threshold (1) exceeded: skipping repeated attempt to load context for [MergedContextConfiguration@50ba10de testClass = org.frcpm.repositories.AttendanceRepositoryIntegrationTest, locations = [], classes = [org.frcpm.FrcProjectManagementApplication], contextInitializerClasses = [], activeProfiles = ["test"], propertySourceDescriptors = [], propertySourceProperties = ["org.springframework.boot.test.autoconfigure.orm.jpa.DataJpaTestContextBootstrapper=true"], contextCustomizers = [[ImportsContextCustomizer@518e9141 key = [org.springframework.boot.autoconfigure.transaction.TransactionAutoConfiguration, org.springframework.boot.autoconfigure.data.jpa.JpaRepositoriesAutoConfiguration, org.springframework.boot.test.autoconfigure.orm.jpa.TestEntityManagerAutoConfiguration, org.springframework.boot.autoconfigure.cache.CacheAutoConfiguration, org.springframework.boot.autoconfigure.orm.jpa.HibernateJpaAutoConfiguration, org.springframework.boot.autoconfigure.sql.init.SqlInitializationAutoConfiguration, org.springframework.boot.test.autoconfigure.jdbc.TestDatabaseAutoConfiguration, org.springframework.boot.autoconfigure.flyway.FlywayAutoConfiguration, org.springframework.boot.autoconfigure.jdbc.DataSourceTransactionManagerAutoConfiguration, org.springframework.boot.autoconfigure.liquibase.LiquibaseAutoConfiguration, org.springframework.boot.autoconfigure.jdbc.JdbcClientAutoConfiguration, org.springframework.boot.autoconfigure.jdbc.DataSourceAutoConfiguration, org.springframework.boot.autoconfigure.jdbc.JdbcTemplateAutoConfiguration]], org.springframework.boot.test.context.filter.ExcludeFilterContextCustomizer@6304101a, org.springframework.boot.test.json.DuplicateJsonObjectContextCustomizerFactory$DuplicateJsonObjectContextCustomizer@df6620a, org.springframework.boot.test.mock.mockito.MockitoContextCustomizer@0, org.springframework.boot.test.autoconfigure.OverrideAutoConfigurationContextCustomizerFactory$DisableAutoConfigurationContextCustomizer@40317ba2, org.springframework.boot.test.autoconfigure.actuate.observability.ObservabilityContextCustomizerFactory$DisableObservabilityContextCustomizer@1f, org.springframework.boot.test.autoconfigure.filter.TypeExcludeFiltersContextCustomizer@34be3d80, org.springframework.boot.test.autoconfigure.properties.PropertyMappingContextCustomizer@df5ba06e, org.springframework.boot.test.autoconfigure.web.servlet.WebDriverContextCustomizer@571c5681, org.springframework.boot.test.context.SpringBootTestAnnotation@6287f1ab], contextLoader = org.springframework.boot.test.context.SpringBootContextLoader, parent = null]
	at org.springframework.test.context.cache.DefaultCacheAwareContextLoaderDelegate.loadContext(DefaultCacheAwareContextLoaderDelegate.java:145)
	at org.springframework.test.context.support.DefaultTestContext.getApplicationContext(DefaultTestContext.java:130)
	at org.springframework.test.context.support.DependencyInjectionTestExecutionListener.injectDependencies(DependencyInjectionTestExecutionListener.java:141)
	at org.springframework.test.context.support.DependencyInjectionTestExecutionListener.prepareTestInstance(DependencyInjectionTestExecutionListener.java:97)
	at org.springframework.test.context.TestContextManager.prepareTestInstance(TestContextManager.java:247)
	at org.springframework.test.context.junit.jupiter.SpringExtension.postProcessTestInstance(SpringExtension.java:163)
	at org.junit.jupiter.engine.descriptor.ClassBasedTestDescriptor.lambda$invokeTestInstancePostProcessors$10(ClassBasedTestDescriptor.java:378)
	at org.junit.jupiter.engine.descriptor.ClassBasedTestDescriptor.executeAndMaskThrowable(ClassBasedTestDescriptor.java:383)
	at org.junit.jupiter.engine.descriptor.ClassBasedTestDescriptor.lambda$invokeTestInstancePostProcessors$11(ClassBasedTestDescriptor.java:378)
	at java.base/java.util.stream.ReferencePipeline$3$1.accept(ReferencePipeline.java:197)
	at java.base/java.util.stream.ReferencePipeline$2$1.accept(ReferencePipeline.java:179)
	at java.base/java.util.ArrayList$ArrayListSpliterator.forEachRemaining(ArrayList.java:1708)
	at java.base/java.util.stream.AbstractPipeline.copyInto(AbstractPipeline.java:509)
	at java.base/java.util.stream.AbstractPipeline.wrapAndCopyInto(AbstractPipeline.java:499)
	at java.base/java.util.stream.StreamSpliterators$WrappingSpliterator.forEachRemaining(StreamSpliterators.java:310)
	at java.base/java.util.stream.Streams$ConcatSpliterator.forEachRemaining(Streams.java:735)
	at java.base/java.util.stream.Streams$ConcatSpliterator.forEachRemaining(Streams.java:734)
	at java.base/java.util.stream.ReferencePipeline$Head.forEach(ReferencePipeline.java:762)
	at org.junit.jupiter.engine.descriptor.ClassBasedTestDescriptor.invokeTestInstancePostProcessors(ClassBasedTestDescriptor.java:377)
	at org.junit.jupiter.engine.descriptor.ClassBasedTestDescriptor.lambda$instantiateAndPostProcessTestInstance$6(ClassBasedTestDescriptor.java:290)
	at org.junit.platform.engine.support.hierarchical.ThrowableCollector.execute(ThrowableCollector.java:73)
	at org.junit.jupiter.engine.descriptor.ClassBasedTestDescriptor.instantiateAndPostProcessTestInstance(ClassBasedTestDescriptor.java:289)
	at org.junit.jupiter.engine.descriptor.ClassBasedTestDescriptor.lambda$testInstancesProvider$4(ClassBasedTestDescriptor.java:279)
	at java.base/java.util.Optional.orElseGet(Optional.java:364)
	at org.junit.jupiter.engine.descriptor.ClassBasedTestDescriptor.lambda$testInstancesProvider$5(ClassBasedTestDescriptor.java:278)
	at org.junit.jupiter.engine.execution.TestInstancesProvider.getTestInstances(TestInstancesProvider.java:31)
	at org.junit.jupiter.engine.descriptor.TestMethodTestDescriptor.lambda$prepare$0(TestMethodTestDescriptor.java:106)
	at org.junit.platform.engine.support.hierarchical.ThrowableCollector.execute(ThrowableCollector.java:73)
	at org.junit.jupiter.engine.descriptor.TestMethodTestDescriptor.prepare(TestMethodTestDescriptor.java:105)
	at org.junit.jupiter.engine.descriptor.TestMethodTestDescriptor.prepare(TestMethodTestDescriptor.java:69)
	at org.junit.platform.engine.support.hierarchical.NodeTestTask.lambda$prepare$2(NodeTestTask.java:123)
	at org.junit.platform.engine.support.hierarchical.ThrowableCollector.execute(ThrowableCollector.java:73)
	at org.junit.platform.engine.support.hierarchical.NodeTestTask.prepare(NodeTestTask.java:123)
	at org.junit.platform.engine.support.hierarchical.NodeTestTask.execute(NodeTestTask.java:90)
	at java.base/java.util.ArrayList.forEach(ArrayList.java:1596)
	at org.junit.platform.engine.support.hierarchical.SameThreadHierarchicalTestExecutorService.invokeAll(SameThreadHierarchicalTestExecutorService.java:41)
	at org.junit.platform.engine.support.hierarchical.NodeTestTask.lambda$executeRecursively$6(NodeTestTask.java:155)
	at org.junit.platform.engine.support.hierarchical.ThrowableCollector.execute(ThrowableCollector.java:73)
	at org.junit.platform.engine.support.hierarchical.NodeTestTask.lambda$executeRecursively$8(NodeTestTask.java:141)
	at org.junit.platform.engine.support.hierarchical.Node.around(Node.java:137)
	at org.junit.platform.engine.support.hierarchical.NodeTestTask.lambda$executeRecursively$9(NodeTestTask.java:139)
	at org.junit.platform.engine.support.hierarchical.ThrowableCollector.execute(ThrowableCollector.java:73)
	at org.junit.platform.engine.support.hierarchical.NodeTestTask.executeRecursively(NodeTestTask.java:138)
	at org.junit.platform.engine.support.hierarchical.NodeTestTask.execute(NodeTestTask.java:95)
	at java.base/java.util.ArrayList.forEach(ArrayList.java:1596)
	at org.junit.platform.engine.support.hierarchical.SameThreadHierarchicalTestExecutorService.invokeAll(SameThreadHierarchicalTestExecutorService.java:41)
	at org.junit.platform.engine.support.hierarchical.NodeTestTask.lambda$executeRecursively$6(NodeTestTask.java:155)
	at org.junit.platform.engine.support.hierarchical.ThrowableCollector.execute(ThrowableCollector.java:73)
	at org.junit.platform.engine.support.hierarchical.NodeTestTask.lambda$executeRecursively$8(NodeTestTask.java:141)
	at org.junit.platform.engine.support.hierarchical.Node.around(Node.java:137)
	at org.junit.platform.engine.support.hierarchical.NodeTestTask.lambda$executeRecursively$9(NodeTestTask.java:139)
	at org.junit.platform.engine.support.hierarchical.ThrowableCollector.execute(ThrowableCollector.java:73)
	at org.junit.platform.engine.support.hierarchical.NodeTestTask.executeRecursively(NodeTestTask.java:138)
	at org.junit.platform.engine.support.hierarchical.NodeTestTask.execute(NodeTestTask.java:95)
	at org.junit.platform.engine.support.hierarchical.SameThreadHierarchicalTestExecutorService.submit(SameThreadHierarchicalTestExecutorService.java:35)
	at org.junit.platform.engine.support.hierarchical.HierarchicalTestExecutor.execute(HierarchicalTestExecutor.java:57)
	at org.junit.platform.engine.support.hierarchical.HierarchicalTestEngine.execute(HierarchicalTestEngine.java:54)
	at org.junit.platform.launcher.core.EngineExecutionOrchestrator.execute(EngineExecutionOrchestrator.java:198)
	at org.junit.platform.launcher.core.EngineExecutionOrchestrator.execute(EngineExecutionOrchestrator.java:169)
	at org.junit.platform.launcher.core.EngineExecutionOrchestrator.execute(EngineExecutionOrchestrator.java:93)
	at org.junit.platform.launcher.core.EngineExecutionOrchestrator.lambda$execute$0(EngineExecutionOrchestrator.java:58)
	at org.junit.platform.launcher.core.EngineExecutionOrchestrator.withInterceptedStreams(EngineExecutionOrchestrator.java:141)
	at org.junit.platform.launcher.core.EngineExecutionOrchestrator.execute(EngineExecutionOrchestrator.java:57)
	at org.junit.platform.launcher.core.DefaultLauncher.execute(DefaultLauncher.java:103)
	at org.junit.platform.launcher.core.DefaultLauncher.execute(DefaultLauncher.java:85)
	at org.junit.platform.launcher.core.DelegatingLauncher.execute(DelegatingLauncher.java:47)
	at org.apache.maven.surefire.junitplatform.LazyLauncher.execute(LazyLauncher.java:56)
	at org.apache.maven.surefire.junitplatform.JUnitPlatformProvider.execute(JUnitPlatformProvider.java:184)
	at org.apache.maven.surefire.junitplatform.JUnitPlatformProvider.invokeAllTests(JUnitPlatformProvider.java:148)
	at org.apache.maven.surefire.junitplatform.JUnitPlatformProvider.invoke(JUnitPlatformProvider.java:122)
	at org.apache.maven.surefire.booter.ForkedBooter.runSuitesInProcess(ForkedBooter.java:385)
	at org.apache.maven.surefire.booter.ForkedBooter.execute(ForkedBooter.java:162)
	at org.apache.maven.surefire.booter.ForkedBooter.run(ForkedBooter.java:507)
	at org.apache.maven.surefire.booter.ForkedBooter.main(ForkedBooter.java:495)
2025-06-14 16:48:06 - Caught exception while allowing TestExecutionListener [org.springframework.test.context.support.DependencyInjectionTestExecutionListener] to prepare test instance [org.frcpm.repositories.AttendanceRepositoryIntegrationTest@3d7d72f2]
java.lang.IllegalStateException: ApplicationContext failure threshold (1) exceeded: skipping repeated attempt to load context for [MergedContextConfiguration@50ba10de testClass = org.frcpm.repositories.AttendanceRepositoryIntegrationTest, locations = [], classes = [org.frcpm.FrcProjectManagementApplication], contextInitializerClasses = [], activeProfiles = ["test"], propertySourceDescriptors = [], propertySourceProperties = ["org.springframework.boot.test.autoconfigure.orm.jpa.DataJpaTestContextBootstrapper=true"], contextCustomizers = [[ImportsContextCustomizer@518e9141 key = [org.springframework.boot.autoconfigure.transaction.TransactionAutoConfiguration, org.springframework.boot.autoconfigure.data.jpa.JpaRepositoriesAutoConfiguration, org.springframework.boot.test.autoconfigure.orm.jpa.TestEntityManagerAutoConfiguration, org.springframework.boot.autoconfigure.cache.CacheAutoConfiguration, org.springframework.boot.autoconfigure.orm.jpa.HibernateJpaAutoConfiguration, org.springframework.boot.autoconfigure.sql.init.SqlInitializationAutoConfiguration, org.springframework.boot.test.autoconfigure.jdbc.TestDatabaseAutoConfiguration, org.springframework.boot.autoconfigure.flyway.FlywayAutoConfiguration, org.springframework.boot.autoconfigure.jdbc.DataSourceTransactionManagerAutoConfiguration, org.springframework.boot.autoconfigure.liquibase.LiquibaseAutoConfiguration, org.springframework.boot.autoconfigure.jdbc.JdbcClientAutoConfiguration, org.springframework.boot.autoconfigure.jdbc.DataSourceAutoConfiguration, org.springframework.boot.autoconfigure.jdbc.JdbcTemplateAutoConfiguration]], org.springframework.boot.test.context.filter.ExcludeFilterContextCustomizer@6304101a, org.springframework.boot.test.json.DuplicateJsonObjectContextCustomizerFactory$DuplicateJsonObjectContextCustomizer@df6620a, org.springframework.boot.test.mock.mockito.MockitoContextCustomizer@0, org.springframework.boot.test.autoconfigure.OverrideAutoConfigurationContextCustomizerFactory$DisableAutoConfigurationContextCustomizer@40317ba2, org.springframework.boot.test.autoconfigure.actuate.observability.ObservabilityContextCustomizerFactory$DisableObservabilityContextCustomizer@1f, org.springframework.boot.test.autoconfigure.filter.TypeExcludeFiltersContextCustomizer@34be3d80, org.springframework.boot.test.autoconfigure.properties.PropertyMappingContextCustomizer@df5ba06e, org.springframework.boot.test.autoconfigure.web.servlet.WebDriverContextCustomizer@571c5681, org.springframework.boot.test.context.SpringBootTestAnnotation@6287f1ab], contextLoader = org.springframework.boot.test.context.SpringBootContextLoader, parent = null]
	at org.springframework.test.context.cache.DefaultCacheAwareContextLoaderDelegate.loadContext(DefaultCacheAwareContextLoaderDelegate.java:145)
	at org.springframework.test.context.support.DefaultTestContext.getApplicationContext(DefaultTestContext.java:130)
	at org.springframework.test.context.support.DependencyInjectionTestExecutionListener.injectDependencies(DependencyInjectionTestExecutionListener.java:141)
	at org.springframework.test.context.support.DependencyInjectionTestExecutionListener.prepareTestInstance(DependencyInjectionTestExecutionListener.java:97)
	at org.springframework.test.context.TestContextManager.prepareTestInstance(TestContextManager.java:247)
	at org.springframework.test.context.junit.jupiter.SpringExtension.postProcessTestInstance(SpringExtension.java:163)
	at org.junit.jupiter.engine.descriptor.ClassBasedTestDescriptor.lambda$invokeTestInstancePostProcessors$10(ClassBasedTestDescriptor.java:378)
	at org.junit.jupiter.engine.descriptor.ClassBasedTestDescriptor.executeAndMaskThrowable(ClassBasedTestDescriptor.java:383)
	at org.junit.jupiter.engine.descriptor.ClassBasedTestDescriptor.lambda$invokeTestInstancePostProcessors$11(ClassBasedTestDescriptor.java:378)
	at java.base/java.util.stream.ReferencePipeline$3$1.accept(ReferencePipeline.java:197)
	at java.base/java.util.stream.ReferencePipeline$2$1.accept(ReferencePipeline.java:179)
	at java.base/java.util.ArrayList$ArrayListSpliterator.forEachRemaining(ArrayList.java:1708)
	at java.base/java.util.stream.AbstractPipeline.copyInto(AbstractPipeline.java:509)
	at java.base/java.util.stream.AbstractPipeline.wrapAndCopyInto(AbstractPipeline.java:499)
	at java.base/java.util.stream.StreamSpliterators$WrappingSpliterator.forEachRemaining(StreamSpliterators.java:310)
	at java.base/java.util.stream.Streams$ConcatSpliterator.forEachRemaining(Streams.java:735)
	at java.base/java.util.stream.Streams$ConcatSpliterator.forEachRemaining(Streams.java:734)
	at java.base/java.util.stream.ReferencePipeline$Head.forEach(ReferencePipeline.java:762)
	at org.junit.jupiter.engine.descriptor.ClassBasedTestDescriptor.invokeTestInstancePostProcessors(ClassBasedTestDescriptor.java:377)
	at org.junit.jupiter.engine.descriptor.ClassBasedTestDescriptor.lambda$instantiateAndPostProcessTestInstance$6(ClassBasedTestDescriptor.java:290)
	at org.junit.platform.engine.support.hierarchical.ThrowableCollector.execute(ThrowableCollector.java:73)
	at org.junit.jupiter.engine.descriptor.ClassBasedTestDescriptor.instantiateAndPostProcessTestInstance(ClassBasedTestDescriptor.java:289)
	at org.junit.jupiter.engine.descriptor.ClassBasedTestDescriptor.lambda$testInstancesProvider$4(ClassBasedTestDescriptor.java:279)
	at java.base/java.util.Optional.orElseGet(Optional.java:364)
	at org.junit.jupiter.engine.descriptor.ClassBasedTestDescriptor.lambda$testInstancesProvider$5(ClassBasedTestDescriptor.java:278)
	at org.junit.jupiter.engine.execution.TestInstancesProvider.getTestInstances(TestInstancesProvider.java:31)
	at org.junit.jupiter.engine.descriptor.TestMethodTestDescriptor.lambda$prepare$0(TestMethodTestDescriptor.java:106)
	at org.junit.platform.engine.support.hierarchical.ThrowableCollector.execute(ThrowableCollector.java:73)
	at org.junit.jupiter.engine.descriptor.TestMethodTestDescriptor.prepare(TestMethodTestDescriptor.java:105)
	at org.junit.jupiter.engine.descriptor.TestMethodTestDescriptor.prepare(TestMethodTestDescriptor.java:69)
	at org.junit.platform.engine.support.hierarchical.NodeTestTask.lambda$prepare$2(NodeTestTask.java:123)
	at org.junit.platform.engine.support.hierarchical.ThrowableCollector.execute(ThrowableCollector.java:73)
	at org.junit.platform.engine.support.hierarchical.NodeTestTask.prepare(NodeTestTask.java:123)
	at org.junit.platform.engine.support.hierarchical.NodeTestTask.execute(NodeTestTask.java:90)
	at java.base/java.util.ArrayList.forEach(ArrayList.java:1596)
	at org.junit.platform.engine.support.hierarchical.SameThreadHierarchicalTestExecutorService.invokeAll(SameThreadHierarchicalTestExecutorService.java:41)
	at org.junit.platform.engine.support.hierarchical.NodeTestTask.lambda$executeRecursively$6(NodeTestTask.java:155)
	at org.junit.platform.engine.support.hierarchical.ThrowableCollector.execute(ThrowableCollector.java:73)
	at org.junit.platform.engine.support.hierarchical.NodeTestTask.lambda$executeRecursively$8(NodeTestTask.java:141)
	at org.junit.platform.engine.support.hierarchical.Node.around(Node.java:137)
	at org.junit.platform.engine.support.hierarchical.NodeTestTask.lambda$executeRecursively$9(NodeTestTask.java:139)
	at org.junit.platform.engine.support.hierarchical.ThrowableCollector.execute(ThrowableCollector.java:73)
	at org.junit.platform.engine.support.hierarchical.NodeTestTask.executeRecursively(NodeTestTask.java:138)
	at org.junit.platform.engine.support.hierarchical.NodeTestTask.execute(NodeTestTask.java:95)
	at java.base/java.util.ArrayList.forEach(ArrayList.java:1596)
	at org.junit.platform.engine.support.hierarchical.SameThreadHierarchicalTestExecutorService.invokeAll(SameThreadHierarchicalTestExecutorService.java:41)
	at org.junit.platform.engine.support.hierarchical.NodeTestTask.lambda$executeRecursively$6(NodeTestTask.java:155)
	at org.junit.platform.engine.support.hierarchical.ThrowableCollector.execute(ThrowableCollector.java:73)
	at org.junit.platform.engine.support.hierarchical.NodeTestTask.lambda$executeRecursively$8(NodeTestTask.java:141)
	at org.junit.platform.engine.support.hierarchical.Node.around(Node.java:137)
	at org.junit.platform.engine.support.hierarchical.NodeTestTask.lambda$executeRecursively$9(NodeTestTask.java:139)
	at org.junit.platform.engine.support.hierarchical.ThrowableCollector.execute(ThrowableCollector.java:73)
	at org.junit.platform.engine.support.hierarchical.NodeTestTask.executeRecursively(NodeTestTask.java:138)
	at org.junit.platform.engine.support.hierarchical.NodeTestTask.execute(NodeTestTask.java:95)
	at org.junit.platform.engine.support.hierarchical.SameThreadHierarchicalTestExecutorService.submit(SameThreadHierarchicalTestExecutorService.java:35)
	at org.junit.platform.engine.support.hierarchical.HierarchicalTestExecutor.execute(HierarchicalTestExecutor.java:57)
	at org.junit.platform.engine.support.hierarchical.HierarchicalTestEngine.execute(HierarchicalTestEngine.java:54)
	at org.junit.platform.launcher.core.EngineExecutionOrchestrator.execute(EngineExecutionOrchestrator.java:198)
	at org.junit.platform.launcher.core.EngineExecutionOrchestrator.execute(EngineExecutionOrchestrator.java:169)
	at org.junit.platform.launcher.core.EngineExecutionOrchestrator.execute(EngineExecutionOrchestrator.java:93)
	at org.junit.platform.launcher.core.EngineExecutionOrchestrator.lambda$execute$0(EngineExecutionOrchestrator.java:58)
	at org.junit.platform.launcher.core.EngineExecutionOrchestrator.withInterceptedStreams(EngineExecutionOrchestrator.java:141)
	at org.junit.platform.launcher.core.EngineExecutionOrchestrator.execute(EngineExecutionOrchestrator.java:57)
	at org.junit.platform.launcher.core.DefaultLauncher.execute(DefaultLauncher.java:103)
	at org.junit.platform.launcher.core.DefaultLauncher.execute(DefaultLauncher.java:85)
	at org.junit.platform.launcher.core.DelegatingLauncher.execute(DelegatingLauncher.java:47)
	at org.apache.maven.surefire.junitplatform.LazyLauncher.execute(LazyLauncher.java:56)
	at org.apache.maven.surefire.junitplatform.JUnitPlatformProvider.execute(JUnitPlatformProvider.java:184)
	at org.apache.maven.surefire.junitplatform.JUnitPlatformProvider.invokeAllTests(JUnitPlatformProvider.java:148)
	at org.apache.maven.surefire.junitplatform.JUnitPlatformProvider.invoke(JUnitPlatformProvider.java:122)
	at org.apache.maven.surefire.booter.ForkedBooter.runSuitesInProcess(ForkedBooter.java:385)
	at org.apache.maven.surefire.booter.ForkedBooter.execute(ForkedBooter.java:162)
	at org.apache.maven.surefire.booter.ForkedBooter.run(ForkedBooter.java:507)
	at org.apache.maven.surefire.booter.ForkedBooter.main(ForkedBooter.java:495)
2025-06-14 16:48:06 - Caught exception while allowing TestExecutionListener [org.springframework.test.context.support.DependencyInjectionTestExecutionListener] to prepare test instance [org.frcpm.repositories.AttendanceRepositoryIntegrationTest@34b63def]
java.lang.IllegalStateException: ApplicationContext failure threshold (1) exceeded: skipping repeated attempt to load context for [MergedContextConfiguration@50ba10de testClass = org.frcpm.repositories.AttendanceRepositoryIntegrationTest, locations = [], classes = [org.frcpm.FrcProjectManagementApplication], contextInitializerClasses = [], activeProfiles = ["test"], propertySourceDescriptors = [], propertySourceProperties = ["org.springframework.boot.test.autoconfigure.orm.jpa.DataJpaTestContextBootstrapper=true"], contextCustomizers = [[ImportsContextCustomizer@518e9141 key = [org.springframework.boot.autoconfigure.transaction.TransactionAutoConfiguration, org.springframework.boot.autoconfigure.data.jpa.JpaRepositoriesAutoConfiguration, org.springframework.boot.test.autoconfigure.orm.jpa.TestEntityManagerAutoConfiguration, org.springframework.boot.autoconfigure.cache.CacheAutoConfiguration, org.springframework.boot.autoconfigure.orm.jpa.HibernateJpaAutoConfiguration, org.springframework.boot.autoconfigure.sql.init.SqlInitializationAutoConfiguration, org.springframework.boot.test.autoconfigure.jdbc.TestDatabaseAutoConfiguration, org.springframework.boot.autoconfigure.flyway.FlywayAutoConfiguration, org.springframework.boot.autoconfigure.jdbc.DataSourceTransactionManagerAutoConfiguration, org.springframework.boot.autoconfigure.liquibase.LiquibaseAutoConfiguration, org.springframework.boot.autoconfigure.jdbc.JdbcClientAutoConfiguration, org.springframework.boot.autoconfigure.jdbc.DataSourceAutoConfiguration, org.springframework.boot.autoconfigure.jdbc.JdbcTemplateAutoConfiguration]], org.springframework.boot.test.context.filter.ExcludeFilterContextCustomizer@6304101a, org.springframework.boot.test.json.DuplicateJsonObjectContextCustomizerFactory$DuplicateJsonObjectContextCustomizer@df6620a, org.springframework.boot.test.mock.mockito.MockitoContextCustomizer@0, org.springframework.boot.test.autoconfigure.OverrideAutoConfigurationContextCustomizerFactory$DisableAutoConfigurationContextCustomizer@40317ba2, org.springframework.boot.test.autoconfigure.actuate.observability.ObservabilityContextCustomizerFactory$DisableObservabilityContextCustomizer@1f, org.springframework.boot.test.autoconfigure.filter.TypeExcludeFiltersContextCustomizer@34be3d80, org.springframework.boot.test.autoconfigure.properties.PropertyMappingContextCustomizer@df5ba06e, org.springframework.boot.test.autoconfigure.web.servlet.WebDriverContextCustomizer@571c5681, org.springframework.boot.test.context.SpringBootTestAnnotation@6287f1ab], contextLoader = org.springframework.boot.test.context.SpringBootContextLoader, parent = null]
	at org.springframework.test.context.cache.DefaultCacheAwareContextLoaderDelegate.loadContext(DefaultCacheAwareContextLoaderDelegate.java:145)
	at org.springframework.test.context.support.DefaultTestContext.getApplicationContext(DefaultTestContext.java:130)
	at org.springframework.test.context.support.DependencyInjectionTestExecutionListener.injectDependencies(DependencyInjectionTestExecutionListener.java:141)
	at org.springframework.test.context.support.DependencyInjectionTestExecutionListener.prepareTestInstance(DependencyInjectionTestExecutionListener.java:97)
	at org.springframework.test.context.TestContextManager.prepareTestInstance(TestContextManager.java:247)
	at org.springframework.test.context.junit.jupiter.SpringExtension.postProcessTestInstance(SpringExtension.java:163)
	at org.junit.jupiter.engine.descriptor.ClassBasedTestDescriptor.lambda$invokeTestInstancePostProcessors$10(ClassBasedTestDescriptor.java:378)
	at org.junit.jupiter.engine.descriptor.ClassBasedTestDescriptor.executeAndMaskThrowable(ClassBasedTestDescriptor.java:383)
	at org.junit.jupiter.engine.descriptor.ClassBasedTestDescriptor.lambda$invokeTestInstancePostProcessors$11(ClassBasedTestDescriptor.java:378)
	at java.base/java.util.stream.ReferencePipeline$3$1.accept(ReferencePipeline.java:197)
	at java.base/java.util.stream.ReferencePipeline$2$1.accept(ReferencePipeline.java:179)
	at java.base/java.util.ArrayList$ArrayListSpliterator.forEachRemaining(ArrayList.java:1708)
	at java.base/java.util.stream.AbstractPipeline.copyInto(AbstractPipeline.java:509)
	at java.base/java.util.stream.AbstractPipeline.wrapAndCopyInto(AbstractPipeline.java:499)
	at java.base/java.util.stream.StreamSpliterators$WrappingSpliterator.forEachRemaining(StreamSpliterators.java:310)
	at java.base/java.util.stream.Streams$ConcatSpliterator.forEachRemaining(Streams.java:735)
	at java.base/java.util.stream.Streams$ConcatSpliterator.forEachRemaining(Streams.java:734)
	at java.base/java.util.stream.ReferencePipeline$Head.forEach(ReferencePipeline.java:762)
	at org.junit.jupiter.engine.descriptor.ClassBasedTestDescriptor.invokeTestInstancePostProcessors(ClassBasedTestDescriptor.java:377)
	at org.junit.jupiter.engine.descriptor.ClassBasedTestDescriptor.lambda$instantiateAndPostProcessTestInstance$6(ClassBasedTestDescriptor.java:290)
	at org.junit.platform.engine.support.hierarchical.ThrowableCollector.execute(ThrowableCollector.java:73)
	at org.junit.jupiter.engine.descriptor.ClassBasedTestDescriptor.instantiateAndPostProcessTestInstance(ClassBasedTestDescriptor.java:289)
	at org.junit.jupiter.engine.descriptor.ClassBasedTestDescriptor.lambda$testInstancesProvider$4(ClassBasedTestDescriptor.java:279)
	at java.base/java.util.Optional.orElseGet(Optional.java:364)
	at org.junit.jupiter.engine.descriptor.ClassBasedTestDescriptor.lambda$testInstancesProvider$5(ClassBasedTestDescriptor.java:278)
	at org.junit.jupiter.engine.execution.TestInstancesProvider.getTestInstances(TestInstancesProvider.java:31)
	at org.junit.jupiter.engine.descriptor.TestMethodTestDescriptor.lambda$prepare$0(TestMethodTestDescriptor.java:106)
	at org.junit.platform.engine.support.hierarchical.ThrowableCollector.execute(ThrowableCollector.java:73)
	at org.junit.jupiter.engine.descriptor.TestMethodTestDescriptor.prepare(TestMethodTestDescriptor.java:105)
	at org.junit.jupiter.engine.descriptor.TestMethodTestDescriptor.prepare(TestMethodTestDescriptor.java:69)
	at org.junit.platform.engine.support.hierarchical.NodeTestTask.lambda$prepare$2(NodeTestTask.java:123)
	at org.junit.platform.engine.support.hierarchical.ThrowableCollector.execute(ThrowableCollector.java:73)
	at org.junit.platform.engine.support.hierarchical.NodeTestTask.prepare(NodeTestTask.java:123)
	at org.junit.platform.engine.support.hierarchical.NodeTestTask.execute(NodeTestTask.java:90)
	at java.base/java.util.ArrayList.forEach(ArrayList.java:1596)
	at org.junit.platform.engine.support.hierarchical.SameThreadHierarchicalTestExecutorService.invokeAll(SameThreadHierarchicalTestExecutorService.java:41)
	at org.junit.platform.engine.support.hierarchical.NodeTestTask.lambda$executeRecursively$6(NodeTestTask.java:155)
	at org.junit.platform.engine.support.hierarchical.ThrowableCollector.execute(ThrowableCollector.java:73)
	at org.junit.platform.engine.support.hierarchical.NodeTestTask.lambda$executeRecursively$8(NodeTestTask.java:141)
	at org.junit.platform.engine.support.hierarchical.Node.around(Node.java:137)
	at org.junit.platform.engine.support.hierarchical.NodeTestTask.lambda$executeRecursively$9(NodeTestTask.java:139)
	at org.junit.platform.engine.support.hierarchical.ThrowableCollector.execute(ThrowableCollector.java:73)
	at org.junit.platform.engine.support.hierarchical.NodeTestTask.executeRecursively(NodeTestTask.java:138)
	at org.junit.platform.engine.support.hierarchical.NodeTestTask.execute(NodeTestTask.java:95)
	at java.base/java.util.ArrayList.forEach(ArrayList.java:1596)
	at org.junit.platform.engine.support.hierarchical.SameThreadHierarchicalTestExecutorService.invokeAll(SameThreadHierarchicalTestExecutorService.java:41)
	at org.junit.platform.engine.support.hierarchical.NodeTestTask.lambda$executeRecursively$6(NodeTestTask.java:155)
	at org.junit.platform.engine.support.hierarchical.ThrowableCollector.execute(ThrowableCollector.java:73)
	at org.junit.platform.engine.support.hierarchical.NodeTestTask.lambda$executeRecursively$8(NodeTestTask.java:141)
	at org.junit.platform.engine.support.hierarchical.Node.around(Node.java:137)
	at org.junit.platform.engine.support.hierarchical.NodeTestTask.lambda$executeRecursively$9(NodeTestTask.java:139)
	at org.junit.platform.engine.support.hierarchical.ThrowableCollector.execute(ThrowableCollector.java:73)
	at org.junit.platform.engine.support.hierarchical.NodeTestTask.executeRecursively(NodeTestTask.java:138)
	at org.junit.platform.engine.support.hierarchical.NodeTestTask.execute(NodeTestTask.java:95)
	at org.junit.platform.engine.support.hierarchical.SameThreadHierarchicalTestExecutorService.submit(SameThreadHierarchicalTestExecutorService.java:35)
	at org.junit.platform.engine.support.hierarchical.HierarchicalTestExecutor.execute(HierarchicalTestExecutor.java:57)
	at org.junit.platform.engine.support.hierarchical.HierarchicalTestEngine.execute(HierarchicalTestEngine.java:54)
	at org.junit.platform.launcher.core.EngineExecutionOrchestrator.execute(EngineExecutionOrchestrator.java:198)
	at org.junit.platform.launcher.core.EngineExecutionOrchestrator.execute(EngineExecutionOrchestrator.java:169)
	at org.junit.platform.launcher.core.EngineExecutionOrchestrator.execute(EngineExecutionOrchestrator.java:93)
	at org.junit.platform.launcher.core.EngineExecutionOrchestrator.lambda$execute$0(EngineExecutionOrchestrator.java:58)
	at org.junit.platform.launcher.core.EngineExecutionOrchestrator.withInterceptedStreams(EngineExecutionOrchestrator.java:141)
	at org.junit.platform.launcher.core.EngineExecutionOrchestrator.execute(EngineExecutionOrchestrator.java:57)
	at org.junit.platform.launcher.core.DefaultLauncher.execute(DefaultLauncher.java:103)
	at org.junit.platform.launcher.core.DefaultLauncher.execute(DefaultLauncher.java:85)
	at org.junit.platform.launcher.core.DelegatingLauncher.execute(DelegatingLauncher.java:47)
	at org.apache.maven.surefire.junitplatform.LazyLauncher.execute(LazyLauncher.java:56)
	at org.apache.maven.surefire.junitplatform.JUnitPlatformProvider.execute(JUnitPlatformProvider.java:184)
	at org.apache.maven.surefire.junitplatform.JUnitPlatformProvider.invokeAllTests(JUnitPlatformProvider.java:148)
	at org.apache.maven.surefire.junitplatform.JUnitPlatformProvider.invoke(JUnitPlatformProvider.java:122)
	at org.apache.maven.surefire.booter.ForkedBooter.runSuitesInProcess(ForkedBooter.java:385)
	at org.apache.maven.surefire.booter.ForkedBooter.execute(ForkedBooter.java:162)
	at org.apache.maven.surefire.booter.ForkedBooter.run(ForkedBooter.java:507)
	at org.apache.maven.surefire.booter.ForkedBooter.main(ForkedBooter.java:495)
[ERROR] Tests run: 18, Failures: 0, Errors: 18, Skipped: 0, Time elapsed: 5.052 s <<< FAILURE! -- in org.frcpm.repositories.AttendanceRepositoryIntegrationTest
[ERROR] org.frcpm.repositories.AttendanceRepositoryIntegrationTest.testFindByMeetingAndMember_NotFound -- Time elapsed: 0.014 s <<< ERROR!
java.lang.IllegalStateException: Failed to load ApplicationContext for [MergedContextConfiguration@50ba10de testClass = org.frcpm.repositories.AttendanceRepositoryIntegrationTest, locations = [], classes = [org.frcpm.FrcProjectManagementApplication], contextInitializerClasses = [], activeProfiles = ["test"], propertySourceDescriptors = [], propertySourceProperties = ["org.springframework.boot.test.autoconfigure.orm.jpa.DataJpaTestContextBootstrapper=true"], contextCustomizers = [[ImportsContextCustomizer@518e9141 key = [org.springframework.boot.autoconfigure.transaction.TransactionAutoConfiguration, org.springframework.boot.autoconfigure.data.jpa.JpaRepositoriesAutoConfiguration, org.springframework.boot.test.autoconfigure.orm.jpa.TestEntityManagerAutoConfiguration, org.springframework.boot.autoconfigure.cache.CacheAutoConfiguration, org.springframework.boot.autoconfigure.orm.jpa.HibernateJpaAutoConfiguration, org.springframework.boot.autoconfigure.sql.init.SqlInitializationAutoConfiguration, org.springframework.boot.test.autoconfigure.jdbc.TestDatabaseAutoConfiguration, org.springframework.boot.autoconfigure.flyway.FlywayAutoConfiguration, org.springframework.boot.autoconfigure.jdbc.DataSourceTransactionManagerAutoConfiguration, org.springframework.boot.autoconfigure.liquibase.LiquibaseAutoConfiguration, org.springframework.boot.autoconfigure.jdbc.JdbcClientAutoConfiguration, org.springframework.boot.autoconfigure.jdbc.DataSourceAutoConfiguration, org.springframework.boot.autoconfigure.jdbc.JdbcTemplateAutoConfiguration]], org.springframework.boot.test.context.filter.ExcludeFilterContextCustomizer@6304101a, org.springframework.boot.test.json.DuplicateJsonObjectContextCustomizerFactory$DuplicateJsonObjectContextCustomizer@df6620a, org.springframework.boot.test.mock.mockito.MockitoContextCustomizer@0, org.springframework.boot.test.autoconfigure.OverrideAutoConfigurationContextCustomizerFactory$DisableAutoConfigurationContextCustomizer@40317ba2, org.springframework.boot.test.autoconfigure.actuate.observability.ObservabilityContextCustomizerFactory$DisableObservabilityContextCustomizer@1f, org.springframework.boot.test.autoconfigure.filter.TypeExcludeFiltersContextCustomizer@34be3d80, org.springframework.boot.test.autoconfigure.properties.PropertyMappingContextCustomizer@df5ba06e, org.springframework.boot.test.autoconfigure.web.servlet.WebDriverContextCustomizer@571c5681, org.springframework.boot.test.context.SpringBootTestAnnotation@6287f1ab], contextLoader = org.springframework.boot.test.context.SpringBootContextLoader, parent = null]
	at org.springframework.test.context.cache.DefaultCacheAwareContextLoaderDelegate.loadContext(DefaultCacheAwareContextLoaderDelegate.java:180)
	at org.springframework.test.context.support.DefaultTestContext.getApplicationContext(DefaultTestContext.java:130)
	at org.springframework.test.context.support.DependencyInjectionTestExecutionListener.injectDependencies(DependencyInjectionTestExecutionListener.java:141)
	at org.springframework.test.context.support.DependencyInjectionTestExecutionListener.prepareTestInstance(DependencyInjectionTestExecutionListener.java:97)
	at org.springframework.test.context.TestContextManager.prepareTestInstance(TestContextManager.java:247)
	at org.springframework.test.context.junit.jupiter.SpringExtension.postProcessTestInstance(SpringExtension.java:163)
	at java.base/java.util.stream.ReferencePipeline$3$1.accept(ReferencePipeline.java:197)
	at java.base/java.util.stream.ReferencePipeline$2$1.accept(ReferencePipeline.java:179)
	at java.base/java.util.ArrayList$ArrayListSpliterator.forEachRemaining(ArrayList.java:1708)
	at java.base/java.util.stream.AbstractPipeline.copyInto(AbstractPipeline.java:509)
	at java.base/java.util.stream.AbstractPipeline.wrapAndCopyInto(AbstractPipeline.java:499)
	at java.base/java.util.stream.StreamSpliterators$WrappingSpliterator.forEachRemaining(StreamSpliterators.java:310)
	at java.base/java.util.stream.Streams$ConcatSpliterator.forEachRemaining(Streams.java:735)
	at java.base/java.util.stream.Streams$ConcatSpliterator.forEachRemaining(Streams.java:734)
	at java.base/java.util.stream.ReferencePipeline$Head.forEach(ReferencePipeline.java:762)
	at java.base/java.util.Optional.orElseGet(Optional.java:364)
	at java.base/java.util.ArrayList.forEach(ArrayList.java:1596)
	at java.base/java.util.ArrayList.forEach(ArrayList.java:1596)
Caused by: org.springframework.beans.factory.BeanCreationException: Error creating bean with name 'teamMemberRepository' defined in org.frcpm.repositories.spring.TeamMemberRepository defined in @EnableJpaRepositories declared on FrcProjectManagementApplication: Could not create query for public abstract java.util.List org.frcpm.repositories.spring.TeamMemberRepository.findByIsLeaderTrue(); Reason: Failed to create query for method public abstract java.util.List org.frcpm.repositories.spring.TeamMemberRepository.findByIsLeaderTrue(); No property 'isLeader' found for type 'TeamMember'
	at org.springframework.beans.factory.support.AbstractAutowireCapableBeanFactory.initializeBean(AbstractAutowireCapableBeanFactory.java:1775)
	at org.springframework.beans.factory.support.AbstractAutowireCapableBeanFactory.doCreateBean(AbstractAutowireCapableBeanFactory.java:601)
	at org.springframework.beans.factory.support.AbstractAutowireCapableBeanFactory.createBean(AbstractAutowireCapableBeanFactory.java:523)
	at org.springframework.beans.factory.support.AbstractBeanFactory.lambda$doGetBean$0(AbstractBeanFactory.java:325)
	at org.springframework.beans.factory.support.DefaultSingletonBeanRegistry.getSingleton(DefaultSingletonBeanRegistry.java:234)
	at org.springframework.beans.factory.support.AbstractBeanFactory.doGetBean(AbstractBeanFactory.java:323)
	at org.springframework.beans.factory.support.AbstractBeanFactory.getBean(AbstractBeanFactory.java:199)
	at org.springframework.beans.factory.support.DefaultListableBeanFactory.preInstantiateSingletons(DefaultListableBeanFactory.java:967)
	at org.springframework.context.support.AbstractApplicationContext.finishBeanFactoryInitialization(AbstractApplicationContext.java:946)
	at org.springframework.context.support.AbstractApplicationContext.refresh(AbstractApplicationContext.java:616)
	at org.springframework.boot.SpringApplication.refresh(SpringApplication.java:753)
	at org.springframework.boot.SpringApplication.refreshContext(SpringApplication.java:455)
	at org.springframework.boot.SpringApplication.run(SpringApplication.java:323)
	at org.springframework.boot.test.context.SpringBootContextLoader.lambda$loadContext$3(SpringBootContextLoader.java:137)
	at org.springframework.util.function.ThrowingSupplier.get(ThrowingSupplier.java:58)
	at org.springframework.util.function.ThrowingSupplier.get(ThrowingSupplier.java:46)
	at org.springframework.boot.SpringApplication.withHook(SpringApplication.java:1442)
	at org.springframework.boot.test.context.SpringBootContextLoader$ContextLoaderHook.run(SpringBootContextLoader.java:552)
	at org.springframework.boot.test.context.SpringBootContextLoader.loadContext(SpringBootContextLoader.java:137)
	at org.springframework.boot.test.context.SpringBootContextLoader.loadContext(SpringBootContextLoader.java:108)
	at org.springframework.test.context.cache.DefaultCacheAwareContextLoaderDelegate.loadContextInternal(DefaultCacheAwareContextLoaderDelegate.java:225)
	at org.springframework.test.context.cache.DefaultCacheAwareContextLoaderDelegate.loadContext(DefaultCacheAwareContextLoaderDelegate.java:152)
	... 17 more
Caused by: org.springframework.data.repository.query.QueryCreationException: Could not create query for public abstract java.util.List org.frcpm.repositories.spring.TeamMemberRepository.findByIsLeaderTrue(); Reason: Failed to create query for method public abstract java.util.List org.frcpm.repositories.spring.TeamMemberRepository.findByIsLeaderTrue(); No property 'isLeader' found for type 'TeamMember'
	at org.springframework.data.repository.query.QueryCreationException.create(QueryCreationException.java:101)
	at org.springframework.data.repository.core.support.QueryExecutorMethodInterceptor.lookupQuery(QueryExecutorMethodInterceptor.java:115)
	at org.springframework.data.repository.core.support.QueryExecutorMethodInterceptor.mapMethodsToQuery(QueryExecutorMethodInterceptor.java:99)
	at org.springframework.data.repository.core.support.QueryExecutorMethodInterceptor.lambda$new$0(QueryExecutorMethodInterceptor.java:88)
	at java.base/java.util.Optional.map(Optional.java:260)
	at org.springframework.data.repository.core.support.QueryExecutorMethodInterceptor.<init>(QueryExecutorMethodInterceptor.java:88)
	at org.springframework.data.repository.core.support.RepositoryFactorySupport.getRepository(RepositoryFactorySupport.java:357)
	at org.springframework.data.repository.core.support.RepositoryFactoryBeanSupport.lambda$afterPropertiesSet$5(RepositoryFactoryBeanSupport.java:279)
	at org.springframework.data.util.Lazy.getNullable(Lazy.java:135)
	at org.springframework.data.util.Lazy.get(Lazy.java:113)
	at org.springframework.data.repository.core.support.RepositoryFactoryBeanSupport.afterPropertiesSet(RepositoryFactoryBeanSupport.java:285)
	at org.springframework.data.jpa.repository.support.JpaRepositoryFactoryBean.afterPropertiesSet(JpaRepositoryFactoryBean.java:132)
	at org.springframework.beans.factory.support.AbstractAutowireCapableBeanFactory.invokeInitMethods(AbstractAutowireCapableBeanFactory.java:1822)
	at org.springframework.beans.factory.support.AbstractAutowireCapableBeanFactory.initializeBean(AbstractAutowireCapableBeanFactory.java:1771)
	... 38 more
Caused by: java.lang.IllegalArgumentException: Failed to create query for method public abstract java.util.List org.frcpm.repositories.spring.TeamMemberRepository.findByIsLeaderTrue(); No property 'isLeader' found for type 'TeamMember'
	at org.springframework.data.jpa.repository.query.PartTreeJpaQuery.<init>(PartTreeJpaQuery.java:107)
	at org.springframework.data.jpa.repository.query.JpaQueryLookupStrategy$CreateQueryLookupStrategy.resolveQuery(JpaQueryLookupStrategy.java:124)
	at org.springframework.data.jpa.repository.query.JpaQueryLookupStrategy$CreateIfNotFoundQueryLookupStrategy.resolveQuery(JpaQueryLookupStrategy.java:258)
	at org.springframework.data.jpa.repository.query.JpaQueryLookupStrategy$AbstractQueryLookupStrategy.resolveQuery(JpaQueryLookupStrategy.java:95)
	at org.springframework.data.repository.core.support.QueryExecutorMethodInterceptor.lookupQuery(QueryExecutorMethodInterceptor.java:111)
	... 50 more
Caused by: org.springframework.data.mapping.PropertyReferenceException: No property 'isLeader' found for type 'TeamMember'
	at org.springframework.data.mapping.PropertyPath.<init>(PropertyPath.java:90)
	at org.springframework.data.mapping.PropertyPath.create(PropertyPath.java:443)
	at org.springframework.data.mapping.PropertyPath.create(PropertyPath.java:419)
	at org.springframework.data.mapping.PropertyPath.lambda$from$0(PropertyPath.java:372)
	at java.base/java.util.concurrent.ConcurrentMap.computeIfAbsent(ConcurrentMap.java:330)
	at org.springframework.data.mapping.PropertyPath.from(PropertyPath.java:354)
	at org.springframework.data.mapping.PropertyPath.from(PropertyPath.java:332)
	at org.springframework.data.repository.query.parser.Part.<init>(Part.java:81)
	at org.springframework.data.repository.query.parser.PartTree$OrPart.lambda$new$0(PartTree.java:259)
	at java.base/java.util.stream.ReferencePipeline$3$1.accept(ReferencePipeline.java:197)
	at java.base/java.util.stream.ReferencePipeline$2$1.accept(ReferencePipeline.java:179)
	at java.base/java.util.Spliterators$ArraySpliterator.forEachRemaining(Spliterators.java:1024)
	at java.base/java.util.stream.AbstractPipeline.copyInto(AbstractPipeline.java:509)
	at java.base/java.util.stream.AbstractPipeline.wrapAndCopyInto(AbstractPipeline.java:499)
	at java.base/java.util.stream.ReduceOps$ReduceOp.evaluateSequential(ReduceOps.java:921)
	at java.base/java.util.stream.AbstractPipeline.evaluate(AbstractPipeline.java:234)
	at java.base/java.util.stream.ReferencePipeline.collect(ReferencePipeline.java:682)
	at org.springframework.data.repository.query.parser.PartTree$OrPart.<init>(PartTree.java:260)
	at org.springframework.data.repository.query.parser.PartTree$Predicate.lambda$new$0(PartTree.java:389)
	at java.base/java.util.stream.ReferencePipeline$3$1.accept(ReferencePipeline.java:197)
	at java.base/java.util.stream.ReferencePipeline$2$1.accept(ReferencePipeline.java:179)
	at java.base/java.util.Spliterators$ArraySpliterator.forEachRemaining(Spliterators.java:1024)
	at java.base/java.util.stream.AbstractPipeline.copyInto(AbstractPipeline.java:509)
	at java.base/java.util.stream.AbstractPipeline.wrapAndCopyInto(AbstractPipeline.java:499)
	at java.base/java.util.stream.ReduceOps$ReduceOp.evaluateSequential(ReduceOps.java:921)
	at java.base/java.util.stream.AbstractPipeline.evaluate(AbstractPipeline.java:234)
	at java.base/java.util.stream.ReferencePipeline.collect(ReferencePipeline.java:682)
	at org.springframework.data.repository.query.parser.PartTree$Predicate.<init>(PartTree.java:390)
	at org.springframework.data.repository.query.parser.PartTree.<init>(PartTree.java:103)
	at org.springframework.data.jpa.repository.query.PartTreeJpaQuery.<init>(PartTreeJpaQuery.java:100)
	... 54 more

[ERROR] org.frcpm.repositories.AttendanceRepositoryIntegrationTest.testFindByMember -- Time elapsed: 0.001 s <<< ERROR!
java.lang.IllegalStateException: ApplicationContext failure threshold (1) exceeded: skipping repeated attempt to load context for [MergedContextConfiguration@50ba10de testClass = org.frcpm.repositories.AttendanceRepositoryIntegrationTest, locations = [], classes = [org.frcpm.FrcProjectManagementApplication], contextInitializerClasses = [], activeProfiles = ["test"], propertySourceDescriptors = [], propertySourceProperties = ["org.springframework.boot.test.autoconfigure.orm.jpa.DataJpaTestContextBootstrapper=true"], contextCustomizers = [[ImportsContextCustomizer@518e9141 key = [org.springframework.boot.autoconfigure.transaction.TransactionAutoConfiguration, org.springframework.boot.autoconfigure.data.jpa.JpaRepositoriesAutoConfiguration, org.springframework.boot.test.autoconfigure.orm.jpa.TestEntityManagerAutoConfiguration, org.springframework.boot.autoconfigure.cache.CacheAutoConfiguration, org.springframework.boot.autoconfigure.orm.jpa.HibernateJpaAutoConfiguration, org.springframework.boot.autoconfigure.sql.init.SqlInitializationAutoConfiguration, org.springframework.boot.test.autoconfigure.jdbc.TestDatabaseAutoConfiguration, org.springframework.boot.autoconfigure.flyway.FlywayAutoConfiguration, org.springframework.boot.autoconfigure.jdbc.DataSourceTransactionManagerAutoConfiguration, org.springframework.boot.autoconfigure.liquibase.LiquibaseAutoConfiguration, org.springframework.boot.autoconfigure.jdbc.JdbcClientAutoConfiguration, org.springframework.boot.autoconfigure.jdbc.DataSourceAutoConfiguration, org.springframework.boot.autoconfigure.jdbc.JdbcTemplateAutoConfiguration]], org.springframework.boot.test.context.filter.ExcludeFilterContextCustomizer@6304101a, org.springframework.boot.test.json.DuplicateJsonObjectContextCustomizerFactory$DuplicateJsonObjectContextCustomizer@df6620a, org.springframework.boot.test.mock.mockito.MockitoContextCustomizer@0, org.springframework.boot.test.autoconfigure.OverrideAutoConfigurationContextCustomizerFactory$DisableAutoConfigurationContextCustomizer@40317ba2, org.springframework.boot.test.autoconfigure.actuate.observability.ObservabilityContextCustomizerFactory$DisableObservabilityContextCustomizer@1f, org.springframework.boot.test.autoconfigure.filter.TypeExcludeFiltersContextCustomizer@34be3d80, org.springframework.boot.test.autoconfigure.properties.PropertyMappingContextCustomizer@df5ba06e, org.springframework.boot.test.autoconfigure.web.servlet.WebDriverContextCustomizer@571c5681, org.springframework.boot.test.context.SpringBootTestAnnotation@6287f1ab], contextLoader = org.springframework.boot.test.context.SpringBootContextLoader, parent = null]
	at org.springframework.test.context.cache.DefaultCacheAwareContextLoaderDelegate.loadContext(DefaultCacheAwareContextLoaderDelegate.java:145)
	at org.springframework.test.context.support.DefaultTestContext.getApplicationContext(DefaultTestContext.java:130)
	at org.springframework.test.context.support.DependencyInjectionTestExecutionListener.injectDependencies(DependencyInjectionTestExecutionListener.java:141)
	at org.springframework.test.context.support.DependencyInjectionTestExecutionListener.prepareTestInstance(DependencyInjectionTestExecutionListener.java:97)
	at org.springframework.test.context.TestContextManager.prepareTestInstance(TestContextManager.java:247)
	at org.springframework.test.context.junit.jupiter.SpringExtension.postProcessTestInstance(SpringExtension.java:163)
	at java.base/java.util.stream.ReferencePipeline$3$1.accept(ReferencePipeline.java:197)
	at java.base/java.util.stream.ReferencePipeline$2$1.accept(ReferencePipeline.java:179)
	at java.base/java.util.ArrayList$ArrayListSpliterator.forEachRemaining(ArrayList.java:1708)
	at java.base/java.util.stream.AbstractPipeline.copyInto(AbstractPipeline.java:509)
	at java.base/java.util.stream.AbstractPipeline.wrapAndCopyInto(AbstractPipeline.java:499)
	at java.base/java.util.stream.StreamSpliterators$WrappingSpliterator.forEachRemaining(StreamSpliterators.java:310)
	at java.base/java.util.stream.Streams$ConcatSpliterator.forEachRemaining(Streams.java:735)
	at java.base/java.util.stream.Streams$ConcatSpliterator.forEachRemaining(Streams.java:734)
	at java.base/java.util.stream.ReferencePipeline$Head.forEach(ReferencePipeline.java:762)
	at java.base/java.util.Optional.orElseGet(Optional.java:364)
	at java.base/java.util.ArrayList.forEach(ArrayList.java:1596)
	at java.base/java.util.ArrayList.forEach(ArrayList.java:1596)

[ERROR] org.frcpm.repositories.AttendanceRepositoryIntegrationTest.testFindByPresent -- Time elapsed: 0.001 s <<< ERROR!
java.lang.IllegalStateException: ApplicationContext failure threshold (1) exceeded: skipping repeated attempt to load context for [MergedContextConfiguration@50ba10de testClass = org.frcpm.repositories.AttendanceRepositoryIntegrationTest, locations = [], classes = [org.frcpm.FrcProjectManagementApplication], contextInitializerClasses = [], activeProfiles = ["test"], propertySourceDescriptors = [], propertySourceProperties = ["org.springframework.boot.test.autoconfigure.orm.jpa.DataJpaTestContextBootstrapper=true"], contextCustomizers = [[ImportsContextCustomizer@518e9141 key = [org.springframework.boot.autoconfigure.transaction.TransactionAutoConfiguration, org.springframework.boot.autoconfigure.data.jpa.JpaRepositoriesAutoConfiguration, org.springframework.boot.test.autoconfigure.orm.jpa.TestEntityManagerAutoConfiguration, org.springframework.boot.autoconfigure.cache.CacheAutoConfiguration, org.springframework.boot.autoconfigure.orm.jpa.HibernateJpaAutoConfiguration, org.springframework.boot.autoconfigure.sql.init.SqlInitializationAutoConfiguration, org.springframework.boot.test.autoconfigure.jdbc.TestDatabaseAutoConfiguration, org.springframework.boot.autoconfigure.flyway.FlywayAutoConfiguration, org.springframework.boot.autoconfigure.jdbc.DataSourceTransactionManagerAutoConfiguration, org.springframework.boot.autoconfigure.liquibase.LiquibaseAutoConfiguration, org.springframework.boot.autoconfigure.jdbc.JdbcClientAutoConfiguration, org.springframework.boot.autoconfigure.jdbc.DataSourceAutoConfiguration, org.springframework.boot.autoconfigure.jdbc.JdbcTemplateAutoConfiguration]], org.springframework.boot.test.context.filter.ExcludeFilterContextCustomizer@6304101a, org.springframework.boot.test.json.DuplicateJsonObjectContextCustomizerFactory$DuplicateJsonObjectContextCustomizer@df6620a, org.springframework.boot.test.mock.mockito.MockitoContextCustomizer@0, org.springframework.boot.test.autoconfigure.OverrideAutoConfigurationContextCustomizerFactory$DisableAutoConfigurationContextCustomizer@40317ba2, org.springframework.boot.test.autoconfigure.actuate.observability.ObservabilityContextCustomizerFactory$DisableObservabilityContextCustomizer@1f, org.springframework.boot.test.autoconfigure.filter.TypeExcludeFiltersContextCustomizer@34be3d80, org.springframework.boot.test.autoconfigure.properties.PropertyMappingContextCustomizer@df5ba06e, org.springframework.boot.test.autoconfigure.web.servlet.WebDriverContextCustomizer@571c5681, org.springframework.boot.test.context.SpringBootTestAnnotation@6287f1ab], contextLoader = org.springframework.boot.test.context.SpringBootContextLoader, parent = null]
	at org.springframework.test.context.cache.DefaultCacheAwareContextLoaderDelegate.loadContext(DefaultCacheAwareContextLoaderDelegate.java:145)
	at org.springframework.test.context.support.DefaultTestContext.getApplicationContext(DefaultTestContext.java:130)
	at org.springframework.test.context.support.DependencyInjectionTestExecutionListener.injectDependencies(DependencyInjectionTestExecutionListener.java:141)
	at org.springframework.test.context.support.DependencyInjectionTestExecutionListener.prepareTestInstance(DependencyInjectionTestExecutionListener.java:97)
	at org.springframework.test.context.TestContextManager.prepareTestInstance(TestContextManager.java:247)
	at org.springframework.test.context.junit.jupiter.SpringExtension.postProcessTestInstance(SpringExtension.java:163)
	at java.base/java.util.stream.ReferencePipeline$3$1.accept(ReferencePipeline.java:197)
	at java.base/java.util.stream.ReferencePipeline$2$1.accept(ReferencePipeline.java:179)
	at java.base/java.util.ArrayList$ArrayListSpliterator.forEachRemaining(ArrayList.java:1708)
	at java.base/java.util.stream.AbstractPipeline.copyInto(AbstractPipeline.java:509)
	at java.base/java.util.stream.AbstractPipeline.wrapAndCopyInto(AbstractPipeline.java:499)
	at java.base/java.util.stream.StreamSpliterators$WrappingSpliterator.forEachRemaining(StreamSpliterators.java:310)
	at java.base/java.util.stream.Streams$ConcatSpliterator.forEachRemaining(Streams.java:735)
	at java.base/java.util.stream.Streams$ConcatSpliterator.forEachRemaining(Streams.java:734)
	at java.base/java.util.stream.ReferencePipeline$Head.forEach(ReferencePipeline.java:762)
	at java.base/java.util.Optional.orElseGet(Optional.java:364)
	at java.base/java.util.ArrayList.forEach(ArrayList.java:1596)
	at java.base/java.util.ArrayList.forEach(ArrayList.java:1596)

[ERROR] org.frcpm.repositories.AttendanceRepositoryIntegrationTest.testCascadingRelationships -- Time elapsed: 0 s <<< ERROR!
java.lang.IllegalStateException: ApplicationContext failure threshold (1) exceeded: skipping repeated attempt to load context for [MergedContextConfiguration@50ba10de testClass = org.frcpm.repositories.AttendanceRepositoryIntegrationTest, locations = [], classes = [org.frcpm.FrcProjectManagementApplication], contextInitializerClasses = [], activeProfiles = ["test"], propertySourceDescriptors = [], propertySourceProperties = ["org.springframework.boot.test.autoconfigure.orm.jpa.DataJpaTestContextBootstrapper=true"], contextCustomizers = [[ImportsContextCustomizer@518e9141 key = [org.springframework.boot.autoconfigure.transaction.TransactionAutoConfiguration, org.springframework.boot.autoconfigure.data.jpa.JpaRepositoriesAutoConfiguration, org.springframework.boot.test.autoconfigure.orm.jpa.TestEntityManagerAutoConfiguration, org.springframework.boot.autoconfigure.cache.CacheAutoConfiguration, org.springframework.boot.autoconfigure.orm.jpa.HibernateJpaAutoConfiguration, org.springframework.boot.autoconfigure.sql.init.SqlInitializationAutoConfiguration, org.springframework.boot.test.autoconfigure.jdbc.TestDatabaseAutoConfiguration, org.springframework.boot.autoconfigure.flyway.FlywayAutoConfiguration, org.springframework.boot.autoconfigure.jdbc.DataSourceTransactionManagerAutoConfiguration, org.springframework.boot.autoconfigure.liquibase.LiquibaseAutoConfiguration, org.springframework.boot.autoconfigure.jdbc.JdbcClientAutoConfiguration, org.springframework.boot.autoconfigure.jdbc.DataSourceAutoConfiguration, org.springframework.boot.autoconfigure.jdbc.JdbcTemplateAutoConfiguration]], org.springframework.boot.test.context.filter.ExcludeFilterContextCustomizer@6304101a, org.springframework.boot.test.json.DuplicateJsonObjectContextCustomizerFactory$DuplicateJsonObjectContextCustomizer@df6620a, org.springframework.boot.test.mock.mockito.MockitoContextCustomizer@0, org.springframework.boot.test.autoconfigure.OverrideAutoConfigurationContextCustomizerFactory$DisableAutoConfigurationContextCustomizer@40317ba2, org.springframework.boot.test.autoconfigure.actuate.observability.ObservabilityContextCustomizerFactory$DisableObservabilityContextCustomizer@1f, org.springframework.boot.test.autoconfigure.filter.TypeExcludeFiltersContextCustomizer@34be3d80, org.springframework.boot.test.autoconfigure.properties.PropertyMappingContextCustomizer@df5ba06e, org.springframework.boot.test.autoconfigure.web.servlet.WebDriverContextCustomizer@571c5681, org.springframework.boot.test.context.SpringBootTestAnnotation@6287f1ab], contextLoader = org.springframework.boot.test.context.SpringBootContextLoader, parent = null]
	at org.springframework.test.context.cache.DefaultCacheAwareContextLoaderDelegate.loadContext(DefaultCacheAwareContextLoaderDelegate.java:145)
	at org.springframework.test.context.support.DefaultTestContext.getApplicationContext(DefaultTestContext.java:130)
	at org.springframework.test.context.support.DependencyInjectionTestExecutionListener.injectDependencies(DependencyInjectionTestExecutionListener.java:141)
	at org.springframework.test.context.support.DependencyInjectionTestExecutionListener.prepareTestInstance(DependencyInjectionTestExecutionListener.java:97)
	at org.springframework.test.context.TestContextManager.prepareTestInstance(TestContextManager.java:247)
	at org.springframework.test.context.junit.jupiter.SpringExtension.postProcessTestInstance(SpringExtension.java:163)
	at java.base/java.util.stream.ReferencePipeline$3$1.accept(ReferencePipeline.java:197)
	at java.base/java.util.stream.ReferencePipeline$2$1.accept(ReferencePipeline.java:179)
	at java.base/java.util.ArrayList$ArrayListSpliterator.forEachRemaining(ArrayList.java:1708)
	at java.base/java.util.stream.AbstractPipeline.copyInto(AbstractPipeline.java:509)
	at java.base/java.util.stream.AbstractPipeline.wrapAndCopyInto(AbstractPipeline.java:499)
	at java.base/java.util.stream.StreamSpliterators$WrappingSpliterator.forEachRemaining(StreamSpliterators.java:310)
	at java.base/java.util.stream.Streams$ConcatSpliterator.forEachRemaining(Streams.java:735)
	at java.base/java.util.stream.Streams$ConcatSpliterator.forEachRemaining(Streams.java:734)
	at java.base/java.util.stream.ReferencePipeline$Head.forEach(ReferencePipeline.java:762)
	at java.base/java.util.Optional.orElseGet(Optional.java:364)
	at java.base/java.util.ArrayList.forEach(ArrayList.java:1596)
	at java.base/java.util.ArrayList.forEach(ArrayList.java:1596)

[ERROR] org.frcpm.repositories.AttendanceRepositoryIntegrationTest.testFindAll -- Time elapsed: 0 s <<< ERROR!
java.lang.IllegalStateException: ApplicationContext failure threshold (1) exceeded: skipping repeated attempt to load context for [MergedContextConfiguration@50ba10de testClass = org.frcpm.repositories.AttendanceRepositoryIntegrationTest, locations = [], classes = [org.frcpm.FrcProjectManagementApplication], contextInitializerClasses = [], activeProfiles = ["test"], propertySourceDescriptors = [], propertySourceProperties = ["org.springframework.boot.test.autoconfigure.orm.jpa.DataJpaTestContextBootstrapper=true"], contextCustomizers = [[ImportsContextCustomizer@518e9141 key = [org.springframework.boot.autoconfigure.transaction.TransactionAutoConfiguration, org.springframework.boot.autoconfigure.data.jpa.JpaRepositoriesAutoConfiguration, org.springframework.boot.test.autoconfigure.orm.jpa.TestEntityManagerAutoConfiguration, org.springframework.boot.autoconfigure.cache.CacheAutoConfiguration, org.springframework.boot.autoconfigure.orm.jpa.HibernateJpaAutoConfiguration, org.springframework.boot.autoconfigure.sql.init.SqlInitializationAutoConfiguration, org.springframework.boot.test.autoconfigure.jdbc.TestDatabaseAutoConfiguration, org.springframework.boot.autoconfigure.flyway.FlywayAutoConfiguration, org.springframework.boot.autoconfigure.jdbc.DataSourceTransactionManagerAutoConfiguration, org.springframework.boot.autoconfigure.liquibase.LiquibaseAutoConfiguration, org.springframework.boot.autoconfigure.jdbc.JdbcClientAutoConfiguration, org.springframework.boot.autoconfigure.jdbc.DataSourceAutoConfiguration, org.springframework.boot.autoconfigure.jdbc.JdbcTemplateAutoConfiguration]], org.springframework.boot.test.context.filter.ExcludeFilterContextCustomizer@6304101a, org.springframework.boot.test.json.DuplicateJsonObjectContextCustomizerFactory$DuplicateJsonObjectContextCustomizer@df6620a, org.springframework.boot.test.mock.mockito.MockitoContextCustomizer@0, org.springframework.boot.test.autoconfigure.OverrideAutoConfigurationContextCustomizerFactory$DisableAutoConfigurationContextCustomizer@40317ba2, org.springframework.boot.test.autoconfigure.actuate.observability.ObservabilityContextCustomizerFactory$DisableObservabilityContextCustomizer@1f, org.springframework.boot.test.autoconfigure.filter.TypeExcludeFiltersContextCustomizer@34be3d80, org.springframework.boot.test.autoconfigure.properties.PropertyMappingContextCustomizer@df5ba06e, org.springframework.boot.test.autoconfigure.web.servlet.WebDriverContextCustomizer@571c5681, org.springframework.boot.test.context.SpringBootTestAnnotation@6287f1ab], contextLoader = org.springframework.boot.test.context.SpringBootContextLoader, parent = null]
	at org.springframework.test.context.cache.DefaultCacheAwareContextLoaderDelegate.loadContext(DefaultCacheAwareContextLoaderDelegate.java:145)
	at org.springframework.test.context.support.DefaultTestContext.getApplicationContext(DefaultTestContext.java:130)
	at org.springframework.test.context.support.DependencyInjectionTestExecutionListener.injectDependencies(DependencyInjectionTestExecutionListener.java:141)
	at org.springframework.test.context.support.DependencyInjectionTestExecutionListener.prepareTestInstance(DependencyInjectionTestExecutionListener.java:97)
	at org.springframework.test.context.TestContextManager.prepareTestInstance(TestContextManager.java:247)
	at org.springframework.test.context.junit.jupiter.SpringExtension.postProcessTestInstance(SpringExtension.java:163)
	at java.base/java.util.stream.ReferencePipeline$3$1.accept(ReferencePipeline.java:197)
	at java.base/java.util.stream.ReferencePipeline$2$1.accept(ReferencePipeline.java:179)
	at java.base/java.util.ArrayList$ArrayListSpliterator.forEachRemaining(ArrayList.java:1708)
	at java.base/java.util.stream.AbstractPipeline.copyInto(AbstractPipeline.java:509)
	at java.base/java.util.stream.AbstractPipeline.wrapAndCopyInto(AbstractPipeline.java:499)
	at java.base/java.util.stream.StreamSpliterators$WrappingSpliterator.forEachRemaining(StreamSpliterators.java:310)
	at java.base/java.util.stream.Streams$ConcatSpliterator.forEachRemaining(Streams.java:735)
	at java.base/java.util.stream.Streams$ConcatSpliterator.forEachRemaining(Streams.java:734)
	at java.base/java.util.stream.ReferencePipeline$Head.forEach(ReferencePipeline.java:762)
	at java.base/java.util.Optional.orElseGet(Optional.java:364)
	at java.base/java.util.ArrayList.forEach(ArrayList.java:1596)
	at java.base/java.util.ArrayList.forEach(ArrayList.java:1596)

[ERROR] org.frcpm.repositories.AttendanceRepositoryIntegrationTest.testCount -- Time elapsed: 0.001 s <<< ERROR!
java.lang.IllegalStateException: ApplicationContext failure threshold (1) exceeded: skipping repeated attempt to load context for [MergedContextConfiguration@50ba10de testClass = org.frcpm.repositories.AttendanceRepositoryIntegrationTest, locations = [], classes = [org.frcpm.FrcProjectManagementApplication], contextInitializerClasses = [], activeProfiles = ["test"], propertySourceDescriptors = [], propertySourceProperties = ["org.springframework.boot.test.autoconfigure.orm.jpa.DataJpaTestContextBootstrapper=true"], contextCustomizers = [[ImportsContextCustomizer@518e9141 key = [org.springframework.boot.autoconfigure.transaction.TransactionAutoConfiguration, org.springframework.boot.autoconfigure.data.jpa.JpaRepositoriesAutoConfiguration, org.springframework.boot.test.autoconfigure.orm.jpa.TestEntityManagerAutoConfiguration, org.springframework.boot.autoconfigure.cache.CacheAutoConfiguration, org.springframework.boot.autoconfigure.orm.jpa.HibernateJpaAutoConfiguration, org.springframework.boot.autoconfigure.sql.init.SqlInitializationAutoConfiguration, org.springframework.boot.test.autoconfigure.jdbc.TestDatabaseAutoConfiguration, org.springframework.boot.autoconfigure.flyway.FlywayAutoConfiguration, org.springframework.boot.autoconfigure.jdbc.DataSourceTransactionManagerAutoConfiguration, org.springframework.boot.autoconfigure.liquibase.LiquibaseAutoConfiguration, org.springframework.boot.autoconfigure.jdbc.JdbcClientAutoConfiguration, org.springframework.boot.autoconfigure.jdbc.DataSourceAutoConfiguration, org.springframework.boot.autoconfigure.jdbc.JdbcTemplateAutoConfiguration]], org.springframework.boot.test.context.filter.ExcludeFilterContextCustomizer@6304101a, org.springframework.boot.test.json.DuplicateJsonObjectContextCustomizerFactory$DuplicateJsonObjectContextCustomizer@df6620a, org.springframework.boot.test.mock.mockito.MockitoContextCustomizer@0, org.springframework.boot.test.autoconfigure.OverrideAutoConfigurationContextCustomizerFactory$DisableAutoConfigurationContextCustomizer@40317ba2, org.springframework.boot.test.autoconfigure.actuate.observability.ObservabilityContextCustomizerFactory$DisableObservabilityContextCustomizer@1f, org.springframework.boot.test.autoconfigure.filter.TypeExcludeFiltersContextCustomizer@34be3d80, org.springframework.boot.test.autoconfigure.properties.PropertyMappingContextCustomizer@df5ba06e, org.springframework.boot.test.autoconfigure.web.servlet.WebDriverContextCustomizer@571c5681, org.springframework.boot.test.context.SpringBootTestAnnotation@6287f1ab], contextLoader = org.springframework.boot.test.context.SpringBootContextLoader, parent = null]
	at org.springframework.test.context.cache.DefaultCacheAwareContextLoaderDelegate.loadContext(DefaultCacheAwareContextLoaderDelegate.java:145)
	at org.springframework.test.context.support.DefaultTestContext.getApplicationContext(DefaultTestContext.java:130)
	at org.springframework.test.context.support.DependencyInjectionTestExecutionListener.injectDependencies(DependencyInjectionTestExecutionListener.java:141)
	at org.springframework.test.context.support.DependencyInjectionTestExecutionListener.prepareTestInstance(DependencyInjectionTestExecutionListener.java:97)
	at org.springframework.test.context.TestContextManager.prepareTestInstance(TestContextManager.java:247)
	at org.springframework.test.context.junit.jupiter.SpringExtension.postProcessTestInstance(SpringExtension.java:163)
	at java.base/java.util.stream.ReferencePipeline$3$1.accept(ReferencePipeline.java:197)
	at java.base/java.util.stream.ReferencePipeline$2$1.accept(ReferencePipeline.java:179)
	at java.base/java.util.ArrayList$ArrayListSpliterator.forEachRemaining(ArrayList.java:1708)
	at java.base/java.util.stream.AbstractPipeline.copyInto(AbstractPipeline.java:509)
	at java.base/java.util.stream.AbstractPipeline.wrapAndCopyInto(AbstractPipeline.java:499)
	at java.base/java.util.stream.StreamSpliterators$WrappingSpliterator.forEachRemaining(StreamSpliterators.java:310)
	at java.base/java.util.stream.Streams$ConcatSpliterator.forEachRemaining(Streams.java:735)
	at java.base/java.util.stream.Streams$ConcatSpliterator.forEachRemaining(Streams.java:734)
	at java.base/java.util.stream.ReferencePipeline$Head.forEach(ReferencePipeline.java:762)
	at java.base/java.util.Optional.orElseGet(Optional.java:364)
	at java.base/java.util.ArrayList.forEach(ArrayList.java:1596)
	at java.base/java.util.ArrayList.forEach(ArrayList.java:1596)

[ERROR] org.frcpm.repositories.AttendanceRepositoryIntegrationTest.testFindByMeetingAndMember -- Time elapsed: 0.001 s <<< ERROR!
java.lang.IllegalStateException: ApplicationContext failure threshold (1) exceeded: skipping repeated attempt to load context for [MergedContextConfiguration@50ba10de testClass = org.frcpm.repositories.AttendanceRepositoryIntegrationTest, locations = [], classes = [org.frcpm.FrcProjectManagementApplication], contextInitializerClasses = [], activeProfiles = ["test"], propertySourceDescriptors = [], propertySourceProperties = ["org.springframework.boot.test.autoconfigure.orm.jpa.DataJpaTestContextBootstrapper=true"], contextCustomizers = [[ImportsContextCustomizer@518e9141 key = [org.springframework.boot.autoconfigure.transaction.TransactionAutoConfiguration, org.springframework.boot.autoconfigure.data.jpa.JpaRepositoriesAutoConfiguration, org.springframework.boot.test.autoconfigure.orm.jpa.TestEntityManagerAutoConfiguration, org.springframework.boot.autoconfigure.cache.CacheAutoConfiguration, org.springframework.boot.autoconfigure.orm.jpa.HibernateJpaAutoConfiguration, org.springframework.boot.autoconfigure.sql.init.SqlInitializationAutoConfiguration, org.springframework.boot.test.autoconfigure.jdbc.TestDatabaseAutoConfiguration, org.springframework.boot.autoconfigure.flyway.FlywayAutoConfiguration, org.springframework.boot.autoconfigure.jdbc.DataSourceTransactionManagerAutoConfiguration, org.springframework.boot.autoconfigure.liquibase.LiquibaseAutoConfiguration, org.springframework.boot.autoconfigure.jdbc.JdbcClientAutoConfiguration, org.springframework.boot.autoconfigure.jdbc.DataSourceAutoConfiguration, org.springframework.boot.autoconfigure.jdbc.JdbcTemplateAutoConfiguration]], org.springframework.boot.test.context.filter.ExcludeFilterContextCustomizer@6304101a, org.springframework.boot.test.json.DuplicateJsonObjectContextCustomizerFactory$DuplicateJsonObjectContextCustomizer@df6620a, org.springframework.boot.test.mock.mockito.MockitoContextCustomizer@0, org.springframework.boot.test.autoconfigure.OverrideAutoConfigurationContextCustomizerFactory$DisableAutoConfigurationContextCustomizer@40317ba2, org.springframework.boot.test.autoconfigure.actuate.observability.ObservabilityContextCustomizerFactory$DisableObservabilityContextCustomizer@1f, org.springframework.boot.test.autoconfigure.filter.TypeExcludeFiltersContextCustomizer@34be3d80, org.springframework.boot.test.autoconfigure.properties.PropertyMappingContextCustomizer@df5ba06e, org.springframework.boot.test.autoconfigure.web.servlet.WebDriverContextCustomizer@571c5681, org.springframework.boot.test.context.SpringBootTestAnnotation@6287f1ab], contextLoader = org.springframework.boot.test.context.SpringBootContextLoader, parent = null]
	at org.springframework.test.context.cache.DefaultCacheAwareContextLoaderDelegate.loadContext(DefaultCacheAwareContextLoaderDelegate.java:145)
	at org.springframework.test.context.support.DefaultTestContext.getApplicationContext(DefaultTestContext.java:130)
	at org.springframework.test.context.support.DependencyInjectionTestExecutionListener.injectDependencies(DependencyInjectionTestExecutionListener.java:141)
	at org.springframework.test.context.support.DependencyInjectionTestExecutionListener.prepareTestInstance(DependencyInjectionTestExecutionListener.java:97)
	at org.springframework.test.context.TestContextManager.prepareTestInstance(TestContextManager.java:247)
	at org.springframework.test.context.junit.jupiter.SpringExtension.postProcessTestInstance(SpringExtension.java:163)
	at java.base/java.util.stream.ReferencePipeline$3$1.accept(ReferencePipeline.java:197)
	at java.base/java.util.stream.ReferencePipeline$2$1.accept(ReferencePipeline.java:179)
	at java.base/java.util.ArrayList$ArrayListSpliterator.forEachRemaining(ArrayList.java:1708)
	at java.base/java.util.stream.AbstractPipeline.copyInto(AbstractPipeline.java:509)
	at java.base/java.util.stream.AbstractPipeline.wrapAndCopyInto(AbstractPipeline.java:499)
	at java.base/java.util.stream.StreamSpliterators$WrappingSpliterator.forEachRemaining(StreamSpliterators.java:310)
	at java.base/java.util.stream.Streams$ConcatSpliterator.forEachRemaining(Streams.java:735)
	at java.base/java.util.stream.Streams$ConcatSpliterator.forEachRemaining(Streams.java:734)
	at java.base/java.util.stream.ReferencePipeline$Head.forEach(ReferencePipeline.java:762)
	at java.base/java.util.Optional.orElseGet(Optional.java:364)
	at java.base/java.util.ArrayList.forEach(ArrayList.java:1596)
	at java.base/java.util.ArrayList.forEach(ArrayList.java:1596)

[ERROR] org.frcpm.repositories.AttendanceRepositoryIntegrationTest.testFindByMeetingIdAndMemberId -- Time elapsed: 0.001 s <<< ERROR!
java.lang.IllegalStateException: ApplicationContext failure threshold (1) exceeded: skipping repeated attempt to load context for [MergedContextConfiguration@50ba10de testClass = org.frcpm.repositories.AttendanceRepositoryIntegrationTest, locations = [], classes = [org.frcpm.FrcProjectManagementApplication], contextInitializerClasses = [], activeProfiles = ["test"], propertySourceDescriptors = [], propertySourceProperties = ["org.springframework.boot.test.autoconfigure.orm.jpa.DataJpaTestContextBootstrapper=true"], contextCustomizers = [[ImportsContextCustomizer@518e9141 key = [org.springframework.boot.autoconfigure.transaction.TransactionAutoConfiguration, org.springframework.boot.autoconfigure.data.jpa.JpaRepositoriesAutoConfiguration, org.springframework.boot.test.autoconfigure.orm.jpa.TestEntityManagerAutoConfiguration, org.springframework.boot.autoconfigure.cache.CacheAutoConfiguration, org.springframework.boot.autoconfigure.orm.jpa.HibernateJpaAutoConfiguration, org.springframework.boot.autoconfigure.sql.init.SqlInitializationAutoConfiguration, org.springframework.boot.test.autoconfigure.jdbc.TestDatabaseAutoConfiguration, org.springframework.boot.autoconfigure.flyway.FlywayAutoConfiguration, org.springframework.boot.autoconfigure.jdbc.DataSourceTransactionManagerAutoConfiguration, org.springframework.boot.autoconfigure.liquibase.LiquibaseAutoConfiguration, org.springframework.boot.autoconfigure.jdbc.JdbcClientAutoConfiguration, org.springframework.boot.autoconfigure.jdbc.DataSourceAutoConfiguration, org.springframework.boot.autoconfigure.jdbc.JdbcTemplateAutoConfiguration]], org.springframework.boot.test.context.filter.ExcludeFilterContextCustomizer@6304101a, org.springframework.boot.test.json.DuplicateJsonObjectContextCustomizerFactory$DuplicateJsonObjectContextCustomizer@df6620a, org.springframework.boot.test.mock.mockito.MockitoContextCustomizer@0, org.springframework.boot.test.autoconfigure.OverrideAutoConfigurationContextCustomizerFactory$DisableAutoConfigurationContextCustomizer@40317ba2, org.springframework.boot.test.autoconfigure.actuate.observability.ObservabilityContextCustomizerFactory$DisableObservabilityContextCustomizer@1f, org.springframework.boot.test.autoconfigure.filter.TypeExcludeFiltersContextCustomizer@34be3d80, org.springframework.boot.test.autoconfigure.properties.PropertyMappingContextCustomizer@df5ba06e, org.springframework.boot.test.autoconfigure.web.servlet.WebDriverContextCustomizer@571c5681, org.springframework.boot.test.context.SpringBootTestAnnotation@6287f1ab], contextLoader = org.springframework.boot.test.context.SpringBootContextLoader, parent = null]
	at org.springframework.test.context.cache.DefaultCacheAwareContextLoaderDelegate.loadContext(DefaultCacheAwareContextLoaderDelegate.java:145)
	at org.springframework.test.context.support.DefaultTestContext.getApplicationContext(DefaultTestContext.java:130)
	at org.springframework.test.context.support.DependencyInjectionTestExecutionListener.injectDependencies(DependencyInjectionTestExecutionListener.java:141)
	at org.springframework.test.context.support.DependencyInjectionTestExecutionListener.prepareTestInstance(DependencyInjectionTestExecutionListener.java:97)
	at org.springframework.test.context.TestContextManager.prepareTestInstance(TestContextManager.java:247)
	at org.springframework.test.context.junit.jupiter.SpringExtension.postProcessTestInstance(SpringExtension.java:163)
	at java.base/java.util.stream.ReferencePipeline$3$1.accept(ReferencePipeline.java:197)
	at java.base/java.util.stream.ReferencePipeline$2$1.accept(ReferencePipeline.java:179)
	at java.base/java.util.ArrayList$ArrayListSpliterator.forEachRemaining(ArrayList.java:1708)
	at java.base/java.util.stream.AbstractPipeline.copyInto(AbstractPipeline.java:509)
	at java.base/java.util.stream.AbstractPipeline.wrapAndCopyInto(AbstractPipeline.java:499)
	at java.base/java.util.stream.StreamSpliterators$WrappingSpliterator.forEachRemaining(StreamSpliterators.java:310)
	at java.base/java.util.stream.Streams$ConcatSpliterator.forEachRemaining(Streams.java:735)
	at java.base/java.util.stream.Streams$ConcatSpliterator.forEachRemaining(Streams.java:734)
	at java.base/java.util.stream.ReferencePipeline$Head.forEach(ReferencePipeline.java:762)
	at java.base/java.util.Optional.orElseGet(Optional.java:364)
	at java.base/java.util.ArrayList.forEach(ArrayList.java:1596)
	at java.base/java.util.ArrayList.forEach(ArrayList.java:1596)

[ERROR] org.frcpm.repositories.AttendanceRepositoryIntegrationTest.testFindByMemberId -- Time elapsed: 0.001 s <<< ERROR!
java.lang.IllegalStateException: ApplicationContext failure threshold (1) exceeded: skipping repeated attempt to load context for [MergedContextConfiguration@50ba10de testClass = org.frcpm.repositories.AttendanceRepositoryIntegrationTest, locations = [], classes = [org.frcpm.FrcProjectManagementApplication], contextInitializerClasses = [], activeProfiles = ["test"], propertySourceDescriptors = [], propertySourceProperties = ["org.springframework.boot.test.autoconfigure.orm.jpa.DataJpaTestContextBootstrapper=true"], contextCustomizers = [[ImportsContextCustomizer@518e9141 key = [org.springframework.boot.autoconfigure.transaction.TransactionAutoConfiguration, org.springframework.boot.autoconfigure.data.jpa.JpaRepositoriesAutoConfiguration, org.springframework.boot.test.autoconfigure.orm.jpa.TestEntityManagerAutoConfiguration, org.springframework.boot.autoconfigure.cache.CacheAutoConfiguration, org.springframework.boot.autoconfigure.orm.jpa.HibernateJpaAutoConfiguration, org.springframework.boot.autoconfigure.sql.init.SqlInitializationAutoConfiguration, org.springframework.boot.test.autoconfigure.jdbc.TestDatabaseAutoConfiguration, org.springframework.boot.autoconfigure.flyway.FlywayAutoConfiguration, org.springframework.boot.autoconfigure.jdbc.DataSourceTransactionManagerAutoConfiguration, org.springframework.boot.autoconfigure.liquibase.LiquibaseAutoConfiguration, org.springframework.boot.autoconfigure.jdbc.JdbcClientAutoConfiguration, org.springframework.boot.autoconfigure.jdbc.DataSourceAutoConfiguration, org.springframework.boot.autoconfigure.jdbc.JdbcTemplateAutoConfiguration]], org.springframework.boot.test.context.filter.ExcludeFilterContextCustomizer@6304101a, org.springframework.boot.test.json.DuplicateJsonObjectContextCustomizerFactory$DuplicateJsonObjectContextCustomizer@df6620a, org.springframework.boot.test.mock.mockito.MockitoContextCustomizer@0, org.springframework.boot.test.autoconfigure.OverrideAutoConfigurationContextCustomizerFactory$DisableAutoConfigurationContextCustomizer@40317ba2, org.springframework.boot.test.autoconfigure.actuate.observability.ObservabilityContextCustomizerFactory$DisableObservabilityContextCustomizer@1f, org.springframework.boot.test.autoconfigure.filter.TypeExcludeFiltersContextCustomizer@34be3d80, org.springframework.boot.test.autoconfigure.properties.PropertyMappingContextCustomizer@df5ba06e, org.springframework.boot.test.autoconfigure.web.servlet.WebDriverContextCustomizer@571c5681, org.springframework.boot.test.context.SpringBootTestAnnotation@6287f1ab], contextLoader = org.springframework.boot.test.context.SpringBootContextLoader, parent = null]
	at org.springframework.test.context.cache.DefaultCacheAwareContextLoaderDelegate.loadContext(DefaultCacheAwareContextLoaderDelegate.java:145)
	at org.springframework.test.context.support.DefaultTestContext.getApplicationContext(DefaultTestContext.java:130)
	at org.springframework.test.context.support.DependencyInjectionTestExecutionListener.injectDependencies(DependencyInjectionTestExecutionListener.java:141)
	at org.springframework.test.context.support.DependencyInjectionTestExecutionListener.prepareTestInstance(DependencyInjectionTestExecutionListener.java:97)
	at org.springframework.test.context.TestContextManager.prepareTestInstance(TestContextManager.java:247)
	at org.springframework.test.context.junit.jupiter.SpringExtension.postProcessTestInstance(SpringExtension.java:163)
	at java.base/java.util.stream.ReferencePipeline$3$1.accept(ReferencePipeline.java:197)
	at java.base/java.util.stream.ReferencePipeline$2$1.accept(ReferencePipeline.java:179)
	at java.base/java.util.ArrayList$ArrayListSpliterator.forEachRemaining(ArrayList.java:1708)
	at java.base/java.util.stream.AbstractPipeline.copyInto(AbstractPipeline.java:509)
	at java.base/java.util.stream.AbstractPipeline.wrapAndCopyInto(AbstractPipeline.java:499)
	at java.base/java.util.stream.StreamSpliterators$WrappingSpliterator.forEachRemaining(StreamSpliterators.java:310)
	at java.base/java.util.stream.Streams$ConcatSpliterator.forEachRemaining(Streams.java:735)
	at java.base/java.util.stream.Streams$ConcatSpliterator.forEachRemaining(Streams.java:734)
	at java.base/java.util.stream.ReferencePipeline$Head.forEach(ReferencePipeline.java:762)
	at java.base/java.util.Optional.orElseGet(Optional.java:364)
	at java.base/java.util.ArrayList.forEach(ArrayList.java:1596)
	at java.base/java.util.ArrayList.forEach(ArrayList.java:1596)

[ERROR] org.frcpm.repositories.AttendanceRepositoryIntegrationTest.testFindByMeetingDateBetween -- Time elapsed: 0 s <<< ERROR!
java.lang.IllegalStateException: ApplicationContext failure threshold (1) exceeded: skipping repeated attempt to load context for [MergedContextConfiguration@50ba10de testClass = org.frcpm.repositories.AttendanceRepositoryIntegrationTest, locations = [], classes = [org.frcpm.FrcProjectManagementApplication], contextInitializerClasses = [], activeProfiles = ["test"], propertySourceDescriptors = [], propertySourceProperties = ["org.springframework.boot.test.autoconfigure.orm.jpa.DataJpaTestContextBootstrapper=true"], contextCustomizers = [[ImportsContextCustomizer@518e9141 key = [org.springframework.boot.autoconfigure.transaction.TransactionAutoConfiguration, org.springframework.boot.autoconfigure.data.jpa.JpaRepositoriesAutoConfiguration, org.springframework.boot.test.autoconfigure.orm.jpa.TestEntityManagerAutoConfiguration, org.springframework.boot.autoconfigure.cache.CacheAutoConfiguration, org.springframework.boot.autoconfigure.orm.jpa.HibernateJpaAutoConfiguration, org.springframework.boot.autoconfigure.sql.init.SqlInitializationAutoConfiguration, org.springframework.boot.test.autoconfigure.jdbc.TestDatabaseAutoConfiguration, org.springframework.boot.autoconfigure.flyway.FlywayAutoConfiguration, org.springframework.boot.autoconfigure.jdbc.DataSourceTransactionManagerAutoConfiguration, org.springframework.boot.autoconfigure.liquibase.LiquibaseAutoConfiguration, org.springframework.boot.autoconfigure.jdbc.JdbcClientAutoConfiguration, org.springframework.boot.autoconfigure.jdbc.DataSourceAutoConfiguration, org.springframework.boot.autoconfigure.jdbc.JdbcTemplateAutoConfiguration]], org.springframework.boot.test.context.filter.ExcludeFilterContextCustomizer@6304101a, org.springframework.boot.test.json.DuplicateJsonObjectContextCustomizerFactory$DuplicateJsonObjectContextCustomizer@df6620a, org.springframework.boot.test.mock.mockito.MockitoContextCustomizer@0, org.springframework.boot.test.autoconfigure.OverrideAutoConfigurationContextCustomizerFactory$DisableAutoConfigurationContextCustomizer@40317ba2, org.springframework.boot.test.autoconfigure.actuate.observability.ObservabilityContextCustomizerFactory$DisableObservabilityContextCustomizer@1f, org.springframework.boot.test.autoconfigure.filter.TypeExcludeFiltersContextCustomizer@34be3d80, org.springframework.boot.test.autoconfigure.properties.PropertyMappingContextCustomizer@df5ba06e, org.springframework.boot.test.autoconfigure.web.servlet.WebDriverContextCustomizer@571c5681, org.springframework.boot.test.context.SpringBootTestAnnotation@6287f1ab], contextLoader = org.springframework.boot.test.context.SpringBootContextLoader, parent = null]
	at org.springframework.test.context.cache.DefaultCacheAwareContextLoaderDelegate.loadContext(DefaultCacheAwareContextLoaderDelegate.java:145)
	at org.springframework.test.context.support.DefaultTestContext.getApplicationContext(DefaultTestContext.java:130)
	at org.springframework.test.context.support.DependencyInjectionTestExecutionListener.injectDependencies(DependencyInjectionTestExecutionListener.java:141)
	at org.springframework.test.context.support.DependencyInjectionTestExecutionListener.prepareTestInstance(DependencyInjectionTestExecutionListener.java:97)
	at org.springframework.test.context.TestContextManager.prepareTestInstance(TestContextManager.java:247)
	at org.springframework.test.context.junit.jupiter.SpringExtension.postProcessTestInstance(SpringExtension.java:163)
	at java.base/java.util.stream.ReferencePipeline$3$1.accept(ReferencePipeline.java:197)
	at java.base/java.util.stream.ReferencePipeline$2$1.accept(ReferencePipeline.java:179)
	at java.base/java.util.ArrayList$ArrayListSpliterator.forEachRemaining(ArrayList.java:1708)
	at java.base/java.util.stream.AbstractPipeline.copyInto(AbstractPipeline.java:509)
	at java.base/java.util.stream.AbstractPipeline.wrapAndCopyInto(AbstractPipeline.java:499)
	at java.base/java.util.stream.StreamSpliterators$WrappingSpliterator.forEachRemaining(StreamSpliterators.java:310)
	at java.base/java.util.stream.Streams$ConcatSpliterator.forEachRemaining(Streams.java:735)
	at java.base/java.util.stream.Streams$ConcatSpliterator.forEachRemaining(Streams.java:734)
	at java.base/java.util.stream.ReferencePipeline$Head.forEach(ReferencePipeline.java:762)
	at java.base/java.util.Optional.orElseGet(Optional.java:364)
	at java.base/java.util.ArrayList.forEach(ArrayList.java:1596)
	at java.base/java.util.ArrayList.forEach(ArrayList.java:1596)

[ERROR] org.frcpm.repositories.AttendanceRepositoryIntegrationTest.testFindByMeeting -- Time elapsed: 0 s <<< ERROR!
java.lang.IllegalStateException: ApplicationContext failure threshold (1) exceeded: skipping repeated attempt to load context for [MergedContextConfiguration@50ba10de testClass = org.frcpm.repositories.AttendanceRepositoryIntegrationTest, locations = [], classes = [org.frcpm.FrcProjectManagementApplication], contextInitializerClasses = [], activeProfiles = ["test"], propertySourceDescriptors = [], propertySourceProperties = ["org.springframework.boot.test.autoconfigure.orm.jpa.DataJpaTestContextBootstrapper=true"], contextCustomizers = [[ImportsContextCustomizer@518e9141 key = [org.springframework.boot.autoconfigure.transaction.TransactionAutoConfiguration, org.springframework.boot.autoconfigure.data.jpa.JpaRepositoriesAutoConfiguration, org.springframework.boot.test.autoconfigure.orm.jpa.TestEntityManagerAutoConfiguration, org.springframework.boot.autoconfigure.cache.CacheAutoConfiguration, org.springframework.boot.autoconfigure.orm.jpa.HibernateJpaAutoConfiguration, org.springframework.boot.autoconfigure.sql.init.SqlInitializationAutoConfiguration, org.springframework.boot.test.autoconfigure.jdbc.TestDatabaseAutoConfiguration, org.springframework.boot.autoconfigure.flyway.FlywayAutoConfiguration, org.springframework.boot.autoconfigure.jdbc.DataSourceTransactionManagerAutoConfiguration, org.springframework.boot.autoconfigure.liquibase.LiquibaseAutoConfiguration, org.springframework.boot.autoconfigure.jdbc.JdbcClientAutoConfiguration, org.springframework.boot.autoconfigure.jdbc.DataSourceAutoConfiguration, org.springframework.boot.autoconfigure.jdbc.JdbcTemplateAutoConfiguration]], org.springframework.boot.test.context.filter.ExcludeFilterContextCustomizer@6304101a, org.springframework.boot.test.json.DuplicateJsonObjectContextCustomizerFactory$DuplicateJsonObjectContextCustomizer@df6620a, org.springframework.boot.test.mock.mockito.MockitoContextCustomizer@0, org.springframework.boot.test.autoconfigure.OverrideAutoConfigurationContextCustomizerFactory$DisableAutoConfigurationContextCustomizer@40317ba2, org.springframework.boot.test.autoconfigure.actuate.observability.ObservabilityContextCustomizerFactory$DisableObservabilityContextCustomizer@1f, org.springframework.boot.test.autoconfigure.filter.TypeExcludeFiltersContextCustomizer@34be3d80, org.springframework.boot.test.autoconfigure.properties.PropertyMappingContextCustomizer@df5ba06e, org.springframework.boot.test.autoconfigure.web.servlet.WebDriverContextCustomizer@571c5681, org.springframework.boot.test.context.SpringBootTestAnnotation@6287f1ab], contextLoader = org.springframework.boot.test.context.SpringBootContextLoader, parent = null]
	at org.springframework.test.context.cache.DefaultCacheAwareContextLoaderDelegate.loadContext(DefaultCacheAwareContextLoaderDelegate.java:145)
	at org.springframework.test.context.support.DefaultTestContext.getApplicationContext(DefaultTestContext.java:130)
	at org.springframework.test.context.support.DependencyInjectionTestExecutionListener.injectDependencies(DependencyInjectionTestExecutionListener.java:141)
	at org.springframework.test.context.support.DependencyInjectionTestExecutionListener.prepareTestInstance(DependencyInjectionTestExecutionListener.java:97)
	at org.springframework.test.context.TestContextManager.prepareTestInstance(TestContextManager.java:247)
	at org.springframework.test.context.junit.jupiter.SpringExtension.postProcessTestInstance(SpringExtension.java:163)
	at java.base/java.util.stream.ReferencePipeline$3$1.accept(ReferencePipeline.java:197)
	at java.base/java.util.stream.ReferencePipeline$2$1.accept(ReferencePipeline.java:179)
	at java.base/java.util.ArrayList$ArrayListSpliterator.forEachRemaining(ArrayList.java:1708)
	at java.base/java.util.stream.AbstractPipeline.copyInto(AbstractPipeline.java:509)
	at java.base/java.util.stream.AbstractPipeline.wrapAndCopyInto(AbstractPipeline.java:499)
	at java.base/java.util.stream.StreamSpliterators$WrappingSpliterator.forEachRemaining(StreamSpliterators.java:310)
	at java.base/java.util.stream.Streams$ConcatSpliterator.forEachRemaining(Streams.java:735)
	at java.base/java.util.stream.Streams$ConcatSpliterator.forEachRemaining(Streams.java:734)
	at java.base/java.util.stream.ReferencePipeline$Head.forEach(ReferencePipeline.java:762)
	at java.base/java.util.Optional.orElseGet(Optional.java:364)
	at java.base/java.util.ArrayList.forEach(ArrayList.java:1596)
	at java.base/java.util.ArrayList.forEach(ArrayList.java:1596)

[ERROR] org.frcpm.repositories.AttendanceRepositoryIntegrationTest.testFindByMeetingId -- Time elapsed: 0.001 s <<< ERROR!
java.lang.IllegalStateException: ApplicationContext failure threshold (1) exceeded: skipping repeated attempt to load context for [MergedContextConfiguration@50ba10de testClass = org.frcpm.repositories.AttendanceRepositoryIntegrationTest, locations = [], classes = [org.frcpm.FrcProjectManagementApplication], contextInitializerClasses = [], activeProfiles = ["test"], propertySourceDescriptors = [], propertySourceProperties = ["org.springframework.boot.test.autoconfigure.orm.jpa.DataJpaTestContextBootstrapper=true"], contextCustomizers = [[ImportsContextCustomizer@518e9141 key = [org.springframework.boot.autoconfigure.transaction.TransactionAutoConfiguration, org.springframework.boot.autoconfigure.data.jpa.JpaRepositoriesAutoConfiguration, org.springframework.boot.test.autoconfigure.orm.jpa.TestEntityManagerAutoConfiguration, org.springframework.boot.autoconfigure.cache.CacheAutoConfiguration, org.springframework.boot.autoconfigure.orm.jpa.HibernateJpaAutoConfiguration, org.springframework.boot.autoconfigure.sql.init.SqlInitializationAutoConfiguration, org.springframework.boot.test.autoconfigure.jdbc.TestDatabaseAutoConfiguration, org.springframework.boot.autoconfigure.flyway.FlywayAutoConfiguration, org.springframework.boot.autoconfigure.jdbc.DataSourceTransactionManagerAutoConfiguration, org.springframework.boot.autoconfigure.liquibase.LiquibaseAutoConfiguration, org.springframework.boot.autoconfigure.jdbc.JdbcClientAutoConfiguration, org.springframework.boot.autoconfigure.jdbc.DataSourceAutoConfiguration, org.springframework.boot.autoconfigure.jdbc.JdbcTemplateAutoConfiguration]], org.springframework.boot.test.context.filter.ExcludeFilterContextCustomizer@6304101a, org.springframework.boot.test.json.DuplicateJsonObjectContextCustomizerFactory$DuplicateJsonObjectContextCustomizer@df6620a, org.springframework.boot.test.mock.mockito.MockitoContextCustomizer@0, org.springframework.boot.test.autoconfigure.OverrideAutoConfigurationContextCustomizerFactory$DisableAutoConfigurationContextCustomizer@40317ba2, org.springframework.boot.test.autoconfigure.actuate.observability.ObservabilityContextCustomizerFactory$DisableObservabilityContextCustomizer@1f, org.springframework.boot.test.autoconfigure.filter.TypeExcludeFiltersContextCustomizer@34be3d80, org.springframework.boot.test.autoconfigure.properties.PropertyMappingContextCustomizer@df5ba06e, org.springframework.boot.test.autoconfigure.web.servlet.WebDriverContextCustomizer@571c5681, org.springframework.boot.test.context.SpringBootTestAnnotation@6287f1ab], contextLoader = org.springframework.boot.test.context.SpringBootContextLoader, parent = null]
	at org.springframework.test.context.cache.DefaultCacheAwareContextLoaderDelegate.loadContext(DefaultCacheAwareContextLoaderDelegate.java:145)
	at org.springframework.test.context.support.DefaultTestContext.getApplicationContext(DefaultTestContext.java:130)
	at org.springframework.test.context.support.DependencyInjectionTestExecutionListener.injectDependencies(DependencyInjectionTestExecutionListener.java:141)
	at org.springframework.test.context.support.DependencyInjectionTestExecutionListener.prepareTestInstance(DependencyInjectionTestExecutionListener.java:97)
	at org.springframework.test.context.TestContextManager.prepareTestInstance(TestContextManager.java:247)
	at org.springframework.test.context.junit.jupiter.SpringExtension.postProcessTestInstance(SpringExtension.java:163)
	at java.base/java.util.stream.ReferencePipeline$3$1.accept(ReferencePipeline.java:197)
	at java.base/java.util.stream.ReferencePipeline$2$1.accept(ReferencePipeline.java:179)
	at java.base/java.util.ArrayList$ArrayListSpliterator.forEachRemaining(ArrayList.java:1708)
	at java.base/java.util.stream.AbstractPipeline.copyInto(AbstractPipeline.java:509)
	at java.base/java.util.stream.AbstractPipeline.wrapAndCopyInto(AbstractPipeline.java:499)
	at java.base/java.util.stream.StreamSpliterators$WrappingSpliterator.forEachRemaining(StreamSpliterators.java:310)
	at java.base/java.util.stream.Streams$ConcatSpliterator.forEachRemaining(Streams.java:735)
	at java.base/java.util.stream.Streams$ConcatSpliterator.forEachRemaining(Streams.java:734)
	at java.base/java.util.stream.ReferencePipeline$Head.forEach(ReferencePipeline.java:762)
	at java.base/java.util.Optional.orElseGet(Optional.java:364)
	at java.base/java.util.ArrayList.forEach(ArrayList.java:1596)
	at java.base/java.util.ArrayList.forEach(ArrayList.java:1596)

[ERROR] org.frcpm.repositories.AttendanceRepositoryIntegrationTest.testFindByProjectId -- Time elapsed: 0 s <<< ERROR!
java.lang.IllegalStateException: ApplicationContext failure threshold (1) exceeded: skipping repeated attempt to load context for [MergedContextConfiguration@50ba10de testClass = org.frcpm.repositories.AttendanceRepositoryIntegrationTest, locations = [], classes = [org.frcpm.FrcProjectManagementApplication], contextInitializerClasses = [], activeProfiles = ["test"], propertySourceDescriptors = [], propertySourceProperties = ["org.springframework.boot.test.autoconfigure.orm.jpa.DataJpaTestContextBootstrapper=true"], contextCustomizers = [[ImportsContextCustomizer@518e9141 key = [org.springframework.boot.autoconfigure.transaction.TransactionAutoConfiguration, org.springframework.boot.autoconfigure.data.jpa.JpaRepositoriesAutoConfiguration, org.springframework.boot.test.autoconfigure.orm.jpa.TestEntityManagerAutoConfiguration, org.springframework.boot.autoconfigure.cache.CacheAutoConfiguration, org.springframework.boot.autoconfigure.orm.jpa.HibernateJpaAutoConfiguration, org.springframework.boot.autoconfigure.sql.init.SqlInitializationAutoConfiguration, org.springframework.boot.test.autoconfigure.jdbc.TestDatabaseAutoConfiguration, org.springframework.boot.autoconfigure.flyway.FlywayAutoConfiguration, org.springframework.boot.autoconfigure.jdbc.DataSourceTransactionManagerAutoConfiguration, org.springframework.boot.autoconfigure.liquibase.LiquibaseAutoConfiguration, org.springframework.boot.autoconfigure.jdbc.JdbcClientAutoConfiguration, org.springframework.boot.autoconfigure.jdbc.DataSourceAutoConfiguration, org.springframework.boot.autoconfigure.jdbc.JdbcTemplateAutoConfiguration]], org.springframework.boot.test.context.filter.ExcludeFilterContextCustomizer@6304101a, org.springframework.boot.test.json.DuplicateJsonObjectContextCustomizerFactory$DuplicateJsonObjectContextCustomizer@df6620a, org.springframework.boot.test.mock.mockito.MockitoContextCustomizer@0, org.springframework.boot.test.autoconfigure.OverrideAutoConfigurationContextCustomizerFactory$DisableAutoConfigurationContextCustomizer@40317ba2, org.springframework.boot.test.autoconfigure.actuate.observability.ObservabilityContextCustomizerFactory$DisableObservabilityContextCustomizer@1f, org.springframework.boot.test.autoconfigure.filter.TypeExcludeFiltersContextCustomizer@34be3d80, org.springframework.boot.test.autoconfigure.properties.PropertyMappingContextCustomizer@df5ba06e, org.springframework.boot.test.autoconfigure.web.servlet.WebDriverContextCustomizer@571c5681, org.springframework.boot.test.context.SpringBootTestAnnotation@6287f1ab], contextLoader = org.springframework.boot.test.context.SpringBootContextLoader, parent = null]
	at org.springframework.test.context.cache.DefaultCacheAwareContextLoaderDelegate.loadContext(DefaultCacheAwareContextLoaderDelegate.java:145)
	at org.springframework.test.context.support.DefaultTestContext.getApplicationContext(DefaultTestContext.java:130)
	at org.springframework.test.context.support.DependencyInjectionTestExecutionListener.injectDependencies(DependencyInjectionTestExecutionListener.java:141)
	at org.springframework.test.context.support.DependencyInjectionTestExecutionListener.prepareTestInstance(DependencyInjectionTestExecutionListener.java:97)
	at org.springframework.test.context.TestContextManager.prepareTestInstance(TestContextManager.java:247)
	at org.springframework.test.context.junit.jupiter.SpringExtension.postProcessTestInstance(SpringExtension.java:163)
	at java.base/java.util.stream.ReferencePipeline$3$1.accept(ReferencePipeline.java:197)
	at java.base/java.util.stream.ReferencePipeline$2$1.accept(ReferencePipeline.java:179)
	at java.base/java.util.ArrayList$ArrayListSpliterator.forEachRemaining(ArrayList.java:1708)
	at java.base/java.util.stream.AbstractPipeline.copyInto(AbstractPipeline.java:509)
	at java.base/java.util.stream.AbstractPipeline.wrapAndCopyInto(AbstractPipeline.java:499)
	at java.base/java.util.stream.StreamSpliterators$WrappingSpliterator.forEachRemaining(StreamSpliterators.java:310)
	at java.base/java.util.stream.Streams$ConcatSpliterator.forEachRemaining(Streams.java:735)
	at java.base/java.util.stream.Streams$ConcatSpliterator.forEachRemaining(Streams.java:734)
	at java.base/java.util.stream.ReferencePipeline$Head.forEach(ReferencePipeline.java:762)
	at java.base/java.util.Optional.orElseGet(Optional.java:364)
	at java.base/java.util.ArrayList.forEach(ArrayList.java:1596)
	at java.base/java.util.ArrayList.forEach(ArrayList.java:1596)

[ERROR] org.frcpm.repositories.AttendanceRepositoryIntegrationTest.testUniqueConstraint -- Time elapsed: 0 s <<< ERROR!
java.lang.IllegalStateException: ApplicationContext failure threshold (1) exceeded: skipping repeated attempt to load context for [MergedContextConfiguration@50ba10de testClass = org.frcpm.repositories.AttendanceRepositoryIntegrationTest, locations = [], classes = [org.frcpm.FrcProjectManagementApplication], contextInitializerClasses = [], activeProfiles = ["test"], propertySourceDescriptors = [], propertySourceProperties = ["org.springframework.boot.test.autoconfigure.orm.jpa.DataJpaTestContextBootstrapper=true"], contextCustomizers = [[ImportsContextCustomizer@518e9141 key = [org.springframework.boot.autoconfigure.transaction.TransactionAutoConfiguration, org.springframework.boot.autoconfigure.data.jpa.JpaRepositoriesAutoConfiguration, org.springframework.boot.test.autoconfigure.orm.jpa.TestEntityManagerAutoConfiguration, org.springframework.boot.autoconfigure.cache.CacheAutoConfiguration, org.springframework.boot.autoconfigure.orm.jpa.HibernateJpaAutoConfiguration, org.springframework.boot.autoconfigure.sql.init.SqlInitializationAutoConfiguration, org.springframework.boot.test.autoconfigure.jdbc.TestDatabaseAutoConfiguration, org.springframework.boot.autoconfigure.flyway.FlywayAutoConfiguration, org.springframework.boot.autoconfigure.jdbc.DataSourceTransactionManagerAutoConfiguration, org.springframework.boot.autoconfigure.liquibase.LiquibaseAutoConfiguration, org.springframework.boot.autoconfigure.jdbc.JdbcClientAutoConfiguration, org.springframework.boot.autoconfigure.jdbc.DataSourceAutoConfiguration, org.springframework.boot.autoconfigure.jdbc.JdbcTemplateAutoConfiguration]], org.springframework.boot.test.context.filter.ExcludeFilterContextCustomizer@6304101a, org.springframework.boot.test.json.DuplicateJsonObjectContextCustomizerFactory$DuplicateJsonObjectContextCustomizer@df6620a, org.springframework.boot.test.mock.mockito.MockitoContextCustomizer@0, org.springframework.boot.test.autoconfigure.OverrideAutoConfigurationContextCustomizerFactory$DisableAutoConfigurationContextCustomizer@40317ba2, org.springframework.boot.test.autoconfigure.actuate.observability.ObservabilityContextCustomizerFactory$DisableObservabilityContextCustomizer@1f, org.springframework.boot.test.autoconfigure.filter.TypeExcludeFiltersContextCustomizer@34be3d80, org.springframework.boot.test.autoconfigure.properties.PropertyMappingContextCustomizer@df5ba06e, org.springframework.boot.test.autoconfigure.web.servlet.WebDriverContextCustomizer@571c5681, org.springframework.boot.test.context.SpringBootTestAnnotation@6287f1ab], contextLoader = org.springframework.boot.test.context.SpringBootContextLoader, parent = null]
	at org.springframework.test.context.cache.DefaultCacheAwareContextLoaderDelegate.loadContext(DefaultCacheAwareContextLoaderDelegate.java:145)
	at org.springframework.test.context.support.DefaultTestContext.getApplicationContext(DefaultTestContext.java:130)
	at org.springframework.test.context.support.DependencyInjectionTestExecutionListener.injectDependencies(DependencyInjectionTestExecutionListener.java:141)
	at org.springframework.test.context.support.DependencyInjectionTestExecutionListener.prepareTestInstance(DependencyInjectionTestExecutionListener.java:97)
	at org.springframework.test.context.TestContextManager.prepareTestInstance(TestContextManager.java:247)
	at org.springframework.test.context.junit.jupiter.SpringExtension.postProcessTestInstance(SpringExtension.java:163)
	at java.base/java.util.stream.ReferencePipeline$3$1.accept(ReferencePipeline.java:197)
	at java.base/java.util.stream.ReferencePipeline$2$1.accept(ReferencePipeline.java:179)
	at java.base/java.util.ArrayList$ArrayListSpliterator.forEachRemaining(ArrayList.java:1708)
	at java.base/java.util.stream.AbstractPipeline.copyInto(AbstractPipeline.java:509)
	at java.base/java.util.stream.AbstractPipeline.wrapAndCopyInto(AbstractPipeline.java:499)
	at java.base/java.util.stream.StreamSpliterators$WrappingSpliterator.forEachRemaining(StreamSpliterators.java:310)
	at java.base/java.util.stream.Streams$ConcatSpliterator.forEachRemaining(Streams.java:735)
	at java.base/java.util.stream.Streams$ConcatSpliterator.forEachRemaining(Streams.java:734)
	at java.base/java.util.stream.ReferencePipeline$Head.forEach(ReferencePipeline.java:762)
	at java.base/java.util.Optional.orElseGet(Optional.java:364)
	at java.base/java.util.ArrayList.forEach(ArrayList.java:1596)
	at java.base/java.util.ArrayList.forEach(ArrayList.java:1596)

[ERROR] org.frcpm.repositories.AttendanceRepositoryIntegrationTest.testCountByMemberIdAndPresent -- Time elapsed: 0.001 s <<< ERROR!
java.lang.IllegalStateException: ApplicationContext failure threshold (1) exceeded: skipping repeated attempt to load context for [MergedContextConfiguration@50ba10de testClass = org.frcpm.repositories.AttendanceRepositoryIntegrationTest, locations = [], classes = [org.frcpm.FrcProjectManagementApplication], contextInitializerClasses = [], activeProfiles = ["test"], propertySourceDescriptors = [], propertySourceProperties = ["org.springframework.boot.test.autoconfigure.orm.jpa.DataJpaTestContextBootstrapper=true"], contextCustomizers = [[ImportsContextCustomizer@518e9141 key = [org.springframework.boot.autoconfigure.transaction.TransactionAutoConfiguration, org.springframework.boot.autoconfigure.data.jpa.JpaRepositoriesAutoConfiguration, org.springframework.boot.test.autoconfigure.orm.jpa.TestEntityManagerAutoConfiguration, org.springframework.boot.autoconfigure.cache.CacheAutoConfiguration, org.springframework.boot.autoconfigure.orm.jpa.HibernateJpaAutoConfiguration, org.springframework.boot.autoconfigure.sql.init.SqlInitializationAutoConfiguration, org.springframework.boot.test.autoconfigure.jdbc.TestDatabaseAutoConfiguration, org.springframework.boot.autoconfigure.flyway.FlywayAutoConfiguration, org.springframework.boot.autoconfigure.jdbc.DataSourceTransactionManagerAutoConfiguration, org.springframework.boot.autoconfigure.liquibase.LiquibaseAutoConfiguration, org.springframework.boot.autoconfigure.jdbc.JdbcClientAutoConfiguration, org.springframework.boot.autoconfigure.jdbc.DataSourceAutoConfiguration, org.springframework.boot.autoconfigure.jdbc.JdbcTemplateAutoConfiguration]], org.springframework.boot.test.context.filter.ExcludeFilterContextCustomizer@6304101a, org.springframework.boot.test.json.DuplicateJsonObjectContextCustomizerFactory$DuplicateJsonObjectContextCustomizer@df6620a, org.springframework.boot.test.mock.mockito.MockitoContextCustomizer@0, org.springframework.boot.test.autoconfigure.OverrideAutoConfigurationContextCustomizerFactory$DisableAutoConfigurationContextCustomizer@40317ba2, org.springframework.boot.test.autoconfigure.actuate.observability.ObservabilityContextCustomizerFactory$DisableObservabilityContextCustomizer@1f, org.springframework.boot.test.autoconfigure.filter.TypeExcludeFiltersContextCustomizer@34be3d80, org.springframework.boot.test.autoconfigure.properties.PropertyMappingContextCustomizer@df5ba06e, org.springframework.boot.test.autoconfigure.web.servlet.WebDriverContextCustomizer@571c5681, org.springframework.boot.test.context.SpringBootTestAnnotation@6287f1ab], contextLoader = org.springframework.boot.test.context.SpringBootContextLoader, parent = null]
	at org.springframework.test.context.cache.DefaultCacheAwareContextLoaderDelegate.loadContext(DefaultCacheAwareContextLoaderDelegate.java:145)
	at org.springframework.test.context.support.DefaultTestContext.getApplicationContext(DefaultTestContext.java:130)
	at org.springframework.test.context.support.DependencyInjectionTestExecutionListener.injectDependencies(DependencyInjectionTestExecutionListener.java:141)
	at org.springframework.test.context.support.DependencyInjectionTestExecutionListener.prepareTestInstance(DependencyInjectionTestExecutionListener.java:97)
	at org.springframework.test.context.TestContextManager.prepareTestInstance(TestContextManager.java:247)
	at org.springframework.test.context.junit.jupiter.SpringExtension.postProcessTestInstance(SpringExtension.java:163)
	at java.base/java.util.stream.ReferencePipeline$3$1.accept(ReferencePipeline.java:197)
	at java.base/java.util.stream.ReferencePipeline$2$1.accept(ReferencePipeline.java:179)
	at java.base/java.util.ArrayList$ArrayListSpliterator.forEachRemaining(ArrayList.java:1708)
	at java.base/java.util.stream.AbstractPipeline.copyInto(AbstractPipeline.java:509)
	at java.base/java.util.stream.AbstractPipeline.wrapAndCopyInto(AbstractPipeline.java:499)
	at java.base/java.util.stream.StreamSpliterators$WrappingSpliterator.forEachRemaining(StreamSpliterators.java:310)
	at java.base/java.util.stream.Streams$ConcatSpliterator.forEachRemaining(Streams.java:735)
	at java.base/java.util.stream.Streams$ConcatSpliterator.forEachRemaining(Streams.java:734)
	at java.base/java.util.stream.ReferencePipeline$Head.forEach(ReferencePipeline.java:762)
	at java.base/java.util.Optional.orElseGet(Optional.java:364)
	at java.base/java.util.ArrayList.forEach(ArrayList.java:1596)
	at java.base/java.util.ArrayList.forEach(ArrayList.java:1596)

[ERROR] org.frcpm.repositories.AttendanceRepositoryIntegrationTest.testDeleteById -- Time elapsed: 0.001 s <<< ERROR!
java.lang.IllegalStateException: ApplicationContext failure threshold (1) exceeded: skipping repeated attempt to load context for [MergedContextConfiguration@50ba10de testClass = org.frcpm.repositories.AttendanceRepositoryIntegrationTest, locations = [], classes = [org.frcpm.FrcProjectManagementApplication], contextInitializerClasses = [], activeProfiles = ["test"], propertySourceDescriptors = [], propertySourceProperties = ["org.springframework.boot.test.autoconfigure.orm.jpa.DataJpaTestContextBootstrapper=true"], contextCustomizers = [[ImportsContextCustomizer@518e9141 key = [org.springframework.boot.autoconfigure.transaction.TransactionAutoConfiguration, org.springframework.boot.autoconfigure.data.jpa.JpaRepositoriesAutoConfiguration, org.springframework.boot.test.autoconfigure.orm.jpa.TestEntityManagerAutoConfiguration, org.springframework.boot.autoconfigure.cache.CacheAutoConfiguration, org.springframework.boot.autoconfigure.orm.jpa.HibernateJpaAutoConfiguration, org.springframework.boot.autoconfigure.sql.init.SqlInitializationAutoConfiguration, org.springframework.boot.test.autoconfigure.jdbc.TestDatabaseAutoConfiguration, org.springframework.boot.autoconfigure.flyway.FlywayAutoConfiguration, org.springframework.boot.autoconfigure.jdbc.DataSourceTransactionManagerAutoConfiguration, org.springframework.boot.autoconfigure.liquibase.LiquibaseAutoConfiguration, org.springframework.boot.autoconfigure.jdbc.JdbcClientAutoConfiguration, org.springframework.boot.autoconfigure.jdbc.DataSourceAutoConfiguration, org.springframework.boot.autoconfigure.jdbc.JdbcTemplateAutoConfiguration]], org.springframework.boot.test.context.filter.ExcludeFilterContextCustomizer@6304101a, org.springframework.boot.test.json.DuplicateJsonObjectContextCustomizerFactory$DuplicateJsonObjectContextCustomizer@df6620a, org.springframework.boot.test.mock.mockito.MockitoContextCustomizer@0, org.springframework.boot.test.autoconfigure.OverrideAutoConfigurationContextCustomizerFactory$DisableAutoConfigurationContextCustomizer@40317ba2, org.springframework.boot.test.autoconfigure.actuate.observability.ObservabilityContextCustomizerFactory$DisableObservabilityContextCustomizer@1f, org.springframework.boot.test.autoconfigure.filter.TypeExcludeFiltersContextCustomizer@34be3d80, org.springframework.boot.test.autoconfigure.properties.PropertyMappingContextCustomizer@df5ba06e, org.springframework.boot.test.autoconfigure.web.servlet.WebDriverContextCustomizer@571c5681, org.springframework.boot.test.context.SpringBootTestAnnotation@6287f1ab], contextLoader = org.springframework.boot.test.context.SpringBootContextLoader, parent = null]
	at org.springframework.test.context.cache.DefaultCacheAwareContextLoaderDelegate.loadContext(DefaultCacheAwareContextLoaderDelegate.java:145)
	at org.springframework.test.context.support.DefaultTestContext.getApplicationContext(DefaultTestContext.java:130)
	at org.springframework.test.context.support.DependencyInjectionTestExecutionListener.injectDependencies(DependencyInjectionTestExecutionListener.java:141)
	at org.springframework.test.context.support.DependencyInjectionTestExecutionListener.prepareTestInstance(DependencyInjectionTestExecutionListener.java:97)
	at org.springframework.test.context.TestContextManager.prepareTestInstance(TestContextManager.java:247)
	at org.springframework.test.context.junit.jupiter.SpringExtension.postProcessTestInstance(SpringExtension.java:163)
	at java.base/java.util.stream.ReferencePipeline$3$1.accept(ReferencePipeline.java:197)
	at java.base/java.util.stream.ReferencePipeline$2$1.accept(ReferencePipeline.java:179)
	at java.base/java.util.ArrayList$ArrayListSpliterator.forEachRemaining(ArrayList.java:1708)
	at java.base/java.util.stream.AbstractPipeline.copyInto(AbstractPipeline.java:509)
	at java.base/java.util.stream.AbstractPipeline.wrapAndCopyInto(AbstractPipeline.java:499)
	at java.base/java.util.stream.StreamSpliterators$WrappingSpliterator.forEachRemaining(StreamSpliterators.java:310)
	at java.base/java.util.stream.Streams$ConcatSpliterator.forEachRemaining(Streams.java:735)
	at java.base/java.util.stream.Streams$ConcatSpliterator.forEachRemaining(Streams.java:734)
	at java.base/java.util.stream.ReferencePipeline$Head.forEach(ReferencePipeline.java:762)
	at java.base/java.util.Optional.orElseGet(Optional.java:364)
	at java.base/java.util.ArrayList.forEach(ArrayList.java:1596)
	at java.base/java.util.ArrayList.forEach(ArrayList.java:1596)

[ERROR] org.frcpm.repositories.AttendanceRepositoryIntegrationTest.testCountByMemberId -- Time elapsed: 0 s <<< ERROR!
java.lang.IllegalStateException: ApplicationContext failure threshold (1) exceeded: skipping repeated attempt to load context for [MergedContextConfiguration@50ba10de testClass = org.frcpm.repositories.AttendanceRepositoryIntegrationTest, locations = [], classes = [org.frcpm.FrcProjectManagementApplication], contextInitializerClasses = [], activeProfiles = ["test"], propertySourceDescriptors = [], propertySourceProperties = ["org.springframework.boot.test.autoconfigure.orm.jpa.DataJpaTestContextBootstrapper=true"], contextCustomizers = [[ImportsContextCustomizer@518e9141 key = [org.springframework.boot.autoconfigure.transaction.TransactionAutoConfiguration, org.springframework.boot.autoconfigure.data.jpa.JpaRepositoriesAutoConfiguration, org.springframework.boot.test.autoconfigure.orm.jpa.TestEntityManagerAutoConfiguration, org.springframework.boot.autoconfigure.cache.CacheAutoConfiguration, org.springframework.boot.autoconfigure.orm.jpa.HibernateJpaAutoConfiguration, org.springframework.boot.autoconfigure.sql.init.SqlInitializationAutoConfiguration, org.springframework.boot.test.autoconfigure.jdbc.TestDatabaseAutoConfiguration, org.springframework.boot.autoconfigure.flyway.FlywayAutoConfiguration, org.springframework.boot.autoconfigure.jdbc.DataSourceTransactionManagerAutoConfiguration, org.springframework.boot.autoconfigure.liquibase.LiquibaseAutoConfiguration, org.springframework.boot.autoconfigure.jdbc.JdbcClientAutoConfiguration, org.springframework.boot.autoconfigure.jdbc.DataSourceAutoConfiguration, org.springframework.boot.autoconfigure.jdbc.JdbcTemplateAutoConfiguration]], org.springframework.boot.test.context.filter.ExcludeFilterContextCustomizer@6304101a, org.springframework.boot.test.json.DuplicateJsonObjectContextCustomizerFactory$DuplicateJsonObjectContextCustomizer@df6620a, org.springframework.boot.test.mock.mockito.MockitoContextCustomizer@0, org.springframework.boot.test.autoconfigure.OverrideAutoConfigurationContextCustomizerFactory$DisableAutoConfigurationContextCustomizer@40317ba2, org.springframework.boot.test.autoconfigure.actuate.observability.ObservabilityContextCustomizerFactory$DisableObservabilityContextCustomizer@1f, org.springframework.boot.test.autoconfigure.filter.TypeExcludeFiltersContextCustomizer@34be3d80, org.springframework.boot.test.autoconfigure.properties.PropertyMappingContextCustomizer@df5ba06e, org.springframework.boot.test.autoconfigure.web.servlet.WebDriverContextCustomizer@571c5681, org.springframework.boot.test.context.SpringBootTestAnnotation@6287f1ab], contextLoader = org.springframework.boot.test.context.SpringBootContextLoader, parent = null]
	at org.springframework.test.context.cache.DefaultCacheAwareContextLoaderDelegate.loadContext(DefaultCacheAwareContextLoaderDelegate.java:145)
	at org.springframework.test.context.support.DefaultTestContext.getApplicationContext(DefaultTestContext.java:130)
	at org.springframework.test.context.support.DependencyInjectionTestExecutionListener.injectDependencies(DependencyInjectionTestExecutionListener.java:141)
	at org.springframework.test.context.support.DependencyInjectionTestExecutionListener.prepareTestInstance(DependencyInjectionTestExecutionListener.java:97)
	at org.springframework.test.context.TestContextManager.prepareTestInstance(TestContextManager.java:247)
	at org.springframework.test.context.junit.jupiter.SpringExtension.postProcessTestInstance(SpringExtension.java:163)
	at java.base/java.util.stream.ReferencePipeline$3$1.accept(ReferencePipeline.java:197)
	at java.base/java.util.stream.ReferencePipeline$2$1.accept(ReferencePipeline.java:179)
	at java.base/java.util.ArrayList$ArrayListSpliterator.forEachRemaining(ArrayList.java:1708)
	at java.base/java.util.stream.AbstractPipeline.copyInto(AbstractPipeline.java:509)
	at java.base/java.util.stream.AbstractPipeline.wrapAndCopyInto(AbstractPipeline.java:499)
	at java.base/java.util.stream.StreamSpliterators$WrappingSpliterator.forEachRemaining(StreamSpliterators.java:310)
	at java.base/java.util.stream.Streams$ConcatSpliterator.forEachRemaining(Streams.java:735)
	at java.base/java.util.stream.Streams$ConcatSpliterator.forEachRemaining(Streams.java:734)
	at java.base/java.util.stream.ReferencePipeline$Head.forEach(ReferencePipeline.java:762)
	at java.base/java.util.Optional.orElseGet(Optional.java:364)
	at java.base/java.util.ArrayList.forEach(ArrayList.java:1596)
	at java.base/java.util.ArrayList.forEach(ArrayList.java:1596)

[ERROR] org.frcpm.repositories.AttendanceRepositoryIntegrationTest.testSaveAndFindById -- Time elapsed: 0 s <<< ERROR!
java.lang.IllegalStateException: ApplicationContext failure threshold (1) exceeded: skipping repeated attempt to load context for [MergedContextConfiguration@50ba10de testClass = org.frcpm.repositories.AttendanceRepositoryIntegrationTest, locations = [], classes = [org.frcpm.FrcProjectManagementApplication], contextInitializerClasses = [], activeProfiles = ["test"], propertySourceDescriptors = [], propertySourceProperties = ["org.springframework.boot.test.autoconfigure.orm.jpa.DataJpaTestContextBootstrapper=true"], contextCustomizers = [[ImportsContextCustomizer@518e9141 key = [org.springframework.boot.autoconfigure.transaction.TransactionAutoConfiguration, org.springframework.boot.autoconfigure.data.jpa.JpaRepositoriesAutoConfiguration, org.springframework.boot.test.autoconfigure.orm.jpa.TestEntityManagerAutoConfiguration, org.springframework.boot.autoconfigure.cache.CacheAutoConfiguration, org.springframework.boot.autoconfigure.orm.jpa.HibernateJpaAutoConfiguration, org.springframework.boot.autoconfigure.sql.init.SqlInitializationAutoConfiguration, org.springframework.boot.test.autoconfigure.jdbc.TestDatabaseAutoConfiguration, org.springframework.boot.autoconfigure.flyway.FlywayAutoConfiguration, org.springframework.boot.autoconfigure.jdbc.DataSourceTransactionManagerAutoConfiguration, org.springframework.boot.autoconfigure.liquibase.LiquibaseAutoConfiguration, org.springframework.boot.autoconfigure.jdbc.JdbcClientAutoConfiguration, org.springframework.boot.autoconfigure.jdbc.DataSourceAutoConfiguration, org.springframework.boot.autoconfigure.jdbc.JdbcTemplateAutoConfiguration]], org.springframework.boot.test.context.filter.ExcludeFilterContextCustomizer@6304101a, org.springframework.boot.test.json.DuplicateJsonObjectContextCustomizerFactory$DuplicateJsonObjectContextCustomizer@df6620a, org.springframework.boot.test.mock.mockito.MockitoContextCustomizer@0, org.springframework.boot.test.autoconfigure.OverrideAutoConfigurationContextCustomizerFactory$DisableAutoConfigurationContextCustomizer@40317ba2, org.springframework.boot.test.autoconfigure.actuate.observability.ObservabilityContextCustomizerFactory$DisableObservabilityContextCustomizer@1f, org.springframework.boot.test.autoconfigure.filter.TypeExcludeFiltersContextCustomizer@34be3d80, org.springframework.boot.test.autoconfigure.properties.PropertyMappingContextCustomizer@df5ba06e, org.springframework.boot.test.autoconfigure.web.servlet.WebDriverContextCustomizer@571c5681, org.springframework.boot.test.context.SpringBootTestAnnotation@6287f1ab], contextLoader = org.springframework.boot.test.context.SpringBootContextLoader, parent = null]
	at org.springframework.test.context.cache.DefaultCacheAwareContextLoaderDelegate.loadContext(DefaultCacheAwareContextLoaderDelegate.java:145)
	at org.springframework.test.context.support.DefaultTestContext.getApplicationContext(DefaultTestContext.java:130)
	at org.springframework.test.context.support.DependencyInjectionTestExecutionListener.injectDependencies(DependencyInjectionTestExecutionListener.java:141)
	at org.springframework.test.context.support.DependencyInjectionTestExecutionListener.prepareTestInstance(DependencyInjectionTestExecutionListener.java:97)
	at org.springframework.test.context.TestContextManager.prepareTestInstance(TestContextManager.java:247)
	at org.springframework.test.context.junit.jupiter.SpringExtension.postProcessTestInstance(SpringExtension.java:163)
	at java.base/java.util.stream.ReferencePipeline$3$1.accept(ReferencePipeline.java:197)
	at java.base/java.util.stream.ReferencePipeline$2$1.accept(ReferencePipeline.java:179)
	at java.base/java.util.ArrayList$ArrayListSpliterator.forEachRemaining(ArrayList.java:1708)
	at java.base/java.util.stream.AbstractPipeline.copyInto(AbstractPipeline.java:509)
	at java.base/java.util.stream.AbstractPipeline.wrapAndCopyInto(AbstractPipeline.java:499)
	at java.base/java.util.stream.StreamSpliterators$WrappingSpliterator.forEachRemaining(StreamSpliterators.java:310)
	at java.base/java.util.stream.Streams$ConcatSpliterator.forEachRemaining(Streams.java:735)
	at java.base/java.util.stream.Streams$ConcatSpliterator.forEachRemaining(Streams.java:734)
	at java.base/java.util.stream.ReferencePipeline$Head.forEach(ReferencePipeline.java:762)
	at java.base/java.util.Optional.orElseGet(Optional.java:364)
	at java.base/java.util.ArrayList.forEach(ArrayList.java:1596)
	at java.base/java.util.ArrayList.forEach(ArrayList.java:1596)

[DEBUG] Closing the fork 1 after saying GoodBye.
[INFO] 
[INFO] Results:
[INFO] 
[ERROR] Errors: 
[ERROR]   AttendanceRepositoryIntegrationTest.testCascadingRelationships ╗ IllegalState ApplicationContext failure threshold (1) exceeded: skipping repeated attempt to load context for [MergedContextConfiguration@50ba10de testClass = org.frcpm.repositories.AttendanceRepositoryIntegrationTest, locations = [], classes = [org.frcpm.FrcProjectManagementApplication], contextInitializerClasses = [], activeProfiles = ["test"], propertySourceDescriptors = [], propertySourceProperties = ["org.springframework.boot.test.autoconfigure.orm.jpa.DataJpaTestContextBootstrapper=true"], contextCustomizers = [[ImportsContextCustomizer@518e9141 key = [org.springframework.boot.autoconfigure.transaction.TransactionAutoConfiguration, org.springframework.boot.autoconfigure.data.jpa.JpaRepositoriesAutoConfiguration, org.springframework.boot.test.autoconfigure.orm.jpa.TestEntityManagerAutoConfiguration, org.springframework.boot.autoconfigure.cache.CacheAutoConfiguration, org.springframework.boot.autoconfigure.orm.jpa.HibernateJpaAutoConfiguration, org.springframework.boot.autoconfigure.sql.init.SqlInitializationAutoConfiguration, org.springframework.boot.test.autoconfigure.jdbc.TestDatabaseAutoConfiguration, org.springframework.boot.autoconfigure.flyway.FlywayAutoConfiguration, org.springframework.boot.autoconfigure.jdbc.DataSourceTransactionManagerAutoConfiguration, org.springframework.boot.autoconfigure.liquibase.LiquibaseAutoConfiguration, org.springframework.boot.autoconfigure.jdbc.JdbcClientAutoConfiguration, org.springframework.boot.autoconfigure.jdbc.DataSourceAutoConfiguration, org.springframework.boot.autoconfigure.jdbc.JdbcTemplateAutoConfiguration]], org.springframework.boot.test.context.filter.ExcludeFilterContextCustomizer@6304101a, org.springframework.boot.test.json.DuplicateJsonObjectContextCustomizerFactory$DuplicateJsonObjectContextCustomizer@df6620a, org.springframework.boot.test.mock.mockito.MockitoContextCustomizer@0, org.springframework.boot.test.autoconfigure.OverrideAutoConfigurationContextCustomizerFactory$DisableAutoConfigurationContextCustomizer@40317ba2, org.springframework.boot.test.autoconfigure.actuate.observability.ObservabilityContextCustomizerFactory$DisableObservabilityContextCustomizer@1f, org.springframework.boot.test.autoconfigure.filter.TypeExcludeFiltersContextCustomizer@34be3d80, org.springframework.boot.test.autoconfigure.properties.PropertyMappingContextCustomizer@df5ba06e, org.springframework.boot.test.autoconfigure.web.servlet.WebDriverContextCustomizer@571c5681, org.springframework.boot.test.context.SpringBootTestAnnotation@6287f1ab], contextLoader = org.springframework.boot.test.context.SpringBootContextLoader, parent = null]
[ERROR]   AttendanceRepositoryIntegrationTest.testCount ╗ IllegalState ApplicationContext failure threshold (1) exceeded: skipping repeated attempt to load context for [MergedContextConfiguration@50ba10de testClass = org.frcpm.repositories.AttendanceRepositoryIntegrationTest, locations = [], classes = [org.frcpm.FrcProjectManagementApplication], contextInitializerClasses = [], activeProfiles = ["test"], propertySourceDescriptors = [], propertySourceProperties = ["org.springframework.boot.test.autoconfigure.orm.jpa.DataJpaTestContextBootstrapper=true"], contextCustomizers = [[ImportsContextCustomizer@518e9141 key = [org.springframework.boot.autoconfigure.transaction.TransactionAutoConfiguration, org.springframework.boot.autoconfigure.data.jpa.JpaRepositoriesAutoConfiguration, org.springframework.boot.test.autoconfigure.orm.jpa.TestEntityManagerAutoConfiguration, org.springframework.boot.autoconfigure.cache.CacheAutoConfiguration, org.springframework.boot.autoconfigure.orm.jpa.HibernateJpaAutoConfiguration, org.springframework.boot.autoconfigure.sql.init.SqlInitializationAutoConfiguration, org.springframework.boot.test.autoconfigure.jdbc.TestDatabaseAutoConfiguration, org.springframework.boot.autoconfigure.flyway.FlywayAutoConfiguration, org.springframework.boot.autoconfigure.jdbc.DataSourceTransactionManagerAutoConfiguration, org.springframework.boot.autoconfigure.liquibase.LiquibaseAutoConfiguration, org.springframework.boot.autoconfigure.jdbc.JdbcClientAutoConfiguration, org.springframework.boot.autoconfigure.jdbc.DataSourceAutoConfiguration, org.springframework.boot.autoconfigure.jdbc.JdbcTemplateAutoConfiguration]], org.springframework.boot.test.context.filter.ExcludeFilterContextCustomizer@6304101a, org.springframework.boot.test.json.DuplicateJsonObjectContextCustomizerFactory$DuplicateJsonObjectContextCustomizer@df6620a, org.springframework.boot.test.mock.mockito.MockitoContextCustomizer@0, org.springframework.boot.test.autoconfigure.OverrideAutoConfigurationContextCustomizerFactory$DisableAutoConfigurationContextCustomizer@40317ba2, org.springframework.boot.test.autoconfigure.actuate.observability.ObservabilityContextCustomizerFactory$DisableObservabilityContextCustomizer@1f, org.springframework.boot.test.autoconfigure.filter.TypeExcludeFiltersContextCustomizer@34be3d80, org.springframework.boot.test.autoconfigure.properties.PropertyMappingContextCustomizer@df5ba06e, org.springframework.boot.test.autoconfigure.web.servlet.WebDriverContextCustomizer@571c5681, org.springframework.boot.test.context.SpringBootTestAnnotation@6287f1ab], contextLoader = org.springframework.boot.test.context.SpringBootContextLoader, parent = null]
[ERROR]   AttendanceRepositoryIntegrationTest.testCountByMemberId ╗ IllegalState ApplicationContext failure threshold (1) exceeded: skipping repeated attempt to load context for [MergedContextConfiguration@50ba10de testClass = org.frcpm.repositories.AttendanceRepositoryIntegrationTest, locations = [], classes = [org.frcpm.FrcProjectManagementApplication], contextInitializerClasses = [], activeProfiles = ["test"], propertySourceDescriptors = [], propertySourceProperties = ["org.springframework.boot.test.autoconfigure.orm.jpa.DataJpaTestContextBootstrapper=true"], contextCustomizers = [[ImportsContextCustomizer@518e9141 key = [org.springframework.boot.autoconfigure.transaction.TransactionAutoConfiguration, org.springframework.boot.autoconfigure.data.jpa.JpaRepositoriesAutoConfiguration, org.springframework.boot.test.autoconfigure.orm.jpa.TestEntityManagerAutoConfiguration, org.springframework.boot.autoconfigure.cache.CacheAutoConfiguration, org.springframework.boot.autoconfigure.orm.jpa.HibernateJpaAutoConfiguration, org.springframework.boot.autoconfigure.sql.init.SqlInitializationAutoConfiguration, org.springframework.boot.test.autoconfigure.jdbc.TestDatabaseAutoConfiguration, org.springframework.boot.autoconfigure.flyway.FlywayAutoConfiguration, org.springframework.boot.autoconfigure.jdbc.DataSourceTransactionManagerAutoConfiguration, org.springframework.boot.autoconfigure.liquibase.LiquibaseAutoConfiguration, org.springframework.boot.autoconfigure.jdbc.JdbcClientAutoConfiguration, org.springframework.boot.autoconfigure.jdbc.DataSourceAutoConfiguration, org.springframework.boot.autoconfigure.jdbc.JdbcTemplateAutoConfiguration]], org.springframework.boot.test.context.filter.ExcludeFilterContextCustomizer@6304101a, org.springframework.boot.test.json.DuplicateJsonObjectContextCustomizerFactory$DuplicateJsonObjectContextCustomizer@df6620a, org.springframework.boot.test.mock.mockito.MockitoContextCustomizer@0, org.springframework.boot.test.autoconfigure.OverrideAutoConfigurationContextCustomizerFactory$DisableAutoConfigurationContextCustomizer@40317ba2, org.springframework.boot.test.autoconfigure.actuate.observability.ObservabilityContextCustomizerFactory$DisableObservabilityContextCustomizer@1f, org.springframework.boot.test.autoconfigure.filter.TypeExcludeFiltersContextCustomizer@34be3d80, org.springframework.boot.test.autoconfigure.properties.PropertyMappingContextCustomizer@df5ba06e, org.springframework.boot.test.autoconfigure.web.servlet.WebDriverContextCustomizer@571c5681, org.springframework.boot.test.context.SpringBootTestAnnotation@6287f1ab], contextLoader = org.springframework.boot.test.context.SpringBootContextLoader, parent = null]
[ERROR]   AttendanceRepositoryIntegrationTest.testCountByMemberIdAndPresent ╗ IllegalState ApplicationContext failure threshold (1) exceeded: skipping repeated attempt to load context for [MergedContextConfiguration@50ba10de testClass = org.frcpm.repositories.AttendanceRepositoryIntegrationTest, locations = [], classes = [org.frcpm.FrcProjectManagementApplication], contextInitializerClasses = [], activeProfiles = ["test"], propertySourceDescriptors = [], propertySourceProperties = ["org.springframework.boot.test.autoconfigure.orm.jpa.DataJpaTestContextBootstrapper=true"], contextCustomizers = [[ImportsContextCustomizer@518e9141 key = [org.springframework.boot.autoconfigure.transaction.TransactionAutoConfiguration, org.springframework.boot.autoconfigure.data.jpa.JpaRepositoriesAutoConfiguration, org.springframework.boot.test.autoconfigure.orm.jpa.TestEntityManagerAutoConfiguration, org.springframework.boot.autoconfigure.cache.CacheAutoConfiguration, org.springframework.boot.autoconfigure.orm.jpa.HibernateJpaAutoConfiguration, org.springframework.boot.autoconfigure.sql.init.SqlInitializationAutoConfiguration, org.springframework.boot.test.autoconfigure.jdbc.TestDatabaseAutoConfiguration, org.springframework.boot.autoconfigure.flyway.FlywayAutoConfiguration, org.springframework.boot.autoconfigure.jdbc.DataSourceTransactionManagerAutoConfiguration, org.springframework.boot.autoconfigure.liquibase.LiquibaseAutoConfiguration, org.springframework.boot.autoconfigure.jdbc.JdbcClientAutoConfiguration, org.springframework.boot.autoconfigure.jdbc.DataSourceAutoConfiguration, org.springframework.boot.autoconfigure.jdbc.JdbcTemplateAutoConfiguration]], org.springframework.boot.test.context.filter.ExcludeFilterContextCustomizer@6304101a, org.springframework.boot.test.json.DuplicateJsonObjectContextCustomizerFactory$DuplicateJsonObjectContextCustomizer@df6620a, org.springframework.boot.test.mock.mockito.MockitoContextCustomizer@0, org.springframework.boot.test.autoconfigure.OverrideAutoConfigurationContextCustomizerFactory$DisableAutoConfigurationContextCustomizer@40317ba2, org.springframework.boot.test.autoconfigure.actuate.observability.ObservabilityContextCustomizerFactory$DisableObservabilityContextCustomizer@1f, org.springframework.boot.test.autoconfigure.filter.TypeExcludeFiltersContextCustomizer@34be3d80, org.springframework.boot.test.autoconfigure.properties.PropertyMappingContextCustomizer@df5ba06e, org.springframework.boot.test.autoconfigure.web.servlet.WebDriverContextCustomizer@571c5681, org.springframework.boot.test.context.SpringBootTestAnnotation@6287f1ab], contextLoader = org.springframework.boot.test.context.SpringBootContextLoader, parent = null]
[ERROR]   AttendanceRepositoryIntegrationTest.testDeleteById ╗ IllegalState ApplicationContext failure threshold (1) exceeded: skipping repeated attempt to load context for [MergedContextConfiguration@50ba10de testClass = org.frcpm.repositories.AttendanceRepositoryIntegrationTest, locations = [], classes = [org.frcpm.FrcProjectManagementApplication], contextInitializerClasses = [], activeProfiles = ["test"], propertySourceDescriptors = [], propertySourceProperties = ["org.springframework.boot.test.autoconfigure.orm.jpa.DataJpaTestContextBootstrapper=true"], contextCustomizers = [[ImportsContextCustomizer@518e9141 key = [org.springframework.boot.autoconfigure.transaction.TransactionAutoConfiguration, org.springframework.boot.autoconfigure.data.jpa.JpaRepositoriesAutoConfiguration, org.springframework.boot.test.autoconfigure.orm.jpa.TestEntityManagerAutoConfiguration, org.springframework.boot.autoconfigure.cache.CacheAutoConfiguration, org.springframework.boot.autoconfigure.orm.jpa.HibernateJpaAutoConfiguration, org.springframework.boot.autoconfigure.sql.init.SqlInitializationAutoConfiguration, org.springframework.boot.test.autoconfigure.jdbc.TestDatabaseAutoConfiguration, org.springframework.boot.autoconfigure.flyway.FlywayAutoConfiguration, org.springframework.boot.autoconfigure.jdbc.DataSourceTransactionManagerAutoConfiguration, org.springframework.boot.autoconfigure.liquibase.LiquibaseAutoConfiguration, org.springframework.boot.autoconfigure.jdbc.JdbcClientAutoConfiguration, org.springframework.boot.autoconfigure.jdbc.DataSourceAutoConfiguration, org.springframework.boot.autoconfigure.jdbc.JdbcTemplateAutoConfiguration]], org.springframework.boot.test.context.filter.ExcludeFilterContextCustomizer@6304101a, org.springframework.boot.test.json.DuplicateJsonObjectContextCustomizerFactory$DuplicateJsonObjectContextCustomizer@df6620a, org.springframework.boot.test.mock.mockito.MockitoContextCustomizer@0, org.springframework.boot.test.autoconfigure.OverrideAutoConfigurationContextCustomizerFactory$DisableAutoConfigurationContextCustomizer@40317ba2, org.springframework.boot.test.autoconfigure.actuate.observability.ObservabilityContextCustomizerFactory$DisableObservabilityContextCustomizer@1f, org.springframework.boot.test.autoconfigure.filter.TypeExcludeFiltersContextCustomizer@34be3d80, org.springframework.boot.test.autoconfigure.properties.PropertyMappingContextCustomizer@df5ba06e, org.springframework.boot.test.autoconfigure.web.servlet.WebDriverContextCustomizer@571c5681, org.springframework.boot.test.context.SpringBootTestAnnotation@6287f1ab], contextLoader = org.springframework.boot.test.context.SpringBootContextLoader, parent = null]
[ERROR]   AttendanceRepositoryIntegrationTest.testFindAll ╗ IllegalState ApplicationContext failure threshold (1) exceeded: skipping repeated attempt to load context for [MergedContextConfiguration@50ba10de testClass = org.frcpm.repositories.AttendanceRepositoryIntegrationTest, locations = [], classes = [org.frcpm.FrcProjectManagementApplication], contextInitializerClasses = [], activeProfiles = ["test"], propertySourceDescriptors = [], propertySourceProperties = ["org.springframework.boot.test.autoconfigure.orm.jpa.DataJpaTestContextBootstrapper=true"], contextCustomizers = [[ImportsContextCustomizer@518e9141 key = [org.springframework.boot.autoconfigure.transaction.TransactionAutoConfiguration, org.springframework.boot.autoconfigure.data.jpa.JpaRepositoriesAutoConfiguration, org.springframework.boot.test.autoconfigure.orm.jpa.TestEntityManagerAutoConfiguration, org.springframework.boot.autoconfigure.cache.CacheAutoConfiguration, org.springframework.boot.autoconfigure.orm.jpa.HibernateJpaAutoConfiguration, org.springframework.boot.autoconfigure.sql.init.SqlInitializationAutoConfiguration, org.springframework.boot.test.autoconfigure.jdbc.TestDatabaseAutoConfiguration, org.springframework.boot.autoconfigure.flyway.FlywayAutoConfiguration, org.springframework.boot.autoconfigure.jdbc.DataSourceTransactionManagerAutoConfiguration, org.springframework.boot.autoconfigure.liquibase.LiquibaseAutoConfiguration, org.springframework.boot.autoconfigure.jdbc.JdbcClientAutoConfiguration, org.springframework.boot.autoconfigure.jdbc.DataSourceAutoConfiguration, org.springframework.boot.autoconfigure.jdbc.JdbcTemplateAutoConfiguration]], org.springframework.boot.test.context.filter.ExcludeFilterContextCustomizer@6304101a, org.springframework.boot.test.json.DuplicateJsonObjectContextCustomizerFactory$DuplicateJsonObjectContextCustomizer@df6620a, org.springframework.boot.test.mock.mockito.MockitoContextCustomizer@0, org.springframework.boot.test.autoconfigure.OverrideAutoConfigurationContextCustomizerFactory$DisableAutoConfigurationContextCustomizer@40317ba2, org.springframework.boot.test.autoconfigure.actuate.observability.ObservabilityContextCustomizerFactory$DisableObservabilityContextCustomizer@1f, org.springframework.boot.test.autoconfigure.filter.TypeExcludeFiltersContextCustomizer@34be3d80, org.springframework.boot.test.autoconfigure.properties.PropertyMappingContextCustomizer@df5ba06e, org.springframework.boot.test.autoconfigure.web.servlet.WebDriverContextCustomizer@571c5681, org.springframework.boot.test.context.SpringBootTestAnnotation@6287f1ab], contextLoader = org.springframework.boot.test.context.SpringBootContextLoader, parent = null]
[ERROR]   AttendanceRepositoryIntegrationTest.testFindByMeeting ╗ IllegalState ApplicationContext failure threshold (1) exceeded: skipping repeated attempt to load context for [MergedContextConfiguration@50ba10de testClass = org.frcpm.repositories.AttendanceRepositoryIntegrationTest, locations = [], classes = [org.frcpm.FrcProjectManagementApplication], contextInitializerClasses = [], activeProfiles = ["test"], propertySourceDescriptors = [], propertySourceProperties = ["org.springframework.boot.test.autoconfigure.orm.jpa.DataJpaTestContextBootstrapper=true"], contextCustomizers = [[ImportsContextCustomizer@518e9141 key = [org.springframework.boot.autoconfigure.transaction.TransactionAutoConfiguration, org.springframework.boot.autoconfigure.data.jpa.JpaRepositoriesAutoConfiguration, org.springframework.boot.test.autoconfigure.orm.jpa.TestEntityManagerAutoConfiguration, org.springframework.boot.autoconfigure.cache.CacheAutoConfiguration, org.springframework.boot.autoconfigure.orm.jpa.HibernateJpaAutoConfiguration, org.springframework.boot.autoconfigure.sql.init.SqlInitializationAutoConfiguration, org.springframework.boot.test.autoconfigure.jdbc.TestDatabaseAutoConfiguration, org.springframework.boot.autoconfigure.flyway.FlywayAutoConfiguration, org.springframework.boot.autoconfigure.jdbc.DataSourceTransactionManagerAutoConfiguration, org.springframework.boot.autoconfigure.liquibase.LiquibaseAutoConfiguration, org.springframework.boot.autoconfigure.jdbc.JdbcClientAutoConfiguration, org.springframework.boot.autoconfigure.jdbc.DataSourceAutoConfiguration, org.springframework.boot.autoconfigure.jdbc.JdbcTemplateAutoConfiguration]], org.springframework.boot.test.context.filter.ExcludeFilterContextCustomizer@6304101a, org.springframework.boot.test.json.DuplicateJsonObjectContextCustomizerFactory$DuplicateJsonObjectContextCustomizer@df6620a, org.springframework.boot.test.mock.mockito.MockitoContextCustomizer@0, org.springframework.boot.test.autoconfigure.OverrideAutoConfigurationContextCustomizerFactory$DisableAutoConfigurationContextCustomizer@40317ba2, org.springframework.boot.test.autoconfigure.actuate.observability.ObservabilityContextCustomizerFactory$DisableObservabilityContextCustomizer@1f, org.springframework.boot.test.autoconfigure.filter.TypeExcludeFiltersContextCustomizer@34be3d80, org.springframework.boot.test.autoconfigure.properties.PropertyMappingContextCustomizer@df5ba06e, org.springframework.boot.test.autoconfigure.web.servlet.WebDriverContextCustomizer@571c5681, org.springframework.boot.test.context.SpringBootTestAnnotation@6287f1ab], contextLoader = org.springframework.boot.test.context.SpringBootContextLoader, parent = null]
[ERROR]   AttendanceRepositoryIntegrationTest.testFindByMeetingAndMember ╗ IllegalState ApplicationContext failure threshold (1) exceeded: skipping repeated attempt to load context for [MergedContextConfiguration@50ba10de testClass = org.frcpm.repositories.AttendanceRepositoryIntegrationTest, locations = [], classes = [org.frcpm.FrcProjectManagementApplication], contextInitializerClasses = [], activeProfiles = ["test"], propertySourceDescriptors = [], propertySourceProperties = ["org.springframework.boot.test.autoconfigure.orm.jpa.DataJpaTestContextBootstrapper=true"], contextCustomizers = [[ImportsContextCustomizer@518e9141 key = [org.springframework.boot.autoconfigure.transaction.TransactionAutoConfiguration, org.springframework.boot.autoconfigure.data.jpa.JpaRepositoriesAutoConfiguration, org.springframework.boot.test.autoconfigure.orm.jpa.TestEntityManagerAutoConfiguration, org.springframework.boot.autoconfigure.cache.CacheAutoConfiguration, org.springframework.boot.autoconfigure.orm.jpa.HibernateJpaAutoConfiguration, org.springframework.boot.autoconfigure.sql.init.SqlInitializationAutoConfiguration, org.springframework.boot.test.autoconfigure.jdbc.TestDatabaseAutoConfiguration, org.springframework.boot.autoconfigure.flyway.FlywayAutoConfiguration, org.springframework.boot.autoconfigure.jdbc.DataSourceTransactionManagerAutoConfiguration, org.springframework.boot.autoconfigure.liquibase.LiquibaseAutoConfiguration, org.springframework.boot.autoconfigure.jdbc.JdbcClientAutoConfiguration, org.springframework.boot.autoconfigure.jdbc.DataSourceAutoConfiguration, org.springframework.boot.autoconfigure.jdbc.JdbcTemplateAutoConfiguration]], org.springframework.boot.test.context.filter.ExcludeFilterContextCustomizer@6304101a, org.springframework.boot.test.json.DuplicateJsonObjectContextCustomizerFactory$DuplicateJsonObjectContextCustomizer@df6620a, org.springframework.boot.test.mock.mockito.MockitoContextCustomizer@0, org.springframework.boot.test.autoconfigure.OverrideAutoConfigurationContextCustomizerFactory$DisableAutoConfigurationContextCustomizer@40317ba2, org.springframework.boot.test.autoconfigure.actuate.observability.ObservabilityContextCustomizerFactory$DisableObservabilityContextCustomizer@1f, org.springframework.boot.test.autoconfigure.filter.TypeExcludeFiltersContextCustomizer@34be3d80, org.springframework.boot.test.autoconfigure.properties.PropertyMappingContextCustomizer@df5ba06e, org.springframework.boot.test.autoconfigure.web.servlet.WebDriverContextCustomizer@571c5681, org.springframework.boot.test.context.SpringBootTestAnnotation@6287f1ab], contextLoader = org.springframework.boot.test.context.SpringBootContextLoader, parent = null]
[ERROR]   AttendanceRepositoryIntegrationTest.testFindByMeetingAndMember_NotFound ╗ IllegalState Failed to load ApplicationContext for [MergedContextConfiguration@50ba10de testClass = org.frcpm.repositories.AttendanceRepositoryIntegrationTest, locations = [], classes = [org.frcpm.FrcProjectManagementApplication], contextInitializerClasses = [], activeProfiles = ["test"], propertySourceDescriptors = [], propertySourceProperties = ["org.springframework.boot.test.autoconfigure.orm.jpa.DataJpaTestContextBootstrapper=true"], contextCustomizers = [[ImportsContextCustomizer@518e9141 key = [org.springframework.boot.autoconfigure.transaction.TransactionAutoConfiguration, org.springframework.boot.autoconfigure.data.jpa.JpaRepositoriesAutoConfiguration, org.springframework.boot.test.autoconfigure.orm.jpa.TestEntityManagerAutoConfiguration, org.springframework.boot.autoconfigure.cache.CacheAutoConfiguration, org.springframework.boot.autoconfigure.orm.jpa.HibernateJpaAutoConfiguration, org.springframework.boot.autoconfigure.sql.init.SqlInitializationAutoConfiguration, org.springframework.boot.test.autoconfigure.jdbc.TestDatabaseAutoConfiguration, org.springframework.boot.autoconfigure.flyway.FlywayAutoConfiguration, org.springframework.boot.autoconfigure.jdbc.DataSourceTransactionManagerAutoConfiguration, org.springframework.boot.autoconfigure.liquibase.LiquibaseAutoConfiguration, org.springframework.boot.autoconfigure.jdbc.JdbcClientAutoConfiguration, org.springframework.boot.autoconfigure.jdbc.DataSourceAutoConfiguration, org.springframework.boot.autoconfigure.jdbc.JdbcTemplateAutoConfiguration]], org.springframework.boot.test.context.filter.ExcludeFilterContextCustomizer@6304101a, org.springframework.boot.test.json.DuplicateJsonObjectContextCustomizerFactory$DuplicateJsonObjectContextCustomizer@df6620a, org.springframework.boot.test.mock.mockito.MockitoContextCustomizer@0, org.springframework.boot.test.autoconfigure.OverrideAutoConfigurationContextCustomizerFactory$DisableAutoConfigurationContextCustomizer@40317ba2, org.springframework.boot.test.autoconfigure.actuate.observability.ObservabilityContextCustomizerFactory$DisableObservabilityContextCustomizer@1f, org.springframework.boot.test.autoconfigure.filter.TypeExcludeFiltersContextCustomizer@34be3d80, org.springframework.boot.test.autoconfigure.properties.PropertyMappingContextCustomizer@df5ba06e, org.springframework.boot.test.autoconfigure.web.servlet.WebDriverContextCustomizer@571c5681, org.springframework.boot.test.context.SpringBootTestAnnotation@6287f1ab], contextLoader = org.springframework.boot.test.context.SpringBootContextLoader, parent = null]
[ERROR]   AttendanceRepositoryIntegrationTest.testFindByMeetingDateBetween ╗ IllegalState ApplicationContext failure threshold (1) exceeded: skipping repeated attempt to load context for [MergedContextConfiguration@50ba10de testClass = org.frcpm.repositories.AttendanceRepositoryIntegrationTest, locations = [], classes = [org.frcpm.FrcProjectManagementApplication], contextInitializerClasses = [], activeProfiles = ["test"], propertySourceDescriptors = [], propertySourceProperties = ["org.springframework.boot.test.autoconfigure.orm.jpa.DataJpaTestContextBootstrapper=true"], contextCustomizers = [[ImportsContextCustomizer@518e9141 key = [org.springframework.boot.autoconfigure.transaction.TransactionAutoConfiguration, org.springframework.boot.autoconfigure.data.jpa.JpaRepositoriesAutoConfiguration, org.springframework.boot.test.autoconfigure.orm.jpa.TestEntityManagerAutoConfiguration, org.springframework.boot.autoconfigure.cache.CacheAutoConfiguration, org.springframework.boot.autoconfigure.orm.jpa.HibernateJpaAutoConfiguration, org.springframework.boot.autoconfigure.sql.init.SqlInitializationAutoConfiguration, org.springframework.boot.test.autoconfigure.jdbc.TestDatabaseAutoConfiguration, org.springframework.boot.autoconfigure.flyway.FlywayAutoConfiguration, org.springframework.boot.autoconfigure.jdbc.DataSourceTransactionManagerAutoConfiguration, org.springframework.boot.autoconfigure.liquibase.LiquibaseAutoConfiguration, org.springframework.boot.autoconfigure.jdbc.JdbcClientAutoConfiguration, org.springframework.boot.autoconfigure.jdbc.DataSourceAutoConfiguration, org.springframework.boot.autoconfigure.jdbc.JdbcTemplateAutoConfiguration]], org.springframework.boot.test.context.filter.ExcludeFilterContextCustomizer@6304101a, org.springframework.boot.test.json.DuplicateJsonObjectContextCustomizerFactory$DuplicateJsonObjectContextCustomizer@df6620a, org.springframework.boot.test.mock.mockito.MockitoContextCustomizer@0, org.springframework.boot.test.autoconfigure.OverrideAutoConfigurationContextCustomizerFactory$DisableAutoConfigurationContextCustomizer@40317ba2, org.springframework.boot.test.autoconfigure.actuate.observability.ObservabilityContextCustomizerFactory$DisableObservabilityContextCustomizer@1f, org.springframework.boot.test.autoconfigure.filter.TypeExcludeFiltersContextCustomizer@34be3d80, org.springframework.boot.test.autoconfigure.properties.PropertyMappingContextCustomizer@df5ba06e, org.springframework.boot.test.autoconfigure.web.servlet.WebDriverContextCustomizer@571c5681, org.springframework.boot.test.context.SpringBootTestAnnotation@6287f1ab], contextLoader = org.springframework.boot.test.context.SpringBootContextLoader, parent = null]
[ERROR]   AttendanceRepositoryIntegrationTest.testFindByMeetingId ╗ IllegalState ApplicationContext failure threshold (1) exceeded: skipping repeated attempt to load context for [MergedContextConfiguration@50ba10de testClass = org.frcpm.repositories.AttendanceRepositoryIntegrationTest, locations = [], classes = [org.frcpm.FrcProjectManagementApplication], contextInitializerClasses = [], activeProfiles = ["test"], propertySourceDescriptors = [], propertySourceProperties = ["org.springframework.boot.test.autoconfigure.orm.jpa.DataJpaTestContextBootstrapper=true"], contextCustomizers = [[ImportsContextCustomizer@518e9141 key = [org.springframework.boot.autoconfigure.transaction.TransactionAutoConfiguration, org.springframework.boot.autoconfigure.data.jpa.JpaRepositoriesAutoConfiguration, org.springframework.boot.test.autoconfigure.orm.jpa.TestEntityManagerAutoConfiguration, org.springframework.boot.autoconfigure.cache.CacheAutoConfiguration, org.springframework.boot.autoconfigure.orm.jpa.HibernateJpaAutoConfiguration, org.springframework.boot.autoconfigure.sql.init.SqlInitializationAutoConfiguration, org.springframework.boot.test.autoconfigure.jdbc.TestDatabaseAutoConfiguration, org.springframework.boot.autoconfigure.flyway.FlywayAutoConfiguration, org.springframework.boot.autoconfigure.jdbc.DataSourceTransactionManagerAutoConfiguration, org.springframework.boot.autoconfigure.liquibase.LiquibaseAutoConfiguration, org.springframework.boot.autoconfigure.jdbc.JdbcClientAutoConfiguration, org.springframework.boot.autoconfigure.jdbc.DataSourceAutoConfiguration, org.springframework.boot.autoconfigure.jdbc.JdbcTemplateAutoConfiguration]], org.springframework.boot.test.context.filter.ExcludeFilterContextCustomizer@6304101a, org.springframework.boot.test.json.DuplicateJsonObjectContextCustomizerFactory$DuplicateJsonObjectContextCustomizer@df6620a, org.springframework.boot.test.mock.mockito.MockitoContextCustomizer@0, org.springframework.boot.test.autoconfigure.OverrideAutoConfigurationContextCustomizerFactory$DisableAutoConfigurationContextCustomizer@40317ba2, org.springframework.boot.test.autoconfigure.actuate.observability.ObservabilityContextCustomizerFactory$DisableObservabilityContextCustomizer@1f, org.springframework.boot.test.autoconfigure.filter.TypeExcludeFiltersContextCustomizer@34be3d80, org.springframework.boot.test.autoconfigure.properties.PropertyMappingContextCustomizer@df5ba06e, org.springframework.boot.test.autoconfigure.web.servlet.WebDriverContextCustomizer@571c5681, org.springframework.boot.test.context.SpringBootTestAnnotation@6287f1ab], contextLoader = org.springframework.boot.test.context.SpringBootContextLoader, parent = null]
[ERROR]   AttendanceRepositoryIntegrationTest.testFindByMeetingIdAndMemberId ╗ IllegalState ApplicationContext failure threshold (1) exceeded: skipping repeated attempt to load context for [MergedContextConfiguration@50ba10de testClass = org.frcpm.repositories.AttendanceRepositoryIntegrationTest, locations = [], classes = [org.frcpm.FrcProjectManagementApplication], contextInitializerClasses = [], activeProfiles = ["test"], propertySourceDescriptors = [], propertySourceProperties = ["org.springframework.boot.test.autoconfigure.orm.jpa.DataJpaTestContextBootstrapper=true"], contextCustomizers = [[ImportsContextCustomizer@518e9141 key = [org.springframework.boot.autoconfigure.transaction.TransactionAutoConfiguration, org.springframework.boot.autoconfigure.data.jpa.JpaRepositoriesAutoConfiguration, org.springframework.boot.test.autoconfigure.orm.jpa.TestEntityManagerAutoConfiguration, org.springframework.boot.autoconfigure.cache.CacheAutoConfiguration, org.springframework.boot.autoconfigure.orm.jpa.HibernateJpaAutoConfiguration, org.springframework.boot.autoconfigure.sql.init.SqlInitializationAutoConfiguration, org.springframework.boot.test.autoconfigure.jdbc.TestDatabaseAutoConfiguration, org.springframework.boot.autoconfigure.flyway.FlywayAutoConfiguration, org.springframework.boot.autoconfigure.jdbc.DataSourceTransactionManagerAutoConfiguration, org.springframework.boot.autoconfigure.liquibase.LiquibaseAutoConfiguration, org.springframework.boot.autoconfigure.jdbc.JdbcClientAutoConfiguration, org.springframework.boot.autoconfigure.jdbc.DataSourceAutoConfiguration, org.springframework.boot.autoconfigure.jdbc.JdbcTemplateAutoConfiguration]], org.springframework.boot.test.context.filter.ExcludeFilterContextCustomizer@6304101a, org.springframework.boot.test.json.DuplicateJsonObjectContextCustomizerFactory$DuplicateJsonObjectContextCustomizer@df6620a, org.springframework.boot.test.mock.mockito.MockitoContextCustomizer@0, org.springframework.boot.test.autoconfigure.OverrideAutoConfigurationContextCustomizerFactory$DisableAutoConfigurationContextCustomizer@40317ba2, org.springframework.boot.test.autoconfigure.actuate.observability.ObservabilityContextCustomizerFactory$DisableObservabilityContextCustomizer@1f, org.springframework.boot.test.autoconfigure.filter.TypeExcludeFiltersContextCustomizer@34be3d80, org.springframework.boot.test.autoconfigure.properties.PropertyMappingContextCustomizer@df5ba06e, org.springframework.boot.test.autoconfigure.web.servlet.WebDriverContextCustomizer@571c5681, org.springframework.boot.test.context.SpringBootTestAnnotation@6287f1ab], contextLoader = org.springframework.boot.test.context.SpringBootContextLoader, parent = null]
[ERROR]   AttendanceRepositoryIntegrationTest.testFindByMember ╗ IllegalState ApplicationContext failure threshold (1) exceeded: skipping repeated attempt to load context for [MergedContextConfiguration@50ba10de testClass = org.frcpm.repositories.AttendanceRepositoryIntegrationTest, locations = [], classes = [org.frcpm.FrcProjectManagementApplication], contextInitializerClasses = [], activeProfiles = ["test"], propertySourceDescriptors = [], propertySourceProperties = ["org.springframework.boot.test.autoconfigure.orm.jpa.DataJpaTestContextBootstrapper=true"], contextCustomizers = [[ImportsContextCustomizer@518e9141 key = [org.springframework.boot.autoconfigure.transaction.TransactionAutoConfiguration, org.springframework.boot.autoconfigure.data.jpa.JpaRepositoriesAutoConfiguration, org.springframework.boot.test.autoconfigure.orm.jpa.TestEntityManagerAutoConfiguration, org.springframework.boot.autoconfigure.cache.CacheAutoConfiguration, org.springframework.boot.autoconfigure.orm.jpa.HibernateJpaAutoConfiguration, org.springframework.boot.autoconfigure.sql.init.SqlInitializationAutoConfiguration, org.springframework.boot.test.autoconfigure.jdbc.TestDatabaseAutoConfiguration, org.springframework.boot.autoconfigure.flyway.FlywayAutoConfiguration, org.springframework.boot.autoconfigure.jdbc.DataSourceTransactionManagerAutoConfiguration, org.springframework.boot.autoconfigure.liquibase.LiquibaseAutoConfiguration, org.springframework.boot.autoconfigure.jdbc.JdbcClientAutoConfiguration, org.springframework.boot.autoconfigure.jdbc.DataSourceAutoConfiguration, org.springframework.boot.autoconfigure.jdbc.JdbcTemplateAutoConfiguration]], org.springframework.boot.test.context.filter.ExcludeFilterContextCustomizer@6304101a, org.springframework.boot.test.json.DuplicateJsonObjectContextCustomizerFactory$DuplicateJsonObjectContextCustomizer@df6620a, org.springframework.boot.test.mock.mockito.MockitoContextCustomizer@0, org.springframework.boot.test.autoconfigure.OverrideAutoConfigurationContextCustomizerFactory$DisableAutoConfigurationContextCustomizer@40317ba2, org.springframework.boot.test.autoconfigure.actuate.observability.ObservabilityContextCustomizerFactory$DisableObservabilityContextCustomizer@1f, org.springframework.boot.test.autoconfigure.filter.TypeExcludeFiltersContextCustomizer@34be3d80, org.springframework.boot.test.autoconfigure.properties.PropertyMappingContextCustomizer@df5ba06e, org.springframework.boot.test.autoconfigure.web.servlet.WebDriverContextCustomizer@571c5681, org.springframework.boot.test.context.SpringBootTestAnnotation@6287f1ab], contextLoader = org.springframework.boot.test.context.SpringBootContextLoader, parent = null]
[ERROR]   AttendanceRepositoryIntegrationTest.testFindByMemberId ╗ IllegalState ApplicationContext failure threshold (1) exceeded: skipping repeated attempt to load context for [MergedContextConfiguration@50ba10de testClass = org.frcpm.repositories.AttendanceRepositoryIntegrationTest, locations = [], classes = [org.frcpm.FrcProjectManagementApplication], contextInitializerClasses = [], activeProfiles = ["test"], propertySourceDescriptors = [], propertySourceProperties = ["org.springframework.boot.test.autoconfigure.orm.jpa.DataJpaTestContextBootstrapper=true"], contextCustomizers = [[ImportsContextCustomizer@518e9141 key = [org.springframework.boot.autoconfigure.transaction.TransactionAutoConfiguration, org.springframework.boot.autoconfigure.data.jpa.JpaRepositoriesAutoConfiguration, org.springframework.boot.test.autoconfigure.orm.jpa.TestEntityManagerAutoConfiguration, org.springframework.boot.autoconfigure.cache.CacheAutoConfiguration, org.springframework.boot.autoconfigure.orm.jpa.HibernateJpaAutoConfiguration, org.springframework.boot.autoconfigure.sql.init.SqlInitializationAutoConfiguration, org.springframework.boot.test.autoconfigure.jdbc.TestDatabaseAutoConfiguration, org.springframework.boot.autoconfigure.flyway.FlywayAutoConfiguration, org.springframework.boot.autoconfigure.jdbc.DataSourceTransactionManagerAutoConfiguration, org.springframework.boot.autoconfigure.liquibase.LiquibaseAutoConfiguration, org.springframework.boot.autoconfigure.jdbc.JdbcClientAutoConfiguration, org.springframework.boot.autoconfigure.jdbc.DataSourceAutoConfiguration, org.springframework.boot.autoconfigure.jdbc.JdbcTemplateAutoConfiguration]], org.springframework.boot.test.context.filter.ExcludeFilterContextCustomizer@6304101a, org.springframework.boot.test.json.DuplicateJsonObjectContextCustomizerFactory$DuplicateJsonObjectContextCustomizer@df6620a, org.springframework.boot.test.mock.mockito.MockitoContextCustomizer@0, org.springframework.boot.test.autoconfigure.OverrideAutoConfigurationContextCustomizerFactory$DisableAutoConfigurationContextCustomizer@40317ba2, org.springframework.boot.test.autoconfigure.actuate.observability.ObservabilityContextCustomizerFactory$DisableObservabilityContextCustomizer@1f, org.springframework.boot.test.autoconfigure.filter.TypeExcludeFiltersContextCustomizer@34be3d80, org.springframework.boot.test.autoconfigure.properties.PropertyMappingContextCustomizer@df5ba06e, org.springframework.boot.test.autoconfigure.web.servlet.WebDriverContextCustomizer@571c5681, org.springframework.boot.test.context.SpringBootTestAnnotation@6287f1ab], contextLoader = org.springframework.boot.test.context.SpringBootContextLoader, parent = null]
[ERROR]   AttendanceRepositoryIntegrationTest.testFindByPresent ╗ IllegalState ApplicationContext failure threshold (1) exceeded: skipping repeated attempt to load context for [MergedContextConfiguration@50ba10de testClass = org.frcpm.repositories.AttendanceRepositoryIntegrationTest, locations = [], classes = [org.frcpm.FrcProjectManagementApplication], contextInitializerClasses = [], activeProfiles = ["test"], propertySourceDescriptors = [], propertySourceProperties = ["org.springframework.boot.test.autoconfigure.orm.jpa.DataJpaTestContextBootstrapper=true"], contextCustomizers = [[ImportsContextCustomizer@518e9141 key = [org.springframework.boot.autoconfigure.transaction.TransactionAutoConfiguration, org.springframework.boot.autoconfigure.data.jpa.JpaRepositoriesAutoConfiguration, org.springframework.boot.test.autoconfigure.orm.jpa.TestEntityManagerAutoConfiguration, org.springframework.boot.autoconfigure.cache.CacheAutoConfiguration, org.springframework.boot.autoconfigure.orm.jpa.HibernateJpaAutoConfiguration, org.springframework.boot.autoconfigure.sql.init.SqlInitializationAutoConfiguration, org.springframework.boot.test.autoconfigure.jdbc.TestDatabaseAutoConfiguration, org.springframework.boot.autoconfigure.flyway.FlywayAutoConfiguration, org.springframework.boot.autoconfigure.jdbc.DataSourceTransactionManagerAutoConfiguration, org.springframework.boot.autoconfigure.liquibase.LiquibaseAutoConfiguration, org.springframework.boot.autoconfigure.jdbc.JdbcClientAutoConfiguration, org.springframework.boot.autoconfigure.jdbc.DataSourceAutoConfiguration, org.springframework.boot.autoconfigure.jdbc.JdbcTemplateAutoConfiguration]], org.springframework.boot.test.context.filter.ExcludeFilterContextCustomizer@6304101a, org.springframework.boot.test.json.DuplicateJsonObjectContextCustomizerFactory$DuplicateJsonObjectContextCustomizer@df6620a, org.springframework.boot.test.mock.mockito.MockitoContextCustomizer@0, org.springframework.boot.test.autoconfigure.OverrideAutoConfigurationContextCustomizerFactory$DisableAutoConfigurationContextCustomizer@40317ba2, org.springframework.boot.test.autoconfigure.actuate.observability.ObservabilityContextCustomizerFactory$DisableObservabilityContextCustomizer@1f, org.springframework.boot.test.autoconfigure.filter.TypeExcludeFiltersContextCustomizer@34be3d80, org.springframework.boot.test.autoconfigure.properties.PropertyMappingContextCustomizer@df5ba06e, org.springframework.boot.test.autoconfigure.web.servlet.WebDriverContextCustomizer@571c5681, org.springframework.boot.test.context.SpringBootTestAnnotation@6287f1ab], contextLoader = org.springframework.boot.test.context.SpringBootContextLoader, parent = null]
[ERROR]   AttendanceRepositoryIntegrationTest.testFindByProjectId ╗ IllegalState ApplicationContext failure threshold (1) exceeded: skipping repeated attempt to load context for [MergedContextConfiguration@50ba10de testClass = org.frcpm.repositories.AttendanceRepositoryIntegrationTest, locations = [], classes = [org.frcpm.FrcProjectManagementApplication], contextInitializerClasses = [], activeProfiles = ["test"], propertySourceDescriptors = [], propertySourceProperties = ["org.springframework.boot.test.autoconfigure.orm.jpa.DataJpaTestContextBootstrapper=true"], contextCustomizers = [[ImportsContextCustomizer@518e9141 key = [org.springframework.boot.autoconfigure.transaction.TransactionAutoConfiguration, org.springframework.boot.autoconfigure.data.jpa.JpaRepositoriesAutoConfiguration, org.springframework.boot.test.autoconfigure.orm.jpa.TestEntityManagerAutoConfiguration, org.springframework.boot.autoconfigure.cache.CacheAutoConfiguration, org.springframework.boot.autoconfigure.orm.jpa.HibernateJpaAutoConfiguration, org.springframework.boot.autoconfigure.sql.init.SqlInitializationAutoConfiguration, org.springframework.boot.test.autoconfigure.jdbc.TestDatabaseAutoConfiguration, org.springframework.boot.autoconfigure.flyway.FlywayAutoConfiguration, org.springframework.boot.autoconfigure.jdbc.DataSourceTransactionManagerAutoConfiguration, org.springframework.boot.autoconfigure.liquibase.LiquibaseAutoConfiguration, org.springframework.boot.autoconfigure.jdbc.JdbcClientAutoConfiguration, org.springframework.boot.autoconfigure.jdbc.DataSourceAutoConfiguration, org.springframework.boot.autoconfigure.jdbc.JdbcTemplateAutoConfiguration]], org.springframework.boot.test.context.filter.ExcludeFilterContextCustomizer@6304101a, org.springframework.boot.test.json.DuplicateJsonObjectContextCustomizerFactory$DuplicateJsonObjectContextCustomizer@df6620a, org.springframework.boot.test.mock.mockito.MockitoContextCustomizer@0, org.springframework.boot.test.autoconfigure.OverrideAutoConfigurationContextCustomizerFactory$DisableAutoConfigurationContextCustomizer@40317ba2, org.springframework.boot.test.autoconfigure.actuate.observability.ObservabilityContextCustomizerFactory$DisableObservabilityContextCustomizer@1f, org.springframework.boot.test.autoconfigure.filter.TypeExcludeFiltersContextCustomizer@34be3d80, org.springframework.boot.test.autoconfigure.properties.PropertyMappingContextCustomizer@df5ba06e, org.springframework.boot.test.autoconfigure.web.servlet.WebDriverContextCustomizer@571c5681, org.springframework.boot.test.context.SpringBootTestAnnotation@6287f1ab], contextLoader = org.springframework.boot.test.context.SpringBootContextLoader, parent = null]
[ERROR]   AttendanceRepositoryIntegrationTest.testSaveAndFindById ╗ IllegalState ApplicationContext failure threshold (1) exceeded: skipping repeated attempt to load context for [MergedContextConfiguration@50ba10de testClass = org.frcpm.repositories.AttendanceRepositoryIntegrationTest, locations = [], classes = [org.frcpm.FrcProjectManagementApplication], contextInitializerClasses = [], activeProfiles = ["test"], propertySourceDescriptors = [], propertySourceProperties = ["org.springframework.boot.test.autoconfigure.orm.jpa.DataJpaTestContextBootstrapper=true"], contextCustomizers = [[ImportsContextCustomizer@518e9141 key = [org.springframework.boot.autoconfigure.transaction.TransactionAutoConfiguration, org.springframework.boot.autoconfigure.data.jpa.JpaRepositoriesAutoConfiguration, org.springframework.boot.test.autoconfigure.orm.jpa.TestEntityManagerAutoConfiguration, org.springframework.boot.autoconfigure.cache.CacheAutoConfiguration, org.springframework.boot.autoconfigure.orm.jpa.HibernateJpaAutoConfiguration, org.springframework.boot.autoconfigure.sql.init.SqlInitializationAutoConfiguration, org.springframework.boot.test.autoconfigure.jdbc.TestDatabaseAutoConfiguration, org.springframework.boot.autoconfigure.flyway.FlywayAutoConfiguration, org.springframework.boot.autoconfigure.jdbc.DataSourceTransactionManagerAutoConfiguration, org.springframework.boot.autoconfigure.liquibase.LiquibaseAutoConfiguration, org.springframework.boot.autoconfigure.jdbc.JdbcClientAutoConfiguration, org.springframework.boot.autoconfigure.jdbc.DataSourceAutoConfiguration, org.springframework.boot.autoconfigure.jdbc.JdbcTemplateAutoConfiguration]], org.springframework.boot.test.context.filter.ExcludeFilterContextCustomizer@6304101a, org.springframework.boot.test.json.DuplicateJsonObjectContextCustomizerFactory$DuplicateJsonObjectContextCustomizer@df6620a, org.springframework.boot.test.mock.mockito.MockitoContextCustomizer@0, org.springframework.boot.test.autoconfigure.OverrideAutoConfigurationContextCustomizerFactory$DisableAutoConfigurationContextCustomizer@40317ba2, org.springframework.boot.test.autoconfigure.actuate.observability.ObservabilityContextCustomizerFactory$DisableObservabilityContextCustomizer@1f, org.springframework.boot.test.autoconfigure.filter.TypeExcludeFiltersContextCustomizer@34be3d80, org.springframework.boot.test.autoconfigure.properties.PropertyMappingContextCustomizer@df5ba06e, org.springframework.boot.test.autoconfigure.web.servlet.WebDriverContextCustomizer@571c5681, org.springframework.boot.test.context.SpringBootTestAnnotation@6287f1ab], contextLoader = org.springframework.boot.test.context.SpringBootContextLoader, parent = null]
[ERROR]   AttendanceRepositoryIntegrationTest.testUniqueConstraint ╗ IllegalState ApplicationContext failure threshold (1) exceeded: skipping repeated attempt to load context for [MergedContextConfiguration@50ba10de testClass = org.frcpm.repositories.AttendanceRepositoryIntegrationTest, locations = [], classes = [org.frcpm.FrcProjectManagementApplication], contextInitializerClasses = [], activeProfiles = ["test"], propertySourceDescriptors = [], propertySourceProperties = ["org.springframework.boot.test.autoconfigure.orm.jpa.DataJpaTestContextBootstrapper=true"], contextCustomizers = [[ImportsContextCustomizer@518e9141 key = [org.springframework.boot.autoconfigure.transaction.TransactionAutoConfiguration, org.springframework.boot.autoconfigure.data.jpa.JpaRepositoriesAutoConfiguration, org.springframework.boot.test.autoconfigure.orm.jpa.TestEntityManagerAutoConfiguration, org.springframework.boot.autoconfigure.cache.CacheAutoConfiguration, org.springframework.boot.autoconfigure.orm.jpa.HibernateJpaAutoConfiguration, org.springframework.boot.autoconfigure.sql.init.SqlInitializationAutoConfiguration, org.springframework.boot.test.autoconfigure.jdbc.TestDatabaseAutoConfiguration, org.springframework.boot.autoconfigure.flyway.FlywayAutoConfiguration, org.springframework.boot.autoconfigure.jdbc.DataSourceTransactionManagerAutoConfiguration, org.springframework.boot.autoconfigure.liquibase.LiquibaseAutoConfiguration, org.springframework.boot.autoconfigure.jdbc.JdbcClientAutoConfiguration, org.springframework.boot.autoconfigure.jdbc.DataSourceAutoConfiguration, org.springframework.boot.autoconfigure.jdbc.JdbcTemplateAutoConfiguration]], org.springframework.boot.test.context.filter.ExcludeFilterContextCustomizer@6304101a, org.springframework.boot.test.json.DuplicateJsonObjectContextCustomizerFactory$DuplicateJsonObjectContextCustomizer@df6620a, org.springframework.boot.test.mock.mockito.MockitoContextCustomizer@0, org.springframework.boot.test.autoconfigure.OverrideAutoConfigurationContextCustomizerFactory$DisableAutoConfigurationContextCustomizer@40317ba2, org.springframework.boot.test.autoconfigure.actuate.observability.ObservabilityContextCustomizerFactory$DisableObservabilityContextCustomizer@1f, org.springframework.boot.test.autoconfigure.filter.TypeExcludeFiltersContextCustomizer@34be3d80, org.springframework.boot.test.autoconfigure.properties.PropertyMappingContextCustomizer@df5ba06e, org.springframework.boot.test.autoconfigure.web.servlet.WebDriverContextCustomizer@571c5681, org.springframework.boot.test.context.SpringBootTestAnnotation@6287f1ab], contextLoader = org.springframework.boot.test.context.SpringBootContextLoader, parent = null]
[INFO] 
[ERROR] Tests run: 18, Failures: 0, Errors: 18, Skipped: 0
[INFO] 
[INFO] ------------------------------------------------------------------------
[INFO] BUILD FAILURE
[INFO] ------------------------------------------------------------------------
[INFO] Total time:  8.657 s
[INFO] Finished at: 2025-06-14T16:48:07-05:00
[INFO] ------------------------------------------------------------------------
[ERROR] Failed to execute goal org.apache.maven.plugins:maven-surefire-plugin:3.1.2:test (default-test) on project frc-project-manager: 
[ERROR] 
[ERROR] Please refer to C:\Users\dhiebert\Local Repositories\Project Management 2.0\target\surefire-reports for the individual test results.
[ERROR] Please refer to dump files (if any exist) [date].dump, [date]-jvmRun[N].dump and [date].dumpstream.
[ERROR] -> [Help 1]
org.apache.maven.lifecycle.LifecycleExecutionException: Failed to execute goal org.apache.maven.plugins:maven-surefire-plugin:3.1.2:test (default-test) on project frc-project-manager: 

Please refer to C:\Users\dhiebert\Local Repositories\Project Management 2.0\target\surefire-reports for the individual test results.
Please refer to dump files (if any exist) [date].dump, [date]-jvmRun[N].dump and [date].dumpstream.
    at org.apache.maven.lifecycle.internal.MojoExecutor.doExecute2 (MojoExecutor.java:333)
    at org.apache.maven.lifecycle.internal.MojoExecutor.doExecute (MojoExecutor.java:316)
    at org.apache.maven.lifecycle.internal.MojoExecutor.execute (MojoExecutor.java:212)
    at org.apache.maven.lifecycle.internal.MojoExecutor.execute (MojoExecutor.java:174)
    at org.apache.maven.lifecycle.internal.MojoExecutor.access$000 (MojoExecutor.java:75)
    at org.apache.maven.lifecycle.internal.MojoExecutor$1.run (MojoExecutor.java:162)
    at org.apache.maven.plugin.DefaultMojosExecutionStrategy.execute (DefaultMojosExecutionStrategy.java:39)
    at org.apache.maven.lifecycle.internal.MojoExecutor.execute (MojoExecutor.java:159)
    at org.apache.maven.lifecycle.internal.LifecycleModuleBuilder.buildProject (LifecycleModuleBuilder.java:105)
    at org.apache.maven.lifecycle.internal.LifecycleModuleBuilder.buildProject (LifecycleModuleBuilder.java:73)
    at org.apache.maven.lifecycle.internal.builder.singlethreaded.SingleThreadedBuilder.build (SingleThreadedBuilder.java:53)
    at org.apache.maven.lifecycle.internal.LifecycleStarter.execute (LifecycleStarter.java:118)
    at org.apache.maven.DefaultMaven.doExecute (DefaultMaven.java:261)
    at org.apache.maven.DefaultMaven.doExecute (DefaultMaven.java:173)
    at org.apache.maven.DefaultMaven.execute (DefaultMaven.java:101)
    at org.apache.maven.cli.MavenCli.execute (MavenCli.java:906)
    at org.apache.maven.cli.MavenCli.doMain (MavenCli.java:283)
    at org.apache.maven.cli.MavenCli.main (MavenCli.java:206)
    at jdk.internal.reflect.DirectMethodHandleAccessor.invoke (DirectMethodHandleAccessor.java:103)
    at java.lang.reflect.Method.invoke (Method.java:580)
    at org.codehaus.plexus.classworlds.launcher.Launcher.launchEnhanced (Launcher.java:255)
    at org.codehaus.plexus.classworlds.launcher.Launcher.launch (Launcher.java:201)
    at org.codehaus.plexus.classworlds.launcher.Launcher.mainWithExitCode (Launcher.java:361)
    at org.codehaus.plexus.classworlds.launcher.Launcher.main (Launcher.java:314)
Caused by: org.apache.maven.plugin.MojoFailureException: 

Please refer to C:\Users\dhiebert\Local Repositories\Project Management 2.0\target\surefire-reports for the individual test results.
Please refer to dump files (if any exist) [date].dump, [date]-jvmRun[N].dump and [date].dumpstream.
    at org.apache.maven.plugin.surefire.SurefireHelper.throwException (SurefireHelper.java:247)
    at org.apache.maven.plugin.surefire.SurefireHelper.reportExecution (SurefireHelper.java:159)
    at org.apache.maven.plugin.surefire.SurefirePlugin.handleSummary (SurefirePlugin.java:542)
    at org.apache.maven.plugin.surefire.AbstractSurefireMojo.executeAfterPreconditionsChecked (AbstractSurefireMojo.java:1067)
    at org.apache.maven.plugin.surefire.AbstractSurefireMojo.execute (AbstractSurefireMojo.java:871)
    at org.apache.maven.plugin.DefaultBuildPluginManager.executeMojo (DefaultBuildPluginManager.java:126)
    at org.apache.maven.lifecycle.internal.MojoExecutor.doExecute2 (MojoExecutor.java:328)
    at org.apache.maven.lifecycle.internal.MojoExecutor.doExecute (MojoExecutor.java:316)
    at org.apache.maven.lifecycle.internal.MojoExecutor.execute (MojoExecutor.java:212)
    at org.apache.maven.lifecycle.internal.MojoExecutor.execute (MojoExecutor.java:174)
    at org.apache.maven.lifecycle.internal.MojoExecutor.access$000 (MojoExecutor.java:75)
    at org.apache.maven.lifecycle.internal.MojoExecutor$1.run (MojoExecutor.java:162)
    at org.apache.maven.plugin.DefaultMojosExecutionStrategy.execute (DefaultMojosExecutionStrategy.java:39)
    at org.apache.maven.lifecycle.internal.MojoExecutor.execute (MojoExecutor.java:159)
    at org.apache.maven.lifecycle.internal.LifecycleModuleBuilder.buildProject (LifecycleModuleBuilder.java:105)
    at org.apache.maven.lifecycle.internal.LifecycleModuleBuilder.buildProject (LifecycleModuleBuilder.java:73)
    at org.apache.maven.lifecycle.internal.builder.singlethreaded.SingleThreadedBuilder.build (SingleThreadedBuilder.java:53)
    at org.apache.maven.lifecycle.internal.LifecycleStarter.execute (LifecycleStarter.java:118)
    at org.apache.maven.DefaultMaven.doExecute (DefaultMaven.java:261)
    at org.apache.maven.DefaultMaven.doExecute (DefaultMaven.java:173)
    at org.apache.maven.DefaultMaven.execute (DefaultMaven.java:101)
    at org.apache.maven.cli.MavenCli.execute (MavenCli.java:906)
    at org.apache.maven.cli.MavenCli.doMain (MavenCli.java:283)
    at org.apache.maven.cli.MavenCli.main (MavenCli.java:206)
    at jdk.internal.reflect.DirectMethodHandleAccessor.invoke (DirectMethodHandleAccessor.java:103)
    at java.lang.reflect.Method.invoke (Method.java:580)
    at org.codehaus.plexus.classworlds.launcher.Launcher.launchEnhanced (Launcher.java:255)
    at org.codehaus.plexus.classworlds.launcher.Launcher.launch (Launcher.java:201)
    at org.codehaus.plexus.classworlds.launcher.Launcher.mainWithExitCode (Launcher.java:361)
    at org.codehaus.plexus.classworlds.launcher.Launcher.main (Launcher.java:314)
[ERROR] 
[ERROR] 
[ERROR] For more information about the errors and possible solutions, please read the following articles:
[ERROR] [Help 1] http://cwiki.apache.org/confluence/display/MAVEN/MojoFailureException
[DEBUG] Shutting down adapter factory; available factories [file-lock, rwlock-local, semaphore-local, noop]; available name mappers [discriminating, file-gav, file-hgav, file-static, gav, static]
[DEBUG] Shutting down 'file-lock' factory
[DEBUG] Shutting down 'rwlock-local' factory
[DEBUG] Shutting down 'semaphore-local' factory
[DEBUG] Shutting down 'noop' factory
