[INFO] Scanning for projects...
[INFO] 
[INFO] -------------------< org.frcpm:frc-project-manager >--------------------
[INFO] Building FRC Project Manager 0.1.0-SNAPSHOT
[INFO]   from pom.xml
[INFO] --------------------------------[ jar ]---------------------------------
[WARNING] 6 problems were encountered while building the effective model for org.openjfx:javafx-controls:jar:21.0.2 during dependency collection step for project (use -X to see details)
[WARNING] 6 problems were encountered while building the effective model for org.openjfx:javafx-web:jar:17.0.2 during dependency collection step for project (use -X to see details)
[INFO] 
[INFO] --- resources:3.3.1:resources (default-resources) @ frc-project-manager ---
[INFO] Copying 24 resources from src\main\resources to target\classes
[INFO] 
[INFO] --- compiler:3.12.1:compile (default-compile) @ frc-project-manager ---
[INFO] Recompiling the module because of added or removed source files.
[INFO] Compiling 103 source files with javac [debug target 21] to target\classes
[INFO] 
[INFO] --- resources:3.3.1:testResources (default-testResources) @ frc-project-manager ---
[INFO] skip non existing resourceDirectory C:\Users\dhiebert\Local Repositories\Project Management 2.0\src\test\resources
[INFO] 
[INFO] --- compiler:3.12.1:testCompile (default-testCompile) @ frc-project-manager ---
[INFO] Recompiling the module because of changed dependency.
[INFO] Compiling 65 source files with javac [debug target 21] to target\test-classes
[INFO] /C:/Users/dhiebert/Local Repositories/Project Management 2.0/src/test/java/org/frcpm/controllers/SubsystemManagementControllerTest.java: Some input files use unchecked or unsafe operations.
[INFO] /C:/Users/dhiebert/Local Repositories/Project Management 2.0/src/test/java/org/frcpm/controllers/SubsystemManagementControllerTest.java: Recompile with -Xlint:unchecked for details.
[INFO] 
[INFO] --- surefire:3.2.5:test (default-test) @ frc-project-manager ---
Downloading from central: https://repo.maven.apache.org/maven2/org/apache/maven/surefire/maven-surefire-common/3.2.5/maven-surefire-common-3.2.5.pom
Progress (1): 1.4/6.2 kB
Progress (1): 2.8/6.2 kB
Progress (1): 4.1/6.2 kB
Progress (1): 5.5/6.2 kB
Progress (1): 6.2 kB    
                    
Downloaded from central: https://repo.maven.apache.org/maven2/org/apache/maven/surefire/maven-surefire-common/3.2.5/maven-surefire-common-3.2.5.pom (6.2 kB at 11 kB/s)
Downloading from central: https://repo.maven.apache.org/maven2/org/apache/maven/surefire/surefire-api/3.2.5/surefire-api-3.2.5.pom
Progress (1): 1.4/3.5 kB
Progress (1): 2.8/3.5 kB
Progress (1): 3.5 kB    
                    
Downloaded from central: https://repo.maven.apache.org/maven2/org/apache/maven/surefire/surefire-api/3.2.5/surefire-api-3.2.5.pom (3.5 kB at 208 kB/s)
Downloading from central: https://repo.maven.apache.org/maven2/org/apache/maven/surefire/surefire-logger-api/3.2.5/surefire-logger-api-3.2.5.pom
Progress (1): 1.4/3.3 kB
Progress (1): 2.8/3.3 kB
Progress (1): 3.3 kB    
                    
Downloaded from central: https://repo.maven.apache.org/maven2/org/apache/maven/surefire/surefire-logger-api/3.2.5/surefire-logger-api-3.2.5.pom (3.3 kB at 109 kB/s)
Downloading from central: https://repo.maven.apache.org/maven2/org/apache/maven/surefire/surefire-shared-utils/3.2.5/surefire-shared-utils-3.2.5.pom
Progress (1): 1.4/4.1 kB
Progress (1): 2.8/4.1 kB
Progress (1): 4.1 kB    
                    
Downloaded from central: https://repo.maven.apache.org/maven2/org/apache/maven/surefire/surefire-shared-utils/3.2.5/surefire-shared-utils-3.2.5.pom (4.1 kB at 162 kB/s)
Downloading from central: https://repo.maven.apache.org/maven2/org/apache/maven/surefire/surefire-extensions-api/3.2.5/surefire-extensions-api-3.2.5.pom
Progress (1): 1.4/3.3 kB
Progress (1): 2.8/3.3 kB
Progress (1): 3.3 kB    
                    
Downloaded from central: https://repo.maven.apache.org/maven2/org/apache/maven/surefire/surefire-extensions-api/3.2.5/surefire-extensions-api-3.2.5.pom (3.3 kB at 184 kB/s)
Downloading from central: https://repo.maven.apache.org/maven2/org/apache/maven/surefire/surefire-booter/3.2.5/surefire-booter-3.2.5.pom
Progress (1): 1.4/4.5 kB
Progress (1): 2.8/4.5 kB
Progress (1): 4.1/4.5 kB
Progress (1): 4.5 kB    
                    
Downloaded from central: https://repo.maven.apache.org/maven2/org/apache/maven/surefire/surefire-booter/3.2.5/surefire-booter-3.2.5.pom (4.5 kB at 223 kB/s)
Downloading from central: https://repo.maven.apache.org/maven2/org/apache/maven/surefire/surefire-extensions-spi/3.2.5/surefire-extensions-spi-3.2.5.pom
Progress (1): 1.4/1.8 kB
Progress (1): 1.8 kB    
                    
Downloaded from central: https://repo.maven.apache.org/maven2/org/apache/maven/surefire/surefire-extensions-spi/3.2.5/surefire-extensions-spi-3.2.5.pom (1.8 kB at 53 kB/s)
Downloading from central: https://repo.maven.apache.org/maven2/org/eclipse/aether/aether-util/1.0.0.v20140518/aether-util-1.0.0.v20140518.pom
Progress (1): 1.4/2.2 kB
Progress (1): 2.2 kB    
                    
Downloaded from central: https://repo.maven.apache.org/maven2/org/eclipse/aether/aether-util/1.0.0.v20140518/aether-util-1.0.0.v20140518.pom (2.2 kB at 115 kB/s)
Downloading from central: https://repo.maven.apache.org/maven2/org/eclipse/aether/aether/1.0.0.v20140518/aether-1.0.0.v20140518.pom
Progress (1): 1.4/30 kB
Progress (1): 2.8/30 kB
Progress (1): 4.1/30 kB
Progress (1): 5.5/30 kB
Progress (1): 6.9/30 kB
Progress (1): 8.3/30 kB
Progress (1): 9.7/30 kB
Progress (1): 11/30 kB 
Progress (1): 12/30 kB
Progress (1): 14/30 kB
Progress (1): 15/30 kB
Progress (1): 17/30 kB
Progress (1): 18/30 kB
Progress (1): 19/30 kB
Progress (1): 21/30 kB
Progress (1): 22/30 kB
Progress (1): 23/30 kB
Progress (1): 25/30 kB
Progress (1): 26/30 kB
Progress (1): 28/30 kB
Progress (1): 29/30 kB
Progress (1): 30 kB   
                   
Downloaded from central: https://repo.maven.apache.org/maven2/org/eclipse/aether/aether/1.0.0.v20140518/aether-1.0.0.v20140518.pom (30 kB at 685 kB/s)
Downloading from central: https://repo.maven.apache.org/maven2/org/eclipse/aether/aether-api/1.0.0.v20140518/aether-api-1.0.0.v20140518.pom
Progress (1): 1.9 kB
                    
Downloaded from central: https://repo.maven.apache.org/maven2/org/eclipse/aether/aether-api/1.0.0.v20140518/aether-api-1.0.0.v20140518.pom (1.9 kB at 100 kB/s)
Downloading from central: https://repo.maven.apache.org/maven2/org/apache/maven/shared/maven-common-artifact-filters/3.1.1/maven-common-artifact-filters-3.1.1.pom
Progress (1): 5.8 kB
                    
Downloaded from central: https://repo.maven.apache.org/maven2/org/apache/maven/shared/maven-common-artifact-filters/3.1.1/maven-common-artifact-filters-3.1.1.pom (5.8 kB at 252 kB/s)
Downloading from central: https://repo.maven.apache.org/maven2/org/apache/maven/maven-artifact/3.2.5/maven-artifact-3.2.5.pom
Progress (1): 2.3 kB
                    
Downloaded from central: https://repo.maven.apache.org/maven2/org/apache/maven/maven-artifact/3.2.5/maven-artifact-3.2.5.pom (2.3 kB at 157 kB/s)
Downloading from central: https://repo.maven.apache.org/maven2/org/apache/maven/maven/3.2.5/maven-3.2.5.pom
Progress (1): 16/22 kB
Progress (1): 22 kB   
                   
Downloaded from central: https://repo.maven.apache.org/maven2/org/apache/maven/maven/3.2.5/maven-3.2.5.pom (22 kB at 860 kB/s)
Downloading from central: https://repo.maven.apache.org/maven2/org/apache/maven/maven-parent/25/maven-parent-25.pom
Progress (1): 16/37 kB
Progress (1): 33/37 kB
Progress (1): 37 kB   
                   
Downloaded from central: https://repo.maven.apache.org/maven2/org/apache/maven/maven-parent/25/maven-parent-25.pom (37 kB at 1.2 MB/s)
Downloading from central: https://repo.maven.apache.org/maven2/org/apache/maven/maven-core/3.2.5/maven-core-3.2.5.pom
Progress (1): 8.1 kB
                    
Downloaded from central: https://repo.maven.apache.org/maven2/org/apache/maven/maven-core/3.2.5/maven-core-3.2.5.pom (8.1 kB at 366 kB/s)
Downloading from central: https://repo.maven.apache.org/maven2/org/apache/maven/maven-settings/3.2.5/maven-settings-3.2.5.pom
Progress (1): 2.2 kB
                    
Downloaded from central: https://repo.maven.apache.org/maven2/org/apache/maven/maven-settings/3.2.5/maven-settings-3.2.5.pom (2.2 kB at 121 kB/s)
Downloading from central: https://repo.maven.apache.org/maven2/org/apache/maven/maven-settings-builder/3.2.5/maven-settings-builder-3.2.5.pom
Progress (1): 2.6 kB
                    
Downloaded from central: https://repo.maven.apache.org/maven2/org/apache/maven/maven-settings-builder/3.2.5/maven-settings-builder-3.2.5.pom (2.6 kB at 173 kB/s)
Downloading from central: https://repo.maven.apache.org/maven2/org/codehaus/plexus/plexus-interpolation/1.21/plexus-interpolation-1.21.pom
Progress (1): 1.5 kB
                    
Downloaded from central: https://repo.maven.apache.org/maven2/org/codehaus/plexus/plexus-interpolation/1.21/plexus-interpolation-1.21.pom (1.5 kB at 91 kB/s)
Downloading from central: https://repo.maven.apache.org/maven2/org/codehaus/plexus/plexus-components/1.3.1/plexus-components-1.3.1.pom
Progress (1): 3.1 kB
                    
Downloaded from central: https://repo.maven.apache.org/maven2/org/codehaus/plexus/plexus-components/1.3.1/plexus-components-1.3.1.pom (3.1 kB at 153 kB/s)
Downloading from central: https://repo.maven.apache.org/maven2/org/sonatype/plexus/plexus-sec-dispatcher/1.3/plexus-sec-dispatcher-1.3.pom
Progress (1): 3.0 kB
                    
Downloaded from central: https://repo.maven.apache.org/maven2/org/sonatype/plexus/plexus-sec-dispatcher/1.3/plexus-sec-dispatcher-1.3.pom (3.0 kB at 141 kB/s)
Downloading from central: https://repo.maven.apache.org/maven2/org/apache/maven/maven-repository-metadata/3.2.5/maven-repository-metadata-3.2.5.pom
Progress (1): 2.2 kB
                    
Downloaded from central: https://repo.maven.apache.org/maven2/org/apache/maven/maven-repository-metadata/3.2.5/maven-repository-metadata-3.2.5.pom (2.2 kB at 139 kB/s)
Downloading from central: https://repo.maven.apache.org/maven2/org/apache/maven/maven-plugin-api/3.2.5/maven-plugin-api-3.2.5.pom
Progress (1): 3.0 kB
                    
Downloaded from central: https://repo.maven.apache.org/maven2/org/apache/maven/maven-plugin-api/3.2.5/maven-plugin-api-3.2.5.pom (3.0 kB at 159 kB/s)
Downloading from central: https://repo.maven.apache.org/maven2/org/eclipse/sisu/org.eclipse.sisu.plexus/0.9.0.M2/org.eclipse.sisu.plexus-0.9.0.M2.pom
Progress (1): 15 kB
                   
Downloaded from central: https://repo.maven.apache.org/maven2/org/eclipse/sisu/org.eclipse.sisu.plexus/0.9.0.M2/org.eclipse.sisu.plexus-0.9.0.M2.pom (15 kB at 831 kB/s)
Downloading from central: https://repo.maven.apache.org/maven2/org/eclipse/sisu/sisu-plexus/0.9.0.M2/sisu-plexus-0.9.0.M2.pom
Progress (1): 15 kB
                   
Downloaded from central: https://repo.maven.apache.org/maven2/org/eclipse/sisu/sisu-plexus/0.9.0.M2/sisu-plexus-0.9.0.M2.pom (15 kB at 853 kB/s)
Downloading from central: https://repo.maven.apache.org/maven2/javax/annotation/javax.annotation-api/1.2/javax.annotation-api-1.2.pom
Progress (1): 13 kB
                   
Downloaded from central: https://repo.maven.apache.org/maven2/javax/annotation/javax.annotation-api/1.2/javax.annotation-api-1.2.pom (13 kB at 840 kB/s)
Downloading from central: https://repo.maven.apache.org/maven2/net/java/jvnet-parent/3/jvnet-parent-3.pom
Progress (1): 4.8 kB
                    
Downloaded from central: https://repo.maven.apache.org/maven2/net/java/jvnet-parent/3/jvnet-parent-3.pom (4.8 kB at 266 kB/s)
Downloading from central: https://repo.maven.apache.org/maven2/javax/enterprise/cdi-api/1.2/cdi-api-1.2.pom
Progress (1): 6.3 kB
                    
Downloaded from central: https://repo.maven.apache.org/maven2/javax/enterprise/cdi-api/1.2/cdi-api-1.2.pom (6.3 kB at 349 kB/s)
Downloading from central: https://repo.maven.apache.org/maven2/org/jboss/weld/weld-parent/26/weld-parent-26.pom
Progress (1): 16/32 kB
Progress (1): 18/32 kB
Progress (1): 32 kB   
                   
Downloaded from central: https://repo.maven.apache.org/maven2/org/jboss/weld/weld-parent/26/weld-parent-26.pom (32 kB at 1.4 MB/s)
Downloading from central: https://repo.maven.apache.org/maven2/org/eclipse/sisu/org.eclipse.sisu.inject/0.9.0.M2/org.eclipse.sisu.inject-0.9.0.M2.pom
Progress (1): 16/17 kB
Progress (1): 17 kB   
                   
Downloaded from central: https://repo.maven.apache.org/maven2/org/eclipse/sisu/org.eclipse.sisu.inject/0.9.0.M2/org.eclipse.sisu.inject-0.9.0.M2.pom (17 kB at 723 kB/s)
Downloading from central: https://repo.maven.apache.org/maven2/org/eclipse/sisu/sisu-inject/0.9.0.M2/sisu-inject-0.9.0.M2.pom
Progress (1): 15 kB
                   
Downloaded from central: https://repo.maven.apache.org/maven2/org/eclipse/sisu/sisu-inject/0.9.0.M2/sisu-inject-0.9.0.M2.pom (15 kB at 822 kB/s)
Downloading from central: https://repo.maven.apache.org/maven2/org/codehaus/plexus/plexus-component-annotations/2.1.0/plexus-component-annotations-2.1.0.pom
Progress (1): 750 B
                   
Downloaded from central: https://repo.maven.apache.org/maven2/org/codehaus/plexus/plexus-component-annotations/2.1.0/plexus-component-annotations-2.1.0.pom (750 B at 47 kB/s)
Downloading from central: https://repo.maven.apache.org/maven2/org/codehaus/plexus/plexus-containers/2.1.0/plexus-containers-2.1.0.pom
Progress (1): 4.8 kB
                    
Downloaded from central: https://repo.maven.apache.org/maven2/org/codehaus/plexus/plexus-containers/2.1.0/plexus-containers-2.1.0.pom (4.8 kB at 229 kB/s)
Downloading from central: https://repo.maven.apache.org/maven2/org/apache/maven/maven-model-builder/3.2.5/maven-model-builder-3.2.5.pom
Progress (1): 3.0 kB
                    
Downloaded from central: https://repo.maven.apache.org/maven2/org/apache/maven/maven-model-builder/3.2.5/maven-model-builder-3.2.5.pom (3.0 kB at 166 kB/s)
Downloading from central: https://repo.maven.apache.org/maven2/org/apache/maven/maven-aether-provider/3.2.5/maven-aether-provider-3.2.5.pom
Progress (1): 4.2 kB
                    
Downloaded from central: https://repo.maven.apache.org/maven2/org/apache/maven/maven-aether-provider/3.2.5/maven-aether-provider-3.2.5.pom (4.2 kB at 170 kB/s)
Downloading from central: https://repo.maven.apache.org/maven2/org/eclipse/aether/aether-spi/1.0.0.v20140518/aether-spi-1.0.0.v20140518.pom
Progress (1): 2.1 kB
                    
Downloaded from central: https://repo.maven.apache.org/maven2/org/eclipse/aether/aether-spi/1.0.0.v20140518/aether-spi-1.0.0.v20140518.pom (2.1 kB at 108 kB/s)
Downloading from central: https://repo.maven.apache.org/maven2/org/eclipse/aether/aether-impl/1.0.0.v20140518/aether-impl-1.0.0.v20140518.pom
Progress (1): 3.5 kB
                    
Downloaded from central: https://repo.maven.apache.org/maven2/org/eclipse/aether/aether-impl/1.0.0.v20140518/aether-impl-1.0.0.v20140518.pom (3.5 kB at 183 kB/s)
Downloading from central: https://repo.maven.apache.org/maven2/org/sonatype/sisu/sisu-guice/3.2.3/sisu-guice-3.2.3.pom
Progress (1): 11 kB
                   
Downloaded from central: https://repo.maven.apache.org/maven2/org/sonatype/sisu/sisu-guice/3.2.3/sisu-guice-3.2.3.pom (11 kB at 684 kB/s)
Downloading from central: https://repo.maven.apache.org/maven2/org/sonatype/sisu/inject/guice-parent/3.2.3/guice-parent-3.2.3.pom
Progress (1): 13 kB
                   
Downloaded from central: https://repo.maven.apache.org/maven2/org/sonatype/sisu/inject/guice-parent/3.2.3/guice-parent-3.2.3.pom (13 kB at 449 kB/s)
Downloading from central: https://repo.maven.apache.org/maven2/org/sonatype/forge/forge-parent/38/forge-parent-38.pom
Progress (1): 16/19 kB
Progress (1): 19 kB   
                   
Downloaded from central: https://repo.maven.apache.org/maven2/org/sonatype/forge/forge-parent/38/forge-parent-38.pom (19 kB at 781 kB/s)
Downloading from central: https://repo.maven.apache.org/maven2/com/google/guava/guava/16.0.1/guava-16.0.1.pom
Progress (1): 6.1 kB
                    
Downloaded from central: https://repo.maven.apache.org/maven2/com/google/guava/guava/16.0.1/guava-16.0.1.pom (6.1 kB at 291 kB/s)
Downloading from central: https://repo.maven.apache.org/maven2/com/google/guava/guava-parent/16.0.1/guava-parent-16.0.1.pom
Progress (1): 7.3 kB
                    
Downloaded from central: https://repo.maven.apache.org/maven2/com/google/guava/guava-parent/16.0.1/guava-parent-16.0.1.pom (7.3 kB at 204 kB/s)
Downloading from central: https://repo.maven.apache.org/maven2/commons-io/commons-io/2.15.1/commons-io-2.15.1.pom
Progress (1): 16/20 kB
Progress (1): 20 kB   
                   
Downloaded from central: https://repo.maven.apache.org/maven2/commons-io/commons-io/2.15.1/commons-io-2.15.1.pom (20 kB at 666 kB/s)
Downloading from central: https://repo.maven.apache.org/maven2/org/apache/commons/commons-parent/65/commons-parent-65.pom
Progress (1): 16/78 kB
Progress (1): 32/78 kB
Progress (1): 49/78 kB
Progress (1): 65/78 kB
Progress (1): 78 kB   
                   
Downloaded from central: https://repo.maven.apache.org/maven2/org/apache/commons/commons-parent/65/commons-parent-65.pom (78 kB at 2.7 MB/s)
Downloading from central: https://repo.maven.apache.org/maven2/org/apache/maven/surefire/maven-surefire-common/3.2.5/maven-surefire-common-3.2.5.jar
Progress (1): 16/308 kB
Progress (1): 33/308 kB
Progress (1): 49/308 kB
Progress (1): 62/308 kB
Progress (1): 79/308 kB
Progress (1): 95/308 kB
Progress (1): 111/308 kB
Progress (1): 128/308 kB
Progress (1): 144/308 kB
Progress (1): 161/308 kB
Progress (1): 177/308 kB
Progress (1): 193/308 kB
Progress (1): 210/308 kB
Progress (1): 226/308 kB
Progress (1): 242/308 kB
Progress (1): 259/308 kB
Progress (1): 275/308 kB
Progress (1): 292/308 kB
Progress (1): 308 kB    
                    
Downloaded from central: https://repo.maven.apache.org/maven2/org/apache/maven/surefire/maven-surefire-common/3.2.5/maven-surefire-common-3.2.5.jar (308 kB at 7.5 MB/s)
Downloading from central: https://repo.maven.apache.org/maven2/org/apache/maven/surefire/surefire-api/3.2.5/surefire-api-3.2.5.jar
Downloading from central: https://repo.maven.apache.org/maven2/org/apache/maven/surefire/surefire-booter/3.2.5/surefire-booter-3.2.5.jar
Downloading from central: https://repo.maven.apache.org/maven2/org/apache/maven/surefire/surefire-extensions-api/3.2.5/surefire-extensions-api-3.2.5.jar
Downloading from central: https://repo.maven.apache.org/maven2/org/apache/maven/surefire/surefire-logger-api/3.2.5/surefire-logger-api-3.2.5.jar
Downloading from central: https://repo.maven.apache.org/maven2/org/apache/maven/surefire/surefire-extensions-spi/3.2.5/surefire-extensions-spi-3.2.5.jar
Progress (1): 14 kB
Progress (2): 14 kB | 1.4/118 kB
Progress (2): 14 kB | 2.8/118 kB
Progress (2): 14 kB | 4.1/118 kB
Progress (2): 14 kB | 5.5/118 kB
Progress (2): 14 kB | 6.9/118 kB
Progress (2): 14 kB | 8.3/118 kB
Progress (3): 14 kB | 8.3/118 kB | 1.4/26 kB
Progress (3): 14 kB | 9.7/118 kB | 1.4/26 kB
Progress (3): 14 kB | 9.7/118 kB | 2.8/26 kB
Progress (3): 14 kB | 11/118 kB | 2.8/26 kB 
Progress (3): 14 kB | 12/118 kB | 2.8/26 kB
Progress (3): 14 kB | 12/118 kB | 4.1/26 kB
Progress (3): 14 kB | 14/118 kB | 4.1/26 kB
Progress (3): 14 kB | 15/118 kB | 4.1/26 kB
Progress (3): 14 kB | 15/118 kB | 5.5/26 kB
Progress (4): 14 kB | 15/118 kB | 5.5/26 kB | 1.4/171 kB
Progress (4): 14 kB | 16/118 kB | 5.5/26 kB | 1.4/171 kB
Progress (4): 14 kB | 16/118 kB | 6.9/26 kB | 1.4/171 kB
Progress (5): 14 kB | 16/118 kB | 6.9/26 kB | 1.4/171 kB | 1.4/8.2 kB
Progress (5): 14 kB | 16/118 kB | 6.9/26 kB | 2.8/171 kB | 1.4/8.2 kB
Progress (5): 14 kB | 33/118 kB | 6.9/26 kB | 2.8/171 kB | 1.4/8.2 kB
Progress (5): 14 kB | 33/118 kB | 8.3/26 kB | 2.8/171 kB | 1.4/8.2 kB
Progress (5): 14 kB | 33/118 kB | 8.3/26 kB | 2.8/171 kB | 2.8/8.2 kB
Progress (5): 14 kB | 33/118 kB | 9.7/26 kB | 2.8/171 kB | 2.8/8.2 kB
Progress (5): 14 kB | 49/118 kB | 9.7/26 kB | 2.8/171 kB | 2.8/8.2 kB
Progress (5): 14 kB | 49/118 kB | 9.7/26 kB | 4.1/171 kB | 2.8/8.2 kB
Progress (5): 14 kB | 49/118 kB | 11/26 kB | 4.1/171 kB | 2.8/8.2 kB 
Progress (5): 14 kB | 66/118 kB | 11/26 kB | 4.1/171 kB | 2.8/8.2 kB
Progress (5): 14 kB | 66/118 kB | 11/26 kB | 4.1/171 kB | 4.1/8.2 kB
Progress (5): 14 kB | 66/118 kB | 11/26 kB | 5.5/171 kB | 4.1/8.2 kB
Progress (5): 14 kB | 66/118 kB | 12/26 kB | 5.5/171 kB | 4.1/8.2 kB
Progress (5): 14 kB | 82/118 kB | 12/26 kB | 5.5/171 kB | 4.1/8.2 kB
Progress (5): 14 kB | 82/118 kB | 12/26 kB | 5.5/171 kB | 5.5/8.2 kB
Progress (5): 14 kB | 82/118 kB | 12/26 kB | 6.9/171 kB | 5.5/8.2 kB
Progress (5): 14 kB | 82/118 kB | 14/26 kB | 6.9/171 kB | 5.5/8.2 kB
Progress (5): 14 kB | 82/118 kB | 14/26 kB | 6.9/171 kB | 6.9/8.2 kB
Progress (5): 14 kB | 82/118 kB | 14/26 kB | 8.3/171 kB | 6.9/8.2 kB
Progress (5): 14 kB | 82/118 kB | 15/26 kB | 8.3/171 kB | 6.9/8.2 kB
Progress (5): 14 kB | 98/118 kB | 15/26 kB | 8.3/171 kB | 6.9/8.2 kB
Progress (5): 14 kB | 98/118 kB | 15/26 kB | 8.3/171 kB | 8.2 kB    
Progress (5): 14 kB | 98/118 kB | 15/26 kB | 9.7/171 kB | 8.2 kB
Progress (5): 14 kB | 98/118 kB | 15/26 kB | 11/171 kB | 8.2 kB 
Progress (5): 14 kB | 98/118 kB | 17/26 kB | 11/171 kB | 8.2 kB
Progress (5): 14 kB | 98/118 kB | 17/26 kB | 12/171 kB | 8.2 kB
Progress (5): 14 kB | 115/118 kB | 17/26 kB | 12/171 kB | 8.2 kB
Progress (5): 14 kB | 115/118 kB | 18/26 kB | 12/171 kB | 8.2 kB
Progress (5): 14 kB | 115/118 kB | 18/26 kB | 14/171 kB | 8.2 kB
Progress (5): 14 kB | 115/118 kB | 19/26 kB | 14/171 kB | 8.2 kB
Progress (5): 14 kB | 118 kB | 19/26 kB | 14/171 kB | 8.2 kB    
                                                            
Downloaded from central: https://repo.maven.apache.org/maven2/org/apache/maven/surefire/surefire-logger-api/3.2.5/surefire-logger-api-3.2.5.jar (14 kB at 238 kB/s)
Downloading from central: https://repo.maven.apache.org/maven2/org/eclipse/aether/aether-util/1.0.0.v20140518/aether-util-1.0.0.v20140518.jar
Progress (4): 118 kB | 21/26 kB | 14/171 kB | 8.2 kB
Progress (4): 118 kB | 21/26 kB | 15/171 kB | 8.2 kB
Progress (4): 118 kB | 22/26 kB | 15/171 kB | 8.2 kB
Progress (4): 118 kB | 22/26 kB | 16/171 kB | 8.2 kB
Progress (4): 118 kB | 23/26 kB | 16/171 kB | 8.2 kB
Progress (4): 118 kB | 25/26 kB | 16/171 kB | 8.2 kB
Progress (4): 118 kB | 26 kB | 16/171 kB | 8.2 kB   
Progress (4): 118 kB | 26 kB | 18/171 kB | 8.2 kB
Progress (4): 118 kB | 26 kB | 19/171 kB | 8.2 kB
Progress (4): 118 kB | 26 kB | 21/171 kB | 8.2 kB
Progress (4): 118 kB | 26 kB | 22/171 kB | 8.2 kB
Progress (4): 118 kB | 26 kB | 23/171 kB | 8.2 kB
Progress (4): 118 kB | 26 kB | 25/171 kB | 8.2 kB
Progress (4): 118 kB | 26 kB | 26/171 kB | 8.2 kB
Progress (4): 118 kB | 26 kB | 27/171 kB | 8.2 kB
Progress (4): 118 kB | 26 kB | 29/171 kB | 8.2 kB
Progress (4): 118 kB | 26 kB | 30/171 kB | 8.2 kB
Progress (4): 118 kB | 26 kB | 32/171 kB | 8.2 kB
Progress (4): 118 kB | 26 kB | 33/171 kB | 8.2 kB
Progress (4): 118 kB | 26 kB | 34/171 kB | 8.2 kB
Progress (4): 118 kB | 26 kB | 36/171 kB | 8.2 kB
Progress (4): 118 kB | 26 kB | 37/171 kB | 8.2 kB
Progress (4): 118 kB | 26 kB | 38/171 kB | 8.2 kB
Progress (4): 118 kB | 26 kB | 40/171 kB | 8.2 kB
Progress (4): 118 kB | 26 kB | 41/171 kB | 8.2 kB
Progress (4): 118 kB | 26 kB | 43/171 kB | 8.2 kB
Progress (4): 118 kB | 26 kB | 44/171 kB | 8.2 kB
Progress (4): 118 kB | 26 kB | 45/171 kB | 8.2 kB
Progress (5): 118 kB | 26 kB | 45/171 kB | 8.2 kB | 16/146 kB
Progress (5): 118 kB | 26 kB | 47/171 kB | 8.2 kB | 16/146 kB
Progress (5): 118 kB | 26 kB | 48/171 kB | 8.2 kB | 16/146 kB
Progress (5): 118 kB | 26 kB | 48/171 kB | 8.2 kB | 33/146 kB
Progress (5): 118 kB | 26 kB | 49/171 kB | 8.2 kB | 33/146 kB
Progress (5): 118 kB | 26 kB | 51/171 kB | 8.2 kB | 33/146 kB
Progress (5): 118 kB | 26 kB | 51/171 kB | 8.2 kB | 49/146 kB
Progress (5): 118 kB | 26 kB | 52/171 kB | 8.2 kB | 49/146 kB
Progress (5): 118 kB | 26 kB | 54/171 kB | 8.2 kB | 49/146 kB
Progress (5): 118 kB | 26 kB | 54/171 kB | 8.2 kB | 66/146 kB
Progress (5): 118 kB | 26 kB | 55/171 kB | 8.2 kB | 66/146 kB
Progress (5): 118 kB | 26 kB | 55/171 kB | 8.2 kB | 82/146 kB
Progress (5): 118 kB | 26 kB | 56/171 kB | 8.2 kB | 82/146 kB
Progress (5): 118 kB | 26 kB | 56/171 kB | 8.2 kB | 98/146 kB
Progress (5): 118 kB | 26 kB | 58/171 kB | 8.2 kB | 98/146 kB
Progress (5): 118 kB | 26 kB | 58/171 kB | 8.2 kB | 115/146 kB
Progress (5): 118 kB | 26 kB | 59/171 kB | 8.2 kB | 115/146 kB
Progress (5): 118 kB | 26 kB | 61/171 kB | 8.2 kB | 115/146 kB
Progress (5): 118 kB | 26 kB | 61/171 kB | 8.2 kB | 131/146 kB
Progress (5): 118 kB | 26 kB | 62/171 kB | 8.2 kB | 131/146 kB
Progress (5): 118 kB | 26 kB | 62/171 kB | 8.2 kB | 146 kB    
Progress (5): 118 kB | 26 kB | 62/171 kB | 8.2 kB | 146 kB
Progress (5): 118 kB | 26 kB | 78/171 kB | 8.2 kB | 146 kB
Progress (5): 118 kB | 26 kB | 95/171 kB | 8.2 kB | 146 kB
Progress (5): 118 kB | 26 kB | 111/171 kB | 8.2 kB | 146 kB
Progress (5): 118 kB | 26 kB | 115/171 kB | 8.2 kB | 146 kB
Progress (5): 118 kB | 26 kB | 132/171 kB | 8.2 kB | 146 kB
Progress (5): 118 kB | 26 kB | 148/171 kB | 8.2 kB | 146 kB
Progress (5): 118 kB | 26 kB | 164/171 kB | 8.2 kB | 146 kB
Progress (5): 118 kB | 26 kB | 171 kB | 8.2 kB | 146 kB    
                                                       
Downloaded from central: https://repo.maven.apache.org/maven2/org/apache/maven/surefire/surefire-extensions-api/3.2.5/surefire-extensions-api-3.2.5.jar (26 kB at 323 kB/s)
Downloading from central: https://repo.maven.apache.org/maven2/org/eclipse/aether/aether-api/1.0.0.v20140518/aether-api-1.0.0.v20140518.jar
Downloaded from central: https://repo.maven.apache.org/maven2/org/apache/maven/surefire/surefire-extensions-spi/3.2.5/surefire-extensions-spi-3.2.5.jar (8.2 kB at 101 kB/s)
Downloading from central: https://repo.maven.apache.org/maven2/org/apache/maven/shared/maven-common-artifact-filters/3.1.1/maven-common-artifact-filters-3.1.1.jar
Downloaded from central: https://repo.maven.apache.org/maven2/org/apache/maven/surefire/surefire-booter/3.2.5/surefire-booter-3.2.5.jar (118 kB at 1.4 MB/s)
Downloading from central: https://repo.maven.apache.org/maven2/commons-io/commons-io/2.15.1/commons-io-2.15.1.jar
Downloaded from central: https://repo.maven.apache.org/maven2/org/eclipse/aether/aether-util/1.0.0.v20140518/aether-util-1.0.0.v20140518.jar (146 kB at 1.6 MB/s)
Downloading from central: https://repo.maven.apache.org/maven2/org/apache/maven/surefire/surefire-shared-utils/3.2.5/surefire-shared-utils-3.2.5.jar
Progress (2): 171 kB | 16/61 kB
Progress (2): 171 kB | 33/61 kB
Progress (2): 171 kB | 49/61 kB
Progress (2): 171 kB | 61 kB   
Progress (3): 171 kB | 61 kB | 16/136 kB
Progress (3): 171 kB | 61 kB | 33/136 kB
Progress (3): 171 kB | 61 kB | 49/136 kB
Progress (3): 171 kB | 61 kB | 66/136 kB
Progress (3): 171 kB | 61 kB | 82/136 kB
Progress (3): 171 kB | 61 kB | 98/136 kB
Progress (3): 171 kB | 61 kB | 115/136 kB
Progress (3): 171 kB | 61 kB | 131/136 kB
Progress (3): 171 kB | 61 kB | 136 kB    
Progress (4): 171 kB | 61 kB | 136 kB | 16/501 kB
Progress (4): 171 kB | 61 kB | 136 kB | 33/501 kB
Progress (4): 171 kB | 61 kB | 136 kB | 49/501 kB
                                                 
Downloaded from central: https://repo.maven.apache.org/maven2/org/apache/maven/surefire/surefire-api/3.2.5/surefire-api-3.2.5.jar (171 kB at 1.6 MB/s)
Progress (3): 61 kB | 136 kB | 64/501 kB
Progress (3): 61 kB | 136 kB | 81/501 kB
Progress (4): 61 kB | 136 kB | 81/501 kB | 0/2.4 MB
Progress (4): 61 kB | 136 kB | 97/501 kB | 0/2.4 MB
Progress (4): 61 kB | 136 kB | 97/501 kB | 0/2.4 MB
Progress (4): 61 kB | 136 kB | 113/501 kB | 0/2.4 MB
Progress (4): 61 kB | 136 kB | 113/501 kB | 0/2.4 MB
Progress (4): 61 kB | 136 kB | 113/501 kB | 0/2.4 MB
Progress (4): 61 kB | 136 kB | 113/501 kB | 0/2.4 MB
Progress (4): 61 kB | 136 kB | 113/501 kB | 0/2.4 MB
Progress (4): 61 kB | 136 kB | 113/501 kB | 0/2.4 MB
Progress (4): 61 kB | 136 kB | 113/501 kB | 0/2.4 MB
Progress (4): 61 kB | 136 kB | 113/501 kB | 0/2.4 MB
Progress (4): 61 kB | 136 kB | 113/501 kB | 0/2.4 MB
Progress (4): 61 kB | 136 kB | 113/501 kB | 0/2.4 MB
Progress (4): 61 kB | 136 kB | 130/501 kB | 0/2.4 MB
Progress (4): 61 kB | 136 kB | 130/501 kB | 0/2.4 MB
Progress (4): 61 kB | 136 kB | 146/501 kB | 0/2.4 MB
Progress (4): 61 kB | 136 kB | 146/501 kB | 0/2.4 MB
Progress (4): 61 kB | 136 kB | 146/501 kB | 0/2.4 MB
Progress (4): 61 kB | 136 kB | 162/501 kB | 0/2.4 MB
Progress (4): 61 kB | 136 kB | 162/501 kB | 0/2.4 MB
Progress (4): 61 kB | 136 kB | 162/501 kB | 0/2.4 MB
Progress (4): 61 kB | 136 kB | 162/501 kB | 0/2.4 MB
Progress (4): 61 kB | 136 kB | 179/501 kB | 0/2.4 MB
Progress (4): 61 kB | 136 kB | 179/501 kB | 0/2.4 MB
Progress (4): 61 kB | 136 kB | 179/501 kB | 0/2.4 MB
Progress (4): 61 kB | 136 kB | 195/501 kB | 0/2.4 MB
Progress (4): 61 kB | 136 kB | 195/501 kB | 0/2.4 MB
Progress (4): 61 kB | 136 kB | 195/501 kB | 0/2.4 MB
Progress (4): 61 kB | 136 kB | 195/501 kB | 0/2.4 MB
Progress (4): 61 kB | 136 kB | 195/501 kB | 0/2.4 MB
Progress (4): 61 kB | 136 kB | 195/501 kB | 0/2.4 MB
Progress (4): 61 kB | 136 kB | 195/501 kB | 0/2.4 MB
Progress (4): 61 kB | 136 kB | 195/501 kB | 0/2.4 MB
Progress (4): 61 kB | 136 kB | 195/501 kB | 0/2.4 MB
Progress (4): 61 kB | 136 kB | 195/501 kB | 0/2.4 MB
Progress (4): 61 kB | 136 kB | 195/501 kB | 0/2.4 MB
Progress (4): 61 kB | 136 kB | 195/501 kB | 0/2.4 MB
Progress (4): 61 kB | 136 kB | 195/501 kB | 0/2.4 MB
Progress (4): 61 kB | 136 kB | 212/501 kB | 0/2.4 MB
Progress (4): 61 kB | 136 kB | 212/501 kB | 0/2.4 MB
Progress (4): 61 kB | 136 kB | 228/501 kB | 0/2.4 MB
Progress (4): 61 kB | 136 kB | 228/501 kB | 0/2.4 MB
Progress (4): 61 kB | 136 kB | 228/501 kB | 0/2.4 MB
Progress (4): 61 kB | 136 kB | 244/501 kB | 0/2.4 MB
Progress (4): 61 kB | 136 kB | 244/501 kB | 0/2.4 MB
Progress (4): 61 kB | 136 kB | 261/501 kB | 0/2.4 MB
Progress (4): 61 kB | 136 kB | 261/501 kB | 0/2.4 MB
Progress (4): 61 kB | 136 kB | 261/501 kB | 0.1/2.4 MB
Progress (4): 61 kB | 136 kB | 261/501 kB | 0.1/2.4 MB
Progress (4): 61 kB | 136 kB | 277/501 kB | 0.1/2.4 MB
Progress (4): 61 kB | 136 kB | 277/501 kB | 0.1/2.4 MB
Progress (4): 61 kB | 136 kB | 277/501 kB | 0.1/2.4 MB
Progress (4): 61 kB | 136 kB | 294/501 kB | 0.1/2.4 MB
Progress (4): 61 kB | 136 kB | 294/501 kB | 0.1/2.4 MB
Progress (4): 61 kB | 136 kB | 310/501 kB | 0.1/2.4 MB
Progress (4): 61 kB | 136 kB | 326/501 kB | 0.1/2.4 MB
Progress (4): 61 kB | 136 kB | 343/501 kB | 0.1/2.4 MB
Progress (4): 61 kB | 136 kB | 343/501 kB | 0.1/2.4 MB
Progress (4): 61 kB | 136 kB | 359/501 kB | 0.1/2.4 MB
Progress (4): 61 kB | 136 kB | 359/501 kB | 0.1/2.4 MB
Progress (4): 61 kB | 136 kB | 359/501 kB | 0.1/2.4 MB
Progress (4): 61 kB | 136 kB | 375/501 kB | 0.1/2.4 MB
Progress (4): 61 kB | 136 kB | 392/501 kB | 0.1/2.4 MB
Progress (4): 61 kB | 136 kB | 408/501 kB | 0.1/2.4 MB
Progress (4): 61 kB | 136 kB | 425/501 kB | 0.1/2.4 MB
                                                      
Downloaded from central: https://repo.maven.apache.org/maven2/org/apache/maven/shared/maven-common-artifact-filters/3.1.1/maven-common-artifact-filters-3.1.1.jar (61 kB at 520 kB/s)
Progress (3): 136 kB | 441/501 kB | 0.1/2.4 MB
Progress (3): 136 kB | 441/501 kB | 0.1/2.4 MB
Progress (3): 136 kB | 457/501 kB | 0.1/2.4 MB
Progress (3): 136 kB | 474/501 kB | 0.1/2.4 MB
Progress (3): 136 kB | 474/501 kB | 0.1/2.4 MB
Progress (3): 136 kB | 490/501 kB | 0.1/2.4 MB
Progress (3): 136 kB | 490/501 kB | 0.1/2.4 MB
Progress (3): 136 kB | 501 kB | 0.1/2.4 MB    
Progress (3): 136 kB | 501 kB | 0.2/2.4 MB
Progress (3): 136 kB | 501 kB | 0.2/2.4 MB
Progress (3): 136 kB | 501 kB | 0.2/2.4 MB
Progress (3): 136 kB | 501 kB | 0.2/2.4 MB
Progress (3): 136 kB | 501 kB | 0.2/2.4 MB
Progress (3): 136 kB | 501 kB | 0.2/2.4 MB
Progress (3): 136 kB | 501 kB | 0.3/2.4 MB
                                          
Downloaded from central: https://repo.maven.apache.org/maven2/org/eclipse/aether/aether-api/1.0.0.v20140518/aether-api-1.0.0.v20140518.jar (136 kB at 1.1 MB/s)
Progress (2): 501 kB | 0.3/2.4 MB
Progress (2): 501 kB | 0.3/2.4 MB
Progress (2): 501 kB | 0.3/2.4 MB
Progress (2): 501 kB | 0.3/2.4 MB
Progress (2): 501 kB | 0.3/2.4 MB
Progress (2): 501 kB | 0.4/2.4 MB
Progress (2): 501 kB | 0.4/2.4 MB
Progress (2): 501 kB | 0.4/2.4 MB
Progress (2): 501 kB | 0.4/2.4 MB
Progress (2): 501 kB | 0.4/2.4 MB
Progress (2): 501 kB | 0.4/2.4 MB
Progress (2): 501 kB | 0.5/2.4 MB
Progress (2): 501 kB | 0.5/2.4 MB
Progress (2): 501 kB | 0.5/2.4 MB
Progress (2): 501 kB | 0.5/2.4 MB
Progress (2): 501 kB | 0.5/2.4 MB
Progress (2): 501 kB | 0.5/2.4 MB
Progress (2): 501 kB | 0.6/2.4 MB
Progress (2): 501 kB | 0.6/2.4 MB
Progress (2): 501 kB | 0.6/2.4 MB
Progress (2): 501 kB | 0.6/2.4 MB
Progress (2): 501 kB | 0.6/2.4 MB
Progress (2): 501 kB | 0.6/2.4 MB
Progress (2): 501 kB | 0.7/2.4 MB
Progress (2): 501 kB | 0.7/2.4 MB
Progress (2): 501 kB | 0.7/2.4 MB
Progress (2): 501 kB | 0.7/2.4 MB
Progress (2): 501 kB | 0.7/2.4 MB
Progress (2): 501 kB | 0.7/2.4 MB
Progress (2): 501 kB | 0.8/2.4 MB
Progress (2): 501 kB | 0.8/2.4 MB
Progress (2): 501 kB | 0.8/2.4 MB
Progress (2): 501 kB | 0.8/2.4 MB
Progress (2): 501 kB | 0.8/2.4 MB
Progress (2): 501 kB | 0.8/2.4 MB
Progress (2): 501 kB | 0.9/2.4 MB
Progress (2): 501 kB | 0.9/2.4 MB
                                 
Downloaded from central: https://repo.maven.apache.org/maven2/commons-io/commons-io/2.15.1/commons-io-2.15.1.jar (501 kB at 3.5 MB/s)
Progress (1): 0.9/2.4 MB
Progress (1): 0.9/2.4 MB
Progress (1): 0.9/2.4 MB
Progress (1): 0.9/2.4 MB
Progress (1): 0.9/2.4 MB
Progress (1): 1.0/2.4 MB
Progress (1): 1.0/2.4 MB
Progress (1): 1.0/2.4 MB
Progress (1): 1.0/2.4 MB
Progress (1): 1.0/2.4 MB
Progress (1): 1.0/2.4 MB
Progress (1): 1.1/2.4 MB
Progress (1): 1.1/2.4 MB
Progress (1): 1.1/2.4 MB
Progress (1): 1.1/2.4 MB
Progress (1): 1.1/2.4 MB
Progress (1): 1.1/2.4 MB
Progress (1): 1.2/2.4 MB
Progress (1): 1.2/2.4 MB
Progress (1): 1.2/2.4 MB
Progress (1): 1.2/2.4 MB
Progress (1): 1.2/2.4 MB
Progress (1): 1.2/2.4 MB
Progress (1): 1.3/2.4 MB
Progress (1): 1.3/2.4 MB
Progress (1): 1.3/2.4 MB
Progress (1): 1.3/2.4 MB
Progress (1): 1.3/2.4 MB
Progress (1): 1.3/2.4 MB
Progress (1): 1.4/2.4 MB
Progress (1): 1.4/2.4 MB
Progress (1): 1.4/2.4 MB
Progress (1): 1.4/2.4 MB
Progress (1): 1.4/2.4 MB
Progress (1): 1.4/2.4 MB
Progress (1): 1.5/2.4 MB
Progress (1): 1.5/2.4 MB
Progress (1): 1.5/2.4 MB
Progress (1): 1.5/2.4 MB
Progress (1): 1.5/2.4 MB
Progress (1): 1.5/2.4 MB
Progress (1): 1.6/2.4 MB
Progress (1): 1.6/2.4 MB
Progress (1): 1.6/2.4 MB
Progress (1): 1.6/2.4 MB
Progress (1): 1.6/2.4 MB
Progress (1): 1.6/2.4 MB
Progress (1): 1.7/2.4 MB
Progress (1): 1.7/2.4 MB
Progress (1): 1.7/2.4 MB
Progress (1): 1.7/2.4 MB
Progress (1): 1.7/2.4 MB
Progress (1): 1.7/2.4 MB
Progress (1): 1.8/2.4 MB
Progress (1): 1.8/2.4 MB
Progress (1): 1.8/2.4 MB
Progress (1): 1.8/2.4 MB
Progress (1): 1.8/2.4 MB
Progress (1): 1.8/2.4 MB
Progress (1): 1.8/2.4 MB
Progress (1): 1.9/2.4 MB
Progress (1): 1.9/2.4 MB
Progress (1): 1.9/2.4 MB
Progress (1): 1.9/2.4 MB
Progress (1): 1.9/2.4 MB
Progress (1): 1.9/2.4 MB
Progress (1): 2.0/2.4 MB
Progress (1): 2.0/2.4 MB
Progress (1): 2.0/2.4 MB
Progress (1): 2.0/2.4 MB
Progress (1): 2.0/2.4 MB
Progress (1): 2.0/2.4 MB
Progress (1): 2.1/2.4 MB
Progress (1): 2.1/2.4 MB
Progress (1): 2.1/2.4 MB
Progress (1): 2.1/2.4 MB
Progress (1): 2.1/2.4 MB
Progress (1): 2.1/2.4 MB
Progress (1): 2.2/2.4 MB
Progress (1): 2.2/2.4 MB
Progress (1): 2.2/2.4 MB
Progress (1): 2.2/2.4 MB
Progress (1): 2.2/2.4 MB
Progress (1): 2.2/2.4 MB
Progress (1): 2.3/2.4 MB
Progress (1): 2.3/2.4 MB
Progress (1): 2.3/2.4 MB
Progress (1): 2.3/2.4 MB
Progress (1): 2.3/2.4 MB
Progress (1): 2.3/2.4 MB
Progress (1): 2.4/2.4 MB
Progress (1): 2.4/2.4 MB
Progress (1): 2.4/2.4 MB
Progress (1): 2.4/2.4 MB
Progress (1): 2.4/2.4 MB
Progress (1): 2.4 MB    
                    
Downloaded from central: https://repo.maven.apache.org/maven2/org/apache/maven/surefire/surefire-shared-utils/3.2.5/surefire-shared-utils-3.2.5.jar (2.4 MB at 10 MB/s)
[INFO] Using auto detected provider org.apache.maven.surefire.junitplatform.JUnitPlatformProvider
Downloading from central: https://repo.maven.apache.org/maven2/org/apache/maven/surefire/surefire-junit-platform/3.2.5/surefire-junit-platform-3.2.5.pom
Progress (1): 4.7 kB
                    
Downloaded from central: https://repo.maven.apache.org/maven2/org/apache/maven/surefire/surefire-junit-platform/3.2.5/surefire-junit-platform-3.2.5.pom (4.7 kB at 246 kB/s)
Downloading from central: https://repo.maven.apache.org/maven2/org/apache/maven/surefire/surefire-providers/3.2.5/surefire-providers-3.2.5.pom
Progress (1): 2.6 kB
                    
Downloaded from central: https://repo.maven.apache.org/maven2/org/apache/maven/surefire/surefire-providers/3.2.5/surefire-providers-3.2.5.pom (2.6 kB at 114 kB/s)
Downloading from central: https://repo.maven.apache.org/maven2/org/apache/maven/surefire/common-java5/3.2.5/common-java5-3.2.5.pom
Progress (1): 2.8 kB
                    
Downloaded from central: https://repo.maven.apache.org/maven2/org/apache/maven/surefire/common-java5/3.2.5/common-java5-3.2.5.pom (2.8 kB at 122 kB/s)
Downloading from central: https://repo.maven.apache.org/maven2/org/junit/platform/junit-platform-launcher/1.9.3/junit-platform-launcher-1.9.3.pom
Progress (1): 3.0 kB
                    
Downloaded from central: https://repo.maven.apache.org/maven2/org/junit/platform/junit-platform-launcher/1.9.3/junit-platform-launcher-1.9.3.pom (3.0 kB at 151 kB/s)
Downloading from central: https://repo.maven.apache.org/maven2/org/junit/platform/junit-platform-engine/1.9.3/junit-platform-engine-1.9.3.pom
Progress (1): 3.2 kB
                    
Downloaded from central: https://repo.maven.apache.org/maven2/org/junit/platform/junit-platform-engine/1.9.3/junit-platform-engine-1.9.3.pom (3.2 kB at 178 kB/s)
Downloading from central: https://repo.maven.apache.org/maven2/org/junit/platform/junit-platform-commons/1.9.3/junit-platform-commons-1.9.3.pom
Progress (1): 2.8 kB
                    
Downloaded from central: https://repo.maven.apache.org/maven2/org/junit/platform/junit-platform-commons/1.9.3/junit-platform-commons-1.9.3.pom (2.8 kB at 109 kB/s)
Downloading from central: https://repo.maven.apache.org/maven2/org/apache/maven/surefire/surefire-junit-platform/3.2.5/surefire-junit-platform-3.2.5.jar
Progress (1): 16/27 kB
Progress (1): 27 kB   
                   
Downloaded from central: https://repo.maven.apache.org/maven2/org/apache/maven/surefire/surefire-junit-platform/3.2.5/surefire-junit-platform-3.2.5.jar (27 kB at 1.2 MB/s)
Downloading from central: https://repo.maven.apache.org/maven2/org/apache/maven/surefire/common-java5/3.2.5/common-java5-3.2.5.jar
Downloading from central: https://repo.maven.apache.org/maven2/org/junit/platform/junit-platform-launcher/1.9.3/junit-platform-launcher-1.9.3.jar
Downloading from central: https://repo.maven.apache.org/maven2/org/junit/platform/junit-platform-commons/1.9.3/junit-platform-commons-1.9.3.jar
Downloading from central: https://repo.maven.apache.org/maven2/org/junit/platform/junit-platform-engine/1.9.3/junit-platform-engine-1.9.3.jar
Progress (1): 16/18 kB
Progress (1): 18 kB   
Progress (2): 18 kB | 16/169 kB
Progress (2): 18 kB | 33/169 kB
Progress (3): 18 kB | 33/169 kB | 16/189 kB
Progress (3): 18 kB | 33/169 kB | 33/189 kB
Progress (3): 18 kB | 33/169 kB | 49/189 kB
Progress (4): 18 kB | 33/169 kB | 49/189 kB | 16/103 kB
Progress (4): 18 kB | 49/169 kB | 49/189 kB | 16/103 kB
Progress (4): 18 kB | 49/169 kB | 66/189 kB | 16/103 kB
Progress (4): 18 kB | 49/169 kB | 82/189 kB | 16/103 kB
Progress (4): 18 kB | 49/169 kB | 98/189 kB | 16/103 kB
Progress (4): 18 kB | 49/169 kB | 98/189 kB | 33/103 kB
Progress (4): 18 kB | 64/169 kB | 98/189 kB | 33/103 kB
Progress (4): 18 kB | 64/169 kB | 115/189 kB | 33/103 kB
Progress (4): 18 kB | 73/169 kB | 115/189 kB | 33/103 kB
Progress (4): 18 kB | 73/169 kB | 115/189 kB | 49/103 kB
Progress (4): 18 kB | 73/169 kB | 131/189 kB | 49/103 kB
Progress (4): 18 kB | 89/169 kB | 131/189 kB | 49/103 kB
Progress (4): 18 kB | 89/169 kB | 147/189 kB | 49/103 kB
Progress (4): 18 kB | 89/169 kB | 147/189 kB | 66/103 kB
Progress (4): 18 kB | 89/169 kB | 164/189 kB | 66/103 kB
Progress (4): 18 kB | 105/169 kB | 164/189 kB | 66/103 kB
Progress (4): 18 kB | 105/169 kB | 180/189 kB | 66/103 kB
Progress (4): 18 kB | 105/169 kB | 180/189 kB | 82/103 kB
Progress (4): 18 kB | 105/169 kB | 189 kB | 82/103 kB    
Progress (4): 18 kB | 122/169 kB | 189 kB | 82/103 kB
Progress (4): 18 kB | 122/169 kB | 189 kB | 98/103 kB
Progress (4): 18 kB | 122/169 kB | 189 kB | 103 kB   
Progress (4): 18 kB | 138/169 kB | 189 kB | 103 kB
Progress (4): 18 kB | 154/169 kB | 189 kB | 103 kB
Progress (4): 18 kB | 169 kB | 189 kB | 103 kB    
                                              
Downloaded from central: https://repo.maven.apache.org/maven2/org/apache/maven/surefire/common-java5/3.2.5/common-java5-3.2.5.jar (18 kB at 390 kB/s)
Downloaded from central: https://repo.maven.apache.org/maven2/org/junit/platform/junit-platform-launcher/1.9.3/junit-platform-launcher-1.9.3.jar (169 kB at 2.6 MB/s)
Downloaded from central: https://repo.maven.apache.org/maven2/org/junit/platform/junit-platform-commons/1.9.3/junit-platform-commons-1.9.3.jar (103 kB at 1.6 MB/s)
Downloaded from central: https://repo.maven.apache.org/maven2/org/junit/platform/junit-platform-engine/1.9.3/junit-platform-engine-1.9.3.jar (189 kB at 2.8 MB/s)
Downloading from central: https://repo.maven.apache.org/maven2/org/junit/platform/junit-platform-launcher/1.10.2/junit-platform-launcher-1.10.2.pom
Progress (1): 3.0 kB
                    
Downloaded from central: https://repo.maven.apache.org/maven2/org/junit/platform/junit-platform-launcher/1.10.2/junit-platform-launcher-1.10.2.pom (3.0 kB at 189 kB/s)
[INFO] 
[INFO] -------------------------------------------------------
[INFO]  T E S T S
[INFO] -------------------------------------------------------
[INFO] Running org.frcpm.binding.BindingLogicTest
[INFO] Tests run: 4, Failures: 0, Errors: 0, Skipped: 0, Time elapsed: 0.100 s -- in org.frcpm.binding.BindingLogicTest
[INFO] Running org.frcpm.controllers.AttendanceControllerTest
[INFO] Tests run: 9, Failures: 0, Errors: 0, Skipped: 0, Time elapsed: 1.613 s -- in org.frcpm.controllers.AttendanceControllerTest
[INFO] Running org.frcpm.controllers.ComponentControllerTest
[ERROR] Tests run: 9, Failures: 0, Errors: 2, Skipped: 0, Time elapsed: 7.597 s <<< FAILURE! -- in org.frcpm.controllers.ComponentControllerTest
[ERROR] org.frcpm.controllers.ComponentControllerTest.testErrorMessageListener -- Time elapsed: 0.621 s <<< ERROR!
java.lang.NullPointerException: Cannot invoke "javafx.beans.Observable.addListener(javafx.beans.InvalidationListener)" because "<local5>" is null
	at javafx.beans.binding.BooleanBinding.bind(BooleanBinding.java:113)
	at javafx.beans.binding.Bindings$1.<init>(Bindings.java:151)
	at javafx.beans.binding.Bindings.createBooleanBinding(Bindings.java:149)
	at org.frcpm.binding.ViewModelBinding.bindCommandButton(ViewModelBinding.java:66)
	at org.frcpm.controllers.ComponentController.setupBindings(ComponentController.java:159)
	at org.frcpm.controllers.ComponentController.initialize(ComponentController.java:87)
	at org.frcpm.controllers.ComponentController.testInitialize(ComponentController.java:243)
	at org.frcpm.controllers.ComponentControllerTest.testErrorMessageListener(ComponentControllerTest.java:226)
	at java.base/java.lang.reflect.Method.invoke(Method.java:580)
	at java.base/java.util.ArrayList.forEach(ArrayList.java:1596)
	at java.base/java.util.ArrayList.forEach(ArrayList.java:1596)

[ERROR] org.frcpm.controllers.ComponentControllerTest.testInitialize -- Time elapsed: 0.540 s <<< ERROR!
java.lang.NullPointerException: Cannot invoke "javafx.beans.Observable.addListener(javafx.beans.InvalidationListener)" because "<local5>" is null
	at javafx.beans.binding.BooleanBinding.bind(BooleanBinding.java:113)
	at javafx.beans.binding.Bindings$1.<init>(Bindings.java:151)
	at javafx.beans.binding.Bindings.createBooleanBinding(Bindings.java:149)
	at org.frcpm.binding.ViewModelBinding.bindCommandButton(ViewModelBinding.java:66)
	at org.frcpm.controllers.ComponentController.setupBindings(ComponentController.java:159)
	at org.frcpm.controllers.ComponentController.initialize(ComponentController.java:87)
	at org.frcpm.controllers.ComponentController.testInitialize(ComponentController.java:243)
	at org.frcpm.controllers.ComponentControllerTest.testInitialize(ComponentControllerTest.java:164)
	at java.base/java.lang.reflect.Method.invoke(Method.java:580)
	at java.base/java.util.ArrayList.forEach(ArrayList.java:1596)
	at java.base/java.util.ArrayList.forEach(ArrayList.java:1596)

[INFO] Running org.frcpm.controllers.DatabaseMigrationControllerTest
[INFO] Tests run: 4, Failures: 0, Errors: 0, Skipped: 0, Time elapsed: 0.182 s -- in org.frcpm.controllers.DatabaseMigrationControllerTest
[INFO] Running org.frcpm.controllers.MainControllerTest
[INFO] Tests run: 11, Failures: 0, Errors: 0, Skipped: 0, Time elapsed: 3.666 s -- in org.frcpm.controllers.MainControllerTest
[INFO] Running org.frcpm.controllers.MeetingControllerTest
[INFO] Tests run: 7, Failures: 0, Errors: 0, Skipped: 0, Time elapsed: 0.132 s -- in org.frcpm.controllers.MeetingControllerTest
[INFO] Running org.frcpm.controllers.MilestoneControllerTest
[INFO] Tests run: 8, Failures: 0, Errors: 0, Skipped: 0, Time elapsed: 0.068 s -- in org.frcpm.controllers.MilestoneControllerTest
[INFO] Running org.frcpm.controllers.NewProjectControllerTest
[ERROR] Tests run: 7, Failures: 1, Errors: 1, Skipped: 0, Time elapsed: 5.799 s <<< FAILURE! -- in org.frcpm.controllers.NewProjectControllerTest
[ERROR] org.frcpm.controllers.NewProjectControllerTest.testErrorMessageListener -- Time elapsed: 0.857 s <<< FAILURE!
Wanted but not invoked:
newProjectController.testShowErrorAlert(
    "Error Creating Project",
    "Test Error"
);
-> at org.frcpm.controllers.NewProjectController.testShowErrorAlert(NewProjectController.java:145)
Actually, there were zero interactions with this mock.

	at org.frcpm.controllers.NewProjectController.testShowErrorAlert(NewProjectController.java:145)
	at org.frcpm.controllers.NewProjectControllerTest.testErrorMessageListener(NewProjectControllerTest.java:226)
	at java.base/java.lang.reflect.Method.invoke(Method.java:580)
	at java.base/java.util.ArrayList.forEach(ArrayList.java:1596)
	at java.base/java.util.ArrayList.forEach(ArrayList.java:1596)

[ERROR] org.frcpm.controllers.NewProjectControllerTest.testInitialize -- Time elapsed: 0.899 s <<< ERROR!
java.lang.NullPointerException: Both properties must be specified.
	at java.base/java.util.Objects.requireNonNull(Objects.java:259)
	at com.sun.javafx.binding.BidirectionalBinding.checkParameters(BidirectionalBinding.java:52)
	at com.sun.javafx.binding.BidirectionalBinding.bind(BidirectionalBinding.java:59)
	at javafx.beans.binding.Bindings.bindBidirectional(Bindings.java:915)
	at javafx.beans.property.StringProperty.bindBidirectional(StringProperty.java:79)
	at org.frcpm.binding.ViewModelBinding.bindTextField(ViewModelBinding.java:23)
	at org.frcpm.controllers.NewProjectController.setupBindings(NewProjectController.java:65)
	at org.frcpm.controllers.NewProjectController.initialize(NewProjectController.java:54)
	at org.frcpm.controllers.NewProjectController.testInitialize(NewProjectController.java:242)
	at org.frcpm.controllers.NewProjectControllerTest.testInitialize(NewProjectControllerTest.java:141)
	at java.base/java.lang.reflect.Method.invoke(Method.java:580)
	at java.base/java.util.ArrayList.forEach(ArrayList.java:1596)
	at java.base/java.util.ArrayList.forEach(ArrayList.java:1596)

[INFO] Running org.frcpm.controllers.ProjectControllerTest
[ERROR] Tests run: 10, Failures: 1, Errors: 3, Skipped: 0, Time elapsed: 7.748 s <<< FAILURE! -- in org.frcpm.controllers.ProjectControllerTest
[ERROR] org.frcpm.controllers.ProjectControllerTest.testCreateDialogStage -- Time elapsed: 0.727 s <<< FAILURE!
org.opentest4j.AssertionFailedError: Unexpected exception: Not on FX application thread; currentThread = main
	at org.junit.jupiter.api.AssertionUtils.fail(AssertionUtils.java:38)
	at org.junit.jupiter.api.Assertions.fail(Assertions.java:138)
	at org.frcpm.controllers.ProjectControllerTest.testCreateDialogStage(ProjectControllerTest.java:357)
	at java.base/java.lang.reflect.Method.invoke(Method.java:580)
	at java.base/java.util.ArrayList.forEach(ArrayList.java:1596)
	at java.base/java.util.ArrayList.forEach(ArrayList.java:1596)

[ERROR] org.frcpm.controllers.ProjectControllerTest.testHandleEditMilestone -- Time elapsed: 1.005 s <<< ERROR!
java.lang.NullPointerException: Cannot invoke "javafx.scene.control.TableView.getScene()" because "<local3>.milestonesTable" is null
	at org.frcpm.controllers.ProjectController.handleEditMilestone(ProjectController.java:308)
	at org.frcpm.controllers.ProjectController.handleEditMilestone(ProjectController.java:298)
	at org.frcpm.controllers.ProjectControllerTest.testHandleEditMilestone(ProjectControllerTest.java:269)
	at java.base/java.lang.reflect.Method.invoke(Method.java:580)
	at java.base/java.util.ArrayList.forEach(ArrayList.java:1596)
	at java.base/java.util.ArrayList.forEach(ArrayList.java:1596)

[ERROR] org.frcpm.controllers.ProjectControllerTest.testHandleEditTask -- Time elapsed: 0.748 s <<< ERROR!
java.lang.NullPointerException: Cannot invoke "javafx.scene.control.TableView.getScene()" because "<local3>.tasksTable" is null
	at org.frcpm.controllers.ProjectController.handleEditTask(ProjectController.java:274)
	at org.frcpm.controllers.ProjectController.handleEditTask(ProjectController.java:264)
	at org.frcpm.controllers.ProjectControllerTest.testHandleEditTask(ProjectControllerTest.java:235)
	at java.base/java.lang.reflect.Method.invoke(Method.java:580)
	at java.base/java.util.ArrayList.forEach(ArrayList.java:1596)
	at java.base/java.util.ArrayList.forEach(ArrayList.java:1596)

[ERROR] org.frcpm.controllers.ProjectControllerTest.testHandleEditMeeting -- Time elapsed: 0.708 s <<< ERROR!
java.lang.NullPointerException: Cannot invoke "javafx.scene.control.TableView.getScene()" because "<local3>.meetingsTable" is null
	at org.frcpm.controllers.ProjectController.handleEditMeeting(ProjectController.java:342)
	at org.frcpm.controllers.ProjectController.handleEditMeeting(ProjectController.java:332)
	at org.frcpm.controllers.ProjectControllerTest.testHandleEditMeeting(ProjectControllerTest.java:303)
	at java.base/java.lang.reflect.Method.invoke(Method.java:580)
	at java.base/java.util.ArrayList.forEach(ArrayList.java:1596)
	at java.base/java.util.ArrayList.forEach(ArrayList.java:1596)

[INFO] Running org.frcpm.controllers.SubsystemControllerTest
[ERROR] Tests run: 11, Failures: 1, Errors: 0, Skipped: 0, Time elapsed: 9.009 s <<< FAILURE! -- in org.frcpm.controllers.SubsystemControllerTest
[ERROR] org.frcpm.controllers.SubsystemControllerTest.testErrorMessageListener -- Time elapsed: 1.778 s <<< FAILURE!
Wanted but not invoked:
mockDialogService.showErrorAlert(
    "Error",
    "Test Error"
);
-> at org.frcpm.controllers.SubsystemControllerTest.testErrorMessageListener(SubsystemControllerTest.java:311)
Actually, there were zero interactions with this mock.

	at org.frcpm.controllers.SubsystemControllerTest.testErrorMessageListener(SubsystemControllerTest.java:311)
	at java.base/java.lang.reflect.Method.invoke(Method.java:580)
	at java.base/java.util.ArrayList.forEach(ArrayList.java:1596)
	at java.base/java.util.ArrayList.forEach(ArrayList.java:1596)

[INFO] Running org.frcpm.controllers.SubsystemManagementControllerTest
[ERROR] Tests run: 8, Failures: 1, Errors: 0, Skipped: 0, Time elapsed: 5.764 s <<< FAILURE! -- in org.frcpm.controllers.SubsystemManagementControllerTest
[ERROR] org.frcpm.controllers.SubsystemManagementControllerTest.testInitialize -- Time elapsed: 0.728 s <<< FAILURE!
Wanted but not invoked:
mockViewModel.getAddSubsystemCommand();
-> at org.frcpm.viewmodels.SubsystemManagementViewModel.getAddSubsystemCommand(SubsystemManagementViewModel.java:228)

However, there was exactly 1 interaction with this mock:
mockViewModel.getSubsystems();
-> at org.frcpm.controllers.SubsystemManagementControllerTest.testInitialize(SubsystemManagementControllerTest.java:190)


	at org.frcpm.viewmodels.SubsystemManagementViewModel.getAddSubsystemCommand(SubsystemManagementViewModel.java:228)
	at org.frcpm.controllers.SubsystemManagementControllerTest.testInitialize(SubsystemManagementControllerTest.java:194)
	at java.base/java.lang.reflect.Method.invoke(Method.java:580)
	at java.base/java.util.ArrayList.forEach(ArrayList.java:1596)
	at java.base/java.util.ArrayList.forEach(ArrayList.java:1596)

[INFO] Running org.frcpm.controllers.TaskControllerTest
[ERROR] Tests run: 12, Failures: 1, Errors: 0, Skipped: 0, Time elapsed: 0.176 s <<< FAILURE! -- in org.frcpm.controllers.TaskControllerTest
[ERROR] org.frcpm.controllers.TaskControllerTest.testErrorMessageListener -- Time elapsed: 0.006 s <<< FAILURE!
Wanted but not invoked:
controller.showErrorAlert(
    <any string>,
    "Test Error"
);
-> at org.frcpm.controllers.TaskController.showErrorAlert(TaskController.java:263)

However, there were exactly 2 interactions with this mock:
controller.setViewModel(mockViewModel);
-> at org.frcpm.controllers.TaskControllerTest.setUp(TaskControllerTest.java:109)

controller.setDialogService(
    mockDialogService
);
-> at org.frcpm.controllers.TaskControllerTest.setUp(TaskControllerTest.java:110)


	at org.frcpm.controllers.TaskController.showErrorAlert(TaskController.java:263)
	at org.frcpm.controllers.TaskControllerTest.testErrorMessageListener(TaskControllerTest.java:195)
	at java.base/java.lang.reflect.Method.invoke(Method.java:580)
	at java.base/java.util.ArrayList.forEach(ArrayList.java:1596)
	at java.base/java.util.ArrayList.forEach(ArrayList.java:1596)

[INFO] Running org.frcpm.controllers.TeamControllerTest
[ERROR] Tests run: 19, Failures: 7, Errors: 2, Skipped: 0, Time elapsed: 13.74 s <<< FAILURE! -- in org.frcpm.controllers.TeamControllerTest
[ERROR] org.frcpm.controllers.TeamControllerTest.testHandleDeleteSubteam_WithSelection_Cancelled -- Time elapsed: 0.835 s <<< FAILURE!
Wanted but not invoked:
mockDialogService.showConfirmationAlert(
    "Delete Subteam",
    <any string>
);
-> at org.frcpm.controllers.TeamControllerTest.testHandleDeleteSubteam_WithSelection_Cancelled(TeamControllerTest.java:383)

However, there was exactly 1 interaction with this mock:
mockDialogService.showErrorAlert(
    "No Selection",
    "Please select a subteam to delete"
);
-> at org.frcpm.controllers.TeamController.showErrorAlert(TeamController.java:588)


	at org.frcpm.controllers.TeamControllerTest.testHandleDeleteSubteam_WithSelection_Cancelled(TeamControllerTest.java:383)
	at java.base/java.lang.reflect.Method.invoke(Method.java:580)
	at java.base/java.util.ArrayList.forEach(ArrayList.java:1596)
	at java.base/java.util.ArrayList.forEach(ArrayList.java:1596)

[ERROR] org.frcpm.controllers.TeamControllerTest.testHandleEditMember_WithSelection -- Time elapsed: 0.764 s <<< FAILURE!
Wanted but not invoked:
mockViewModel.initExistingMember(
    Mock for TeamMember, hashCode: 856397318
);
-> at org.frcpm.viewmodels.TeamViewModel.initExistingMember(TeamViewModel.java:278)
Actually, there were zero interactions with this mock.

	at org.frcpm.viewmodels.TeamViewModel.initExistingMember(TeamViewModel.java:278)
	at org.frcpm.controllers.TeamControllerTest.testHandleEditMember_WithSelection(TeamControllerTest.java:245)
	at java.base/java.lang.reflect.Method.invoke(Method.java:580)
	at java.base/java.util.ArrayList.forEach(ArrayList.java:1596)
	at java.base/java.util.ArrayList.forEach(ArrayList.java:1596)

[ERROR] org.frcpm.controllers.TeamControllerTest.testCreateMemberDialog -- Time elapsed: 0.719 s <<< ERROR!
java.lang.IllegalStateException: Not on FX application thread; currentThread = main
	at com.sun.javafx.tk.Toolkit.checkFxUserThread(Toolkit.java:294)
	at com.sun.javafx.tk.quantum.QuantumToolkit.checkFxUserThread(QuantumToolkit.java:475)
	at javafx.stage.Stage.<init>(Stage.java:258)
	at javafx.stage.Stage.<init>(Stage.java:244)
	at javafx.scene.control.HeavyweightDialog$1.<init>(HeavyweightDialog.java:52)
	at javafx.scene.control.HeavyweightDialog.<init>(HeavyweightDialog.java:52)
	at javafx.scene.control.Dialog.<init>(Dialog.java:253)
	at org.frcpm.controllers.TeamController.createMemberDialog(TeamController.java:372)
	at org.frcpm.controllers.TeamControllerTest.testCreateMemberDialog(TeamControllerTest.java:405)
	at java.base/java.lang.reflect.Method.invoke(Method.java:580)
	at java.base/java.util.ArrayList.forEach(ArrayList.java:1596)
	at java.base/java.util.ArrayList.forEach(ArrayList.java:1596)

[ERROR] org.frcpm.controllers.TeamControllerTest.testInitialize -- Time elapsed: 0.716 s <<< FAILURE!
org.mockito.exceptions.verification.TooManyActualInvocations: 

mockViewModel.getMembers();
Wanted 1 time:
-> at org.frcpm.viewmodels.TeamViewModel.getMembers(TeamViewModel.java:731)
But was 2 times:
-> at org.frcpm.controllers.TeamController.setupBindings(TeamController.java:125)
-> at org.frcpm.controllers.TeamController.initialize(TeamController.java:111)


	at org.frcpm.viewmodels.TeamViewModel.getMembers(TeamViewModel.java:731)
	at org.frcpm.controllers.TeamControllerTest.testInitialize(TeamControllerTest.java:213)
	at java.base/java.lang.reflect.Method.invoke(Method.java:580)
	at java.base/java.util.ArrayList.forEach(ArrayList.java:1596)
	at java.base/java.util.ArrayList.forEach(ArrayList.java:1596)

[ERROR] org.frcpm.controllers.TeamControllerTest.testHandleDeleteMember_WithSelection_Confirmed -- Time elapsed: 0.706 s <<< FAILURE!
Wanted but not invoked:
mockDialogService.showConfirmationAlert(
    "Delete Team Member",
    <any string>
);
-> at org.frcpm.controllers.TeamControllerTest.testHandleDeleteMember_WithSelection_Confirmed(TeamControllerTest.java:274)

However, there was exactly 1 interaction with this mock:
mockDialogService.showErrorAlert(
    "No Selection",
    "Please select a team member to delete"
);
-> at org.frcpm.controllers.TeamController.showErrorAlert(TeamController.java:588)


	at org.frcpm.controllers.TeamControllerTest.testHandleDeleteMember_WithSelection_Confirmed(TeamControllerTest.java:274)
	at java.base/java.lang.reflect.Method.invoke(Method.java:580)
	at java.base/java.util.ArrayList.forEach(ArrayList.java:1596)
	at java.base/java.util.ArrayList.forEach(ArrayList.java:1596)

[ERROR] org.frcpm.controllers.TeamControllerTest.testCreateSubteamDialog -- Time elapsed: 0.704 s <<< ERROR!
java.lang.IllegalStateException: Not on FX application thread; currentThread = main
	at com.sun.javafx.tk.Toolkit.checkFxUserThread(Toolkit.java:294)
	at com.sun.javafx.tk.quantum.QuantumToolkit.checkFxUserThread(QuantumToolkit.java:475)
	at javafx.stage.Stage.<init>(Stage.java:258)
	at javafx.stage.Stage.<init>(Stage.java:244)
	at javafx.scene.control.HeavyweightDialog$1.<init>(HeavyweightDialog.java:52)
	at javafx.scene.control.HeavyweightDialog.<init>(HeavyweightDialog.java:52)
	at javafx.scene.control.Dialog.<init>(Dialog.java:253)
	at org.frcpm.controllers.TeamController.createSubteamDialog(TeamController.java:473)
	at org.frcpm.controllers.TeamControllerTest.testCreateSubteamDialog(TeamControllerTest.java:426)
	at java.base/java.lang.reflect.Method.invoke(Method.java:580)
	at java.base/java.util.ArrayList.forEach(ArrayList.java:1596)
	at java.base/java.util.ArrayList.forEach(ArrayList.java:1596)

[ERROR] org.frcpm.controllers.TeamControllerTest.testHandleDeleteSubteam_WithSelection_Confirmed -- Time elapsed: 0.710 s <<< FAILURE!
Wanted but not invoked:
mockDialogService.showConfirmationAlert(
    "Delete Subteam",
    <any string>
);
-> at org.frcpm.controllers.TeamControllerTest.testHandleDeleteSubteam_WithSelection_Confirmed(TeamControllerTest.java:366)

However, there was exactly 1 interaction with this mock:
mockDialogService.showErrorAlert(
    "No Selection",
    "Please select a subteam to delete"
);
-> at org.frcpm.controllers.TeamController.showErrorAlert(TeamController.java:588)


	at org.frcpm.controllers.TeamControllerTest.testHandleDeleteSubteam_WithSelection_Confirmed(TeamControllerTest.java:366)
	at java.base/java.lang.reflect.Method.invoke(Method.java:580)
	at java.base/java.util.ArrayList.forEach(ArrayList.java:1596)
	at java.base/java.util.ArrayList.forEach(ArrayList.java:1596)

[ERROR] org.frcpm.controllers.TeamControllerTest.testHandleEditSubteam_WithSelection -- Time elapsed: 0.718 s <<< FAILURE!
Wanted but not invoked:
mockViewModel.initExistingSubteam(
    Mock for Subteam, hashCode: 646855274
);
-> at org.frcpm.viewmodels.TeamViewModel.initExistingSubteam(TeamViewModel.java:348)
Actually, there were zero interactions with this mock.

	at org.frcpm.viewmodels.TeamViewModel.initExistingSubteam(TeamViewModel.java:348)
	at org.frcpm.controllers.TeamControllerTest.testHandleEditSubteam_WithSelection(TeamControllerTest.java:337)
	at java.base/java.lang.reflect.Method.invoke(Method.java:580)
	at java.base/java.util.ArrayList.forEach(ArrayList.java:1596)
	at java.base/java.util.ArrayList.forEach(ArrayList.java:1596)

[ERROR] org.frcpm.controllers.TeamControllerTest.testHandleDeleteMember_WithSelection_Cancelled -- Time elapsed: 0.685 s <<< FAILURE!
Wanted but not invoked:
mockDialogService.showConfirmationAlert(
    "Delete Team Member",
    <any string>
);
-> at org.frcpm.controllers.TeamControllerTest.testHandleDeleteMember_WithSelection_Cancelled(TeamControllerTest.java:291)

However, there was exactly 1 interaction with this mock:
mockDialogService.showErrorAlert(
    "No Selection",
    "Please select a team member to delete"
);
-> at org.frcpm.controllers.TeamController.showErrorAlert(TeamController.java:588)


	at org.frcpm.controllers.TeamControllerTest.testHandleDeleteMember_WithSelection_Cancelled(TeamControllerTest.java:291)
	at java.base/java.lang.reflect.Method.invoke(Method.java:580)
	at java.base/java.util.ArrayList.forEach(ArrayList.java:1596)
	at java.base/java.util.ArrayList.forEach(ArrayList.java:1596)

[INFO] Running org.frcpm.repositories.AttendanceRepositoryTest
[INFO] Tests run: 11, Failures: 0, Errors: 0, Skipped: 0, Time elapsed: 3.999 s -- in org.frcpm.repositories.AttendanceRepositoryTest
[INFO] Running org.frcpm.repositories.ComponentRepositoryTest
[INFO] Tests run: 11, Failures: 0, Errors: 0, Skipped: 0, Time elapsed: 2.711 s -- in org.frcpm.repositories.ComponentRepositoryTest
[INFO] Running org.frcpm.repositories.impl.JpaRepositoryImplTest
[INFO] Tests run: 7, Failures: 0, Errors: 0, Skipped: 0, Time elapsed: 1.382 s -- in org.frcpm.repositories.impl.JpaRepositoryImplTest
[INFO] Running org.frcpm.repositories.MeetingRepositoryTest
[INFO] Tests run: 11, Failures: 0, Errors: 0, Skipped: 0, Time elapsed: 2.255 s -- in org.frcpm.repositories.MeetingRepositoryTest
[INFO] Running org.frcpm.repositories.MilestoneRepositoryTest
[INFO] Tests run: 12, Failures: 0, Errors: 0, Skipped: 0, Time elapsed: 1.963 s -- in org.frcpm.repositories.MilestoneRepositoryTest
[INFO] Running org.frcpm.repositories.ProjectRepositoryTest
[INFO] Tests run: 10, Failures: 0, Errors: 0, Skipped: 0, Time elapsed: 1.492 s -- in org.frcpm.repositories.ProjectRepositoryTest
[INFO] Running org.frcpm.repositories.SubsystemRepositoryTest
[INFO] Tests run: 10, Failures: 0, Errors: 0, Skipped: 0, Time elapsed: 1.603 s -- in org.frcpm.repositories.SubsystemRepositoryTest
[INFO] Running org.frcpm.repositories.SubteamRepositoryTest
[INFO] Tests run: 10, Failures: 0, Errors: 0, Skipped: 0, Time elapsed: 1.215 s -- in org.frcpm.repositories.SubteamRepositoryTest
[INFO] Running org.frcpm.repositories.TaskRepositoryTest
[ERROR] Tests run: 13, Failures: 0, Errors: 13, Skipped: 0, Time elapsed: 2.043 s <<< FAILURE! -- in org.frcpm.repositories.TaskRepositoryTest
[ERROR] org.frcpm.repositories.TaskRepositoryTest.testFindByProject -- Time elapsed: 0.178 s <<< ERROR!
java.lang.RuntimeException: Failed to save entity
	at org.frcpm.repositories.impl.JpaRepositoryImpl.save(JpaRepositoryImpl.java:84)
	at org.frcpm.repositories.TaskRepositoryTest.createTestTasks(TaskRepositoryTest.java:110)
	at org.frcpm.repositories.TaskRepositoryTest.setUp(TaskRepositoryTest.java:62)
	at java.base/java.lang.reflect.Method.invoke(Method.java:580)
	at java.base/java.util.ArrayList.forEach(ArrayList.java:1596)
	at java.base/java.util.ArrayList.forEach(ArrayList.java:1596)
Caused by: jakarta.persistence.RollbackException: Error while committing the transaction
	at org.hibernate.internal.ExceptionConverterImpl.convertCommitException(ExceptionConverterImpl.java:67)
	at org.hibernate.engine.transaction.internal.TransactionImpl.commit(TransactionImpl.java:104)
	at org.frcpm.repositories.impl.JpaRepositoryImpl.save(JpaRepositoryImpl.java:77)
	... 5 more
Caused by: java.lang.IllegalStateException: org.hibernate.TransientObjectException: object references an unsaved transient instance - save the transient instance before flushing: org.frcpm.models.Task
	at org.hibernate.internal.ExceptionConverterImpl.convert(ExceptionConverterImpl.java:157)
	at org.hibernate.internal.ExceptionConverterImpl.convert(ExceptionConverterImpl.java:167)
	at org.hibernate.internal.ExceptionConverterImpl.convert(ExceptionConverterImpl.java:173)
	at org.hibernate.internal.SessionImpl.doFlush(SessionImpl.java:1429)
	at org.hibernate.internal.SessionImpl.managedFlush(SessionImpl.java:487)
	at org.hibernate.internal.SessionImpl.flushBeforeTransactionCompletion(SessionImpl.java:2324)
	at org.hibernate.internal.SessionImpl.beforeTransactionCompletion(SessionImpl.java:1981)
	at org.hibernate.engine.jdbc.internal.JdbcCoordinatorImpl.beforeTransactionCompletion(JdbcCoordinatorImpl.java:439)
	at org.hibernate.resource.transaction.backend.jdbc.internal.JdbcResourceLocalTransactionCoordinatorImpl.beforeCompletionCallback(JdbcResourceLocalTransactionCoordinatorImpl.java:169)
	at org.hibernate.resource.transaction.backend.jdbc.internal.JdbcResourceLocalTransactionCoordinatorImpl$TransactionDriverControlImpl.commit(JdbcResourceLocalTransactionCoordinatorImpl.java:267)
	at org.hibernate.engine.transaction.internal.TransactionImpl.commit(TransactionImpl.java:101)
	... 6 more
Caused by: org.hibernate.TransientObjectException: object references an unsaved transient instance - save the transient instance before flushing: org.frcpm.models.Task
	at org.hibernate.metamodel.mapping.EntityIdentifierMapping.getIdentifierIfNotUnsaved(EntityIdentifierMapping.java:106)
	at org.hibernate.metamodel.mapping.internal.SimpleForeignKeyDescriptor.getAssociationKeyFromSide(SimpleForeignKeyDescriptor.java:498)
	at org.hibernate.metamodel.mapping.internal.ManyToManyCollectionPart.decompose(ManyToManyCollectionPart.java:199)
	at org.hibernate.persister.collection.BasicCollectionPersister.applyInsertRowValues(BasicCollectionPersister.java:450)
	at org.hibernate.persister.collection.mutation.InsertRowsCoordinatorStandard.insertRows(InsertRowsCoordinatorStandard.java:109)
	at org.hibernate.persister.collection.BasicCollectionPersister.recreate(BasicCollectionPersister.java:119)
	at org.hibernate.action.internal.CollectionRecreateAction.execute(CollectionRecreateAction.java:47)
	at org.hibernate.engine.spi.ActionQueue.executeActions(ActionQueue.java:632)
	at org.hibernate.engine.spi.ActionQueue.executeActions(ActionQueue.java:499)
	at org.hibernate.event.internal.AbstractFlushingEventListener.performExecutions(AbstractFlushingEventListener.java:371)
	at org.hibernate.event.internal.DefaultFlushEventListener.onFlush(DefaultFlushEventListener.java:41)
	at org.hibernate.event.service.internal.EventListenerGroupImpl.fireEventOnEachListener(EventListenerGroupImpl.java:127)
	at org.hibernate.internal.SessionImpl.doFlush(SessionImpl.java:1425)
	... 13 more

[ERROR] org.frcpm.repositories.TaskRepositoryTest.testFindAll -- Time elapsed: 0.138 s <<< ERROR!
java.lang.RuntimeException: Failed to save entity
	at org.frcpm.repositories.impl.JpaRepositoryImpl.save(JpaRepositoryImpl.java:84)
	at org.frcpm.repositories.TaskRepositoryTest.createTestTasks(TaskRepositoryTest.java:110)
	at org.frcpm.repositories.TaskRepositoryTest.setUp(TaskRepositoryTest.java:62)
	at java.base/java.lang.reflect.Method.invoke(Method.java:580)
	at java.base/java.util.ArrayList.forEach(ArrayList.java:1596)
	at java.base/java.util.ArrayList.forEach(ArrayList.java:1596)
Caused by: jakarta.persistence.RollbackException: Error while committing the transaction
	at org.hibernate.internal.ExceptionConverterImpl.convertCommitException(ExceptionConverterImpl.java:67)
	at org.hibernate.engine.transaction.internal.TransactionImpl.commit(TransactionImpl.java:104)
	at org.frcpm.repositories.impl.JpaRepositoryImpl.save(JpaRepositoryImpl.java:77)
	... 5 more
Caused by: java.lang.IllegalStateException: org.hibernate.TransientObjectException: object references an unsaved transient instance - save the transient instance before flushing: org.frcpm.models.Task
	at org.hibernate.internal.ExceptionConverterImpl.convert(ExceptionConverterImpl.java:157)
	at org.hibernate.internal.ExceptionConverterImpl.convert(ExceptionConverterImpl.java:167)
	at org.hibernate.internal.ExceptionConverterImpl.convert(ExceptionConverterImpl.java:173)
	at org.hibernate.internal.SessionImpl.doFlush(SessionImpl.java:1429)
	at org.hibernate.internal.SessionImpl.managedFlush(SessionImpl.java:487)
	at org.hibernate.internal.SessionImpl.flushBeforeTransactionCompletion(SessionImpl.java:2324)
	at org.hibernate.internal.SessionImpl.beforeTransactionCompletion(SessionImpl.java:1981)
	at org.hibernate.engine.jdbc.internal.JdbcCoordinatorImpl.beforeTransactionCompletion(JdbcCoordinatorImpl.java:439)
	at org.hibernate.resource.transaction.backend.jdbc.internal.JdbcResourceLocalTransactionCoordinatorImpl.beforeCompletionCallback(JdbcResourceLocalTransactionCoordinatorImpl.java:169)
	at org.hibernate.resource.transaction.backend.jdbc.internal.JdbcResourceLocalTransactionCoordinatorImpl$TransactionDriverControlImpl.commit(JdbcResourceLocalTransactionCoordinatorImpl.java:267)
	at org.hibernate.engine.transaction.internal.TransactionImpl.commit(TransactionImpl.java:101)
	... 6 more
Caused by: org.hibernate.TransientObjectException: object references an unsaved transient instance - save the transient instance before flushing: org.frcpm.models.Task
	at org.hibernate.metamodel.mapping.EntityIdentifierMapping.getIdentifierIfNotUnsaved(EntityIdentifierMapping.java:106)
	at org.hibernate.metamodel.mapping.internal.SimpleForeignKeyDescriptor.getAssociationKeyFromSide(SimpleForeignKeyDescriptor.java:498)
	at org.hibernate.metamodel.mapping.internal.ManyToManyCollectionPart.decompose(ManyToManyCollectionPart.java:199)
	at org.hibernate.persister.collection.BasicCollectionPersister.applyInsertRowValues(BasicCollectionPersister.java:450)
	at org.hibernate.persister.collection.mutation.InsertRowsCoordinatorStandard.insertRows(InsertRowsCoordinatorStandard.java:109)
	at org.hibernate.persister.collection.BasicCollectionPersister.recreate(BasicCollectionPersister.java:119)
	at org.hibernate.action.internal.CollectionRecreateAction.execute(CollectionRecreateAction.java:47)
	at org.hibernate.engine.spi.ActionQueue.executeActions(ActionQueue.java:632)
	at org.hibernate.engine.spi.ActionQueue.executeActions(ActionQueue.java:499)
	at org.hibernate.event.internal.AbstractFlushingEventListener.performExecutions(AbstractFlushingEventListener.java:371)
	at org.hibernate.event.internal.DefaultFlushEventListener.onFlush(DefaultFlushEventListener.java:41)
	at org.hibernate.event.service.internal.EventListenerGroupImpl.fireEventOnEachListener(EventListenerGroupImpl.java:127)
	at org.hibernate.internal.SessionImpl.doFlush(SessionImpl.java:1425)
	... 13 more

[ERROR] org.frcpm.repositories.TaskRepositoryTest.testCount -- Time elapsed: 0.175 s <<< ERROR!
java.lang.RuntimeException: Failed to save entity
	at org.frcpm.repositories.impl.JpaRepositoryImpl.save(JpaRepositoryImpl.java:84)
	at org.frcpm.repositories.TaskRepositoryTest.createTestTasks(TaskRepositoryTest.java:110)
	at org.frcpm.repositories.TaskRepositoryTest.setUp(TaskRepositoryTest.java:62)
	at java.base/java.lang.reflect.Method.invoke(Method.java:580)
	at java.base/java.util.ArrayList.forEach(ArrayList.java:1596)
	at java.base/java.util.ArrayList.forEach(ArrayList.java:1596)
Caused by: jakarta.persistence.RollbackException: Error while committing the transaction
	at org.hibernate.internal.ExceptionConverterImpl.convertCommitException(ExceptionConverterImpl.java:67)
	at org.hibernate.engine.transaction.internal.TransactionImpl.commit(TransactionImpl.java:104)
	at org.frcpm.repositories.impl.JpaRepositoryImpl.save(JpaRepositoryImpl.java:77)
	... 5 more
Caused by: java.lang.IllegalStateException: org.hibernate.TransientObjectException: object references an unsaved transient instance - save the transient instance before flushing: org.frcpm.models.Task
	at org.hibernate.internal.ExceptionConverterImpl.convert(ExceptionConverterImpl.java:157)
	at org.hibernate.internal.ExceptionConverterImpl.convert(ExceptionConverterImpl.java:167)
	at org.hibernate.internal.ExceptionConverterImpl.convert(ExceptionConverterImpl.java:173)
	at org.hibernate.internal.SessionImpl.doFlush(SessionImpl.java:1429)
	at org.hibernate.internal.SessionImpl.managedFlush(SessionImpl.java:487)
	at org.hibernate.internal.SessionImpl.flushBeforeTransactionCompletion(SessionImpl.java:2324)
	at org.hibernate.internal.SessionImpl.beforeTransactionCompletion(SessionImpl.java:1981)
	at org.hibernate.engine.jdbc.internal.JdbcCoordinatorImpl.beforeTransactionCompletion(JdbcCoordinatorImpl.java:439)
	at org.hibernate.resource.transaction.backend.jdbc.internal.JdbcResourceLocalTransactionCoordinatorImpl.beforeCompletionCallback(JdbcResourceLocalTransactionCoordinatorImpl.java:169)
	at org.hibernate.resource.transaction.backend.jdbc.internal.JdbcResourceLocalTransactionCoordinatorImpl$TransactionDriverControlImpl.commit(JdbcResourceLocalTransactionCoordinatorImpl.java:267)
	at org.hibernate.engine.transaction.internal.TransactionImpl.commit(TransactionImpl.java:101)
	... 6 more
Caused by: org.hibernate.TransientObjectException: object references an unsaved transient instance - save the transient instance before flushing: org.frcpm.models.Task
	at org.hibernate.metamodel.mapping.EntityIdentifierMapping.getIdentifierIfNotUnsaved(EntityIdentifierMapping.java:106)
	at org.hibernate.metamodel.mapping.internal.SimpleForeignKeyDescriptor.getAssociationKeyFromSide(SimpleForeignKeyDescriptor.java:498)
	at org.hibernate.metamodel.mapping.internal.ManyToManyCollectionPart.decompose(ManyToManyCollectionPart.java:199)
	at org.hibernate.persister.collection.BasicCollectionPersister.applyInsertRowValues(BasicCollectionPersister.java:450)
	at org.hibernate.persister.collection.mutation.InsertRowsCoordinatorStandard.insertRows(InsertRowsCoordinatorStandard.java:109)
	at org.hibernate.persister.collection.BasicCollectionPersister.recreate(BasicCollectionPersister.java:119)
	at org.hibernate.action.internal.CollectionRecreateAction.execute(CollectionRecreateAction.java:47)
	at org.hibernate.engine.spi.ActionQueue.executeActions(ActionQueue.java:632)
	at org.hibernate.engine.spi.ActionQueue.executeActions(ActionQueue.java:499)
	at org.hibernate.event.internal.AbstractFlushingEventListener.performExecutions(AbstractFlushingEventListener.java:371)
	at org.hibernate.event.internal.DefaultFlushEventListener.onFlush(DefaultFlushEventListener.java:41)
	at org.hibernate.event.service.internal.EventListenerGroupImpl.fireEventOnEachListener(EventListenerGroupImpl.java:127)
	at org.hibernate.internal.SessionImpl.doFlush(SessionImpl.java:1425)
	... 13 more

[ERROR] org.frcpm.repositories.TaskRepositoryTest.testSave -- Time elapsed: 0.108 s <<< ERROR!
java.lang.RuntimeException: Failed to save entity
	at org.frcpm.repositories.impl.JpaRepositoryImpl.save(JpaRepositoryImpl.java:84)
	at org.frcpm.repositories.TaskRepositoryTest.createTestTasks(TaskRepositoryTest.java:110)
	at org.frcpm.repositories.TaskRepositoryTest.setUp(TaskRepositoryTest.java:62)
	at java.base/java.lang.reflect.Method.invoke(Method.java:580)
	at java.base/java.util.ArrayList.forEach(ArrayList.java:1596)
	at java.base/java.util.ArrayList.forEach(ArrayList.java:1596)
Caused by: jakarta.persistence.RollbackException: Error while committing the transaction
	at org.hibernate.internal.ExceptionConverterImpl.convertCommitException(ExceptionConverterImpl.java:67)
	at org.hibernate.engine.transaction.internal.TransactionImpl.commit(TransactionImpl.java:104)
	at org.frcpm.repositories.impl.JpaRepositoryImpl.save(JpaRepositoryImpl.java:77)
	... 5 more
Caused by: java.lang.IllegalStateException: org.hibernate.TransientObjectException: object references an unsaved transient instance - save the transient instance before flushing: org.frcpm.models.Task
	at org.hibernate.internal.ExceptionConverterImpl.convert(ExceptionConverterImpl.java:157)
	at org.hibernate.internal.ExceptionConverterImpl.convert(ExceptionConverterImpl.java:167)
	at org.hibernate.internal.ExceptionConverterImpl.convert(ExceptionConverterImpl.java:173)
	at org.hibernate.internal.SessionImpl.doFlush(SessionImpl.java:1429)
	at org.hibernate.internal.SessionImpl.managedFlush(SessionImpl.java:487)
	at org.hibernate.internal.SessionImpl.flushBeforeTransactionCompletion(SessionImpl.java:2324)
	at org.hibernate.internal.SessionImpl.beforeTransactionCompletion(SessionImpl.java:1981)
	at org.hibernate.engine.jdbc.internal.JdbcCoordinatorImpl.beforeTransactionCompletion(JdbcCoordinatorImpl.java:439)
	at org.hibernate.resource.transaction.backend.jdbc.internal.JdbcResourceLocalTransactionCoordinatorImpl.beforeCompletionCallback(JdbcResourceLocalTransactionCoordinatorImpl.java:169)
	at org.hibernate.resource.transaction.backend.jdbc.internal.JdbcResourceLocalTransactionCoordinatorImpl$TransactionDriverControlImpl.commit(JdbcResourceLocalTransactionCoordinatorImpl.java:267)
	at org.hibernate.engine.transaction.internal.TransactionImpl.commit(TransactionImpl.java:101)
	... 6 more
Caused by: org.hibernate.TransientObjectException: object references an unsaved transient instance - save the transient instance before flushing: org.frcpm.models.Task
	at org.hibernate.metamodel.mapping.EntityIdentifierMapping.getIdentifierIfNotUnsaved(EntityIdentifierMapping.java:106)
	at org.hibernate.metamodel.mapping.internal.SimpleForeignKeyDescriptor.getAssociationKeyFromSide(SimpleForeignKeyDescriptor.java:498)
	at org.hibernate.metamodel.mapping.internal.ManyToManyCollectionPart.decompose(ManyToManyCollectionPart.java:199)
	at org.hibernate.persister.collection.BasicCollectionPersister.applyInsertRowValues(BasicCollectionPersister.java:450)
	at org.hibernate.persister.collection.mutation.InsertRowsCoordinatorStandard.insertRows(InsertRowsCoordinatorStandard.java:109)
	at org.hibernate.persister.collection.BasicCollectionPersister.recreate(BasicCollectionPersister.java:119)
	at org.hibernate.action.internal.CollectionRecreateAction.execute(CollectionRecreateAction.java:47)
	at org.hibernate.engine.spi.ActionQueue.executeActions(ActionQueue.java:632)
	at org.hibernate.engine.spi.ActionQueue.executeActions(ActionQueue.java:499)
	at org.hibernate.event.internal.AbstractFlushingEventListener.performExecutions(AbstractFlushingEventListener.java:371)
	at org.hibernate.event.internal.DefaultFlushEventListener.onFlush(DefaultFlushEventListener.java:41)
	at org.hibernate.event.service.internal.EventListenerGroupImpl.fireEventOnEachListener(EventListenerGroupImpl.java:127)
	at org.hibernate.internal.SessionImpl.doFlush(SessionImpl.java:1425)
	... 13 more

[ERROR] org.frcpm.repositories.TaskRepositoryTest.testFindByPriority -- Time elapsed: 0.140 s <<< ERROR!
java.lang.RuntimeException: Failed to save entity
	at org.frcpm.repositories.impl.JpaRepositoryImpl.save(JpaRepositoryImpl.java:84)
	at org.frcpm.repositories.TaskRepositoryTest.createTestTasks(TaskRepositoryTest.java:110)
	at org.frcpm.repositories.TaskRepositoryTest.setUp(TaskRepositoryTest.java:62)
	at java.base/java.lang.reflect.Method.invoke(Method.java:580)
	at java.base/java.util.ArrayList.forEach(ArrayList.java:1596)
	at java.base/java.util.ArrayList.forEach(ArrayList.java:1596)
Caused by: jakarta.persistence.RollbackException: Error while committing the transaction
	at org.hibernate.internal.ExceptionConverterImpl.convertCommitException(ExceptionConverterImpl.java:67)
	at org.hibernate.engine.transaction.internal.TransactionImpl.commit(TransactionImpl.java:104)
	at org.frcpm.repositories.impl.JpaRepositoryImpl.save(JpaRepositoryImpl.java:77)
	... 5 more
Caused by: java.lang.IllegalStateException: org.hibernate.TransientObjectException: object references an unsaved transient instance - save the transient instance before flushing: org.frcpm.models.Task
	at org.hibernate.internal.ExceptionConverterImpl.convert(ExceptionConverterImpl.java:157)
	at org.hibernate.internal.ExceptionConverterImpl.convert(ExceptionConverterImpl.java:167)
	at org.hibernate.internal.ExceptionConverterImpl.convert(ExceptionConverterImpl.java:173)
	at org.hibernate.internal.SessionImpl.doFlush(SessionImpl.java:1429)
	at org.hibernate.internal.SessionImpl.managedFlush(SessionImpl.java:487)
	at org.hibernate.internal.SessionImpl.flushBeforeTransactionCompletion(SessionImpl.java:2324)
	at org.hibernate.internal.SessionImpl.beforeTransactionCompletion(SessionImpl.java:1981)
	at org.hibernate.engine.jdbc.internal.JdbcCoordinatorImpl.beforeTransactionCompletion(JdbcCoordinatorImpl.java:439)
	at org.hibernate.resource.transaction.backend.jdbc.internal.JdbcResourceLocalTransactionCoordinatorImpl.beforeCompletionCallback(JdbcResourceLocalTransactionCoordinatorImpl.java:169)
	at org.hibernate.resource.transaction.backend.jdbc.internal.JdbcResourceLocalTransactionCoordinatorImpl$TransactionDriverControlImpl.commit(JdbcResourceLocalTransactionCoordinatorImpl.java:267)
	at org.hibernate.engine.transaction.internal.TransactionImpl.commit(TransactionImpl.java:101)
	... 6 more
Caused by: org.hibernate.TransientObjectException: object references an unsaved transient instance - save the transient instance before flushing: org.frcpm.models.Task
	at org.hibernate.metamodel.mapping.EntityIdentifierMapping.getIdentifierIfNotUnsaved(EntityIdentifierMapping.java:106)
	at org.hibernate.metamodel.mapping.internal.SimpleForeignKeyDescriptor.getAssociationKeyFromSide(SimpleForeignKeyDescriptor.java:498)
	at org.hibernate.metamodel.mapping.internal.ManyToManyCollectionPart.decompose(ManyToManyCollectionPart.java:199)
	at org.hibernate.persister.collection.BasicCollectionPersister.applyInsertRowValues(BasicCollectionPersister.java:450)
	at org.hibernate.persister.collection.mutation.InsertRowsCoordinatorStandard.insertRows(InsertRowsCoordinatorStandard.java:109)
	at org.hibernate.persister.collection.BasicCollectionPersister.recreate(BasicCollectionPersister.java:119)
	at org.hibernate.action.internal.CollectionRecreateAction.execute(CollectionRecreateAction.java:47)
	at org.hibernate.engine.spi.ActionQueue.executeActions(ActionQueue.java:632)
	at org.hibernate.engine.spi.ActionQueue.executeActions(ActionQueue.java:499)
	at org.hibernate.event.internal.AbstractFlushingEventListener.performExecutions(AbstractFlushingEventListener.java:371)
	at org.hibernate.event.internal.DefaultFlushEventListener.onFlush(DefaultFlushEventListener.java:41)
	at org.hibernate.event.service.internal.EventListenerGroupImpl.fireEventOnEachListener(EventListenerGroupImpl.java:127)
	at org.hibernate.internal.SessionImpl.doFlush(SessionImpl.java:1425)
	... 13 more

[ERROR] org.frcpm.repositories.TaskRepositoryTest.testFindByCompleted -- Time elapsed: 0.209 s <<< ERROR!
java.lang.RuntimeException: Failed to save entity
	at org.frcpm.repositories.impl.JpaRepositoryImpl.save(JpaRepositoryImpl.java:84)
	at org.frcpm.repositories.TaskRepositoryTest.createTestTasks(TaskRepositoryTest.java:110)
	at org.frcpm.repositories.TaskRepositoryTest.setUp(TaskRepositoryTest.java:62)
	at java.base/java.lang.reflect.Method.invoke(Method.java:580)
	at java.base/java.util.ArrayList.forEach(ArrayList.java:1596)
	at java.base/java.util.ArrayList.forEach(ArrayList.java:1596)
Caused by: jakarta.persistence.RollbackException: Error while committing the transaction
	at org.hibernate.internal.ExceptionConverterImpl.convertCommitException(ExceptionConverterImpl.java:67)
	at org.hibernate.engine.transaction.internal.TransactionImpl.commit(TransactionImpl.java:104)
	at org.frcpm.repositories.impl.JpaRepositoryImpl.save(JpaRepositoryImpl.java:77)
	... 5 more
Caused by: java.lang.IllegalStateException: org.hibernate.TransientObjectException: object references an unsaved transient instance - save the transient instance before flushing: org.frcpm.models.Task
	at org.hibernate.internal.ExceptionConverterImpl.convert(ExceptionConverterImpl.java:157)
	at org.hibernate.internal.ExceptionConverterImpl.convert(ExceptionConverterImpl.java:167)
	at org.hibernate.internal.ExceptionConverterImpl.convert(ExceptionConverterImpl.java:173)
	at org.hibernate.internal.SessionImpl.doFlush(SessionImpl.java:1429)
	at org.hibernate.internal.SessionImpl.managedFlush(SessionImpl.java:487)
	at org.hibernate.internal.SessionImpl.flushBeforeTransactionCompletion(SessionImpl.java:2324)
	at org.hibernate.internal.SessionImpl.beforeTransactionCompletion(SessionImpl.java:1981)
	at org.hibernate.engine.jdbc.internal.JdbcCoordinatorImpl.beforeTransactionCompletion(JdbcCoordinatorImpl.java:439)
	at org.hibernate.resource.transaction.backend.jdbc.internal.JdbcResourceLocalTransactionCoordinatorImpl.beforeCompletionCallback(JdbcResourceLocalTransactionCoordinatorImpl.java:169)
	at org.hibernate.resource.transaction.backend.jdbc.internal.JdbcResourceLocalTransactionCoordinatorImpl$TransactionDriverControlImpl.commit(JdbcResourceLocalTransactionCoordinatorImpl.java:267)
	at org.hibernate.engine.transaction.internal.TransactionImpl.commit(TransactionImpl.java:101)
	... 6 more
Caused by: org.hibernate.TransientObjectException: object references an unsaved transient instance - save the transient instance before flushing: org.frcpm.models.Task
	at org.hibernate.metamodel.mapping.EntityIdentifierMapping.getIdentifierIfNotUnsaved(EntityIdentifierMapping.java:106)
	at org.hibernate.metamodel.mapping.internal.SimpleForeignKeyDescriptor.getAssociationKeyFromSide(SimpleForeignKeyDescriptor.java:498)
	at org.hibernate.metamodel.mapping.internal.ManyToManyCollectionPart.decompose(ManyToManyCollectionPart.java:199)
	at org.hibernate.persister.collection.BasicCollectionPersister.applyInsertRowValues(BasicCollectionPersister.java:450)
	at org.hibernate.persister.collection.mutation.InsertRowsCoordinatorStandard.insertRows(InsertRowsCoordinatorStandard.java:109)
	at org.hibernate.persister.collection.BasicCollectionPersister.recreate(BasicCollectionPersister.java:119)
	at org.hibernate.action.internal.CollectionRecreateAction.execute(CollectionRecreateAction.java:47)
	at org.hibernate.engine.spi.ActionQueue.executeActions(ActionQueue.java:632)
	at org.hibernate.engine.spi.ActionQueue.executeActions(ActionQueue.java:499)
	at org.hibernate.event.internal.AbstractFlushingEventListener.performExecutions(AbstractFlushingEventListener.java:371)
	at org.hibernate.event.internal.DefaultFlushEventListener.onFlush(DefaultFlushEventListener.java:41)
	at org.hibernate.event.service.internal.EventListenerGroupImpl.fireEventOnEachListener(EventListenerGroupImpl.java:127)
	at org.hibernate.internal.SessionImpl.doFlush(SessionImpl.java:1425)
	... 13 more

[ERROR] org.frcpm.repositories.TaskRepositoryTest.testFindById -- Time elapsed: 0.160 s <<< ERROR!
java.lang.RuntimeException: Failed to save entity
	at org.frcpm.repositories.impl.JpaRepositoryImpl.save(JpaRepositoryImpl.java:84)
	at org.frcpm.repositories.TaskRepositoryTest.createTestTasks(TaskRepositoryTest.java:110)
	at org.frcpm.repositories.TaskRepositoryTest.setUp(TaskRepositoryTest.java:62)
	at java.base/java.lang.reflect.Method.invoke(Method.java:580)
	at java.base/java.util.ArrayList.forEach(ArrayList.java:1596)
	at java.base/java.util.ArrayList.forEach(ArrayList.java:1596)
Caused by: jakarta.persistence.RollbackException: Error while committing the transaction
	at org.hibernate.internal.ExceptionConverterImpl.convertCommitException(ExceptionConverterImpl.java:67)
	at org.hibernate.engine.transaction.internal.TransactionImpl.commit(TransactionImpl.java:104)
	at org.frcpm.repositories.impl.JpaRepositoryImpl.save(JpaRepositoryImpl.java:77)
	... 5 more
Caused by: java.lang.IllegalStateException: org.hibernate.TransientObjectException: object references an unsaved transient instance - save the transient instance before flushing: org.frcpm.models.Task
	at org.hibernate.internal.ExceptionConverterImpl.convert(ExceptionConverterImpl.java:157)
	at org.hibernate.internal.ExceptionConverterImpl.convert(ExceptionConverterImpl.java:167)
	at org.hibernate.internal.ExceptionConverterImpl.convert(ExceptionConverterImpl.java:173)
	at org.hibernate.internal.SessionImpl.doFlush(SessionImpl.java:1429)
	at org.hibernate.internal.SessionImpl.managedFlush(SessionImpl.java:487)
	at org.hibernate.internal.SessionImpl.flushBeforeTransactionCompletion(SessionImpl.java:2324)
	at org.hibernate.internal.SessionImpl.beforeTransactionCompletion(SessionImpl.java:1981)
	at org.hibernate.engine.jdbc.internal.JdbcCoordinatorImpl.beforeTransactionCompletion(JdbcCoordinatorImpl.java:439)
	at org.hibernate.resource.transaction.backend.jdbc.internal.JdbcResourceLocalTransactionCoordinatorImpl.beforeCompletionCallback(JdbcResourceLocalTransactionCoordinatorImpl.java:169)
	at org.hibernate.resource.transaction.backend.jdbc.internal.JdbcResourceLocalTransactionCoordinatorImpl$TransactionDriverControlImpl.commit(JdbcResourceLocalTransactionCoordinatorImpl.java:267)
	at org.hibernate.engine.transaction.internal.TransactionImpl.commit(TransactionImpl.java:101)
	... 6 more
Caused by: org.hibernate.TransientObjectException: object references an unsaved transient instance - save the transient instance before flushing: org.frcpm.models.Task
	at org.hibernate.metamodel.mapping.EntityIdentifierMapping.getIdentifierIfNotUnsaved(EntityIdentifierMapping.java:106)
	at org.hibernate.metamodel.mapping.internal.SimpleForeignKeyDescriptor.getAssociationKeyFromSide(SimpleForeignKeyDescriptor.java:498)
	at org.hibernate.metamodel.mapping.internal.ManyToManyCollectionPart.decompose(ManyToManyCollectionPart.java:199)
	at org.hibernate.persister.collection.BasicCollectionPersister.applyInsertRowValues(BasicCollectionPersister.java:450)
	at org.hibernate.persister.collection.mutation.InsertRowsCoordinatorStandard.insertRows(InsertRowsCoordinatorStandard.java:109)
	at org.hibernate.persister.collection.BasicCollectionPersister.recreate(BasicCollectionPersister.java:119)
	at org.hibernate.action.internal.CollectionRecreateAction.execute(CollectionRecreateAction.java:47)
	at org.hibernate.engine.spi.ActionQueue.executeActions(ActionQueue.java:632)
	at org.hibernate.engine.spi.ActionQueue.executeActions(ActionQueue.java:499)
	at org.hibernate.event.internal.AbstractFlushingEventListener.performExecutions(AbstractFlushingEventListener.java:371)
	at org.hibernate.event.internal.DefaultFlushEventListener.onFlush(DefaultFlushEventListener.java:41)
	at org.hibernate.event.service.internal.EventListenerGroupImpl.fireEventOnEachListener(EventListenerGroupImpl.java:127)
	at org.hibernate.internal.SessionImpl.doFlush(SessionImpl.java:1425)
	... 13 more

[ERROR] org.frcpm.repositories.TaskRepositoryTest.testFindByAssignedMember -- Time elapsed: 0.140 s <<< ERROR!
java.lang.RuntimeException: Failed to save entity
	at org.frcpm.repositories.impl.JpaRepositoryImpl.save(JpaRepositoryImpl.java:84)
	at org.frcpm.repositories.TaskRepositoryTest.createTestTasks(TaskRepositoryTest.java:110)
	at org.frcpm.repositories.TaskRepositoryTest.setUp(TaskRepositoryTest.java:62)
	at java.base/java.lang.reflect.Method.invoke(Method.java:580)
	at java.base/java.util.ArrayList.forEach(ArrayList.java:1596)
	at java.base/java.util.ArrayList.forEach(ArrayList.java:1596)
Caused by: jakarta.persistence.RollbackException: Error while committing the transaction
	at org.hibernate.internal.ExceptionConverterImpl.convertCommitException(ExceptionConverterImpl.java:67)
	at org.hibernate.engine.transaction.internal.TransactionImpl.commit(TransactionImpl.java:104)
	at org.frcpm.repositories.impl.JpaRepositoryImpl.save(JpaRepositoryImpl.java:77)
	... 5 more
Caused by: java.lang.IllegalStateException: org.hibernate.TransientObjectException: object references an unsaved transient instance - save the transient instance before flushing: org.frcpm.models.Task
	at org.hibernate.internal.ExceptionConverterImpl.convert(ExceptionConverterImpl.java:157)
	at org.hibernate.internal.ExceptionConverterImpl.convert(ExceptionConverterImpl.java:167)
	at org.hibernate.internal.ExceptionConverterImpl.convert(ExceptionConverterImpl.java:173)
	at org.hibernate.internal.SessionImpl.doFlush(SessionImpl.java:1429)
	at org.hibernate.internal.SessionImpl.managedFlush(SessionImpl.java:487)
	at org.hibernate.internal.SessionImpl.flushBeforeTransactionCompletion(SessionImpl.java:2324)
	at org.hibernate.internal.SessionImpl.beforeTransactionCompletion(SessionImpl.java:1981)
	at org.hibernate.engine.jdbc.internal.JdbcCoordinatorImpl.beforeTransactionCompletion(JdbcCoordinatorImpl.java:439)
	at org.hibernate.resource.transaction.backend.jdbc.internal.JdbcResourceLocalTransactionCoordinatorImpl.beforeCompletionCallback(JdbcResourceLocalTransactionCoordinatorImpl.java:169)
	at org.hibernate.resource.transaction.backend.jdbc.internal.JdbcResourceLocalTransactionCoordinatorImpl$TransactionDriverControlImpl.commit(JdbcResourceLocalTransactionCoordinatorImpl.java:267)
	at org.hibernate.engine.transaction.internal.TransactionImpl.commit(TransactionImpl.java:101)
	... 6 more
Caused by: org.hibernate.TransientObjectException: object references an unsaved transient instance - save the transient instance before flushing: org.frcpm.models.Task
	at org.hibernate.metamodel.mapping.EntityIdentifierMapping.getIdentifierIfNotUnsaved(EntityIdentifierMapping.java:106)
	at org.hibernate.metamodel.mapping.internal.SimpleForeignKeyDescriptor.getAssociationKeyFromSide(SimpleForeignKeyDescriptor.java:498)
	at org.hibernate.metamodel.mapping.internal.ManyToManyCollectionPart.decompose(ManyToManyCollectionPart.java:199)
	at org.hibernate.persister.collection.BasicCollectionPersister.applyInsertRowValues(BasicCollectionPersister.java:450)
	at org.hibernate.persister.collection.mutation.InsertRowsCoordinatorStandard.insertRows(InsertRowsCoordinatorStandard.java:109)
	at org.hibernate.persister.collection.BasicCollectionPersister.recreate(BasicCollectionPersister.java:119)
	at org.hibernate.action.internal.CollectionRecreateAction.execute(CollectionRecreateAction.java:47)
	at org.hibernate.engine.spi.ActionQueue.executeActions(ActionQueue.java:632)
	at org.hibernate.engine.spi.ActionQueue.executeActions(ActionQueue.java:499)
	at org.hibernate.event.internal.AbstractFlushingEventListener.performExecutions(AbstractFlushingEventListener.java:371)
	at org.hibernate.event.internal.DefaultFlushEventListener.onFlush(DefaultFlushEventListener.java:41)
	at org.hibernate.event.service.internal.EventListenerGroupImpl.fireEventOnEachListener(EventListenerGroupImpl.java:127)
	at org.hibernate.internal.SessionImpl.doFlush(SessionImpl.java:1425)
	... 13 more

[ERROR] org.frcpm.repositories.TaskRepositoryTest.testFindByEndDateBefore -- Time elapsed: 0.137 s <<< ERROR!
java.lang.RuntimeException: Failed to save entity
	at org.frcpm.repositories.impl.JpaRepositoryImpl.save(JpaRepositoryImpl.java:84)
	at org.frcpm.repositories.TaskRepositoryTest.createTestTasks(TaskRepositoryTest.java:110)
	at org.frcpm.repositories.TaskRepositoryTest.setUp(TaskRepositoryTest.java:62)
	at java.base/java.lang.reflect.Method.invoke(Method.java:580)
	at java.base/java.util.ArrayList.forEach(ArrayList.java:1596)
	at java.base/java.util.ArrayList.forEach(ArrayList.java:1596)
Caused by: jakarta.persistence.RollbackException: Error while committing the transaction
	at org.hibernate.internal.ExceptionConverterImpl.convertCommitException(ExceptionConverterImpl.java:67)
	at org.hibernate.engine.transaction.internal.TransactionImpl.commit(TransactionImpl.java:104)
	at org.frcpm.repositories.impl.JpaRepositoryImpl.save(JpaRepositoryImpl.java:77)
	... 5 more
Caused by: java.lang.IllegalStateException: org.hibernate.TransientObjectException: object references an unsaved transient instance - save the transient instance before flushing: org.frcpm.models.Task
	at org.hibernate.internal.ExceptionConverterImpl.convert(ExceptionConverterImpl.java:157)
	at org.hibernate.internal.ExceptionConverterImpl.convert(ExceptionConverterImpl.java:167)
	at org.hibernate.internal.ExceptionConverterImpl.convert(ExceptionConverterImpl.java:173)
	at org.hibernate.internal.SessionImpl.doFlush(SessionImpl.java:1429)
	at org.hibernate.internal.SessionImpl.managedFlush(SessionImpl.java:487)
	at org.hibernate.internal.SessionImpl.flushBeforeTransactionCompletion(SessionImpl.java:2324)
	at org.hibernate.internal.SessionImpl.beforeTransactionCompletion(SessionImpl.java:1981)
	at org.hibernate.engine.jdbc.internal.JdbcCoordinatorImpl.beforeTransactionCompletion(JdbcCoordinatorImpl.java:439)
	at org.hibernate.resource.transaction.backend.jdbc.internal.JdbcResourceLocalTransactionCoordinatorImpl.beforeCompletionCallback(JdbcResourceLocalTransactionCoordinatorImpl.java:169)
	at org.hibernate.resource.transaction.backend.jdbc.internal.JdbcResourceLocalTransactionCoordinatorImpl$TransactionDriverControlImpl.commit(JdbcResourceLocalTransactionCoordinatorImpl.java:267)
	at org.hibernate.engine.transaction.internal.TransactionImpl.commit(TransactionImpl.java:101)
	... 6 more
Caused by: org.hibernate.TransientObjectException: object references an unsaved transient instance - save the transient instance before flushing: org.frcpm.models.Task
	at org.hibernate.metamodel.mapping.EntityIdentifierMapping.getIdentifierIfNotUnsaved(EntityIdentifierMapping.java:106)
	at org.hibernate.metamodel.mapping.internal.SimpleForeignKeyDescriptor.getAssociationKeyFromSide(SimpleForeignKeyDescriptor.java:498)
	at org.hibernate.metamodel.mapping.internal.ManyToManyCollectionPart.decompose(ManyToManyCollectionPart.java:199)
	at org.hibernate.persister.collection.BasicCollectionPersister.applyInsertRowValues(BasicCollectionPersister.java:450)
	at org.hibernate.persister.collection.mutation.InsertRowsCoordinatorStandard.insertRows(InsertRowsCoordinatorStandard.java:109)
	at org.hibernate.persister.collection.BasicCollectionPersister.recreate(BasicCollectionPersister.java:119)
	at org.hibernate.action.internal.CollectionRecreateAction.execute(CollectionRecreateAction.java:47)
	at org.hibernate.engine.spi.ActionQueue.executeActions(ActionQueue.java:632)
	at org.hibernate.engine.spi.ActionQueue.executeActions(ActionQueue.java:499)
	at org.hibernate.event.internal.AbstractFlushingEventListener.performExecutions(AbstractFlushingEventListener.java:371)
	at org.hibernate.event.internal.DefaultFlushEventListener.onFlush(DefaultFlushEventListener.java:41)
	at org.hibernate.event.service.internal.EventListenerGroupImpl.fireEventOnEachListener(EventListenerGroupImpl.java:127)
	at org.hibernate.internal.SessionImpl.doFlush(SessionImpl.java:1425)
	... 13 more

[ERROR] org.frcpm.repositories.TaskRepositoryTest.testDeleteById -- Time elapsed: 0.144 s <<< ERROR!
java.lang.RuntimeException: Failed to save entity
	at org.frcpm.repositories.impl.JpaRepositoryImpl.save(JpaRepositoryImpl.java:84)
	at org.frcpm.repositories.TaskRepositoryTest.createTestTasks(TaskRepositoryTest.java:110)
	at org.frcpm.repositories.TaskRepositoryTest.setUp(TaskRepositoryTest.java:62)
	at java.base/java.lang.reflect.Method.invoke(Method.java:580)
	at java.base/java.util.ArrayList.forEach(ArrayList.java:1596)
	at java.base/java.util.ArrayList.forEach(ArrayList.java:1596)
Caused by: jakarta.persistence.RollbackException: Error while committing the transaction
	at org.hibernate.internal.ExceptionConverterImpl.convertCommitException(ExceptionConverterImpl.java:67)
	at org.hibernate.engine.transaction.internal.TransactionImpl.commit(TransactionImpl.java:104)
	at org.frcpm.repositories.impl.JpaRepositoryImpl.save(JpaRepositoryImpl.java:77)
	... 5 more
Caused by: java.lang.IllegalStateException: org.hibernate.TransientObjectException: object references an unsaved transient instance - save the transient instance before flushing: org.frcpm.models.Task
	at org.hibernate.internal.ExceptionConverterImpl.convert(ExceptionConverterImpl.java:157)
	at org.hibernate.internal.ExceptionConverterImpl.convert(ExceptionConverterImpl.java:167)
	at org.hibernate.internal.ExceptionConverterImpl.convert(ExceptionConverterImpl.java:173)
	at org.hibernate.internal.SessionImpl.doFlush(SessionImpl.java:1429)
	at org.hibernate.internal.SessionImpl.managedFlush(SessionImpl.java:487)
	at org.hibernate.internal.SessionImpl.flushBeforeTransactionCompletion(SessionImpl.java:2324)
	at org.hibernate.internal.SessionImpl.beforeTransactionCompletion(SessionImpl.java:1981)
	at org.hibernate.engine.jdbc.internal.JdbcCoordinatorImpl.beforeTransactionCompletion(JdbcCoordinatorImpl.java:439)
	at org.hibernate.resource.transaction.backend.jdbc.internal.JdbcResourceLocalTransactionCoordinatorImpl.beforeCompletionCallback(JdbcResourceLocalTransactionCoordinatorImpl.java:169)
	at org.hibernate.resource.transaction.backend.jdbc.internal.JdbcResourceLocalTransactionCoordinatorImpl$TransactionDriverControlImpl.commit(JdbcResourceLocalTransactionCoordinatorImpl.java:267)
	at org.hibernate.engine.transaction.internal.TransactionImpl.commit(TransactionImpl.java:101)
	... 6 more
Caused by: org.hibernate.TransientObjectException: object references an unsaved transient instance - save the transient instance before flushing: org.frcpm.models.Task
	at org.hibernate.metamodel.mapping.EntityIdentifierMapping.getIdentifierIfNotUnsaved(EntityIdentifierMapping.java:106)
	at org.hibernate.metamodel.mapping.internal.SimpleForeignKeyDescriptor.getAssociationKeyFromSide(SimpleForeignKeyDescriptor.java:498)
	at org.hibernate.metamodel.mapping.internal.ManyToManyCollectionPart.decompose(ManyToManyCollectionPart.java:199)
	at org.hibernate.persister.collection.BasicCollectionPersister.applyInsertRowValues(BasicCollectionPersister.java:450)
	at org.hibernate.persister.collection.mutation.InsertRowsCoordinatorStandard.insertRows(InsertRowsCoordinatorStandard.java:109)
	at org.hibernate.persister.collection.BasicCollectionPersister.recreate(BasicCollectionPersister.java:119)
	at org.hibernate.action.internal.CollectionRecreateAction.execute(CollectionRecreateAction.java:47)
	at org.hibernate.engine.spi.ActionQueue.executeActions(ActionQueue.java:632)
	at org.hibernate.engine.spi.ActionQueue.executeActions(ActionQueue.java:499)
	at org.hibernate.event.internal.AbstractFlushingEventListener.performExecutions(AbstractFlushingEventListener.java:371)
	at org.hibernate.event.internal.DefaultFlushEventListener.onFlush(DefaultFlushEventListener.java:41)
	at org.hibernate.event.service.internal.EventListenerGroupImpl.fireEventOnEachListener(EventListenerGroupImpl.java:127)
	at org.hibernate.internal.SessionImpl.doFlush(SessionImpl.java:1425)
	... 13 more

[ERROR] org.frcpm.repositories.TaskRepositoryTest.testDelete -- Time elapsed: 0.200 s <<< ERROR!
java.lang.RuntimeException: Failed to save entity
	at org.frcpm.repositories.impl.JpaRepositoryImpl.save(JpaRepositoryImpl.java:84)
	at org.frcpm.repositories.TaskRepositoryTest.createTestTasks(TaskRepositoryTest.java:110)
	at org.frcpm.repositories.TaskRepositoryTest.setUp(TaskRepositoryTest.java:62)
	at java.base/java.lang.reflect.Method.invoke(Method.java:580)
	at java.base/java.util.ArrayList.forEach(ArrayList.java:1596)
	at java.base/java.util.ArrayList.forEach(ArrayList.java:1596)
Caused by: jakarta.persistence.RollbackException: Error while committing the transaction
	at org.hibernate.internal.ExceptionConverterImpl.convertCommitException(ExceptionConverterImpl.java:67)
	at org.hibernate.engine.transaction.internal.TransactionImpl.commit(TransactionImpl.java:104)
	at org.frcpm.repositories.impl.JpaRepositoryImpl.save(JpaRepositoryImpl.java:77)
	... 5 more
Caused by: java.lang.IllegalStateException: org.hibernate.TransientObjectException: object references an unsaved transient instance - save the transient instance before flushing: org.frcpm.models.Task
	at org.hibernate.internal.ExceptionConverterImpl.convert(ExceptionConverterImpl.java:157)
	at org.hibernate.internal.ExceptionConverterImpl.convert(ExceptionConverterImpl.java:167)
	at org.hibernate.internal.ExceptionConverterImpl.convert(ExceptionConverterImpl.java:173)
	at org.hibernate.internal.SessionImpl.doFlush(SessionImpl.java:1429)
	at org.hibernate.internal.SessionImpl.managedFlush(SessionImpl.java:487)
	at org.hibernate.internal.SessionImpl.flushBeforeTransactionCompletion(SessionImpl.java:2324)
	at org.hibernate.internal.SessionImpl.beforeTransactionCompletion(SessionImpl.java:1981)
	at org.hibernate.engine.jdbc.internal.JdbcCoordinatorImpl.beforeTransactionCompletion(JdbcCoordinatorImpl.java:439)
	at org.hibernate.resource.transaction.backend.jdbc.internal.JdbcResourceLocalTransactionCoordinatorImpl.beforeCompletionCallback(JdbcResourceLocalTransactionCoordinatorImpl.java:169)
	at org.hibernate.resource.transaction.backend.jdbc.internal.JdbcResourceLocalTransactionCoordinatorImpl$TransactionDriverControlImpl.commit(JdbcResourceLocalTransactionCoordinatorImpl.java:267)
	at org.hibernate.engine.transaction.internal.TransactionImpl.commit(TransactionImpl.java:101)
	... 6 more
Caused by: org.hibernate.TransientObjectException: object references an unsaved transient instance - save the transient instance before flushing: org.frcpm.models.Task
	at org.hibernate.metamodel.mapping.EntityIdentifierMapping.getIdentifierIfNotUnsaved(EntityIdentifierMapping.java:106)
	at org.hibernate.metamodel.mapping.internal.SimpleForeignKeyDescriptor.getAssociationKeyFromSide(SimpleForeignKeyDescriptor.java:498)
	at org.hibernate.metamodel.mapping.internal.ManyToManyCollectionPart.decompose(ManyToManyCollectionPart.java:199)
	at org.hibernate.persister.collection.BasicCollectionPersister.applyInsertRowValues(BasicCollectionPersister.java:450)
	at org.hibernate.persister.collection.mutation.InsertRowsCoordinatorStandard.insertRows(InsertRowsCoordinatorStandard.java:109)
	at org.hibernate.persister.collection.BasicCollectionPersister.recreate(BasicCollectionPersister.java:119)
	at org.hibernate.action.internal.CollectionRecreateAction.execute(CollectionRecreateAction.java:47)
	at org.hibernate.engine.spi.ActionQueue.executeActions(ActionQueue.java:632)
	at org.hibernate.engine.spi.ActionQueue.executeActions(ActionQueue.java:499)
	at org.hibernate.event.internal.AbstractFlushingEventListener.performExecutions(AbstractFlushingEventListener.java:371)
	at org.hibernate.event.internal.DefaultFlushEventListener.onFlush(DefaultFlushEventListener.java:41)
	at org.hibernate.event.service.internal.EventListenerGroupImpl.fireEventOnEachListener(EventListenerGroupImpl.java:127)
	at org.hibernate.internal.SessionImpl.doFlush(SessionImpl.java:1425)
	... 13 more

[ERROR] org.frcpm.repositories.TaskRepositoryTest.testFindBySubsystem -- Time elapsed: 0.137 s <<< ERROR!
java.lang.RuntimeException: Failed to save entity
	at org.frcpm.repositories.impl.JpaRepositoryImpl.save(JpaRepositoryImpl.java:84)
	at org.frcpm.repositories.TaskRepositoryTest.createTestTasks(TaskRepositoryTest.java:110)
	at org.frcpm.repositories.TaskRepositoryTest.setUp(TaskRepositoryTest.java:62)
	at java.base/java.lang.reflect.Method.invoke(Method.java:580)
	at java.base/java.util.ArrayList.forEach(ArrayList.java:1596)
	at java.base/java.util.ArrayList.forEach(ArrayList.java:1596)
Caused by: jakarta.persistence.RollbackException: Error while committing the transaction
	at org.hibernate.internal.ExceptionConverterImpl.convertCommitException(ExceptionConverterImpl.java:67)
	at org.hibernate.engine.transaction.internal.TransactionImpl.commit(TransactionImpl.java:104)
	at org.frcpm.repositories.impl.JpaRepositoryImpl.save(JpaRepositoryImpl.java:77)
	... 5 more
Caused by: java.lang.IllegalStateException: org.hibernate.TransientObjectException: object references an unsaved transient instance - save the transient instance before flushing: org.frcpm.models.Task
	at org.hibernate.internal.ExceptionConverterImpl.convert(ExceptionConverterImpl.java:157)
	at org.hibernate.internal.ExceptionConverterImpl.convert(ExceptionConverterImpl.java:167)
	at org.hibernate.internal.ExceptionConverterImpl.convert(ExceptionConverterImpl.java:173)
	at org.hibernate.internal.SessionImpl.doFlush(SessionImpl.java:1429)
	at org.hibernate.internal.SessionImpl.managedFlush(SessionImpl.java:487)
	at org.hibernate.internal.SessionImpl.flushBeforeTransactionCompletion(SessionImpl.java:2324)
	at org.hibernate.internal.SessionImpl.beforeTransactionCompletion(SessionImpl.java:1981)
	at org.hibernate.engine.jdbc.internal.JdbcCoordinatorImpl.beforeTransactionCompletion(JdbcCoordinatorImpl.java:439)
	at org.hibernate.resource.transaction.backend.jdbc.internal.JdbcResourceLocalTransactionCoordinatorImpl.beforeCompletionCallback(JdbcResourceLocalTransactionCoordinatorImpl.java:169)
	at org.hibernate.resource.transaction.backend.jdbc.internal.JdbcResourceLocalTransactionCoordinatorImpl$TransactionDriverControlImpl.commit(JdbcResourceLocalTransactionCoordinatorImpl.java:267)
	at org.hibernate.engine.transaction.internal.TransactionImpl.commit(TransactionImpl.java:101)
	... 6 more
Caused by: org.hibernate.TransientObjectException: object references an unsaved transient instance - save the transient instance before flushing: org.frcpm.models.Task
	at org.hibernate.metamodel.mapping.EntityIdentifierMapping.getIdentifierIfNotUnsaved(EntityIdentifierMapping.java:106)
	at org.hibernate.metamodel.mapping.internal.SimpleForeignKeyDescriptor.getAssociationKeyFromSide(SimpleForeignKeyDescriptor.java:498)
	at org.hibernate.metamodel.mapping.internal.ManyToManyCollectionPart.decompose(ManyToManyCollectionPart.java:199)
	at org.hibernate.persister.collection.BasicCollectionPersister.applyInsertRowValues(BasicCollectionPersister.java:450)
	at org.hibernate.persister.collection.mutation.InsertRowsCoordinatorStandard.insertRows(InsertRowsCoordinatorStandard.java:109)
	at org.hibernate.persister.collection.BasicCollectionPersister.recreate(BasicCollectionPersister.java:119)
	at org.hibernate.action.internal.CollectionRecreateAction.execute(CollectionRecreateAction.java:47)
	at org.hibernate.engine.spi.ActionQueue.executeActions(ActionQueue.java:632)
	at org.hibernate.engine.spi.ActionQueue.executeActions(ActionQueue.java:499)
	at org.hibernate.event.internal.AbstractFlushingEventListener.performExecutions(AbstractFlushingEventListener.java:371)
	at org.hibernate.event.internal.DefaultFlushEventListener.onFlush(DefaultFlushEventListener.java:41)
	at org.hibernate.event.service.internal.EventListenerGroupImpl.fireEventOnEachListener(EventListenerGroupImpl.java:127)
	at org.hibernate.internal.SessionImpl.doFlush(SessionImpl.java:1425)
	... 13 more

[ERROR] org.frcpm.repositories.TaskRepositoryTest.testUpdate -- Time elapsed: 0.166 s <<< ERROR!
java.lang.RuntimeException: Failed to save entity
	at org.frcpm.repositories.impl.JpaRepositoryImpl.save(JpaRepositoryImpl.java:84)
	at org.frcpm.repositories.TaskRepositoryTest.createTestTasks(TaskRepositoryTest.java:110)
	at org.frcpm.repositories.TaskRepositoryTest.setUp(TaskRepositoryTest.java:62)
	at java.base/java.lang.reflect.Method.invoke(Method.java:580)
	at java.base/java.util.ArrayList.forEach(ArrayList.java:1596)
	at java.base/java.util.ArrayList.forEach(ArrayList.java:1596)
Caused by: jakarta.persistence.RollbackException: Error while committing the transaction
	at org.hibernate.internal.ExceptionConverterImpl.convertCommitException(ExceptionConverterImpl.java:67)
	at org.hibernate.engine.transaction.internal.TransactionImpl.commit(TransactionImpl.java:104)
	at org.frcpm.repositories.impl.JpaRepositoryImpl.save(JpaRepositoryImpl.java:77)
	... 5 more
Caused by: java.lang.IllegalStateException: org.hibernate.TransientObjectException: object references an unsaved transient instance - save the transient instance before flushing: org.frcpm.models.Task
	at org.hibernate.internal.ExceptionConverterImpl.convert(ExceptionConverterImpl.java:157)
	at org.hibernate.internal.ExceptionConverterImpl.convert(ExceptionConverterImpl.java:167)
	at org.hibernate.internal.ExceptionConverterImpl.convert(ExceptionConverterImpl.java:173)
	at org.hibernate.internal.SessionImpl.doFlush(SessionImpl.java:1429)
	at org.hibernate.internal.SessionImpl.managedFlush(SessionImpl.java:487)
	at org.hibernate.internal.SessionImpl.flushBeforeTransactionCompletion(SessionImpl.java:2324)
	at org.hibernate.internal.SessionImpl.beforeTransactionCompletion(SessionImpl.java:1981)
	at org.hibernate.engine.jdbc.internal.JdbcCoordinatorImpl.beforeTransactionCompletion(JdbcCoordinatorImpl.java:439)
	at org.hibernate.resource.transaction.backend.jdbc.internal.JdbcResourceLocalTransactionCoordinatorImpl.beforeCompletionCallback(JdbcResourceLocalTransactionCoordinatorImpl.java:169)
	at org.hibernate.resource.transaction.backend.jdbc.internal.JdbcResourceLocalTransactionCoordinatorImpl$TransactionDriverControlImpl.commit(JdbcResourceLocalTransactionCoordinatorImpl.java:267)
	at org.hibernate.engine.transaction.internal.TransactionImpl.commit(TransactionImpl.java:101)
	... 6 more
Caused by: org.hibernate.TransientObjectException: object references an unsaved transient instance - save the transient instance before flushing: org.frcpm.models.Task
	at org.hibernate.metamodel.mapping.EntityIdentifierMapping.getIdentifierIfNotUnsaved(EntityIdentifierMapping.java:106)
	at org.hibernate.metamodel.mapping.internal.SimpleForeignKeyDescriptor.getAssociationKeyFromSide(SimpleForeignKeyDescriptor.java:498)
	at org.hibernate.metamodel.mapping.internal.ManyToManyCollectionPart.decompose(ManyToManyCollectionPart.java:199)
	at org.hibernate.persister.collection.BasicCollectionPersister.applyInsertRowValues(BasicCollectionPersister.java:450)
	at org.hibernate.persister.collection.mutation.InsertRowsCoordinatorStandard.insertRows(InsertRowsCoordinatorStandard.java:109)
	at org.hibernate.persister.collection.BasicCollectionPersister.recreate(BasicCollectionPersister.java:119)
	at org.hibernate.action.internal.CollectionRecreateAction.execute(CollectionRecreateAction.java:47)
	at org.hibernate.engine.spi.ActionQueue.executeActions(ActionQueue.java:632)
	at org.hibernate.engine.spi.ActionQueue.executeActions(ActionQueue.java:499)
	at org.hibernate.event.internal.AbstractFlushingEventListener.performExecutions(AbstractFlushingEventListener.java:371)
	at org.hibernate.event.internal.DefaultFlushEventListener.onFlush(DefaultFlushEventListener.java:41)
	at org.hibernate.event.service.internal.EventListenerGroupImpl.fireEventOnEachListener(EventListenerGroupImpl.java:127)
	at org.hibernate.internal.SessionImpl.doFlush(SessionImpl.java:1425)
	... 13 more

[INFO] Running org.frcpm.repositories.TeamMemberRepositoryTest
[ERROR] Tests run: 12, Failures: 0, Errors: 3, Skipped: 0, Time elapsed: 1.572 s <<< FAILURE! -- in org.frcpm.repositories.TeamMemberRepositoryTest
[ERROR] org.frcpm.repositories.TeamMemberRepositoryTest.testCount -- Time elapsed: 0.100 s <<< ERROR!
java.lang.RuntimeException: Failed to save entity
	at org.frcpm.repositories.impl.JpaRepositoryImpl.save(JpaRepositoryImpl.java:84)
	at org.frcpm.repositories.TeamMemberRepositoryTest.testCount(TeamMemberRepositoryTest.java:204)
	at java.base/java.lang.reflect.Method.invoke(Method.java:580)
	at java.base/java.util.ArrayList.forEach(ArrayList.java:1596)
	at java.base/java.util.ArrayList.forEach(ArrayList.java:1596)
Caused by: org.hibernate.exception.ConstraintViolationException: could not execute statement [Unique index or primary key violation: "PUBLIC.UKNRLS5MC0PE4C99GVEAUPMDYKW_INDEX_3 ON PUBLIC.TEAM_MEMBERS(USERNAME NULLS FIRST) VALUES ( /* 31 */ 'testcount' )"; SQL statement:
/* insert for org.frcpm.models.TeamMember */insert into team_members (email,first_name,last_name,is_leader,phone,skills,subteam_id,u [23505-224]] [/* insert for org.frcpm.models.TeamMember */insert into team_members (email,first_name,last_name,is_leader,phone,skills,subteam_id,username,id) values (?,?,?,?,?,?,?,?,default)]
	at org.hibernate.dialect.H2Dialect.lambda$buildSQLExceptionConversionDelegate$3(H2Dialect.java:742)
	at org.hibernate.exception.internal.StandardSQLExceptionConverter.convert(StandardSQLExceptionConverter.java:58)
	at org.hibernate.engine.jdbc.spi.SqlExceptionHelper.convert(SqlExceptionHelper.java:108)
	at org.hibernate.engine.jdbc.internal.ResultSetReturnImpl.executeUpdate(ResultSetReturnImpl.java:197)
	at org.hibernate.id.insert.GetGeneratedKeysDelegate.performMutation(GetGeneratedKeysDelegate.java:116)
	at org.hibernate.engine.jdbc.mutation.internal.MutationExecutorSingleNonBatched.performNonBatchedOperations(MutationExecutorSingleNonBatched.java:47)
	at org.hibernate.engine.jdbc.mutation.internal.AbstractMutationExecutor.execute(AbstractMutationExecutor.java:55)
	at org.hibernate.persister.entity.mutation.InsertCoordinatorStandard.doStaticInserts(InsertCoordinatorStandard.java:194)
	at org.hibernate.persister.entity.mutation.InsertCoordinatorStandard.coordinateInsert(InsertCoordinatorStandard.java:132)
	at org.hibernate.persister.entity.mutation.InsertCoordinatorStandard.insert(InsertCoordinatorStandard.java:95)
	at org.hibernate.action.internal.EntityIdentityInsertAction.execute(EntityIdentityInsertAction.java:85)
	at org.hibernate.engine.spi.ActionQueue.execute(ActionQueue.java:670)
	at org.hibernate.engine.spi.ActionQueue.addResolvedEntityInsertAction(ActionQueue.java:291)
	at org.hibernate.engine.spi.ActionQueue.addInsertAction(ActionQueue.java:272)
	at org.hibernate.engine.spi.ActionQueue.addAction(ActionQueue.java:322)
	at org.hibernate.event.internal.AbstractSaveEventListener.addInsertAction(AbstractSaveEventListener.java:389)
	at org.hibernate.event.internal.AbstractSaveEventListener.performSaveOrReplicate(AbstractSaveEventListener.java:303)
	at org.hibernate.event.internal.AbstractSaveEventListener.performSave(AbstractSaveEventListener.java:222)
	at org.hibernate.event.internal.AbstractSaveEventListener.saveWithGeneratedId(AbstractSaveEventListener.java:136)
	at org.hibernate.event.internal.DefaultMergeEventListener.saveTransientEntity(DefaultMergeEventListener.java:379)
	at org.hibernate.event.internal.DefaultMergeEventListener.entityIsTransient(DefaultMergeEventListener.java:299)
	at org.hibernate.event.internal.DefaultMergeEventListener.merge(DefaultMergeEventListener.java:213)
	at org.hibernate.event.internal.DefaultMergeEventListener.doMerge(DefaultMergeEventListener.java:148)
	at org.hibernate.event.internal.DefaultMergeEventListener.onMerge(DefaultMergeEventListener.java:132)
	at org.hibernate.event.internal.DefaultMergeEventListener.onMerge(DefaultMergeEventListener.java:86)
	at org.hibernate.event.service.internal.EventListenerGroupImpl.fireEventOnEachListener(EventListenerGroupImpl.java:127)
	at org.hibernate.internal.SessionImpl.fireMerge(SessionImpl.java:850)
	at org.hibernate.internal.SessionImpl.merge(SessionImpl.java:836)
	at org.frcpm.repositories.impl.JpaRepositoryImpl.save(JpaRepositoryImpl.java:76)
	... 4 more
Caused by: org.h2.jdbc.JdbcSQLIntegrityConstraintViolationException: Unique index or primary key violation: "PUBLIC.UKNRLS5MC0PE4C99GVEAUPMDYKW_INDEX_3 ON PUBLIC.TEAM_MEMBERS(USERNAME NULLS FIRST) VALUES ( /* 31 */ 'testcount' )"; SQL statement:
/* insert for org.frcpm.models.TeamMember */insert into team_members (email,first_name,last_name,is_leader,phone,skills,subteam_id,u [23505-224]
	at org.h2.message.DbException.getJdbcSQLException(DbException.java:520)
	at org.h2.message.DbException.getJdbcSQLException(DbException.java:489)
	at org.h2.message.DbException.get(DbException.java:223)
	at org.h2.message.DbException.get(DbException.java:199)
	at org.h2.index.Index.getDuplicateKeyException(Index.java:527)
	at org.h2.mvstore.db.MVSecondaryIndex.checkUnique(MVSecondaryIndex.java:223)
	at org.h2.mvstore.db.MVSecondaryIndex.add(MVSecondaryIndex.java:184)
	at org.h2.mvstore.db.MVTable.addRow(MVTable.java:519)
	at org.h2.command.dml.Insert.insertRows(Insert.java:174)
	at org.h2.command.dml.Insert.update(Insert.java:135)
	at org.h2.command.CommandContainer.executeUpdateWithGeneratedKeys(CommandContainer.java:242)
	at org.h2.command.CommandContainer.update(CommandContainer.java:163)
	at org.h2.command.Command.executeUpdate(Command.java:256)
	at org.h2.jdbc.JdbcPreparedStatement.executeUpdateInternal(JdbcPreparedStatement.java:216)
	at org.h2.jdbc.JdbcPreparedStatement.executeUpdate(JdbcPreparedStatement.java:174)
	at com.zaxxer.hikari.pool.ProxyPreparedStatement.executeUpdate(ProxyPreparedStatement.java:61)
	at com.zaxxer.hikari.pool.HikariProxyPreparedStatement.executeUpdate(HikariProxyPreparedStatement.java)
	at org.hibernate.engine.jdbc.internal.ResultSetReturnImpl.executeUpdate(ResultSetReturnImpl.java:194)
	... 29 more

[ERROR] org.frcpm.repositories.TeamMemberRepositoryTest.testSave -- Time elapsed: 0.100 s <<< ERROR!
java.lang.RuntimeException: Failed to save entity
	at org.frcpm.repositories.impl.JpaRepositoryImpl.save(JpaRepositoryImpl.java:84)
	at org.frcpm.repositories.TeamMemberRepositoryTest.testSave(TeamMemberRepositoryTest.java:136)
	at java.base/java.lang.reflect.Method.invoke(Method.java:580)
	at java.base/java.util.ArrayList.forEach(ArrayList.java:1596)
	at java.base/java.util.ArrayList.forEach(ArrayList.java:1596)
Caused by: org.hibernate.exception.ConstraintViolationException: could not execute statement [Unique index or primary key violation: "PUBLIC.UKNRLS5MC0PE4C99GVEAUPMDYKW_INDEX_3 ON PUBLIC.TEAM_MEMBERS(USERNAME NULLS FIRST) VALUES ( /* 34 */ 'testsave' )"; SQL statement:
/* insert for org.frcpm.models.TeamMember */insert into team_members (email,first_name,last_name,is_leader,phone,skills,subteam_id,u [23505-224]] [/* insert for org.frcpm.models.TeamMember */insert into team_members (email,first_name,last_name,is_leader,phone,skills,subteam_id,username,id) values (?,?,?,?,?,?,?,?,default)]
	at org.hibernate.dialect.H2Dialect.lambda$buildSQLExceptionConversionDelegate$3(H2Dialect.java:742)
	at org.hibernate.exception.internal.StandardSQLExceptionConverter.convert(StandardSQLExceptionConverter.java:58)
	at org.hibernate.engine.jdbc.spi.SqlExceptionHelper.convert(SqlExceptionHelper.java:108)
	at org.hibernate.engine.jdbc.internal.ResultSetReturnImpl.executeUpdate(ResultSetReturnImpl.java:197)
	at org.hibernate.id.insert.GetGeneratedKeysDelegate.performMutation(GetGeneratedKeysDelegate.java:116)
	at org.hibernate.engine.jdbc.mutation.internal.MutationExecutorSingleNonBatched.performNonBatchedOperations(MutationExecutorSingleNonBatched.java:47)
	at org.hibernate.engine.jdbc.mutation.internal.AbstractMutationExecutor.execute(AbstractMutationExecutor.java:55)
	at org.hibernate.persister.entity.mutation.InsertCoordinatorStandard.doStaticInserts(InsertCoordinatorStandard.java:194)
	at org.hibernate.persister.entity.mutation.InsertCoordinatorStandard.coordinateInsert(InsertCoordinatorStandard.java:132)
	at org.hibernate.persister.entity.mutation.InsertCoordinatorStandard.insert(InsertCoordinatorStandard.java:95)
	at org.hibernate.action.internal.EntityIdentityInsertAction.execute(EntityIdentityInsertAction.java:85)
	at org.hibernate.engine.spi.ActionQueue.execute(ActionQueue.java:670)
	at org.hibernate.engine.spi.ActionQueue.addResolvedEntityInsertAction(ActionQueue.java:291)
	at org.hibernate.engine.spi.ActionQueue.addInsertAction(ActionQueue.java:272)
	at org.hibernate.engine.spi.ActionQueue.addAction(ActionQueue.java:322)
	at org.hibernate.event.internal.AbstractSaveEventListener.addInsertAction(AbstractSaveEventListener.java:389)
	at org.hibernate.event.internal.AbstractSaveEventListener.performSaveOrReplicate(AbstractSaveEventListener.java:303)
	at org.hibernate.event.internal.AbstractSaveEventListener.performSave(AbstractSaveEventListener.java:222)
	at org.hibernate.event.internal.AbstractSaveEventListener.saveWithGeneratedId(AbstractSaveEventListener.java:136)
	at org.hibernate.event.internal.DefaultMergeEventListener.saveTransientEntity(DefaultMergeEventListener.java:379)
	at org.hibernate.event.internal.DefaultMergeEventListener.entityIsTransient(DefaultMergeEventListener.java:299)
	at org.hibernate.event.internal.DefaultMergeEventListener.merge(DefaultMergeEventListener.java:213)
	at org.hibernate.event.internal.DefaultMergeEventListener.doMerge(DefaultMergeEventListener.java:148)
	at org.hibernate.event.internal.DefaultMergeEventListener.onMerge(DefaultMergeEventListener.java:132)
	at org.hibernate.event.internal.DefaultMergeEventListener.onMerge(DefaultMergeEventListener.java:86)
	at org.hibernate.event.service.internal.EventListenerGroupImpl.fireEventOnEachListener(EventListenerGroupImpl.java:127)
	at org.hibernate.internal.SessionImpl.fireMerge(SessionImpl.java:850)
	at org.hibernate.internal.SessionImpl.merge(SessionImpl.java:836)
	at org.frcpm.repositories.impl.JpaRepositoryImpl.save(JpaRepositoryImpl.java:76)
	... 4 more
Caused by: org.h2.jdbc.JdbcSQLIntegrityConstraintViolationException: Unique index or primary key violation: "PUBLIC.UKNRLS5MC0PE4C99GVEAUPMDYKW_INDEX_3 ON PUBLIC.TEAM_MEMBERS(USERNAME NULLS FIRST) VALUES ( /* 34 */ 'testsave' )"; SQL statement:
/* insert for org.frcpm.models.TeamMember */insert into team_members (email,first_name,last_name,is_leader,phone,skills,subteam_id,u [23505-224]
	at org.h2.message.DbException.getJdbcSQLException(DbException.java:520)
	at org.h2.message.DbException.getJdbcSQLException(DbException.java:489)
	at org.h2.message.DbException.get(DbException.java:223)
	at org.h2.message.DbException.get(DbException.java:199)
	at org.h2.index.Index.getDuplicateKeyException(Index.java:527)
	at org.h2.mvstore.db.MVSecondaryIndex.checkUnique(MVSecondaryIndex.java:223)
	at org.h2.mvstore.db.MVSecondaryIndex.add(MVSecondaryIndex.java:184)
	at org.h2.mvstore.db.MVTable.addRow(MVTable.java:519)
	at org.h2.command.dml.Insert.insertRows(Insert.java:174)
	at org.h2.command.dml.Insert.update(Insert.java:135)
	at org.h2.command.CommandContainer.executeUpdateWithGeneratedKeys(CommandContainer.java:242)
	at org.h2.command.CommandContainer.update(CommandContainer.java:163)
	at org.h2.command.Command.executeUpdate(Command.java:256)
	at org.h2.jdbc.JdbcPreparedStatement.executeUpdateInternal(JdbcPreparedStatement.java:216)
	at org.h2.jdbc.JdbcPreparedStatement.executeUpdate(JdbcPreparedStatement.java:174)
	at com.zaxxer.hikari.pool.ProxyPreparedStatement.executeUpdate(ProxyPreparedStatement.java:61)
	at com.zaxxer.hikari.pool.HikariProxyPreparedStatement.executeUpdate(HikariProxyPreparedStatement.java)
	at org.hibernate.engine.jdbc.internal.ResultSetReturnImpl.executeUpdate(ResultSetReturnImpl.java:194)
	... 29 more

[ERROR] org.frcpm.repositories.TeamMemberRepositoryTest.testUpdate -- Time elapsed: 0.102 s <<< ERROR!
java.lang.RuntimeException: Failed to save entity
	at org.frcpm.repositories.impl.JpaRepositoryImpl.save(JpaRepositoryImpl.java:84)
	at org.frcpm.repositories.TeamMemberRepositoryTest.testUpdate(TeamMemberRepositoryTest.java:149)
	at java.base/java.lang.reflect.Method.invoke(Method.java:580)
	at java.base/java.util.ArrayList.forEach(ArrayList.java:1596)
	at java.base/java.util.ArrayList.forEach(ArrayList.java:1596)
Caused by: org.hibernate.exception.ConstraintViolationException: could not execute statement [Unique index or primary key violation: "PUBLIC.UKNRLS5MC0PE4C99GVEAUPMDYKW_INDEX_3 ON PUBLIC.TEAM_MEMBERS(USERNAME NULLS FIRST) VALUES ( /* 55 */ 'testupdate' )"; SQL statement:
/* insert for org.frcpm.models.TeamMember */insert into team_members (email,first_name,last_name,is_leader,phone,skills,subteam_id,u [23505-224]] [/* insert for org.frcpm.models.TeamMember */insert into team_members (email,first_name,last_name,is_leader,phone,skills,subteam_id,username,id) values (?,?,?,?,?,?,?,?,default)]
	at org.hibernate.dialect.H2Dialect.lambda$buildSQLExceptionConversionDelegate$3(H2Dialect.java:742)
	at org.hibernate.exception.internal.StandardSQLExceptionConverter.convert(StandardSQLExceptionConverter.java:58)
	at org.hibernate.engine.jdbc.spi.SqlExceptionHelper.convert(SqlExceptionHelper.java:108)
	at org.hibernate.engine.jdbc.internal.ResultSetReturnImpl.executeUpdate(ResultSetReturnImpl.java:197)
	at org.hibernate.id.insert.GetGeneratedKeysDelegate.performMutation(GetGeneratedKeysDelegate.java:116)
	at org.hibernate.engine.jdbc.mutation.internal.MutationExecutorSingleNonBatched.performNonBatchedOperations(MutationExecutorSingleNonBatched.java:47)
	at org.hibernate.engine.jdbc.mutation.internal.AbstractMutationExecutor.execute(AbstractMutationExecutor.java:55)
	at org.hibernate.persister.entity.mutation.InsertCoordinatorStandard.doStaticInserts(InsertCoordinatorStandard.java:194)
	at org.hibernate.persister.entity.mutation.InsertCoordinatorStandard.coordinateInsert(InsertCoordinatorStandard.java:132)
	at org.hibernate.persister.entity.mutation.InsertCoordinatorStandard.insert(InsertCoordinatorStandard.java:95)
	at org.hibernate.action.internal.EntityIdentityInsertAction.execute(EntityIdentityInsertAction.java:85)
	at org.hibernate.engine.spi.ActionQueue.execute(ActionQueue.java:670)
	at org.hibernate.engine.spi.ActionQueue.addResolvedEntityInsertAction(ActionQueue.java:291)
	at org.hibernate.engine.spi.ActionQueue.addInsertAction(ActionQueue.java:272)
	at org.hibernate.engine.spi.ActionQueue.addAction(ActionQueue.java:322)
	at org.hibernate.event.internal.AbstractSaveEventListener.addInsertAction(AbstractSaveEventListener.java:389)
	at org.hibernate.event.internal.AbstractSaveEventListener.performSaveOrReplicate(AbstractSaveEventListener.java:303)
	at org.hibernate.event.internal.AbstractSaveEventListener.performSave(AbstractSaveEventListener.java:222)
	at org.hibernate.event.internal.AbstractSaveEventListener.saveWithGeneratedId(AbstractSaveEventListener.java:136)
	at org.hibernate.event.internal.DefaultMergeEventListener.saveTransientEntity(DefaultMergeEventListener.java:379)
	at org.hibernate.event.internal.DefaultMergeEventListener.entityIsTransient(DefaultMergeEventListener.java:299)
	at org.hibernate.event.internal.DefaultMergeEventListener.merge(DefaultMergeEventListener.java:213)
	at org.hibernate.event.internal.DefaultMergeEventListener.doMerge(DefaultMergeEventListener.java:148)
	at org.hibernate.event.internal.DefaultMergeEventListener.onMerge(DefaultMergeEventListener.java:132)
	at org.hibernate.event.internal.DefaultMergeEventListener.onMerge(DefaultMergeEventListener.java:86)
	at org.hibernate.event.service.internal.EventListenerGroupImpl.fireEventOnEachListener(EventListenerGroupImpl.java:127)
	at org.hibernate.internal.SessionImpl.fireMerge(SessionImpl.java:850)
	at org.hibernate.internal.SessionImpl.merge(SessionImpl.java:836)
	at org.frcpm.repositories.impl.JpaRepositoryImpl.save(JpaRepositoryImpl.java:76)
	... 4 more
Caused by: org.h2.jdbc.JdbcSQLIntegrityConstraintViolationException: Unique index or primary key violation: "PUBLIC.UKNRLS5MC0PE4C99GVEAUPMDYKW_INDEX_3 ON PUBLIC.TEAM_MEMBERS(USERNAME NULLS FIRST) VALUES ( /* 55 */ 'testupdate' )"; SQL statement:
/* insert for org.frcpm.models.TeamMember */insert into team_members (email,first_name,last_name,is_leader,phone,skills,subteam_id,u [23505-224]
	at org.h2.message.DbException.getJdbcSQLException(DbException.java:520)
	at org.h2.message.DbException.getJdbcSQLException(DbException.java:489)
	at org.h2.message.DbException.get(DbException.java:223)
	at org.h2.message.DbException.get(DbException.java:199)
	at org.h2.index.Index.getDuplicateKeyException(Index.java:527)
	at org.h2.mvstore.db.MVSecondaryIndex.checkUnique(MVSecondaryIndex.java:223)
	at org.h2.mvstore.db.MVSecondaryIndex.add(MVSecondaryIndex.java:184)
	at org.h2.mvstore.db.MVTable.addRow(MVTable.java:519)
	at org.h2.command.dml.Insert.insertRows(Insert.java:174)
	at org.h2.command.dml.Insert.update(Insert.java:135)
	at org.h2.command.CommandContainer.executeUpdateWithGeneratedKeys(CommandContainer.java:242)
	at org.h2.command.CommandContainer.update(CommandContainer.java:163)
	at org.h2.command.Command.executeUpdate(Command.java:256)
	at org.h2.jdbc.JdbcPreparedStatement.executeUpdateInternal(JdbcPreparedStatement.java:216)
	at org.h2.jdbc.JdbcPreparedStatement.executeUpdate(JdbcPreparedStatement.java:174)
	at com.zaxxer.hikari.pool.ProxyPreparedStatement.executeUpdate(ProxyPreparedStatement.java:61)
	at com.zaxxer.hikari.pool.HikariProxyPreparedStatement.executeUpdate(HikariProxyPreparedStatement.java)
	at org.hibernate.engine.jdbc.internal.ResultSetReturnImpl.executeUpdate(ResultSetReturnImpl.java:194)
	... 29 more

[INFO] Running org.frcpm.services.AttendanceServiceTest
[ERROR] Tests run: 12, Failures: 1, Errors: 1, Skipped: 0, Time elapsed: 1.379 s <<< FAILURE! -- in org.frcpm.services.AttendanceServiceTest
[ERROR] org.frcpm.services.AttendanceServiceTest.testRecordAttendanceForMeeting -- Time elapsed: 0.093 s <<< ERROR!
java.lang.IllegalArgumentException: Username already exists
	at org.frcpm.services.impl.TeamMemberServiceImpl.createTeamMember(TeamMemberServiceImpl.java:57)
	at org.frcpm.services.AttendanceServiceTest.testRecordAttendanceForMeeting(AttendanceServiceTest.java:299)
	at java.base/java.lang.reflect.Method.invoke(Method.java:580)
	at java.base/java.util.ArrayList.forEach(ArrayList.java:1596)
	at java.base/java.util.ArrayList.forEach(ArrayList.java:1596)

[ERROR] org.frcpm.services.AttendanceServiceTest.testGetAttendanceStatistics -- Time elapsed: 0.098 s <<< FAILURE!
org.opentest4j.AssertionFailedError: expected: java.lang.Integer@d88131e<0> but was: java.lang.Long@3ac9554f<0>
	at org.junit.jupiter.api.AssertionFailureBuilder.build(AssertionFailureBuilder.java:151)
	at org.junit.jupiter.api.AssertionFailureBuilder.buildAndThrow(AssertionFailureBuilder.java:132)
	at org.junit.jupiter.api.AssertEquals.failNotEqual(AssertEquals.java:197)
	at org.junit.jupiter.api.AssertEquals.assertEquals(AssertEquals.java:182)
	at org.junit.jupiter.api.AssertEquals.assertEquals(AssertEquals.java:177)
	at org.junit.jupiter.api.Assertions.assertEquals(Assertions.java:1145)
	at org.frcpm.services.AttendanceServiceTest.testGetAttendanceStatistics(AttendanceServiceTest.java:373)
	at java.base/java.lang.reflect.Method.invoke(Method.java:580)
	at java.base/java.util.ArrayList.forEach(ArrayList.java:1596)
	at java.base/java.util.ArrayList.forEach(ArrayList.java:1596)

[INFO] Running org.frcpm.services.ComponentServiceTest
[ERROR] Tests run: 10, Failures: 0, Errors: 1, Skipped: 0, Time elapsed: 1.048 s <<< FAILURE! -- in org.frcpm.services.ComponentServiceTest
[ERROR] org.frcpm.services.ComponentServiceTest.testAssociateComponentsWithTask -- Time elapsed: 0.099 s <<< ERROR!
org.hibernate.LazyInitializationException: failed to lazily initialize a collection of role: org.frcpm.models.Task.requiredComponents: could not initialize proxy - no Session
	at org.hibernate.collection.spi.AbstractPersistentCollection.throwLazyInitializationException(AbstractPersistentCollection.java:634)
	at org.hibernate.collection.spi.AbstractPersistentCollection.withTemporarySessionIfNeeded(AbstractPersistentCollection.java:217)
	at org.hibernate.collection.spi.AbstractPersistentCollection.initialize(AbstractPersistentCollection.java:613)
	at org.hibernate.collection.spi.PersistentSet.clear(PersistentSet.java:287)
	at org.frcpm.services.impl.ComponentServiceImpl.associateComponentsWithTask(ComponentServiceImpl.java:125)
	at org.frcpm.services.ComponentServiceTest.testAssociateComponentsWithTask(ComponentServiceTest.java:241)
	at java.base/java.lang.reflect.Method.invoke(Method.java:580)
	at java.base/java.util.ArrayList.forEach(ArrayList.java:1596)
	at java.base/java.util.ArrayList.forEach(ArrayList.java:1596)

[INFO] Running org.frcpm.services.MeetingServiceTest
[INFO] Tests run: 11, Failures: 0, Errors: 0, Skipped: 0, Time elapsed: 1.250 s -- in org.frcpm.services.MeetingServiceTest
[INFO] Running org.frcpm.services.MilestoneServiceTest
[ERROR] Tests run: 9, Failures: 0, Errors: 1, Skipped: 0, Time elapsed: 0.965 s <<< FAILURE! -- in org.frcpm.services.MilestoneServiceTest
[ERROR] org.frcpm.services.MilestoneServiceTest.testUpdateMilestoneDate -- Time elapsed: 0.069 s <<< ERROR!
org.hibernate.LazyInitializationException: could not initialize proxy [org.frcpm.models.Project#771] - no Session
	at org.hibernate.proxy.AbstractLazyInitializer.initialize(AbstractLazyInitializer.java:165)
	at org.hibernate.proxy.AbstractLazyInitializer.getImplementation(AbstractLazyInitializer.java:314)
	at org.hibernate.proxy.pojo.bytebuddy.ByteBuddyInterceptor.intercept(ByteBuddyInterceptor.java:44)
	at org.hibernate.proxy.ProxyConfiguration$InterceptorDispatcher.intercept(ProxyConfiguration.java:102)
	at org.frcpm.models.Project$HibernateProxy$UyyigYJC.getStartDate(Unknown Source)
	at org.frcpm.services.impl.MilestoneServiceImpl.updateMilestoneDate(MilestoneServiceImpl.java:100)
	at org.frcpm.services.MilestoneServiceTest.testUpdateMilestoneDate(MilestoneServiceTest.java:91)
	at java.base/java.lang.reflect.Method.invoke(Method.java:580)
	at java.base/java.util.ArrayList.forEach(ArrayList.java:1596)
	at java.base/java.util.ArrayList.forEach(ArrayList.java:1596)

[INFO] Running org.frcpm.services.ProjectServiceTest
[ERROR] Tests run: 10, Failures: 0, Errors: 1, Skipped: 0, Time elapsed: 0.887 s <<< FAILURE! -- in org.frcpm.services.ProjectServiceTest
[ERROR] org.frcpm.services.ProjectServiceTest.testProjectSummary -- Time elapsed: 0.067 s <<< ERROR!
org.hibernate.LazyInitializationException: failed to lazily initialize a collection of role: org.frcpm.models.Project.milestones: could not initialize proxy - no Session
	at org.hibernate.collection.spi.AbstractPersistentCollection.throwLazyInitializationException(AbstractPersistentCollection.java:634)
	at org.hibernate.collection.spi.AbstractPersistentCollection.withTemporarySessionIfNeeded(AbstractPersistentCollection.java:217)
	at org.hibernate.collection.spi.AbstractPersistentCollection.readSize(AbstractPersistentCollection.java:148)
	at org.hibernate.collection.spi.PersistentBag.size(PersistentBag.java:353)
	at org.frcpm.services.impl.ProjectServiceImpl.getProjectSummary(ProjectServiceImpl.java:147)
	at org.frcpm.services.ProjectServiceTest.testProjectSummary(ProjectServiceTest.java:165)
	at java.base/java.lang.reflect.Method.invoke(Method.java:580)
	at java.base/java.util.ArrayList.forEach(ArrayList.java:1596)
	at java.base/java.util.ArrayList.forEach(ArrayList.java:1596)

[INFO] Running org.frcpm.services.SubsystemServiceTest
[INFO] Tests run: 10, Failures: 0, Errors: 0, Skipped: 0, Time elapsed: 0.854 s -- in org.frcpm.services.SubsystemServiceTest
[INFO] Running org.frcpm.services.SubteamServiceTest
[ERROR] Tests run: 9, Failures: 0, Errors: 4, Skipped: 0, Time elapsed: 0.617 s <<< FAILURE! -- in org.frcpm.services.SubteamServiceTest
[ERROR] org.frcpm.services.SubteamServiceTest.testCreateSubteam -- Time elapsed: 0.072 s <<< ERROR!
java.lang.IllegalArgumentException: Subteam with name 'Test Create Service Subteam' already exists
	at org.frcpm.services.impl.SubteamServiceImpl.createSubteam(SubteamServiceImpl.java:46)
	at org.frcpm.services.SubteamServiceTest.testCreateSubteam(SubteamServiceTest.java:93)
	at java.base/java.lang.reflect.Method.invoke(Method.java:580)
	at java.base/java.util.ArrayList.forEach(ArrayList.java:1596)
	at java.base/java.util.ArrayList.forEach(ArrayList.java:1596)

[ERROR] org.frcpm.services.SubteamServiceTest.testUpdateColorCode -- Time elapsed: 0.073 s <<< ERROR!
java.lang.IllegalArgumentException: Subteam with name 'Test Color Update Subteam' already exists
	at org.frcpm.services.impl.SubteamServiceImpl.createSubteam(SubteamServiceImpl.java:46)
	at org.frcpm.services.SubteamServiceTest.testUpdateColorCode(SubteamServiceTest.java:138)
	at java.base/java.lang.reflect.Method.invoke(Method.java:580)
	at java.base/java.util.ArrayList.forEach(ArrayList.java:1596)
	at java.base/java.util.ArrayList.forEach(ArrayList.java:1596)

[ERROR] org.frcpm.services.SubteamServiceTest.testUpdateSpecialties -- Time elapsed: 0.063 s <<< ERROR!
java.lang.IllegalArgumentException: Subteam with name 'Test Update Subteam' already exists
	at org.frcpm.services.impl.SubteamServiceImpl.createSubteam(SubteamServiceImpl.java:46)
	at org.frcpm.services.SubteamServiceTest.testUpdateSpecialties(SubteamServiceTest.java:113)
	at java.base/java.lang.reflect.Method.invoke(Method.java:580)
	at java.base/java.util.ArrayList.forEach(ArrayList.java:1596)
	at java.base/java.util.ArrayList.forEach(ArrayList.java:1596)

[ERROR] org.frcpm.services.SubteamServiceTest.testInvalidSubteamCreation -- Time elapsed: 0.070 s <<< ERROR!
java.lang.IllegalArgumentException: Subteam with name 'Duplicate Name Subteam' already exists
	at org.frcpm.services.impl.SubteamServiceImpl.createSubteam(SubteamServiceImpl.java:46)
	at org.frcpm.services.SubteamServiceTest.testInvalidSubteamCreation(SubteamServiceTest.java:202)
	at java.base/java.lang.reflect.Method.invoke(Method.java:580)
	at java.base/java.util.ArrayList.forEach(ArrayList.java:1596)
	at java.base/java.util.ArrayList.forEach(ArrayList.java:1596)

[INFO] Running org.frcpm.services.TaskServiceTest
[ERROR] Tests run: 10, Failures: 0, Errors: 4, Skipped: 0, Time elapsed: 1.053 s <<< FAILURE! -- in org.frcpm.services.TaskServiceTest
[ERROR] org.frcpm.services.TaskServiceTest.testRemoveDependency -- Time elapsed: 0.139 s <<< ERROR!
org.hibernate.LazyInitializationException: failed to lazily initialize a collection of role: org.frcpm.models.Task.postDependencies: could not initialize proxy - no Session
	at org.hibernate.collection.spi.AbstractPersistentCollection.throwLazyInitializationException(AbstractPersistentCollection.java:634)
	at org.hibernate.collection.spi.AbstractPersistentCollection.withTemporarySessionIfNeeded(AbstractPersistentCollection.java:217)
	at org.hibernate.collection.spi.AbstractPersistentCollection.readElementExistence(AbstractPersistentCollection.java:335)
	at org.hibernate.collection.spi.PersistentSet.contains(PersistentSet.java:158)
	at org.frcpm.services.impl.TaskServiceImpl.hasDependencyPath(TaskServiceImpl.java:266)
	at org.frcpm.services.impl.TaskServiceImpl.addDependency(TaskServiceImpl.java:195)
	at org.frcpm.services.TaskServiceTest.testRemoveDependency(TaskServiceTest.java:244)
	at java.base/java.lang.reflect.Method.invoke(Method.java:580)
	at java.base/java.util.ArrayList.forEach(ArrayList.java:1596)
	at java.base/java.util.ArrayList.forEach(ArrayList.java:1596)

[ERROR] org.frcpm.services.TaskServiceTest.testFindByAssignedMember -- Time elapsed: 0.158 s <<< ERROR!
org.hibernate.LazyInitializationException: failed to lazily initialize a collection of role: org.frcpm.models.Task.assignedTo: could not initialize proxy - no Session
	at org.hibernate.collection.spi.AbstractPersistentCollection.throwLazyInitializationException(AbstractPersistentCollection.java:634)
	at org.hibernate.collection.spi.AbstractPersistentCollection.withTemporarySessionIfNeeded(AbstractPersistentCollection.java:217)
	at org.hibernate.collection.spi.AbstractPersistentCollection.initialize(AbstractPersistentCollection.java:613)
	at org.hibernate.collection.spi.PersistentSet.clear(PersistentSet.java:287)
	at org.frcpm.services.impl.TaskServiceImpl.assignMembers(TaskServiceImpl.java:130)
	at org.frcpm.services.TaskServiceTest.testFindByAssignedMember(TaskServiceTest.java:334)
	at java.base/java.lang.reflect.Method.invoke(Method.java:580)
	at java.base/java.util.ArrayList.forEach(ArrayList.java:1596)
	at java.base/java.util.ArrayList.forEach(ArrayList.java:1596)

[ERROR] org.frcpm.services.TaskServiceTest.testAssignMembers -- Time elapsed: 0.140 s <<< ERROR!
org.hibernate.LazyInitializationException: failed to lazily initialize a collection of role: org.frcpm.models.Task.assignedTo: could not initialize proxy - no Session
	at org.hibernate.collection.spi.AbstractPersistentCollection.throwLazyInitializationException(AbstractPersistentCollection.java:634)
	at org.hibernate.collection.spi.AbstractPersistentCollection.withTemporarySessionIfNeeded(AbstractPersistentCollection.java:217)
	at org.hibernate.collection.spi.AbstractPersistentCollection.initialize(AbstractPersistentCollection.java:613)
	at org.hibernate.collection.spi.PersistentSet.clear(PersistentSet.java:287)
	at org.frcpm.services.impl.TaskServiceImpl.assignMembers(TaskServiceImpl.java:130)
	at org.frcpm.services.TaskServiceTest.testAssignMembers(TaskServiceTest.java:164)
	at java.base/java.lang.reflect.Method.invoke(Method.java:580)
	at java.base/java.util.ArrayList.forEach(ArrayList.java:1596)
	at java.base/java.util.ArrayList.forEach(ArrayList.java:1596)

[ERROR] org.frcpm.services.TaskServiceTest.testAddDependency -- Time elapsed: 0.073 s <<< ERROR!
org.hibernate.LazyInitializationException: failed to lazily initialize a collection of role: org.frcpm.models.Task.postDependencies: could not initialize proxy - no Session
	at org.hibernate.collection.spi.AbstractPersistentCollection.throwLazyInitializationException(AbstractPersistentCollection.java:634)
	at org.hibernate.collection.spi.AbstractPersistentCollection.withTemporarySessionIfNeeded(AbstractPersistentCollection.java:217)
	at org.hibernate.collection.spi.AbstractPersistentCollection.readElementExistence(AbstractPersistentCollection.java:335)
	at org.hibernate.collection.spi.PersistentSet.contains(PersistentSet.java:158)
	at org.frcpm.services.impl.TaskServiceImpl.hasDependencyPath(TaskServiceImpl.java:266)
	at org.frcpm.services.impl.TaskServiceImpl.addDependency(TaskServiceImpl.java:195)
	at org.frcpm.services.TaskServiceTest.testAddDependency(TaskServiceTest.java:203)
	at java.base/java.lang.reflect.Method.invoke(Method.java:580)
	at java.base/java.util.ArrayList.forEach(ArrayList.java:1596)
	at java.base/java.util.ArrayList.forEach(ArrayList.java:1596)

[INFO] Running org.frcpm.services.TeamMemberServiceTest
[ERROR] Tests run: 10, Failures: 0, Errors: 1, Skipped: 0, Time elapsed: 0.925 s <<< FAILURE! -- in org.frcpm.services.TeamMemberServiceTest
[ERROR] org.frcpm.services.TeamMemberServiceTest.testAssignToSubteam -- Time elapsed: 0.073 s <<< ERROR!
org.hibernate.LazyInitializationException: failed to lazily initialize a collection of role: org.frcpm.models.Subteam.members: could not initialize proxy - no Session
	at org.hibernate.collection.spi.AbstractPersistentCollection.throwLazyInitializationException(AbstractPersistentCollection.java:634)
	at org.hibernate.collection.spi.AbstractPersistentCollection.withTemporarySessionIfNeeded(AbstractPersistentCollection.java:217)
	at org.hibernate.collection.spi.AbstractPersistentCollection.initialize(AbstractPersistentCollection.java:613)
	at org.hibernate.collection.spi.AbstractPersistentCollection.write(AbstractPersistentCollection.java:443)
	at org.hibernate.collection.spi.PersistentBag.add(PersistentBag.java:388)
	at org.frcpm.models.Subteam.addMember(Subteam.java:98)
	at org.frcpm.services.impl.TeamMemberServiceImpl.assignToSubteam(TeamMemberServiceImpl.java:95)
	at org.frcpm.services.TeamMemberServiceTest.testAssignToSubteam(TeamMemberServiceTest.java:154)
	at java.base/java.lang.reflect.Method.invoke(Method.java:580)
	at java.base/java.util.ArrayList.forEach(ArrayList.java:1596)
	at java.base/java.util.ArrayList.forEach(ArrayList.java:1596)

[INFO] Running org.frcpm.viewmodels.AttendanceViewModelTest
[ERROR] Tests run: 7, Failures: 1, Errors: 0, Skipped: 0, Time elapsed: 0.289 s <<< FAILURE! -- in org.frcpm.viewmodels.AttendanceViewModelTest
[ERROR] org.frcpm.viewmodels.AttendanceViewModelTest.testAttendanceRecordPresenceChange -- Time elapsed: 0.004 s <<< FAILURE!
org.opentest4j.AssertionFailedError: expected: <16:00> but was: <null>
	at org.junit.jupiter.api.AssertionFailureBuilder.build(AssertionFailureBuilder.java:151)
	at org.junit.jupiter.api.AssertionFailureBuilder.buildAndThrow(AssertionFailureBuilder.java:132)
	at org.junit.jupiter.api.AssertEquals.failNotEqual(AssertEquals.java:197)
	at org.junit.jupiter.api.AssertEquals.assertEquals(AssertEquals.java:182)
	at org.junit.jupiter.api.AssertEquals.assertEquals(AssertEquals.java:177)
	at org.junit.jupiter.api.Assertions.assertEquals(Assertions.java:1145)
	at org.frcpm.viewmodels.AttendanceViewModelTest.testAttendanceRecordPresenceChange(AttendanceViewModelTest.java:225)
	at java.base/java.lang.reflect.Method.invoke(Method.java:580)
	at java.base/java.util.ArrayList.forEach(ArrayList.java:1596)
	at java.base/java.util.ArrayList.forEach(ArrayList.java:1596)

[INFO] Running org.frcpm.viewmodels.BaseViewModelSimpleTest
[ERROR] Tests run: 2, Failures: 1, Errors: 0, Skipped: 0, Time elapsed: 0.008 s <<< FAILURE! -- in org.frcpm.viewmodels.BaseViewModelSimpleTest
[ERROR] org.frcpm.viewmodels.BaseViewModelSimpleTest.testErrorMessage -- Time elapsed: 0.003 s <<< FAILURE!
org.opentest4j.AssertionFailedError: expected: <null> but was: <>
	at org.junit.jupiter.api.AssertionFailureBuilder.build(AssertionFailureBuilder.java:151)
	at org.junit.jupiter.api.AssertionFailureBuilder.buildAndThrow(AssertionFailureBuilder.java:132)
	at org.junit.jupiter.api.AssertNull.failNotNull(AssertNull.java:50)
	at org.junit.jupiter.api.AssertNull.assertNull(AssertNull.java:35)
	at org.junit.jupiter.api.AssertNull.assertNull(AssertNull.java:30)
	at org.junit.jupiter.api.Assertions.assertNull(Assertions.java:279)
	at org.frcpm.viewmodels.BaseViewModelSimpleTest.testErrorMessage(BaseViewModelSimpleTest.java:33)
	at java.base/java.lang.reflect.Method.invoke(Method.java:580)
	at java.base/java.util.ArrayList.forEach(ArrayList.java:1596)
	at java.base/java.util.ArrayList.forEach(ArrayList.java:1596)

[INFO] Running org.frcpm.viewmodels.ComponentViewModelTest
[ERROR] Tests run: 13, Failures: 0, Errors: 12, Skipped: 0, Time elapsed: 0.176 s <<< FAILURE! -- in org.frcpm.viewmodels.ComponentViewModelTest
[ERROR] org.frcpm.viewmodels.ComponentViewModelTest.testDeliveredSetActualDelivery -- Time elapsed: 0.125 s <<< ERROR!
org.mockito.exceptions.misusing.UnnecessaryStubbingException: 

Unnecessary stubbings detected.
Clean & maintainable test code requires zero unnecessary code.
Following stubbings are unnecessary (click to navigate to relevant line of code):
  1. -> at org.frcpm.viewmodels.ComponentViewModelTest.setUp(ComponentViewModelTest.java:64)
Please remove unnecessary stubbings or use 'lenient' strictness. More info: javadoc for UnnecessaryStubbingException class.
	at org.mockito.junit.jupiter.MockitoExtension.afterEach(MockitoExtension.java:197)
	at java.base/java.util.ArrayList.forEach(ArrayList.java:1596)
	at java.base/java.util.ArrayList.forEach(ArrayList.java:1596)

[ERROR] org.frcpm.viewmodels.ComponentViewModelTest.testAddTaskCommand -- Time elapsed: 0.005 s <<< ERROR!
org.mockito.exceptions.misusing.UnnecessaryStubbingException: 

Unnecessary stubbings detected.
Clean & maintainable test code requires zero unnecessary code.
Following stubbings are unnecessary (click to navigate to relevant line of code):
  1. -> at org.frcpm.viewmodels.ComponentViewModelTest.setUp(ComponentViewModelTest.java:64)
Please remove unnecessary stubbings or use 'lenient' strictness. More info: javadoc for UnnecessaryStubbingException class.
	at org.mockito.junit.jupiter.MockitoExtension.afterEach(MockitoExtension.java:197)
	at java.base/java.util.ArrayList.forEach(ArrayList.java:1596)
	at java.base/java.util.ArrayList.forEach(ArrayList.java:1596)

[ERROR] org.frcpm.viewmodels.ComponentViewModelTest.testInitExistingComponent -- Time elapsed: 0.002 s <<< ERROR!
org.mockito.exceptions.misusing.UnnecessaryStubbingException: 

Unnecessary stubbings detected.
Clean & maintainable test code requires zero unnecessary code.
Following stubbings are unnecessary (click to navigate to relevant line of code):
  1. -> at org.frcpm.viewmodels.ComponentViewModelTest.setUp(ComponentViewModelTest.java:64)
Please remove unnecessary stubbings or use 'lenient' strictness. More info: javadoc for UnnecessaryStubbingException class.
	at org.mockito.junit.jupiter.MockitoExtension.afterEach(MockitoExtension.java:197)
	at java.base/java.util.ArrayList.forEach(ArrayList.java:1596)
	at java.base/java.util.ArrayList.forEach(ArrayList.java:1596)

[ERROR] org.frcpm.viewmodels.ComponentViewModelTest.testRemoveTaskCommand -- Time elapsed: 0.003 s <<< ERROR!
org.mockito.exceptions.misusing.UnnecessaryStubbingException: 

Unnecessary stubbings detected.
Clean & maintainable test code requires zero unnecessary code.
Following stubbings are unnecessary (click to navigate to relevant line of code):
  1. -> at org.frcpm.viewmodels.ComponentViewModelTest.setUp(ComponentViewModelTest.java:64)
Please remove unnecessary stubbings or use 'lenient' strictness. More info: javadoc for UnnecessaryStubbingException class.
	at org.mockito.junit.jupiter.MockitoExtension.afterEach(MockitoExtension.java:197)
	at java.base/java.util.ArrayList.forEach(ArrayList.java:1596)
	at java.base/java.util.ArrayList.forEach(ArrayList.java:1596)

[ERROR] org.frcpm.viewmodels.ComponentViewModelTest.testGetRequiredForTasks -- Time elapsed: 0.003 s <<< ERROR!
org.mockito.exceptions.misusing.UnnecessaryStubbingException: 

Unnecessary stubbings detected.
Clean & maintainable test code requires zero unnecessary code.
Following stubbings are unnecessary (click to navigate to relevant line of code):
  1. -> at org.frcpm.viewmodels.ComponentViewModelTest.setUp(ComponentViewModelTest.java:64)
Please remove unnecessary stubbings or use 'lenient' strictness. More info: javadoc for UnnecessaryStubbingException class.
	at org.mockito.junit.jupiter.MockitoExtension.afterEach(MockitoExtension.java:197)
	at java.base/java.util.ArrayList.forEach(ArrayList.java:1596)
	at java.base/java.util.ArrayList.forEach(ArrayList.java:1596)

[ERROR] org.frcpm.viewmodels.ComponentViewModelTest.testPropertyChangesDirtyFlag -- Time elapsed: 0.006 s <<< ERROR!
org.mockito.exceptions.misusing.UnnecessaryStubbingException: 

Unnecessary stubbings detected.
Clean & maintainable test code requires zero unnecessary code.
Following stubbings are unnecessary (click to navigate to relevant line of code):
  1. -> at org.frcpm.viewmodels.ComponentViewModelTest.setUp(ComponentViewModelTest.java:64)
Please remove unnecessary stubbings or use 'lenient' strictness. More info: javadoc for UnnecessaryStubbingException class.
	at org.mockito.junit.jupiter.MockitoExtension.afterEach(MockitoExtension.java:197)
	at java.base/java.util.ArrayList.forEach(ArrayList.java:1596)
	at java.base/java.util.ArrayList.forEach(ArrayList.java:1596)

[ERROR] org.frcpm.viewmodels.ComponentViewModelTest.testPropertyGetters -- Time elapsed: 0.001 s <<< ERROR!
org.mockito.exceptions.misusing.UnnecessaryStubbingException: 

Unnecessary stubbings detected.
Clean & maintainable test code requires zero unnecessary code.
Following stubbings are unnecessary (click to navigate to relevant line of code):
  1. -> at org.frcpm.viewmodels.ComponentViewModelTest.setUp(ComponentViewModelTest.java:64)
Please remove unnecessary stubbings or use 'lenient' strictness. More info: javadoc for UnnecessaryStubbingException class.
	at org.mockito.junit.jupiter.MockitoExtension.afterEach(MockitoExtension.java:197)
	at java.base/java.util.ArrayList.forEach(ArrayList.java:1596)
	at java.base/java.util.ArrayList.forEach(ArrayList.java:1596)

[ERROR] org.frcpm.viewmodels.ComponentViewModelTest.testCancelCommand -- Time elapsed: 0.001 s <<< ERROR!
org.mockito.exceptions.misusing.UnnecessaryStubbingException: 

Unnecessary stubbings detected.
Clean & maintainable test code requires zero unnecessary code.
Following stubbings are unnecessary (click to navigate to relevant line of code):
  1. -> at org.frcpm.viewmodels.ComponentViewModelTest.setUp(ComponentViewModelTest.java:64)
Please remove unnecessary stubbings or use 'lenient' strictness. More info: javadoc for UnnecessaryStubbingException class.
	at org.mockito.junit.jupiter.MockitoExtension.afterEach(MockitoExtension.java:197)
	at java.base/java.util.ArrayList.forEach(ArrayList.java:1596)
	at java.base/java.util.ArrayList.forEach(ArrayList.java:1596)

[ERROR] org.frcpm.viewmodels.ComponentViewModelTest.testSetSelectedTask -- Time elapsed: 0.001 s <<< ERROR!
org.mockito.exceptions.misusing.UnnecessaryStubbingException: 

Unnecessary stubbings detected.
Clean & maintainable test code requires zero unnecessary code.
Following stubbings are unnecessary (click to navigate to relevant line of code):
  1. -> at org.frcpm.viewmodels.ComponentViewModelTest.setUp(ComponentViewModelTest.java:64)
Please remove unnecessary stubbings or use 'lenient' strictness. More info: javadoc for UnnecessaryStubbingException class.
	at org.mockito.junit.jupiter.MockitoExtension.afterEach(MockitoExtension.java:197)
	at java.base/java.util.ArrayList.forEach(ArrayList.java:1596)
	at java.base/java.util.ArrayList.forEach(ArrayList.java:1596)

[ERROR] org.frcpm.viewmodels.ComponentViewModelTest.testInitNewComponent -- Time elapsed: 0.004 s <<< ERROR!
org.mockito.exceptions.misusing.UnnecessaryStubbingException: 

Unnecessary stubbings detected.
Clean & maintainable test code requires zero unnecessary code.
Following stubbings are unnecessary (click to navigate to relevant line of code):
  1. -> at org.frcpm.viewmodels.ComponentViewModelTest.setUp(ComponentViewModelTest.java:64)
Please remove unnecessary stubbings or use 'lenient' strictness. More info: javadoc for UnnecessaryStubbingException class.
	at org.mockito.junit.jupiter.MockitoExtension.afterEach(MockitoExtension.java:197)
	at java.base/java.util.ArrayList.forEach(ArrayList.java:1596)
	at java.base/java.util.ArrayList.forEach(ArrayList.java:1596)

[ERROR] org.frcpm.viewmodels.ComponentViewModelTest.testSaveCommandValidationFailure -- Time elapsed: 0.008 s <<< ERROR!
org.mockito.exceptions.misusing.UnnecessaryStubbingException: 

Unnecessary stubbings detected.
Clean & maintainable test code requires zero unnecessary code.
Following stubbings are unnecessary (click to navigate to relevant line of code):
  1. -> at org.frcpm.viewmodels.ComponentViewModelTest.setUp(ComponentViewModelTest.java:64)
Please remove unnecessary stubbings or use 'lenient' strictness. More info: javadoc for UnnecessaryStubbingException class.
	at org.mockito.junit.jupiter.MockitoExtension.afterEach(MockitoExtension.java:197)
	at java.base/java.util.ArrayList.forEach(ArrayList.java:1596)
	at java.base/java.util.ArrayList.forEach(ArrayList.java:1596)

[ERROR] org.frcpm.viewmodels.ComponentViewModelTest.testInitExistingComponentNull -- Time elapsed: 0.003 s <<< ERROR!
org.mockito.exceptions.misusing.UnnecessaryStubbingException: 

Unnecessary stubbings detected.
Clean & maintainable test code requires zero unnecessary code.
Following stubbings are unnecessary (click to navigate to relevant line of code):
  1. -> at org.frcpm.viewmodels.ComponentViewModelTest.setUp(ComponentViewModelTest.java:64)
Please remove unnecessary stubbings or use 'lenient' strictness. More info: javadoc for UnnecessaryStubbingException class.
	at org.mockito.junit.jupiter.MockitoExtension.afterEach(MockitoExtension.java:197)
	at java.base/java.util.ArrayList.forEach(ArrayList.java:1596)
	at java.base/java.util.ArrayList.forEach(ArrayList.java:1596)

[INFO] Running org.frcpm.viewmodels.DatabaseMigrationViewModelTest
[INFO] Tests run: 10, Failures: 0, Errors: 0, Skipped: 0, Time elapsed: 0.102 s -- in org.frcpm.viewmodels.DatabaseMigrationViewModelTest
[INFO] Running org.frcpm.viewmodels.MainViewModelTest
[ERROR] Tests run: 10, Failures: 2, Errors: 0, Skipped: 0, Time elapsed: 0.259 s <<< FAILURE! -- in org.frcpm.viewmodels.MainViewModelTest
[ERROR] org.frcpm.viewmodels.MainViewModelTest.testLoadProjects -- Time elapsed: 0.010 s <<< FAILURE!
org.mockito.exceptions.verification.TooManyActualInvocations: 

projectService.findAll();
Wanted 1 time:
-> at org.frcpm.viewmodels.MainViewModelTest.testLoadProjects(MainViewModelTest.java:72)
But was 2 times:
-> at org.frcpm.viewmodels.MainViewModel.loadProjects(MainViewModel.java:195)
-> at org.frcpm.viewmodels.MainViewModel.loadProjects(MainViewModel.java:195)


	at org.frcpm.viewmodels.MainViewModelTest.testLoadProjects(MainViewModelTest.java:72)
	at java.base/java.lang.reflect.Method.invoke(Method.java:580)
	at java.base/java.util.ArrayList.forEach(ArrayList.java:1596)
	at java.base/java.util.ArrayList.forEach(ArrayList.java:1596)

[ERROR] org.frcpm.viewmodels.MainViewModelTest.testLoadProjectsHandlesException -- Time elapsed: 0.011 s <<< FAILURE!
org.mockito.exceptions.verification.TooManyActualInvocations: 

projectService.findAll();
Wanted 1 time:
-> at org.frcpm.viewmodels.MainViewModelTest.testLoadProjectsHandlesException(MainViewModelTest.java:87)
But was 2 times:
-> at org.frcpm.viewmodels.MainViewModel.loadProjects(MainViewModel.java:195)
-> at org.frcpm.viewmodels.MainViewModel.loadProjects(MainViewModel.java:195)


	at org.frcpm.viewmodels.MainViewModelTest.testLoadProjectsHandlesException(MainViewModelTest.java:87)
	at java.base/java.lang.reflect.Method.invoke(Method.java:580)
	at java.base/java.util.ArrayList.forEach(ArrayList.java:1596)
	at java.base/java.util.ArrayList.forEach(ArrayList.java:1596)

[INFO] Running org.frcpm.viewmodels.MeetingViewModelSimpleTest
[INFO] Tests run: 7, Failures: 0, Errors: 0, Skipped: 0, Time elapsed: 0.074 s -- in org.frcpm.viewmodels.MeetingViewModelSimpleTest
[INFO] Running org.frcpm.viewmodels.MeetingViewModelTest
[ERROR] Tests run: 13, Failures: 2, Errors: 1, Skipped: 0, Time elapsed: 0.054 s <<< FAILURE! -- in org.frcpm.viewmodels.MeetingViewModelTest
[ERROR] org.frcpm.viewmodels.MeetingViewModelTest.testSaveCommand_ExistingMeeting -- Time elapsed: 0.012 s <<< ERROR!
org.mockito.exceptions.misusing.UnnecessaryStubbingException: 

Unnecessary stubbings detected.
Clean & maintainable test code requires zero unnecessary code.
Following stubbings are unnecessary (click to navigate to relevant line of code):
  1. -> at org.frcpm.viewmodels.MeetingViewModelTest.testSaveCommand_ExistingMeeting(MeetingViewModelTest.java:221)
Please remove unnecessary stubbings or use 'lenient' strictness. More info: javadoc for UnnecessaryStubbingException class.
	at org.mockito.junit.jupiter.MockitoExtension.afterEach(MockitoExtension.java:197)
	at java.base/java.util.ArrayList.forEach(ArrayList.java:1596)
	at java.base/java.util.ArrayList.forEach(ArrayList.java:1596)

[ERROR] org.frcpm.viewmodels.MeetingViewModelTest.testExceptionHandlingInSave -- Time elapsed: 0.003 s <<< FAILURE!
org.opentest4j.AssertionFailedError: expected: <false> but was: <true>
	at org.junit.jupiter.api.AssertionFailureBuilder.build(AssertionFailureBuilder.java:151)
	at org.junit.jupiter.api.AssertionFailureBuilder.buildAndThrow(AssertionFailureBuilder.java:132)
	at org.junit.jupiter.api.AssertFalse.failNotFalse(AssertFalse.java:63)
	at org.junit.jupiter.api.AssertFalse.assertFalse(AssertFalse.java:36)
	at org.junit.jupiter.api.AssertFalse.assertFalse(AssertFalse.java:31)
	at org.junit.jupiter.api.Assertions.assertFalse(Assertions.java:231)
	at org.frcpm.viewmodels.MeetingViewModelTest.testExceptionHandlingInSave(MeetingViewModelTest.java:287)
	at java.base/java.lang.reflect.Method.invoke(Method.java:580)
	at java.base/java.util.ArrayList.forEach(ArrayList.java:1596)
	at java.base/java.util.ArrayList.forEach(ArrayList.java:1596)

[ERROR] org.frcpm.viewmodels.MeetingViewModelTest.testValidation_ValidMeeting -- Time elapsed: 0.003 s <<< FAILURE!
org.opentest4j.AssertionFailedError: expected: <null> but was: <>
	at org.junit.jupiter.api.AssertionFailureBuilder.build(AssertionFailureBuilder.java:151)
	at org.junit.jupiter.api.AssertionFailureBuilder.buildAndThrow(AssertionFailureBuilder.java:132)
	at org.junit.jupiter.api.AssertNull.failNotNull(AssertNull.java:50)
	at org.junit.jupiter.api.AssertNull.assertNull(AssertNull.java:35)
	at org.junit.jupiter.api.AssertNull.assertNull(AssertNull.java:30)
	at org.junit.jupiter.api.Assertions.assertNull(Assertions.java:279)
	at org.frcpm.viewmodels.MeetingViewModelTest.testValidation_ValidMeeting(MeetingViewModelTest.java:88)
	at java.base/java.lang.reflect.Method.invoke(Method.java:580)
	at java.base/java.util.ArrayList.forEach(ArrayList.java:1596)
	at java.base/java.util.ArrayList.forEach(ArrayList.java:1596)

[INFO] Running org.frcpm.viewmodels.MilestoneViewModelTest
[INFO] Tests run: 13, Failures: 0, Errors: 0, Skipped: 0, Time elapsed: 3.775 s -- in org.frcpm.viewmodels.MilestoneViewModelTest
[INFO] Running org.frcpm.viewmodels.NewProjectViewModelTest
[INFO] Tests run: 9, Failures: 0, Errors: 0, Skipped: 0, Time elapsed: 0.022 s -- in org.frcpm.viewmodels.NewProjectViewModelTest
[INFO] Running org.frcpm.viewmodels.ProjectViewModelTest
[ERROR] Tests run: 11, Failures: 1, Errors: 1, Skipped: 0, Time elapsed: 0.028 s <<< FAILURE! -- in org.frcpm.viewmodels.ProjectViewModelTest
[ERROR] org.frcpm.viewmodels.ProjectViewModelTest.testDeleteCommand -- Time elapsed: 0.002 s <<< ERROR!
org.mockito.exceptions.base.MockitoException: 

Only void methods can doNothing()!
Example of correct use of doNothing():
    doNothing().
    doThrow(new RuntimeException())
    .when(mock).someVoidMethod();
Above means:
someVoidMethod() does nothing the 1st time but throws an exception the 2nd time is called
	at org.frcpm.viewmodels.ProjectViewModelTest.testDeleteCommand(ProjectViewModelTest.java:235)
	at java.base/java.lang.reflect.Method.invoke(Method.java:580)
	at java.base/java.util.ArrayList.forEach(ArrayList.java:1596)
	at java.base/java.util.ArrayList.forEach(ArrayList.java:1596)

[ERROR] org.frcpm.viewmodels.ProjectViewModelTest.testValidation_ValidProject -- Time elapsed: 0.003 s <<< FAILURE!
org.opentest4j.AssertionFailedError: expected: <null> but was: <>
	at org.junit.jupiter.api.AssertionFailureBuilder.build(AssertionFailureBuilder.java:151)
	at org.junit.jupiter.api.AssertionFailureBuilder.buildAndThrow(AssertionFailureBuilder.java:132)
	at org.junit.jupiter.api.AssertNull.failNotNull(AssertNull.java:50)
	at org.junit.jupiter.api.AssertNull.assertNull(AssertNull.java:35)
	at org.junit.jupiter.api.AssertNull.assertNull(AssertNull.java:30)
	at org.junit.jupiter.api.Assertions.assertNull(Assertions.java:279)
	at org.frcpm.viewmodels.ProjectViewModelTest.testValidation_ValidProject(ProjectViewModelTest.java:149)
	at java.base/java.lang.reflect.Method.invoke(Method.java:580)
	at java.base/java.util.ArrayList.forEach(ArrayList.java:1596)
	at java.base/java.util.ArrayList.forEach(ArrayList.java:1596)

[INFO] Running org.frcpm.viewmodels.SubsystemManagementViewModelTest
[ERROR] Tests run: 8, Failures: 1, Errors: 0, Skipped: 0, Time elapsed: 0.019 s <<< FAILURE! -- in org.frcpm.viewmodels.SubsystemManagementViewModelTest
[ERROR] org.frcpm.viewmodels.SubsystemManagementViewModelTest.testDeleteSubsystem_Success -- Time elapsed: 0.002 s <<< FAILURE!
org.opentest4j.AssertionFailedError: expected: <null> but was: <>
	at org.junit.jupiter.api.AssertionFailureBuilder.build(AssertionFailureBuilder.java:151)
	at org.junit.jupiter.api.AssertionFailureBuilder.buildAndThrow(AssertionFailureBuilder.java:132)
	at org.junit.jupiter.api.AssertNull.failNotNull(AssertNull.java:50)
	at org.junit.jupiter.api.AssertNull.assertNull(AssertNull.java:35)
	at org.junit.jupiter.api.AssertNull.assertNull(AssertNull.java:30)
	at org.junit.jupiter.api.Assertions.assertNull(Assertions.java:279)
	at org.frcpm.viewmodels.SubsystemManagementViewModelTest.testDeleteSubsystem_Success(SubsystemManagementViewModelTest.java:141)
	at java.base/java.lang.reflect.Method.invoke(Method.java:580)
	at java.base/java.util.ArrayList.forEach(ArrayList.java:1596)
	at java.base/java.util.ArrayList.forEach(ArrayList.java:1596)

[INFO] Running org.frcpm.viewmodels.SubsystemViewModelTest
[ERROR] Tests run: 15, Failures: 5, Errors: 0, Skipped: 0, Time elapsed: 0.112 s <<< FAILURE! -- in org.frcpm.viewmodels.SubsystemViewModelTest
[ERROR] org.frcpm.viewmodels.SubsystemViewModelTest.testLoadSubsystems -- Time elapsed: 0.002 s <<< FAILURE!
org.mockito.exceptions.verification.TooManyActualInvocations: 

subsystemService.findAll();
Wanted 1 time:
-> at org.frcpm.viewmodels.SubsystemViewModelTest.testLoadSubsystems(SubsystemViewModelTest.java:118)
But was 2 times:
-> at org.frcpm.viewmodels.SubsystemViewModel.loadSubsystems(SubsystemViewModel.java:148)
-> at org.frcpm.viewmodels.SubsystemViewModel.loadSubsystems(SubsystemViewModel.java:148)


	at org.frcpm.viewmodels.SubsystemViewModelTest.testLoadSubsystems(SubsystemViewModelTest.java:118)
	at java.base/java.lang.reflect.Method.invoke(Method.java:580)
	at java.base/java.util.ArrayList.forEach(ArrayList.java:1596)
	at java.base/java.util.ArrayList.forEach(ArrayList.java:1596)

[ERROR] org.frcpm.viewmodels.SubsystemViewModelTest.testValidation_ValidSubsystem -- Time elapsed: 0.001 s <<< FAILURE!
org.opentest4j.AssertionFailedError: expected: <null> but was: <>
	at org.junit.jupiter.api.AssertionFailureBuilder.build(AssertionFailureBuilder.java:151)
	at org.junit.jupiter.api.AssertionFailureBuilder.buildAndThrow(AssertionFailureBuilder.java:132)
	at org.junit.jupiter.api.AssertNull.failNotNull(AssertNull.java:50)
	at org.junit.jupiter.api.AssertNull.assertNull(AssertNull.java:35)
	at org.junit.jupiter.api.AssertNull.assertNull(AssertNull.java:30)
	at org.junit.jupiter.api.Assertions.assertNull(Assertions.java:279)
	at org.frcpm.viewmodels.SubsystemViewModelTest.testValidation_ValidSubsystem(SubsystemViewModelTest.java:183)
	at java.base/java.lang.reflect.Method.invoke(Method.java:580)
	at java.base/java.util.ArrayList.forEach(ArrayList.java:1596)
	at java.base/java.util.ArrayList.forEach(ArrayList.java:1596)

[ERROR] org.frcpm.viewmodels.SubsystemViewModelTest.testInitExistingSubsystem -- Time elapsed: 0.002 s <<< FAILURE!
org.mockito.exceptions.verification.TooManyActualInvocations: 

taskService.findBySubsystem(Test Subsystem);
Wanted 1 time:
-> at org.frcpm.viewmodels.SubsystemViewModelTest.testInitExistingSubsystem(SubsystemViewModelTest.java:173)
But was 2 times:
-> at org.frcpm.viewmodels.SubsystemViewModel.loadTasks(SubsystemViewModel.java:178)
-> at org.frcpm.viewmodels.SubsystemViewModel.loadTasks(SubsystemViewModel.java:178)


	at org.frcpm.viewmodels.SubsystemViewModelTest.testInitExistingSubsystem(SubsystemViewModelTest.java:173)
	at java.base/java.lang.reflect.Method.invoke(Method.java:580)
	at java.base/java.util.ArrayList.forEach(ArrayList.java:1596)
	at java.base/java.util.ArrayList.forEach(ArrayList.java:1596)

[ERROR] org.frcpm.viewmodels.SubsystemViewModelTest.testLoadSubteams -- Time elapsed: 0.001 s <<< FAILURE!
org.mockito.exceptions.verification.TooManyActualInvocations: 

subteamService.findAll();
Wanted 1 time:
-> at org.frcpm.viewmodels.SubsystemViewModelTest.testLoadSubteams(SubsystemViewModelTest.java:131)
But was 2 times:
-> at org.frcpm.viewmodels.SubsystemViewModel.loadSubteams(SubsystemViewModel.java:162)
-> at org.frcpm.viewmodels.SubsystemViewModel.loadSubteams(SubsystemViewModel.java:162)


	at org.frcpm.viewmodels.SubsystemViewModelTest.testLoadSubteams(SubsystemViewModelTest.java:131)
	at java.base/java.lang.reflect.Method.invoke(Method.java:580)
	at java.base/java.util.ArrayList.forEach(ArrayList.java:1596)
	at java.base/java.util.ArrayList.forEach(ArrayList.java:1596)

[ERROR] org.frcpm.viewmodels.SubsystemViewModelTest.testLoadTasks -- Time elapsed: 0.001 s <<< FAILURE!
org.mockito.exceptions.verification.TooManyActualInvocations: 

taskService.findBySubsystem(Test Subsystem);
Wanted 2 times:
-> at org.frcpm.viewmodels.SubsystemViewModelTest.testLoadTasks(SubsystemViewModelTest.java:367)
But was 3 times:
-> at org.frcpm.viewmodels.SubsystemViewModel.loadTasks(SubsystemViewModel.java:178)
-> at org.frcpm.viewmodels.SubsystemViewModel.loadTasks(SubsystemViewModel.java:178)
-> at org.frcpm.viewmodels.SubsystemViewModel.loadTasks(SubsystemViewModel.java:178)


	at org.frcpm.viewmodels.SubsystemViewModelTest.testLoadTasks(SubsystemViewModelTest.java:367)
	at java.base/java.lang.reflect.Method.invoke(Method.java:580)
	at java.base/java.util.ArrayList.forEach(ArrayList.java:1596)
	at java.base/java.util.ArrayList.forEach(ArrayList.java:1596)

[INFO] Running org.frcpm.viewmodels.TaskViewModelSimpleTest
[INFO] Tests run: 10, Failures: 0, Errors: 0, Skipped: 0, Time elapsed: 0.014 s -- in org.frcpm.viewmodels.TaskViewModelSimpleTest
[INFO] Running org.frcpm.viewmodels.TaskViewModelTest
[ERROR] Tests run: 18, Failures: 2, Errors: 0, Skipped: 0, Time elapsed: 0.088 s <<< FAILURE! -- in org.frcpm.viewmodels.TaskViewModelTest
[ERROR] org.frcpm.viewmodels.TaskViewModelTest.testInitExistingTask -- Time elapsed: 0.001 s <<< FAILURE!
org.opentest4j.AssertionFailedError: expected: <null> but was: <>
	at org.junit.jupiter.api.AssertionFailureBuilder.build(AssertionFailureBuilder.java:151)
	at org.junit.jupiter.api.AssertionFailureBuilder.buildAndThrow(AssertionFailureBuilder.java:132)
	at org.junit.jupiter.api.AssertNull.failNotNull(AssertNull.java:50)
	at org.junit.jupiter.api.AssertNull.assertNull(AssertNull.java:35)
	at org.junit.jupiter.api.AssertNull.assertNull(AssertNull.java:30)
	at org.junit.jupiter.api.Assertions.assertNull(Assertions.java:279)
	at org.frcpm.viewmodels.TaskViewModelTest.testInitExistingTask(TaskViewModelTest.java:145)
	at java.base/java.lang.reflect.Method.invoke(Method.java:580)
	at java.base/java.util.ArrayList.forEach(ArrayList.java:1596)
	at java.base/java.util.ArrayList.forEach(ArrayList.java:1596)

[ERROR] org.frcpm.viewmodels.TaskViewModelTest.testValidation_ValidTask -- Time elapsed: 0.003 s <<< FAILURE!
org.opentest4j.AssertionFailedError: expected: <null> but was: <>
	at org.junit.jupiter.api.AssertionFailureBuilder.build(AssertionFailureBuilder.java:151)
	at org.junit.jupiter.api.AssertionFailureBuilder.buildAndThrow(AssertionFailureBuilder.java:132)
	at org.junit.jupiter.api.AssertNull.failNotNull(AssertNull.java:50)
	at org.junit.jupiter.api.AssertNull.assertNull(AssertNull.java:35)
	at org.junit.jupiter.api.AssertNull.assertNull(AssertNull.java:30)
	at org.junit.jupiter.api.Assertions.assertNull(Assertions.java:279)
	at org.frcpm.viewmodels.TaskViewModelTest.testValidation_ValidTask(TaskViewModelTest.java:156)
	at java.base/java.lang.reflect.Method.invoke(Method.java:580)
	at java.base/java.util.ArrayList.forEach(ArrayList.java:1596)
	at java.base/java.util.ArrayList.forEach(ArrayList.java:1596)

[INFO] Running org.frcpm.viewmodels.TeamViewModelTest
[ERROR] Tests run: 24, Failures: 6, Errors: 2, Skipped: 0, Time elapsed: 0.037 s <<< FAILURE! -- in org.frcpm.viewmodels.TeamViewModelTest
[ERROR] org.frcpm.viewmodels.TeamViewModelTest.testDeleteSubteamCommand_WithNoMembers -- Time elapsed: 0.001 s <<< ERROR!
org.mockito.exceptions.base.MockitoException: 

Only void methods can doNothing()!
Example of correct use of doNothing():
    doNothing().
    doThrow(new RuntimeException())
    .when(mock).someVoidMethod();
Above means:
someVoidMethod() does nothing the 1st time but throws an exception the 2nd time is called
	at org.frcpm.viewmodels.TeamViewModelTest.testDeleteSubteamCommand_WithNoMembers(TeamViewModelTest.java:401)
	at java.base/java.lang.reflect.Method.invoke(Method.java:580)
	at java.base/java.util.ArrayList.forEach(ArrayList.java:1596)
	at java.base/java.util.ArrayList.forEach(ArrayList.java:1596)

[ERROR] org.frcpm.viewmodels.TeamViewModelTest.testSubteamValidation_Valid -- Time elapsed: 0.002 s <<< FAILURE!
org.opentest4j.AssertionFailedError: expected: <null> but was: <>
	at org.junit.jupiter.api.AssertionFailureBuilder.build(AssertionFailureBuilder.java:151)
	at org.junit.jupiter.api.AssertionFailureBuilder.buildAndThrow(AssertionFailureBuilder.java:132)
	at org.junit.jupiter.api.AssertNull.failNotNull(AssertNull.java:50)
	at org.junit.jupiter.api.AssertNull.assertNull(AssertNull.java:35)
	at org.junit.jupiter.api.AssertNull.assertNull(AssertNull.java:30)
	at org.junit.jupiter.api.Assertions.assertNull(Assertions.java:279)
	at org.frcpm.viewmodels.TeamViewModelTest.testSubteamValidation_Valid(TeamViewModelTest.java:246)
	at java.base/java.lang.reflect.Method.invoke(Method.java:580)
	at java.base/java.util.ArrayList.forEach(ArrayList.java:1596)
	at java.base/java.util.ArrayList.forEach(ArrayList.java:1596)

[ERROR] org.frcpm.viewmodels.TeamViewModelTest.testLoadMembers -- Time elapsed: 0.002 s <<< FAILURE!
org.opentest4j.AssertionFailedError: expected: <1> but was: <0>
	at org.junit.jupiter.api.AssertionFailureBuilder.build(AssertionFailureBuilder.java:151)
	at org.junit.jupiter.api.AssertionFailureBuilder.buildAndThrow(AssertionFailureBuilder.java:132)
	at org.junit.jupiter.api.AssertEquals.failNotEqual(AssertEquals.java:197)
	at org.junit.jupiter.api.AssertEquals.assertEquals(AssertEquals.java:150)
	at org.junit.jupiter.api.AssertEquals.assertEquals(AssertEquals.java:145)
	at org.junit.jupiter.api.Assertions.assertEquals(Assertions.java:531)
	at org.frcpm.viewmodels.TeamViewModelTest.testLoadMembers(TeamViewModelTest.java:99)
	at java.base/java.lang.reflect.Method.invoke(Method.java:580)
	at java.base/java.util.ArrayList.forEach(ArrayList.java:1596)
	at java.base/java.util.ArrayList.forEach(ArrayList.java:1596)

[ERROR] org.frcpm.viewmodels.TeamViewModelTest.testLoadSubteams -- Time elapsed: 0.003 s <<< FAILURE!
org.opentest4j.AssertionFailedError: expected: <1> but was: <0>
	at org.junit.jupiter.api.AssertionFailureBuilder.build(AssertionFailureBuilder.java:151)
	at org.junit.jupiter.api.AssertionFailureBuilder.buildAndThrow(AssertionFailureBuilder.java:132)
	at org.junit.jupiter.api.AssertEquals.failNotEqual(AssertEquals.java:197)
	at org.junit.jupiter.api.AssertEquals.assertEquals(AssertEquals.java:150)
	at org.junit.jupiter.api.AssertEquals.assertEquals(AssertEquals.java:145)
	at org.junit.jupiter.api.Assertions.assertEquals(Assertions.java:531)
	at org.frcpm.viewmodels.TeamViewModelTest.testLoadSubteams(TeamViewModelTest.java:112)
	at java.base/java.lang.reflect.Method.invoke(Method.java:580)
	at java.base/java.util.ArrayList.forEach(ArrayList.java:1596)
	at java.base/java.util.ArrayList.forEach(ArrayList.java:1596)

[ERROR] org.frcpm.viewmodels.TeamViewModelTest.testSaveMemberCommand_NewMember -- Time elapsed: 0.004 s <<< FAILURE!
Wanted but not invoked:
teamMemberService.updateSkills(
    <any long>,
    "Java, C++"
);
-> at org.frcpm.viewmodels.TeamViewModelTest.testSaveMemberCommand_NewMember(TeamViewModelTest.java:299)

However, there were exactly 3 interactions with this mock:
teamMemberService.findAll();
-> at org.frcpm.viewmodels.TeamViewModel.loadMembers(TeamViewModel.java:208)

teamMemberService.createTeamMember(
    "testuser",
    "John",
    "Doe",
    "john.doe@example.com",
    "555-1234",
    true
);
-> at org.frcpm.viewmodels.TeamViewModel.saveMember(TeamViewModel.java:402)

teamMemberService.updateContactInfo(
    1L,
    "john.doe@example.com",
    "555-1234"
);
-> at org.frcpm.viewmodels.TeamViewModel.saveMember(TeamViewModel.java:413)


	at org.frcpm.viewmodels.TeamViewModelTest.testSaveMemberCommand_NewMember(TeamViewModelTest.java:299)
	at java.base/java.lang.reflect.Method.invoke(Method.java:580)
	at java.base/java.util.ArrayList.forEach(ArrayList.java:1596)
	at java.base/java.util.ArrayList.forEach(ArrayList.java:1596)

[ERROR] org.frcpm.viewmodels.TeamViewModelTest.testMemberValidation_Valid -- Time elapsed: 0.001 s <<< FAILURE!
org.opentest4j.AssertionFailedError: expected: <null> but was: <>
	at org.junit.jupiter.api.AssertionFailureBuilder.build(AssertionFailureBuilder.java:151)
	at org.junit.jupiter.api.AssertionFailureBuilder.buildAndThrow(AssertionFailureBuilder.java:132)
	at org.junit.jupiter.api.AssertNull.failNotNull(AssertNull.java:50)
	at org.junit.jupiter.api.AssertNull.assertNull(AssertNull.java:35)
	at org.junit.jupiter.api.AssertNull.assertNull(AssertNull.java:30)
	at org.junit.jupiter.api.Assertions.assertNull(Assertions.java:279)
	at org.frcpm.viewmodels.TeamViewModelTest.testMemberValidation_Valid(TeamViewModelTest.java:193)
	at java.base/java.lang.reflect.Method.invoke(Method.java:580)
	at java.base/java.util.ArrayList.forEach(ArrayList.java:1596)
	at java.base/java.util.ArrayList.forEach(ArrayList.java:1596)

[ERROR] org.frcpm.viewmodels.TeamViewModelTest.testClearErrorMessage -- Time elapsed: 0.001 s <<< FAILURE!
org.opentest4j.AssertionFailedError: expected: <null> but was: <>
	at org.junit.jupiter.api.AssertionFailureBuilder.build(AssertionFailureBuilder.java:151)
	at org.junit.jupiter.api.AssertionFailureBuilder.buildAndThrow(AssertionFailureBuilder.java:132)
	at org.junit.jupiter.api.AssertNull.failNotNull(AssertNull.java:50)
	at org.junit.jupiter.api.AssertNull.assertNull(AssertNull.java:35)
	at org.junit.jupiter.api.AssertNull.assertNull(AssertNull.java:30)
	at org.junit.jupiter.api.Assertions.assertNull(Assertions.java:279)
	at org.frcpm.viewmodels.TeamViewModelTest.testClearErrorMessage(TeamViewModelTest.java:515)
	at java.base/java.lang.reflect.Method.invoke(Method.java:580)
	at java.base/java.util.ArrayList.forEach(ArrayList.java:1596)
	at java.base/java.util.ArrayList.forEach(ArrayList.java:1596)

[ERROR] org.frcpm.viewmodels.TeamViewModelTest.testDeleteMemberCommand -- Time elapsed: 0.001 s <<< ERROR!
org.mockito.exceptions.base.MockitoException: 

Only void methods can doNothing()!
Example of correct use of doNothing():
    doNothing().
    doThrow(new RuntimeException())
    .when(mock).someVoidMethod();
Above means:
someVoidMethod() does nothing the 1st time but throws an exception the 2nd time is called
	at org.frcpm.viewmodels.TeamViewModelTest.testDeleteMemberCommand(TeamViewModelTest.java:331)
	at java.base/java.lang.reflect.Method.invoke(Method.java:580)
	at java.base/java.util.ArrayList.forEach(ArrayList.java:1596)
	at java.base/java.util.ArrayList.forEach(ArrayList.java:1596)

[INFO] 
[INFO] Results:
[INFO] 
[ERROR] Failures: 
[ERROR]   NewProjectControllerTest.testErrorMessageListener:226 
Wanted but not invoked:
newProjectController.testShowErrorAlert(
    "Error Creating Project",
    "Test Error"
);
-> at org.frcpm.controllers.NewProjectController.testShowErrorAlert(NewProjectController.java:145)
Actually, there were zero interactions with this mock.

[ERROR]   ProjectControllerTest.testCreateDialogStage:357 Unexpected exception: Not on FX application thread; currentThread = main
[ERROR]   SubsystemControllerTest.testErrorMessageListener:311 
Wanted but not invoked:
mockDialogService.showErrorAlert(
    "Error",
    "Test Error"
);
-> at org.frcpm.controllers.SubsystemControllerTest.testErrorMessageListener(SubsystemControllerTest.java:311)
Actually, there were zero interactions with this mock.

[ERROR]   SubsystemManagementControllerTest.testInitialize:194 
Wanted but not invoked:
mockViewModel.getAddSubsystemCommand();
-> at org.frcpm.viewmodels.SubsystemManagementViewModel.getAddSubsystemCommand(SubsystemManagementViewModel.java:228)

However, there was exactly 1 interaction with this mock:
mockViewModel.getSubsystems();
-> at org.frcpm.controllers.SubsystemManagementControllerTest.testInitialize(SubsystemManagementControllerTest.java:190)


[ERROR]   TaskControllerTest.testErrorMessageListener:195 
Wanted but not invoked:
controller.showErrorAlert(
    <any string>,
    "Test Error"
);
-> at org.frcpm.controllers.TaskController.showErrorAlert(TaskController.java:263)

However, there were exactly 2 interactions with this mock:
controller.setViewModel(mockViewModel);
-> at org.frcpm.controllers.TaskControllerTest.setUp(TaskControllerTest.java:109)

controller.setDialogService(
    mockDialogService
);
-> at org.frcpm.controllers.TaskControllerTest.setUp(TaskControllerTest.java:110)


[ERROR]   TeamControllerTest.testHandleDeleteMember_WithSelection_Cancelled:291 
Wanted but not invoked:
mockDialogService.showConfirmationAlert(
    "Delete Team Member",
    <any string>
);
-> at org.frcpm.controllers.TeamControllerTest.testHandleDeleteMember_WithSelection_Cancelled(TeamControllerTest.java:291)

However, there was exactly 1 interaction with this mock:
mockDialogService.showErrorAlert(
    "No Selection",
    "Please select a team member to delete"
);
-> at org.frcpm.controllers.TeamController.showErrorAlert(TeamController.java:588)


[ERROR]   TeamControllerTest.testHandleDeleteMember_WithSelection_Confirmed:274 
Wanted but not invoked:
mockDialogService.showConfirmationAlert(
    "Delete Team Member",
    <any string>
);
-> at org.frcpm.controllers.TeamControllerTest.testHandleDeleteMember_WithSelection_Confirmed(TeamControllerTest.java:274)

However, there was exactly 1 interaction with this mock:
mockDialogService.showErrorAlert(
    "No Selection",
    "Please select a team member to delete"
);
-> at org.frcpm.controllers.TeamController.showErrorAlert(TeamController.java:588)


[ERROR]   TeamControllerTest.testHandleDeleteSubteam_WithSelection_Cancelled:383 
Wanted but not invoked:
mockDialogService.showConfirmationAlert(
    "Delete Subteam",
    <any string>
);
-> at org.frcpm.controllers.TeamControllerTest.testHandleDeleteSubteam_WithSelection_Cancelled(TeamControllerTest.java:383)

However, there was exactly 1 interaction with this mock:
mockDialogService.showErrorAlert(
    "No Selection",
    "Please select a subteam to delete"
);
-> at org.frcpm.controllers.TeamController.showErrorAlert(TeamController.java:588)


[ERROR]   TeamControllerTest.testHandleDeleteSubteam_WithSelection_Confirmed:366 
Wanted but not invoked:
mockDialogService.showConfirmationAlert(
    "Delete Subteam",
    <any string>
);
-> at org.frcpm.controllers.TeamControllerTest.testHandleDeleteSubteam_WithSelection_Confirmed(TeamControllerTest.java:366)

However, there was exactly 1 interaction with this mock:
mockDialogService.showErrorAlert(
    "No Selection",
    "Please select a subteam to delete"
);
-> at org.frcpm.controllers.TeamController.showErrorAlert(TeamController.java:588)


[ERROR]   TeamControllerTest.testHandleEditMember_WithSelection:245 
Wanted but not invoked:
mockViewModel.initExistingMember(
    Mock for TeamMember, hashCode: 856397318
);
-> at org.frcpm.viewmodels.TeamViewModel.initExistingMember(TeamViewModel.java:278)
Actually, there were zero interactions with this mock.

[ERROR]   TeamControllerTest.testHandleEditSubteam_WithSelection:337 
Wanted but not invoked:
mockViewModel.initExistingSubteam(
    Mock for Subteam, hashCode: 646855274
);
-> at org.frcpm.viewmodels.TeamViewModel.initExistingSubteam(TeamViewModel.java:348)
Actually, there were zero interactions with this mock.

[ERROR]   TeamControllerTest.testInitialize:213 
mockViewModel.getMembers();
Wanted 1 time:
-> at org.frcpm.viewmodels.TeamViewModel.getMembers(TeamViewModel.java:731)
But was 2 times:
-> at org.frcpm.controllers.TeamController.setupBindings(TeamController.java:125)
-> at org.frcpm.controllers.TeamController.initialize(TeamController.java:111)


[ERROR]   AttendanceServiceTest.testGetAttendanceStatistics:373 expected: java.lang.Integer@d88131e<0> but was: java.lang.Long@3ac9554f<0>
[ERROR]   AttendanceViewModelTest.testAttendanceRecordPresenceChange:225 expected: <16:00> but was: <null>
[ERROR]   BaseViewModelSimpleTest.testErrorMessage:33 expected: <null> but was: <>
[ERROR]   MainViewModelTest.testLoadProjects:72 
projectService.findAll();
Wanted 1 time:
-> at org.frcpm.viewmodels.MainViewModelTest.testLoadProjects(MainViewModelTest.java:72)
But was 2 times:
-> at org.frcpm.viewmodels.MainViewModel.loadProjects(MainViewModel.java:195)
-> at org.frcpm.viewmodels.MainViewModel.loadProjects(MainViewModel.java:195)


[ERROR]   MainViewModelTest.testLoadProjectsHandlesException:87 
projectService.findAll();
Wanted 1 time:
-> at org.frcpm.viewmodels.MainViewModelTest.testLoadProjectsHandlesException(MainViewModelTest.java:87)
But was 2 times:
-> at org.frcpm.viewmodels.MainViewModel.loadProjects(MainViewModel.java:195)
-> at org.frcpm.viewmodels.MainViewModel.loadProjects(MainViewModel.java:195)


[ERROR]   MeetingViewModelTest.testExceptionHandlingInSave:287 expected: <false> but was: <true>
[ERROR]   MeetingViewModelTest.testValidation_ValidMeeting:88 expected: <null> but was: <>
[ERROR]   ProjectViewModelTest.testValidation_ValidProject:149 expected: <null> but was: <>
[ERROR]   SubsystemManagementViewModelTest.testDeleteSubsystem_Success:141 expected: <null> but was: <>
[ERROR]   SubsystemViewModelTest.testInitExistingSubsystem:173 
taskService.findBySubsystem(Test Subsystem);
Wanted 1 time:
-> at org.frcpm.viewmodels.SubsystemViewModelTest.testInitExistingSubsystem(SubsystemViewModelTest.java:173)
But was 2 times:
-> at org.frcpm.viewmodels.SubsystemViewModel.loadTasks(SubsystemViewModel.java:178)
-> at org.frcpm.viewmodels.SubsystemViewModel.loadTasks(SubsystemViewModel.java:178)


[ERROR]   SubsystemViewModelTest.testLoadSubsystems:118 
subsystemService.findAll();
Wanted 1 time:
-> at org.frcpm.viewmodels.SubsystemViewModelTest.testLoadSubsystems(SubsystemViewModelTest.java:118)
But was 2 times:
-> at org.frcpm.viewmodels.SubsystemViewModel.loadSubsystems(SubsystemViewModel.java:148)
-> at org.frcpm.viewmodels.SubsystemViewModel.loadSubsystems(SubsystemViewModel.java:148)


[ERROR]   SubsystemViewModelTest.testLoadSubteams:131 
subteamService.findAll();
Wanted 1 time:
-> at org.frcpm.viewmodels.SubsystemViewModelTest.testLoadSubteams(SubsystemViewModelTest.java:131)
But was 2 times:
-> at org.frcpm.viewmodels.SubsystemViewModel.loadSubteams(SubsystemViewModel.java:162)
-> at org.frcpm.viewmodels.SubsystemViewModel.loadSubteams(SubsystemViewModel.java:162)


[ERROR]   SubsystemViewModelTest.testLoadTasks:367 
taskService.findBySubsystem(Test Subsystem);
Wanted 2 times:
-> at org.frcpm.viewmodels.SubsystemViewModelTest.testLoadTasks(SubsystemViewModelTest.java:367)
But was 3 times:
-> at org.frcpm.viewmodels.SubsystemViewModel.loadTasks(SubsystemViewModel.java:178)
-> at org.frcpm.viewmodels.SubsystemViewModel.loadTasks(SubsystemViewModel.java:178)
-> at org.frcpm.viewmodels.SubsystemViewModel.loadTasks(SubsystemViewModel.java:178)


[ERROR]   SubsystemViewModelTest.testValidation_ValidSubsystem:183 expected: <null> but was: <>
[ERROR]   TaskViewModelTest.testInitExistingTask:145 expected: <null> but was: <>
[ERROR]   TaskViewModelTest.testValidation_ValidTask:156 expected: <null> but was: <>
[ERROR]   TeamViewModelTest.testClearErrorMessage:515 expected: <null> but was: <>
[ERROR]   TeamViewModelTest.testLoadMembers:99 expected: <1> but was: <0>
[ERROR]   TeamViewModelTest.testLoadSubteams:112 expected: <1> but was: <0>
[ERROR]   TeamViewModelTest.testMemberValidation_Valid:193 expected: <null> but was: <>
[ERROR]   TeamViewModelTest.testSaveMemberCommand_NewMember:299 
Wanted but not invoked:
teamMemberService.updateSkills(
    <any long>,
    "Java, C++"
);
-> at org.frcpm.viewmodels.TeamViewModelTest.testSaveMemberCommand_NewMember(TeamViewModelTest.java:299)

However, there were exactly 3 interactions with this mock:
teamMemberService.findAll();
-> at org.frcpm.viewmodels.TeamViewModel.loadMembers(TeamViewModel.java:208)

teamMemberService.createTeamMember(
    "testuser",
    "John",
    "Doe",
    "john.doe@example.com",
    "555-1234",
    true
);
-> at org.frcpm.viewmodels.TeamViewModel.saveMember(TeamViewModel.java:402)

teamMemberService.updateContactInfo(
    1L,
    "john.doe@example.com",
    "555-1234"
);
-> at org.frcpm.viewmodels.TeamViewModel.saveMember(TeamViewModel.java:413)


[ERROR]   TeamViewModelTest.testSubteamValidation_Valid:246 expected: <null> but was: <>
[ERROR] Errors: 
[ERROR]   ComponentControllerTest.testErrorMessageListener:226 ╗ NullPointer Cannot invoke "javafx.beans.Observable.addListener(javafx.beans.InvalidationListener)" because "<local5>" is null
[ERROR]   ComponentControllerTest.testInitialize:164 ╗ NullPointer Cannot invoke "javafx.beans.Observable.addListener(javafx.beans.InvalidationListener)" because "<local5>" is null
[ERROR]   NewProjectControllerTest.testInitialize:141 ╗ NullPointer Both properties must be specified.
[ERROR]   ProjectControllerTest.testHandleEditMeeting:303 ╗ NullPointer Cannot invoke "javafx.scene.control.TableView.getScene()" because "<local3>.meetingsTable" is null
[ERROR]   ProjectControllerTest.testHandleEditMilestone:269 ╗ NullPointer Cannot invoke "javafx.scene.control.TableView.getScene()" because "<local3>.milestonesTable" is null
[ERROR]   ProjectControllerTest.testHandleEditTask:235 ╗ NullPointer Cannot invoke "javafx.scene.control.TableView.getScene()" because "<local3>.tasksTable" is null
[ERROR]   TeamControllerTest.testCreateMemberDialog:405 ╗ IllegalState Not on FX application thread; currentThread = main
[ERROR]   TeamControllerTest.testCreateSubteamDialog:426 ╗ IllegalState Not on FX application thread; currentThread = main
[ERROR]   TaskRepositoryTest.setUp:62->createTestTasks:110 ╗ Runtime Failed to save entity
[ERROR]   TaskRepositoryTest.setUp:62->createTestTasks:110 ╗ Runtime Failed to save entity
[ERROR]   TaskRepositoryTest.setUp:62->createTestTasks:110 ╗ Runtime Failed to save entity
[ERROR]   TaskRepositoryTest.setUp:62->createTestTasks:110 ╗ Runtime Failed to save entity
[ERROR]   TaskRepositoryTest.setUp:62->createTestTasks:110 ╗ Runtime Failed to save entity
[ERROR]   TaskRepositoryTest.setUp:62->createTestTasks:110 ╗ Runtime Failed to save entity
[ERROR]   TaskRepositoryTest.setUp:62->createTestTasks:110 ╗ Runtime Failed to save entity
[ERROR]   TaskRepositoryTest.setUp:62->createTestTasks:110 ╗ Runtime Failed to save entity
[ERROR]   TaskRepositoryTest.setUp:62->createTestTasks:110 ╗ Runtime Failed to save entity
[ERROR]   TaskRepositoryTest.setUp:62->createTestTasks:110 ╗ Runtime Failed to save entity
[ERROR]   TaskRepositoryTest.setUp:62->createTestTasks:110 ╗ Runtime Failed to save entity
[ERROR]   TaskRepositoryTest.setUp:62->createTestTasks:110 ╗ Runtime Failed to save entity
[ERROR]   TaskRepositoryTest.setUp:62->createTestTasks:110 ╗ Runtime Failed to save entity
[ERROR]   TeamMemberRepositoryTest.testCount:204 ╗ Runtime Failed to save entity
[ERROR]   TeamMemberRepositoryTest.testSave:136 ╗ Runtime Failed to save entity
[ERROR]   TeamMemberRepositoryTest.testUpdate:149 ╗ Runtime Failed to save entity
[ERROR]   AttendanceServiceTest.testRecordAttendanceForMeeting:299 ╗ IllegalArgument Username already exists
[ERROR]   ComponentServiceTest.testAssociateComponentsWithTask:241 ╗ LazyInitialization failed to lazily initialize a collection of role: org.frcpm.models.Task.requiredComponents: could not initialize proxy - no Session
[ERROR]   MilestoneServiceTest.testUpdateMilestoneDate:91 ╗ LazyInitialization could not initialize proxy [org.frcpm.models.Project#771] - no Session
[ERROR]   ProjectServiceTest.testProjectSummary:165 ╗ LazyInitialization failed to lazily initialize a collection of role: org.frcpm.models.Project.milestones: could not initialize proxy - no Session
[ERROR]   SubteamServiceTest.testCreateSubteam:93 ╗ IllegalArgument Subteam with name 'Test Create Service Subteam' already exists
[ERROR]   SubteamServiceTest.testInvalidSubteamCreation:202 ╗ IllegalArgument Subteam with name 'Duplicate Name Subteam' already exists
[ERROR]   SubteamServiceTest.testUpdateColorCode:138 ╗ IllegalArgument Subteam with name 'Test Color Update Subteam' already exists
[ERROR]   SubteamServiceTest.testUpdateSpecialties:113 ╗ IllegalArgument Subteam with name 'Test Update Subteam' already exists
[ERROR]   TaskServiceTest.testAddDependency:203 ╗ LazyInitialization failed to lazily initialize a collection of role: org.frcpm.models.Task.postDependencies: could not initialize proxy - no Session
[ERROR]   TaskServiceTest.testAssignMembers:164 ╗ LazyInitialization failed to lazily initialize a collection of role: org.frcpm.models.Task.assignedTo: could not initialize proxy - no Session
[ERROR]   TaskServiceTest.testFindByAssignedMember:334 ╗ LazyInitialization failed to lazily initialize a collection of role: org.frcpm.models.Task.assignedTo: could not initialize proxy - no Session
[ERROR]   TaskServiceTest.testRemoveDependency:244 ╗ LazyInitialization failed to lazily initialize a collection of role: org.frcpm.models.Task.postDependencies: could not initialize proxy - no Session
[ERROR]   TeamMemberServiceTest.testAssignToSubteam:154 ╗ LazyInitialization failed to lazily initialize a collection of role: org.frcpm.models.Subteam.members: could not initialize proxy - no Session
[ERROR]   ComponentViewModelTest.testAddTaskCommand ╗ UnnecessaryStubbing 
Unnecessary stubbings detected.
Clean & maintainable test code requires zero unnecessary code.
Following stubbings are unnecessary (click to navigate to relevant line of code):
  1. -> at org.frcpm.viewmodels.ComponentViewModelTest.setUp(ComponentViewModelTest.java:64)
Please remove unnecessary stubbings or use 'lenient' strictness. More info: javadoc for UnnecessaryStubbingException class.
[ERROR]   ComponentViewModelTest.testCancelCommand ╗ UnnecessaryStubbing 
Unnecessary stubbings detected.
Clean & maintainable test code requires zero unnecessary code.
Following stubbings are unnecessary (click to navigate to relevant line of code):
  1. -> at org.frcpm.viewmodels.ComponentViewModelTest.setUp(ComponentViewModelTest.java:64)
Please remove unnecessary stubbings or use 'lenient' strictness. More info: javadoc for UnnecessaryStubbingException class.
[ERROR]   ComponentViewModelTest.testDeliveredSetActualDelivery ╗ UnnecessaryStubbing 
Unnecessary stubbings detected.
Clean & maintainable test code requires zero unnecessary code.
Following stubbings are unnecessary (click to navigate to relevant line of code):
  1. -> at org.frcpm.viewmodels.ComponentViewModelTest.setUp(ComponentViewModelTest.java:64)
Please remove unnecessary stubbings or use 'lenient' strictness. More info: javadoc for UnnecessaryStubbingException class.
[ERROR]   ComponentViewModelTest.testGetRequiredForTasks ╗ UnnecessaryStubbing 
Unnecessary stubbings detected.
Clean & maintainable test code requires zero unnecessary code.
Following stubbings are unnecessary (click to navigate to relevant line of code):
  1. -> at org.frcpm.viewmodels.ComponentViewModelTest.setUp(ComponentViewModelTest.java:64)
Please remove unnecessary stubbings or use 'lenient' strictness. More info: javadoc for UnnecessaryStubbingException class.
[ERROR]   ComponentViewModelTest.testInitExistingComponent ╗ UnnecessaryStubbing 
Unnecessary stubbings detected.
Clean & maintainable test code requires zero unnecessary code.
Following stubbings are unnecessary (click to navigate to relevant line of code):
  1. -> at org.frcpm.viewmodels.ComponentViewModelTest.setUp(ComponentViewModelTest.java:64)
Please remove unnecessary stubbings or use 'lenient' strictness. More info: javadoc for UnnecessaryStubbingException class.
[ERROR]   ComponentViewModelTest.testInitExistingComponentNull ╗ UnnecessaryStubbing 
Unnecessary stubbings detected.
Clean & maintainable test code requires zero unnecessary code.
Following stubbings are unnecessary (click to navigate to relevant line of code):
  1. -> at org.frcpm.viewmodels.ComponentViewModelTest.setUp(ComponentViewModelTest.java:64)
Please remove unnecessary stubbings or use 'lenient' strictness. More info: javadoc for UnnecessaryStubbingException class.
[ERROR]   ComponentViewModelTest.testInitNewComponent ╗ UnnecessaryStubbing 
Unnecessary stubbings detected.
Clean & maintainable test code requires zero unnecessary code.
Following stubbings are unnecessary (click to navigate to relevant line of code):
  1. -> at org.frcpm.viewmodels.ComponentViewModelTest.setUp(ComponentViewModelTest.java:64)
Please remove unnecessary stubbings or use 'lenient' strictness. More info: javadoc for UnnecessaryStubbingException class.
[ERROR]   ComponentViewModelTest.testPropertyChangesDirtyFlag ╗ UnnecessaryStubbing 
Unnecessary stubbings detected.
Clean & maintainable test code requires zero unnecessary code.
Following stubbings are unnecessary (click to navigate to relevant line of code):
  1. -> at org.frcpm.viewmodels.ComponentViewModelTest.setUp(ComponentViewModelTest.java:64)
Please remove unnecessary stubbings or use 'lenient' strictness. More info: javadoc for UnnecessaryStubbingException class.
[ERROR]   ComponentViewModelTest.testPropertyGetters ╗ UnnecessaryStubbing 
Unnecessary stubbings detected.
Clean & maintainable test code requires zero unnecessary code.
Following stubbings are unnecessary (click to navigate to relevant line of code):
  1. -> at org.frcpm.viewmodels.ComponentViewModelTest.setUp(ComponentViewModelTest.java:64)
Please remove unnecessary stubbings or use 'lenient' strictness. More info: javadoc for UnnecessaryStubbingException class.
[ERROR]   ComponentViewModelTest.testRemoveTaskCommand ╗ UnnecessaryStubbing 
Unnecessary stubbings detected.
Clean & maintainable test code requires zero unnecessary code.
Following stubbings are unnecessary (click to navigate to relevant line of code):
  1. -> at org.frcpm.viewmodels.ComponentViewModelTest.setUp(ComponentViewModelTest.java:64)
Please remove unnecessary stubbings or use 'lenient' strictness. More info: javadoc for UnnecessaryStubbingException class.
[ERROR]   ComponentViewModelTest.testSaveCommandValidationFailure ╗ UnnecessaryStubbing 
Unnecessary stubbings detected.
Clean & maintainable test code requires zero unnecessary code.
Following stubbings are unnecessary (click to navigate to relevant line of code):
  1. -> at org.frcpm.viewmodels.ComponentViewModelTest.setUp(ComponentViewModelTest.java:64)
Please remove unnecessary stubbings or use 'lenient' strictness. More info: javadoc for UnnecessaryStubbingException class.
[ERROR]   ComponentViewModelTest.testSetSelectedTask ╗ UnnecessaryStubbing 
Unnecessary stubbings detected.
Clean & maintainable test code requires zero unnecessary code.
Following stubbings are unnecessary (click to navigate to relevant line of code):
  1. -> at org.frcpm.viewmodels.ComponentViewModelTest.setUp(ComponentViewModelTest.java:64)
Please remove unnecessary stubbings or use 'lenient' strictness. More info: javadoc for UnnecessaryStubbingException class.
[ERROR]   MeetingViewModelTest.testSaveCommand_ExistingMeeting ╗ UnnecessaryStubbing 
Unnecessary stubbings detected.
Clean & maintainable test code requires zero unnecessary code.
Following stubbings are unnecessary (click to navigate to relevant line of code):
  1. -> at org.frcpm.viewmodels.MeetingViewModelTest.testSaveCommand_ExistingMeeting(MeetingViewModelTest.java:221)
Please remove unnecessary stubbings or use 'lenient' strictness. More info: javadoc for UnnecessaryStubbingException class.
[ERROR]   ProjectViewModelTest.testDeleteCommand:235 Mockito 
Only void methods can doNothing()!
Example of correct use of doNothing():
    doNothing().
    doThrow(new RuntimeException())
    .when(mock).someVoidMethod();
Above means:
someVoidMethod() does nothing the 1st time but throws an exception the 2nd time is called
[ERROR]   TeamViewModelTest.testDeleteMemberCommand:331 Mockito 
Only void methods can doNothing()!
Example of correct use of doNothing():
    doNothing().
    doThrow(new RuntimeException())
    .when(mock).someVoidMethod();
Above means:
someVoidMethod() does nothing the 1st time but throws an exception the 2nd time is called
[ERROR]   TeamViewModelTest.testDeleteSubteamCommand_WithNoMembers:401 Mockito 
Only void methods can doNothing()!
Example of correct use of doNothing():
    doNothing().
    doThrow(new RuntimeException())
    .when(mock).someVoidMethod();
Above means:
someVoidMethod() does nothing the 1st time but throws an exception the 2nd time is called
[INFO] 
[ERROR] Tests run: 487, Failures: 34, Errors: 53, Skipped: 0
[INFO] 
[INFO] ------------------------------------------------------------------------
[INFO] BUILD FAILURE
[INFO] ------------------------------------------------------------------------
[INFO] Total time:  01:42 min
[INFO] Finished at: 2025-04-08T14:10:17-05:00
[INFO] ------------------------------------------------------------------------
[ERROR] Failed to execute goal org.apache.maven.plugins:maven-surefire-plugin:3.2.5:test (default-test) on project frc-project-manager: There are test failures.
[ERROR] 
[ERROR] Please refer to C:\Users\dhiebert\Local Repositories\Project Management 2.0\target\surefire-reports for the individual test results.
[ERROR] Please refer to dump files (if any exist) [date].dump, [date]-jvmRun[N].dump and [date].dumpstream.
[ERROR] -> [Help 1]
[ERROR] 
[ERROR] To see the full stack trace of the errors, re-run Maven with the -e switch.
[ERROR] Re-run Maven using the -X switch to enable full debug logging.
[ERROR] 
[ERROR] For more information about the errors and possible solutions, please read the following articles:
[ERROR] [Help 1] http://cwiki.apache.org/confluence/display/MAVEN/MojoFailureException
